2025-06-08 23:35:44,539 kilosort.run_kilosort INFO     Kilosort version 4.0.25
2025-06-08 23:35:44,543 kilosort.run_kilosort INFO     Python version 3.9.21
2025-06-08 23:35:44,543 kilosort.run_kilosort INFO     ----------------------------------------
2025-06-08 23:35:44,543 kilosort.run_kilosort INFO     System information:
2025-06-08 23:35:44,544 kilosort.run_kilosort INFO     Linux-4.18.0-477.74.1.el8_8.x86_64-x86_64-with-glibc2.28 x86_64
2025-06-08 23:35:44,544 kilosort.run_kilosort INFO     x86_64
2025-06-08 23:35:44,544 kilosort.run_kilosort INFO     Using GPU for PyTorch computations. Specify `device` to change this.
2025-06-08 23:35:44,545 kilosort.run_kilosort INFO     Using CUDA device: NVIDIA A100-PCIE-40GB 39.50GB
2025-06-08 23:35:44,546 kilosort.run_kilosort INFO     ----------------------------------------
2025-06-08 23:35:44,546 kilosort.run_kilosort INFO     Sorting /home/lss72/palmer_scratch/spike_sort/2014_11_25_Pair_3_0
2025-06-08 23:35:44,547 kilosort.run_kilosort DEBUG    Initial ops:

ops = {
    'n_chan_bin': 32,
    'fs': 30000,
    'batch_size': 60000,
    'nblocks': 1,
    'Th_universal': 9,
    'Th_learned': 8,
    'tmin': 0,
    'tmax': 60,
    'nt': 61,
    'shift': None,
    'scale': None,
    'artifact_threshold': inf,
    'nskip': 25,
    'whitening_range': 32,
    'highpass_cutoff': 300,
    'binning_depth': 5,
    'sig_interp': 20,
    'drift_smoothing': [0.5, 0.5, 0.5],
    'nt0min': 20,
    'dmin': None,
    'dminx': 32,
    'min_template_size': 10,
    'template_sizes': 5,
    'nearest_chans': 10,
    'nearest_templates': 100,
    'max_channel_distance': 32,
    'max_peels': 100,
    'templates_from_data': True,
    'n_templates': 6,
    'n_pcs': 6,
    'Th_single_ch': 6,
    'acg_threshold': 0.2,
    'ccg_threshold': 0.25,
    'cluster_downsampling': 20,
    'x_centers': None,
    'duplicate_spike_ms': 0.25,
    'position_limit': 100,
    'data_dir': PosixPath('/home/lss72/palmer_scratch/spike_sort'),
    'filename': PosixPath('/home/lss72/palmer_scratch/spike_sort/2014_11_25_Pair_3_0'),
    'data_dtype': dtype('uint16'),
    'do_CAR': True,
    'invert_sign': False,
    'NTbuff': 60122,
    'Nchan': 32,
    'duplicate_spike_bins': 7,
    'torch_device': 'cuda',
    'save_preprocessed_copy': False
}

2025-06-08 23:35:44,548 kilosort.run_kilosort DEBUG    Probe dictionary:

probe = {
    'chanMap': np.array([ 0,  1,  2,  3,  4,  5,  6,  7,  8,  9, 10, 11, 12, 13, 14, 15, 16,
       17, 18, 19, 20, 21, 22, 23, 24, 25, 26, 27, 28, 29, 30, 31]),
    'xc': np.array([  0.,  18., -18.,   0.,  18., -18.,   0.,  18., -18.,   0.,  18.,
       -18.,   0.,  18., -18.,   0.,  18., -18.,   0.,  18., -18.,   0.,
        18., -18.,   0.,  18., -18.,   0.,  18., -18.,   0.,   0.],
      dtype=np.float32),
    'yc': np.array([  0. ,  12.5,  12.5,  25. ,  37.5,  37.5,  50. ,  62.5,  62.5,
        75. ,  87.5,  87.5, 100. , 112.5, 112.5, 125. , 137.5, 137.5,
       150. , 162.5, 162.5, 175. , 187.5, 187.5, 200. , 212.5, 212.5,
       225. , 237.5, 237.5, 250. , 275. ], dtype=np.float32),
    'kcoords': np.array([0., 0., 0., 0., 0., 0., 0., 0., 0., 0., 0., 0., 0., 0., 0., 0., 0.,
       0., 0., 0., 0., 0., 0., 0., 0., 0., 0., 0., 0., 0., 0., 0.]),
    'n_chan': 32
}

2025-06-08 23:35:44,549 kilosort.run_kilosort INFO      
2025-06-08 23:35:44,549 kilosort.run_kilosort INFO     Computing preprocessing variables.
2025-06-08 23:35:44,549 kilosort.run_kilosort INFO     ----------------------------------------
2025-06-08 23:35:44,551 kilosort.run_kilosort INFO     N samples: 1800000
2025-06-08 23:35:44,552 kilosort.run_kilosort INFO     N seconds: 60.0
2025-06-08 23:35:44,552 kilosort.run_kilosort INFO     N batches: 30
2025-06-08 23:35:44,594 kilosort.run_kilosort INFO     Preprocessing filters computed in  0.05s; total  0.05s
2025-06-08 23:35:44,594 kilosort.run_kilosort DEBUG    hp_filter shape: torch.Size([30122])
2025-06-08 23:35:44,595 kilosort.run_kilosort DEBUG    whiten_mat shape: torch.Size([32, 32])
2025-06-08 23:35:44,595 kilosort.run_kilosort INFO      
2025-06-08 23:35:44,595 kilosort.run_kilosort INFO     Resource usage after preprocessing
2025-06-08 23:35:44,595 kilosort.run_kilosort INFO     ********************************************************
2025-06-08 23:35:44,596 kilosort.run_kilosort INFO     CPU usage:    22.30 %
2025-06-08 23:35:44,596 kilosort.run_kilosort INFO     Memory:        4.89 %     |     36.87   /   754.60 GB
2025-06-08 23:35:44,597 kilosort.run_kilosort INFO     ------------------------------------------------------
2025-06-08 23:35:44,597 kilosort.run_kilosort INFO     GPU usage:    `conda install pynvml` for GPU usage
2025-06-08 23:35:44,598 kilosort.run_kilosort INFO     GPU memory:    2.56 %     |      1.01   /    39.50 GB
2025-06-08 23:35:44,598 kilosort.run_kilosort INFO     Allocated:     0.02 %     |      0.01   /    39.50 GB
2025-06-08 23:35:44,599 kilosort.run_kilosort INFO     Max alloc:     0.75 %     |      0.30   /    39.50 GB
2025-06-08 23:35:44,599 kilosort.run_kilosort INFO     ********************************************************
2025-06-08 23:35:44,600 kilosort.run_kilosort INFO      
2025-06-08 23:35:44,600 kilosort.run_kilosort INFO     Computing drift correction.
2025-06-08 23:35:44,601 kilosort.run_kilosort INFO     ----------------------------------------
2025-06-08 23:35:44,601 kilosort.spikedetect INFO     Re-computing universal templates from data.
2025-06-08 23:35:44,647 kilosort.spikedetect INFO     Number of universal templates: 135
2025-06-08 23:35:44,649 kilosort.spikedetect INFO     Detecting spikes...
2025-06-08 23:35:44,652 kilosort.spikedetect DEBUG     
2025-06-08 23:35:44,652 kilosort.spikedetect DEBUG    Batch 0
2025-06-08 23:35:44,652 kilosort.spikedetect DEBUG    ********************************************************
2025-06-08 23:35:44,652 kilosort.spikedetect DEBUG    CPU usage:    38.10 %
2025-06-08 23:35:44,652 kilosort.spikedetect DEBUG    Memory:        4.89 %     |     36.88   /   754.60 GB
2025-06-08 23:35:44,652 kilosort.spikedetect DEBUG    ------------------------------------------------------
2025-06-08 23:35:44,652 kilosort.spikedetect DEBUG    GPU usage:    `conda install pynvml` for GPU usage
2025-06-08 23:35:44,652 kilosort.spikedetect DEBUG    GPU memory:    2.56 %     |      1.01   /    39.50 GB
2025-06-08 23:35:44,653 kilosort.spikedetect DEBUG    Allocated:     0.02 %     |      0.01   /    39.50 GB
2025-06-08 23:35:44,653 kilosort.spikedetect DEBUG    Max alloc:     0.75 %     |      0.30   /    39.50 GB
2025-06-08 23:35:44,653 kilosort.spikedetect DEBUG    ********************************************************
2025-06-08 23:35:45,623 kilosort.spikedetect DEBUG     
2025-06-08 23:35:45,623 kilosort.spikedetect DEBUG    Batch 29
2025-06-08 23:35:45,623 kilosort.spikedetect DEBUG    ********************************************************
2025-06-08 23:35:45,623 kilosort.spikedetect DEBUG    CPU usage:    25.10 %
2025-06-08 23:35:45,623 kilosort.spikedetect DEBUG    Memory:        4.87 %     |     36.75   /   754.60 GB
2025-06-08 23:35:45,623 kilosort.spikedetect DEBUG    ------------------------------------------------------
2025-06-08 23:35:45,623 kilosort.spikedetect DEBUG    GPU usage:    `conda install pynvml` for GPU usage
2025-06-08 23:35:45,623 kilosort.spikedetect DEBUG    GPU memory:    2.56 %     |      1.01   /    39.50 GB
2025-06-08 23:35:45,624 kilosort.spikedetect DEBUG    Allocated:     0.04 %     |      0.02   /    39.50 GB
2025-06-08 23:35:45,624 kilosort.spikedetect DEBUG    Max alloc:     0.75 %     |      0.30   /    39.50 GB
2025-06-08 23:35:45,624 kilosort.spikedetect DEBUG    ********************************************************
2025-06-08 23:35:45,699 kilosort.run_kilosort INFO     drift computed in  1.10s; total  1.15s
2025-06-08 23:35:45,703 kilosort.run_kilosort DEBUG    st shape: (4931, 6)
2025-06-08 23:35:45,703 kilosort.run_kilosort DEBUG    yblk shape: (1,)
2025-06-08 23:35:45,703 kilosort.run_kilosort DEBUG    dshift shape: (30, 1)
2025-06-08 23:35:45,703 kilosort.run_kilosort DEBUG    iKxx shape: torch.Size([32, 32])
2025-06-08 23:35:45,703 kilosort.run_kilosort INFO      
2025-06-08 23:35:45,704 kilosort.run_kilosort INFO     Resource usage after drift correction
2025-06-08 23:35:45,704 kilosort.run_kilosort INFO     ********************************************************
2025-06-08 23:35:45,705 kilosort.run_kilosort INFO     CPU usage:    27.00 %
2025-06-08 23:35:45,705 kilosort.run_kilosort INFO     Memory:        4.87 %     |     36.76   /   754.60 GB
2025-06-08 23:35:45,706 kilosort.run_kilosort INFO     ------------------------------------------------------
2025-06-08 23:35:45,706 kilosort.run_kilosort INFO     GPU usage:    `conda install pynvml` for GPU usage
2025-06-08 23:35:45,706 kilosort.run_kilosort INFO     GPU memory:    2.56 %     |      1.01   /    39.50 GB
2025-06-08 23:35:45,707 kilosort.run_kilosort INFO     Allocated:     0.02 %     |      0.01   /    39.50 GB
2025-06-08 23:35:45,708 kilosort.run_kilosort INFO     Max alloc:     0.75 %     |      0.30   /    39.50 GB
2025-06-08 23:35:45,708 kilosort.run_kilosort INFO     ********************************************************
2025-06-08 23:35:45,708 kilosort.run_kilosort DEBUG    

|===========================================================================|
|                  PyTorch CUDA memory summary, device ID 0                 |
|---------------------------------------------------------------------------|
|            CUDA OOMs: 0            |        cudaMalloc retries: 0         |
|===========================================================================|
|        Metric         | Cur Usage  | Peak Usage | Tot Alloc  | Tot Freed  |
|---------------------------------------------------------------------------|
| Allocated memory      |   8867 KiB | 309810 KiB |   7538 GiB |   7538 GiB |
|---------------------------------------------------------------------------|
| Active memory         |   8867 KiB | 309810 KiB |   7538 GiB |   7538 GiB |
|---------------------------------------------------------------------------|
| Requested memory      |   8864 KiB | 309724 KiB |   7457 GiB |   7457 GiB |
|---------------------------------------------------------------------------|
| GPU reserved memory   | 479232 KiB | 479232 KiB | 479232 KiB |      0 B   |
|---------------------------------------------------------------------------|
| Non-releasable memory |  13660 KiB | 184425 KiB |   4105 GiB |   4105 GiB |
|---------------------------------------------------------------------------|
| Allocations           |      20    |      56    |    1428 K  |    1428 K  |
|---------------------------------------------------------------------------|
| Active allocs         |      20    |      56    |    1428 K  |    1428 K  |
|---------------------------------------------------------------------------|
| GPU reserved segments |      14    |      14    |      14    |       0    |
|---------------------------------------------------------------------------|
| Non-releasable allocs |      10    |      25    |  544125    |  544115    |
|---------------------------------------------------------------------------|
| Oversize allocations  |       0    |       0    |       0    |       0    |
|---------------------------------------------------------------------------|
| Oversize GPU segments |       0    |       0    |       0    |       0    |
|===========================================================================|


2025-06-08 23:35:45,716 kilosort.run_kilosort DEBUG    First batch min, max: (-15.961067, 9.549186)
2025-06-08 23:35:45,717 kilosort.run_kilosort INFO      
2025-06-08 23:35:45,717 kilosort.run_kilosort INFO     Extracting spikes using templates
2025-06-08 23:35:45,717 kilosort.run_kilosort INFO     ----------------------------------------
2025-06-08 23:35:45,718 kilosort.spikedetect INFO     Re-computing universal templates from data.
2025-06-08 23:35:45,760 kilosort.spikedetect INFO     Number of universal templates: 135
2025-06-08 23:35:45,763 kilosort.spikedetect INFO     Detecting spikes...
2025-06-08 23:35:45,765 kilosort.spikedetect DEBUG     
2025-06-08 23:35:45,765 kilosort.spikedetect DEBUG    Batch 0
2025-06-08 23:35:45,765 kilosort.spikedetect DEBUG    ********************************************************
2025-06-08 23:35:45,766 kilosort.spikedetect DEBUG    CPU usage:    36.10 %
2025-06-08 23:35:45,766 kilosort.spikedetect DEBUG    Memory:        4.87 %     |     36.77   /   754.60 GB
2025-06-08 23:35:45,766 kilosort.spikedetect DEBUG    ------------------------------------------------------
2025-06-08 23:35:45,766 kilosort.spikedetect DEBUG    GPU usage:    `conda install pynvml` for GPU usage
2025-06-08 23:35:45,766 kilosort.spikedetect DEBUG    GPU memory:    2.56 %     |      1.01   /    39.50 GB
2025-06-08 23:35:45,766 kilosort.spikedetect DEBUG    Allocated:     0.02 %     |      0.01   /    39.50 GB
2025-06-08 23:35:45,766 kilosort.spikedetect DEBUG    Max alloc:     0.75 %     |      0.30   /    39.50 GB
2025-06-08 23:35:45,766 kilosort.spikedetect DEBUG    ********************************************************
2025-06-08 23:35:46,689 kilosort.spikedetect DEBUG     
2025-06-08 23:35:46,689 kilosort.spikedetect DEBUG    Batch 29
2025-06-08 23:35:46,689 kilosort.spikedetect DEBUG    ********************************************************
2025-06-08 23:35:46,689 kilosort.spikedetect DEBUG    CPU usage:    25.10 %
2025-06-08 23:35:46,689 kilosort.spikedetect DEBUG    Memory:        4.89 %     |     36.92   /   754.60 GB
2025-06-08 23:35:46,689 kilosort.spikedetect DEBUG    ------------------------------------------------------
2025-06-08 23:35:46,689 kilosort.spikedetect DEBUG    GPU usage:    `conda install pynvml` for GPU usage
2025-06-08 23:35:46,690 kilosort.spikedetect DEBUG    GPU memory:    2.56 %     |      1.01   /    39.50 GB
2025-06-08 23:35:46,690 kilosort.spikedetect DEBUG    Allocated:     0.04 %     |      0.02   /    39.50 GB
2025-06-08 23:35:46,690 kilosort.spikedetect DEBUG    Max alloc:     0.75 %     |      0.30   /    39.50 GB
2025-06-08 23:35:46,690 kilosort.spikedetect DEBUG    ********************************************************
2025-06-08 23:35:46,690 kilosort.run_kilosort INFO     4746 spikes extracted in  0.97s; total  2.14s
2025-06-08 23:35:46,691 kilosort.run_kilosort DEBUG    st0 shape: (4746, 6)
2025-06-08 23:35:46,691 kilosort.run_kilosort DEBUG    tF shape: torch.Size([4746, 10, 6])
2025-06-08 23:35:46,691 kilosort.run_kilosort INFO      
2025-06-08 23:35:46,691 kilosort.run_kilosort INFO     First clustering
2025-06-08 23:35:46,691 kilosort.run_kilosort INFO     ----------------------------------------
2025-06-08 23:35:46,701 kilosort.clustering_qr DEBUG     
2025-06-08 23:35:46,701 kilosort.clustering_qr DEBUG    Cluster center: 0 of 12
2025-06-08 23:35:46,701 kilosort.clustering_qr DEBUG    ********************************************************
2025-06-08 23:35:46,701 kilosort.clustering_qr DEBUG    CPU usage:    34.10 %
2025-06-08 23:35:46,701 kilosort.clustering_qr DEBUG    Memory:        4.89 %     |     36.92   /   754.60 GB
2025-06-08 23:35:46,702 kilosort.clustering_qr DEBUG    ------------------------------------------------------
2025-06-08 23:35:46,702 kilosort.clustering_qr DEBUG    GPU usage:    `conda install pynvml` for GPU usage
2025-06-08 23:35:46,702 kilosort.clustering_qr DEBUG    GPU memory:    2.56 %     |      1.01   /    39.50 GB
2025-06-08 23:35:46,702 kilosort.clustering_qr DEBUG    Allocated:     0.02 %     |      0.01   /    39.50 GB
2025-06-08 23:35:46,702 kilosort.clustering_qr DEBUG    Max alloc:     0.75 %     |      0.30   /    39.50 GB
2025-06-08 23:35:46,702 kilosort.clustering_qr DEBUG    ********************************************************
2025-06-08 23:35:46,705 kilosort.clustering_qr DEBUG    Center 0 | nsp: 861 | ntemp: 12
2025-06-08 23:35:46,707 kilosort.clustering_qr DEBUG    Center 1 | nsp: 76 | ntemp: 12
2025-06-08 23:35:46,709 kilosort.clustering_qr DEBUG    Center 2 | nsp: 51 | ntemp: 12
2025-06-08 23:35:46,711 kilosort.clustering_qr DEBUG    Center 3 | nsp: 61 | ntemp: 12
2025-06-08 23:35:46,713 kilosort.clustering_qr DEBUG    Center 4 | nsp: 99 | ntemp: 12
2025-06-08 23:35:46,715 kilosort.clustering_qr DEBUG    Center 5 | nsp: 490 | ntemp: 12
2025-06-08 23:35:46,718 kilosort.clustering_qr DEBUG    Center 6 | nsp: 374 | ntemp: 12
2025-06-08 23:35:46,720 kilosort.clustering_qr DEBUG    Center 7 | nsp: 1347 | ntemp: 12
2025-06-08 23:35:47,075 kilosort.clustering_qr DEBUG    Center 8 | nsp: 797 | ntemp: 12
2025-06-08 23:35:47,078 kilosort.clustering_qr DEBUG    Center 9 | nsp: 382 | ntemp: 12
2025-06-08 23:35:47,078 kilosort.clustering_qr DEBUG     
2025-06-08 23:35:47,078 kilosort.clustering_qr DEBUG    Cluster center: 10 of 12
2025-06-08 23:35:47,078 kilosort.clustering_qr DEBUG    ********************************************************
2025-06-08 23:35:47,079 kilosort.clustering_qr DEBUG    CPU usage:    33.80 %
2025-06-08 23:35:47,079 kilosort.clustering_qr DEBUG    Memory:        4.90 %     |     36.99   /   754.60 GB
2025-06-08 23:35:47,079 kilosort.clustering_qr DEBUG    ------------------------------------------------------
2025-06-08 23:35:47,079 kilosort.clustering_qr DEBUG    GPU usage:    `conda install pynvml` for GPU usage
2025-06-08 23:35:47,079 kilosort.clustering_qr DEBUG    GPU memory:    2.56 %     |      1.01   /    39.50 GB
2025-06-08 23:35:47,079 kilosort.clustering_qr DEBUG    Allocated:     0.02 %     |      0.01   /    39.50 GB
2025-06-08 23:35:47,079 kilosort.clustering_qr DEBUG    Max alloc:     0.75 %     |      0.30   /    39.50 GB
2025-06-08 23:35:47,079 kilosort.clustering_qr DEBUG    ********************************************************
2025-06-08 23:35:47,081 kilosort.clustering_qr DEBUG    Center 10 | nsp: 108 | ntemp: 12
2025-06-08 23:35:47,083 kilosort.clustering_qr DEBUG    Center 11 | nsp: 100 | ntemp: 3
2025-06-08 23:35:47,104 kilosort.run_kilosort INFO     15 clusters found, in  0.41s; total  2.56s
2025-06-08 23:35:47,104 kilosort.run_kilosort DEBUG    clu shape: (4746,)
2025-06-08 23:35:47,104 kilosort.run_kilosort DEBUG    Wall shape: torch.Size([15, 32, 6])
2025-06-08 23:35:47,104 kilosort.run_kilosort INFO      
2025-06-08 23:35:47,105 kilosort.run_kilosort INFO     Extracting spikes using cluster waveforms
2025-06-08 23:35:47,105 kilosort.run_kilosort INFO     ----------------------------------------
2025-06-08 23:35:47,122 kilosort.template_matching DEBUG     
2025-06-08 23:35:47,122 kilosort.template_matching DEBUG    Batch 0
2025-06-08 23:35:47,122 kilosort.template_matching DEBUG    ********************************************************
2025-06-08 23:35:47,122 kilosort.template_matching DEBUG    CPU usage:    36.70 %
2025-06-08 23:35:47,122 kilosort.template_matching DEBUG    Memory:        4.93 %     |     37.22   /   754.60 GB
2025-06-08 23:35:47,122 kilosort.template_matching DEBUG    ------------------------------------------------------
2025-06-08 23:35:47,123 kilosort.template_matching DEBUG    GPU usage:    `conda install pynvml` for GPU usage
2025-06-08 23:35:47,123 kilosort.template_matching DEBUG    GPU memory:    2.56 %     |      1.01   /    39.50 GB
2025-06-08 23:35:47,123 kilosort.template_matching DEBUG    Allocated:     0.02 %     |      0.01   /    39.50 GB
2025-06-08 23:35:47,125 kilosort.template_matching DEBUG    Max alloc:     0.75 %     |      0.30   /    39.50 GB
2025-06-08 23:35:47,126 kilosort.template_matching DEBUG    ********************************************************
2025-06-08 23:35:47,909 kilosort.template_matching DEBUG     
2025-06-08 23:35:47,909 kilosort.template_matching DEBUG    Batch 29
2025-06-08 23:35:47,909 kilosort.template_matching DEBUG    ********************************************************
2025-06-08 23:35:47,910 kilosort.template_matching DEBUG    CPU usage:    25.30 %
2025-06-08 23:35:47,910 kilosort.template_matching DEBUG    Memory:        4.93 %     |     37.21   /   754.60 GB
2025-06-08 23:35:47,910 kilosort.template_matching DEBUG    ------------------------------------------------------
2025-06-08 23:35:47,910 kilosort.template_matching DEBUG    GPU usage:    `conda install pynvml` for GPU usage
2025-06-08 23:35:47,910 kilosort.template_matching DEBUG    GPU memory:    2.56 %     |      1.01   /    39.50 GB
2025-06-08 23:35:47,910 kilosort.template_matching DEBUG    Allocated:     0.06 %     |      0.02   /    39.50 GB
2025-06-08 23:35:47,910 kilosort.template_matching DEBUG    Max alloc:     0.75 %     |      0.30   /    39.50 GB
2025-06-08 23:35:47,910 kilosort.template_matching DEBUG    ********************************************************
2025-06-08 23:35:47,912 kilosort.run_kilosort INFO     12644 spikes extracted in  0.81s; total  3.37s
2025-06-08 23:35:47,916 kilosort.run_kilosort DEBUG    st shape: (12644, 3)
2025-06-08 23:35:47,916 kilosort.run_kilosort DEBUG    tF shape: torch.Size([12644, 10, 6])
2025-06-08 23:35:47,916 kilosort.run_kilosort DEBUG    iCC shape: torch.Size([10, 32])
2025-06-08 23:35:47,916 kilosort.run_kilosort DEBUG    iU shape: torch.Size([15])
2025-06-08 23:35:47,916 kilosort.run_kilosort INFO      
2025-06-08 23:35:47,916 kilosort.run_kilosort INFO     Resource usage after spike detection
2025-06-08 23:35:47,917 kilosort.run_kilosort INFO     ********************************************************
2025-06-08 23:35:47,917 kilosort.run_kilosort INFO     CPU usage:    40.70 %
2025-06-08 23:35:47,918 kilosort.run_kilosort INFO     Memory:        4.90 %     |     36.98   /   754.60 GB
2025-06-08 23:35:47,918 kilosort.run_kilosort INFO     ------------------------------------------------------
2025-06-08 23:35:47,918 kilosort.run_kilosort INFO     GPU usage:    `conda install pynvml` for GPU usage
2025-06-08 23:35:47,919 kilosort.run_kilosort INFO     GPU memory:    2.56 %     |      1.01   /    39.50 GB
2025-06-08 23:35:47,919 kilosort.run_kilosort INFO     Allocated:     0.02 %     |      0.01   /    39.50 GB
2025-06-08 23:35:47,920 kilosort.run_kilosort INFO     Max alloc:     0.75 %     |      0.30   /    39.50 GB
2025-06-08 23:35:47,920 kilosort.run_kilosort INFO     ********************************************************
2025-06-08 23:35:47,921 kilosort.run_kilosort DEBUG    

|===========================================================================|
|                  PyTorch CUDA memory summary, device ID 0                 |
|---------------------------------------------------------------------------|
|            CUDA OOMs: 0            |        cudaMalloc retries: 0         |
|===========================================================================|
|        Metric         | Cur Usage  | Peak Usage | Tot Alloc  | Tot Freed  |
|---------------------------------------------------------------------------|
| Allocated memory      |   8882 KiB | 309810 KiB |   7786 GiB |   7786 GiB |
|---------------------------------------------------------------------------|
| Active memory         |   8882 KiB | 309810 KiB |   7786 GiB |   7786 GiB |
|---------------------------------------------------------------------------|
| Requested memory      |   8879 KiB | 309724 KiB |   7702 GiB |   7702 GiB |
|---------------------------------------------------------------------------|
| GPU reserved memory   | 479232 KiB | 479232 KiB | 479232 KiB |      0 B   |
|---------------------------------------------------------------------------|
| Non-releasable memory |  13645 KiB | 184425 KiB |   4235 GiB |   4235 GiB |
|---------------------------------------------------------------------------|
| Allocations           |      24    |      56    |    1483 K  |    1483 K  |
|---------------------------------------------------------------------------|
| Active allocs         |      24    |      56    |    1483 K  |    1483 K  |
|---------------------------------------------------------------------------|
| GPU reserved segments |      14    |      14    |      14    |       0    |
|---------------------------------------------------------------------------|
| Non-releasable allocs |      11    |      25    |  564989    |  564978    |
|---------------------------------------------------------------------------|
| Oversize allocations  |       0    |       0    |       0    |       0    |
|---------------------------------------------------------------------------|
| Oversize GPU segments |       0    |       0    |       0    |       0    |
|===========================================================================|


2025-06-08 23:35:47,921 kilosort.run_kilosort INFO      
2025-06-08 23:35:47,921 kilosort.run_kilosort INFO     Final clustering
2025-06-08 23:35:47,922 kilosort.run_kilosort INFO     ----------------------------------------
2025-06-08 23:35:47,931 kilosort.clustering_qr DEBUG     
2025-06-08 23:35:47,932 kilosort.clustering_qr DEBUG    Cluster center: 0 of 12
2025-06-08 23:35:47,932 kilosort.clustering_qr DEBUG    ********************************************************
2025-06-08 23:35:47,932 kilosort.clustering_qr DEBUG    CPU usage:    30.80 %
2025-06-08 23:35:47,932 kilosort.clustering_qr DEBUG    Memory:        4.90 %     |     36.98   /   754.60 GB
2025-06-08 23:35:47,932 kilosort.clustering_qr DEBUG    ------------------------------------------------------
2025-06-08 23:35:47,932 kilosort.clustering_qr DEBUG    GPU usage:    `conda install pynvml` for GPU usage
2025-06-08 23:35:47,932 kilosort.clustering_qr DEBUG    GPU memory:    2.56 %     |      1.01   /    39.50 GB
2025-06-08 23:35:47,932 kilosort.clustering_qr DEBUG    Allocated:     0.02 %     |      0.01   /    39.50 GB
2025-06-08 23:35:47,932 kilosort.clustering_qr DEBUG    Max alloc:     0.75 %     |      0.30   /    39.50 GB
2025-06-08 23:35:47,932 kilosort.clustering_qr DEBUG    ********************************************************
2025-06-08 23:35:47,934 kilosort.clustering_qr DEBUG    Center 0 | nsp: 1572 | ntemp: 1
2025-06-08 23:35:48,254 kilosort.clustering_qr DEBUG    Center 1 | nsp: 1146 | ntemp: 1
2025-06-08 23:35:48,589 kilosort.clustering_qr DEBUG    Center 2 | nsp: 1029 | ntemp: 1
2025-06-08 23:35:48,876 kilosort.clustering_qr DEBUG    Center 3 | nsp: 419 | ntemp: 1
2025-06-08 23:35:48,876 kilosort.clustering_qr DEBUG    Center 4 | nsp: 0 | ntemp: 0
2025-06-08 23:35:48,877 kilosort.clustering_qr DEBUG    Center 5 | nsp: 1388 | ntemp: 1
2025-06-08 23:35:49,225 kilosort.clustering_qr DEBUG    Center 6 | nsp: 1073 | ntemp: 2
2025-06-08 23:35:49,486 kilosort.clustering_qr DEBUG    Center 7 | nsp: 586 | ntemp: 2
2025-06-08 23:35:49,488 kilosort.clustering_qr DEBUG    Center 8 | nsp: 2849 | ntemp: 3
2025-06-08 23:35:49,923 kilosort.clustering_qr DEBUG    Center 9 | nsp: 1695 | ntemp: 1
2025-06-08 23:35:50,177 kilosort.clustering_qr DEBUG     
2025-06-08 23:35:50,177 kilosort.clustering_qr DEBUG    Cluster center: 10 of 12
2025-06-08 23:35:50,177 kilosort.clustering_qr DEBUG    ********************************************************
2025-06-08 23:35:50,178 kilosort.clustering_qr DEBUG    CPU usage:    31.30 %
2025-06-08 23:35:50,178 kilosort.clustering_qr DEBUG    Memory:        4.91 %     |     37.01   /   754.60 GB
2025-06-08 23:35:50,178 kilosort.clustering_qr DEBUG    ------------------------------------------------------
2025-06-08 23:35:50,178 kilosort.clustering_qr DEBUG    GPU usage:    `conda install pynvml` for GPU usage
2025-06-08 23:35:50,178 kilosort.clustering_qr DEBUG    GPU memory:    2.56 %     |      1.01   /    39.50 GB
2025-06-08 23:35:50,178 kilosort.clustering_qr DEBUG    Allocated:     0.02 %     |      0.01   /    39.50 GB
2025-06-08 23:35:50,178 kilosort.clustering_qr DEBUG    Max alloc:     0.75 %     |      0.30   /    39.50 GB
2025-06-08 23:35:50,178 kilosort.clustering_qr DEBUG    ********************************************************
2025-06-08 23:35:50,178 kilosort.clustering_qr DEBUG    Center 10 | nsp: 0 | ntemp: 0
2025-06-08 23:35:50,180 kilosort.clustering_qr DEBUG    Center 11 | nsp: 887 | ntemp: 2
2025-06-08 23:35:50,186 kilosort.run_kilosort INFO     24 clusters found, in  2.26s; total  5.64s
2025-06-08 23:35:50,186 kilosort.run_kilosort DEBUG    clu shape: (12644,)
2025-06-08 23:35:50,186 kilosort.run_kilosort DEBUG    Wall shape: torch.Size([24, 32, 6])
2025-06-08 23:35:50,186 kilosort.run_kilosort INFO      
2025-06-08 23:35:50,186 kilosort.run_kilosort INFO     Merging clusters
2025-06-08 23:35:50,187 kilosort.run_kilosort INFO     ----------------------------------------
2025-06-08 23:35:50,201 kilosort.run_kilosort INFO     23 units found, in  0.01s; total  5.65s
2025-06-08 23:35:50,201 kilosort.run_kilosort DEBUG    clu shape: (12644,)
2025-06-08 23:35:50,201 kilosort.run_kilosort DEBUG    Wall shape: torch.Size([23, 32, 6])
2025-06-08 23:35:50,201 kilosort.run_kilosort INFO      
2025-06-08 23:35:50,202 kilosort.run_kilosort INFO     Resource usage after clustering
2025-06-08 23:35:50,202 kilosort.run_kilosort INFO     ********************************************************
2025-06-08 23:35:50,203 kilosort.run_kilosort INFO     CPU usage:    31.10 %
2025-06-08 23:35:50,203 kilosort.run_kilosort INFO     Memory:        4.89 %     |     36.90   /   754.60 GB
2025-06-08 23:35:50,204 kilosort.run_kilosort INFO     ------------------------------------------------------
2025-06-08 23:35:50,204 kilosort.run_kilosort INFO     GPU usage:    `conda install pynvml` for GPU usage
2025-06-08 23:35:50,204 kilosort.run_kilosort INFO     GPU memory:    2.56 %     |      1.01   /    39.50 GB
2025-06-08 23:35:50,205 kilosort.run_kilosort INFO     Allocated:     0.02 %     |      0.01   /    39.50 GB
2025-06-08 23:35:50,206 kilosort.run_kilosort INFO     Max alloc:     0.75 %     |      0.30   /    39.50 GB
2025-06-08 23:35:50,206 kilosort.run_kilosort INFO     ********************************************************
2025-06-08 23:35:50,206 kilosort.run_kilosort DEBUG    

|===========================================================================|
|                  PyTorch CUDA memory summary, device ID 0                 |
|---------------------------------------------------------------------------|
|            CUDA OOMs: 0            |        cudaMalloc retries: 0         |
|===========================================================================|
|        Metric         | Cur Usage  | Peak Usage | Tot Alloc  | Tot Freed  |
|---------------------------------------------------------------------------|
| Allocated memory      |   8871 KiB | 309810 KiB |   7798 GiB |   7798 GiB |
|---------------------------------------------------------------------------|
| Active memory         |   8871 KiB | 309810 KiB |   7798 GiB |   7798 GiB |
|---------------------------------------------------------------------------|
| Requested memory      |   8867 KiB | 309724 KiB |   7714 GiB |   7714 GiB |
|---------------------------------------------------------------------------|
| GPU reserved memory   | 479232 KiB | 479232 KiB | 479232 KiB |      0 B   |
|---------------------------------------------------------------------------|
| Non-releasable memory |  13657 KiB | 184425 KiB |   4250 GiB |   4250 GiB |
|---------------------------------------------------------------------------|
| Allocations           |      23    |      56    |    1569 K  |    1569 K  |
|---------------------------------------------------------------------------|
| Active allocs         |      23    |      56    |    1569 K  |    1569 K  |
|---------------------------------------------------------------------------|
| GPU reserved segments |      14    |      14    |      14    |       0    |
|---------------------------------------------------------------------------|
| Non-releasable allocs |      11    |      25    |  607953    |  607942    |
|---------------------------------------------------------------------------|
| Oversize allocations  |       0    |       0    |       0    |       0    |
|---------------------------------------------------------------------------|
| Oversize GPU segments |       0    |       0    |       0    |       0    |
|===========================================================================|


2025-06-08 23:35:50,207 kilosort.run_kilosort INFO      
2025-06-08 23:35:50,207 kilosort.run_kilosort INFO     Saving to phy and computing refractory periods
2025-06-08 23:35:50,207 kilosort.run_kilosort INFO     ----------------------------------------
2025-06-08 23:35:50,364 kilosort.run_kilosort INFO     5 units found with good refractory periods
2025-06-08 23:35:50,364 kilosort.run_kilosort INFO     Total runtime: 5.82s = 00:00:6 h:m:s
2025-06-08 23:35:50,370 kilosort.run_kilosort INFO     Sorting output saved in: /home/lss72/palmer_scratch/spike_sort/kilosort4.
2025-06-08 23:35:50,370 kilosort.run_kilosort INFO      
2025-06-08 23:35:50,371 kilosort.run_kilosort INFO     Resource usage after saving
2025-06-08 23:35:50,371 kilosort.run_kilosort INFO     ********************************************************
2025-06-08 23:35:50,372 kilosort.run_kilosort INFO     CPU usage:    30.10 %
2025-06-08 23:35:50,372 kilosort.run_kilosort INFO     Memory:        4.89 %     |     36.92   /   754.60 GB
2025-06-08 23:35:50,372 kilosort.run_kilosort INFO     ------------------------------------------------------
2025-06-08 23:35:50,373 kilosort.run_kilosort INFO     GPU usage:    `conda install pynvml` for GPU usage
2025-06-08 23:35:50,373 kilosort.run_kilosort INFO     GPU memory:    2.56 %     |      1.01   /    39.50 GB
2025-06-08 23:35:50,374 kilosort.run_kilosort INFO     Allocated:     0.02 %     |      0.01   /    39.50 GB
2025-06-08 23:35:50,374 kilosort.run_kilosort INFO     Max alloc:     0.75 %     |      0.30   /    39.50 GB
2025-06-08 23:35:50,375 kilosort.run_kilosort INFO     ********************************************************
2025-06-08 23:35:50,375 kilosort.run_kilosort DEBUG    

|===========================================================================|
|                  PyTorch CUDA memory summary, device ID 0                 |
|---------------------------------------------------------------------------|
|            CUDA OOMs: 0            |        cudaMalloc retries: 0         |
|===========================================================================|
|        Metric         | Cur Usage  | Peak Usage | Tot Alloc  | Tot Freed  |
|---------------------------------------------------------------------------|
| Allocated memory      |   8871 KiB | 309810 KiB |   7798 GiB |   7798 GiB |
|---------------------------------------------------------------------------|
| Active memory         |   8871 KiB | 309810 KiB |   7798 GiB |   7798 GiB |
|---------------------------------------------------------------------------|
| Requested memory      |   8867 KiB | 309724 KiB |   7714 GiB |   7714 GiB |
|---------------------------------------------------------------------------|
| GPU reserved memory   | 479232 KiB | 479232 KiB | 479232 KiB |      0 B   |
|---------------------------------------------------------------------------|
| Non-releasable memory |  13657 KiB | 184425 KiB |   4250 GiB |   4250 GiB |
|---------------------------------------------------------------------------|
| Allocations           |      23    |      56    |    1569 K  |    1569 K  |
|---------------------------------------------------------------------------|
| Active allocs         |      23    |      56    |    1569 K  |    1569 K  |
|---------------------------------------------------------------------------|
| GPU reserved segments |      14    |      14    |      14    |       0    |
|---------------------------------------------------------------------------|
| Non-releasable allocs |      11    |      25    |  608120    |  608109    |
|---------------------------------------------------------------------------|
| Oversize allocations  |       0    |       0    |       0    |       0    |
|---------------------------------------------------------------------------|
| Oversize GPU segments |       0    |       0    |       0    |       0    |
|===========================================================================|


