2025-06-09 01:19:54,516 kilosort.run_kilosort INFO     Kilosort version 4.0.25
2025-06-09 01:19:54,520 kilosort.run_kilosort INFO     Python version 3.9.21
2025-06-09 01:19:54,520 kilosort.run_kilosort INFO     ----------------------------------------
2025-06-09 01:19:54,521 kilosort.run_kilosort INFO     System information:
2025-06-09 01:19:54,521 kilosort.run_kilosort INFO     Linux-4.18.0-477.74.1.el8_8.x86_64-x86_64-with-glibc2.28 x86_64
2025-06-09 01:19:54,522 kilosort.run_kilosort INFO     x86_64
2025-06-09 01:19:54,522 kilosort.run_kilosort INFO     Using GPU for PyTorch computations. Specify `device` to change this.
2025-06-09 01:19:54,522 kilosort.run_kilosort INFO     Using CUDA device: NVIDIA A100-PCIE-40GB 39.50GB
2025-06-09 01:19:54,523 kilosort.run_kilosort INFO     ----------------------------------------
2025-06-09 01:19:54,523 kilosort.run_kilosort INFO     Sorting /home/lss72/palmer_scratch/spike_sort/2014_03_26_Pair_2_0
2025-06-09 01:19:54,524 kilosort.run_kilosort DEBUG    Initial ops:

ops = {
    'n_chan_bin': 32,
    'fs': 30000,
    'batch_size': 60000,
    'nblocks': 1,
    'Th_universal': 9,
    'Th_learned': 8,
    'tmin': 0,
    'tmax': 45,
    'nt': 61,
    'shift': None,
    'scale': None,
    'artifact_threshold': inf,
    'nskip': 25,
    'whitening_range': 32,
    'highpass_cutoff': 300,
    'binning_depth': 5,
    'sig_interp': 20,
    'drift_smoothing': [0.5, 0.5, 0.5],
    'nt0min': 20,
    'dmin': None,
    'dminx': 32,
    'min_template_size': 10,
    'template_sizes': 5,
    'nearest_chans': 10,
    'nearest_templates': 100,
    'max_channel_distance': 32,
    'max_peels': 100,
    'templates_from_data': True,
    'n_templates': 6,
    'n_pcs': 6,
    'Th_single_ch': 6,
    'acg_threshold': 0.2,
    'ccg_threshold': 0.25,
    'cluster_downsampling': 20,
    'x_centers': None,
    'duplicate_spike_ms': 0.25,
    'position_limit': 100,
    'data_dir': PosixPath('/home/lss72/palmer_scratch/spike_sort'),
    'filename': PosixPath('/home/lss72/palmer_scratch/spike_sort/2014_03_26_Pair_2_0'),
    'data_dtype': dtype('float32'),
    'do_CAR': True,
    'invert_sign': False,
    'NTbuff': 60122,
    'Nchan': 32,
    'duplicate_spike_bins': 7,
    'torch_device': 'cuda',
    'save_preprocessed_copy': False
}

2025-06-09 01:19:54,526 kilosort.run_kilosort DEBUG    Probe dictionary:

probe = {
    'chanMap': np.array([ 0,  1,  2,  3,  4,  5,  6,  7,  8,  9, 10, 11, 12, 13, 14, 15, 16,
       17, 18, 19, 20, 21, 22, 23, 24, 25, 26, 27, 28, 29, 30, 31]),
    'xc': np.array([  0.,   0.,  18.,  18.,  18.,  18.,  18.,  18.,   0.,   0.,  18.,
        18.,  18.,  18.,   0.,   0.,   0.,   0., -18., -18., -18., -18.,
         0.,   0., -18., -18., -18., -18., -18., -18.,   0.,   0.],
      dtype=np.float32),
    'yc': np.array([275. , 225. ,  12.5,  37.5,  87.5, 137.5, 187.5, 237.5,  75. ,
        25. , 212.5, 162.5, 112.5,  62.5, 125. , 175. , 150. , 100. ,
        62.5, 112.5, 162.5, 212.5,   0. ,  50. , 237.5, 187.5, 137.5,
        87.5,  37.5,  12.5, 200. , 250. ], dtype=np.float32),
    'kcoords': np.array([0., 0., 0., 0., 0., 0., 0., 0., 0., 0., 0., 0., 0., 0., 0., 0., 0.,
       0., 0., 0., 0., 0., 0., 0., 0., 0., 0., 0., 0., 0., 0., 0.]),
    'n_chan': 32
}

2025-06-09 01:19:54,526 kilosort.run_kilosort INFO      
2025-06-09 01:19:54,526 kilosort.run_kilosort INFO     Computing preprocessing variables.
2025-06-09 01:19:54,526 kilosort.run_kilosort INFO     ----------------------------------------
2025-06-09 01:19:54,528 kilosort.run_kilosort INFO     N samples: 1350000
2025-06-09 01:19:54,529 kilosort.run_kilosort INFO     N seconds: 45.0
2025-06-09 01:19:54,529 kilosort.run_kilosort INFO     N batches: 23
2025-06-09 01:19:54,564 kilosort.run_kilosort INFO     Preprocessing filters computed in  0.04s; total  0.04s
2025-06-09 01:19:54,565 kilosort.run_kilosort DEBUG    hp_filter shape: torch.Size([30122])
2025-06-09 01:19:54,565 kilosort.run_kilosort DEBUG    whiten_mat shape: torch.Size([32, 32])
2025-06-09 01:19:54,565 kilosort.run_kilosort INFO      
2025-06-09 01:19:54,565 kilosort.run_kilosort INFO     Resource usage after preprocessing
2025-06-09 01:19:54,566 kilosort.run_kilosort INFO     ********************************************************
2025-06-09 01:19:54,566 kilosort.run_kilosort INFO     CPU usage:    32.00 %
2025-06-09 01:19:54,567 kilosort.run_kilosort INFO     Memory:        5.18 %     |     39.06   /   754.60 GB
2025-06-09 01:19:54,567 kilosort.run_kilosort INFO     ------------------------------------------------------
2025-06-09 01:19:54,568 kilosort.run_kilosort INFO     GPU usage:    `conda install pynvml` for GPU usage
2025-06-09 01:19:54,568 kilosort.run_kilosort INFO     GPU memory:   17.43 %     |      6.89   /    39.50 GB
2025-06-09 01:19:54,569 kilosort.run_kilosort INFO     Allocated:     0.02 %     |      0.01   /    39.50 GB
2025-06-09 01:19:54,569 kilosort.run_kilosort INFO     Max alloc:     0.75 %     |      0.30   /    39.50 GB
2025-06-09 01:19:54,569 kilosort.run_kilosort INFO     ********************************************************
2025-06-09 01:19:54,570 kilosort.run_kilosort INFO      
2025-06-09 01:19:54,571 kilosort.run_kilosort INFO     Computing drift correction.
2025-06-09 01:19:54,571 kilosort.run_kilosort INFO     ----------------------------------------
2025-06-09 01:19:54,571 kilosort.spikedetect INFO     Re-computing universal templates from data.
2025-06-09 01:19:54,601 kilosort.spikedetect INFO     Number of universal templates: 135
2025-06-09 01:19:54,604 kilosort.spikedetect INFO     Detecting spikes...
2025-06-09 01:19:54,606 kilosort.spikedetect DEBUG     
2025-06-09 01:19:54,606 kilosort.spikedetect DEBUG    Batch 0
2025-06-09 01:19:54,606 kilosort.spikedetect DEBUG    ********************************************************
2025-06-09 01:19:54,606 kilosort.spikedetect DEBUG    CPU usage:    50.30 %
2025-06-09 01:19:54,607 kilosort.spikedetect DEBUG    Memory:        5.17 %     |     39.04   /   754.60 GB
2025-06-09 01:19:54,607 kilosort.spikedetect DEBUG    ------------------------------------------------------
2025-06-09 01:19:54,607 kilosort.spikedetect DEBUG    GPU usage:    `conda install pynvml` for GPU usage
2025-06-09 01:19:54,607 kilosort.spikedetect DEBUG    GPU memory:   17.43 %     |      6.89   /    39.50 GB
2025-06-09 01:19:54,607 kilosort.spikedetect DEBUG    Allocated:     0.02 %     |      0.01   /    39.50 GB
2025-06-09 01:19:54,607 kilosort.spikedetect DEBUG    Max alloc:     0.75 %     |      0.30   /    39.50 GB
2025-06-09 01:19:54,607 kilosort.spikedetect DEBUG    ********************************************************
2025-06-09 01:19:55,331 kilosort.spikedetect DEBUG     
2025-06-09 01:19:55,331 kilosort.spikedetect DEBUG    Batch 22
2025-06-09 01:19:55,331 kilosort.spikedetect DEBUG    ********************************************************
2025-06-09 01:19:55,331 kilosort.spikedetect DEBUG    CPU usage:    36.20 %
2025-06-09 01:19:55,332 kilosort.spikedetect DEBUG    Memory:        5.18 %     |     39.05   /   754.60 GB
2025-06-09 01:19:55,332 kilosort.spikedetect DEBUG    ------------------------------------------------------
2025-06-09 01:19:55,332 kilosort.spikedetect DEBUG    GPU usage:    `conda install pynvml` for GPU usage
2025-06-09 01:19:55,332 kilosort.spikedetect DEBUG    GPU memory:   17.43 %     |      6.89   /    39.50 GB
2025-06-09 01:19:55,332 kilosort.spikedetect DEBUG    Allocated:     0.04 %     |      0.02   /    39.50 GB
2025-06-09 01:19:55,332 kilosort.spikedetect DEBUG    Max alloc:     0.75 %     |      0.30   /    39.50 GB
2025-06-09 01:19:55,332 kilosort.spikedetect DEBUG    ********************************************************
2025-06-09 01:19:55,406 kilosort.run_kilosort INFO     drift computed in  0.84s; total  0.88s
2025-06-09 01:19:55,410 kilosort.run_kilosort DEBUG    st shape: (6094, 6)
2025-06-09 01:19:55,410 kilosort.run_kilosort DEBUG    yblk shape: (1,)
2025-06-09 01:19:55,410 kilosort.run_kilosort DEBUG    dshift shape: (23, 1)
2025-06-09 01:19:55,410 kilosort.run_kilosort DEBUG    iKxx shape: torch.Size([32, 32])
2025-06-09 01:19:55,410 kilosort.run_kilosort INFO      
2025-06-09 01:19:55,411 kilosort.run_kilosort INFO     Resource usage after drift correction
2025-06-09 01:19:55,411 kilosort.run_kilosort INFO     ********************************************************
2025-06-09 01:19:55,412 kilosort.run_kilosort INFO     CPU usage:    37.40 %
2025-06-09 01:19:55,412 kilosort.run_kilosort INFO     Memory:        5.18 %     |     39.12   /   754.60 GB
2025-06-09 01:19:55,412 kilosort.run_kilosort INFO     ------------------------------------------------------
2025-06-09 01:19:55,413 kilosort.run_kilosort INFO     GPU usage:    `conda install pynvml` for GPU usage
2025-06-09 01:19:55,413 kilosort.run_kilosort INFO     GPU memory:   17.43 %     |      6.89   /    39.50 GB
2025-06-09 01:19:55,414 kilosort.run_kilosort INFO     Allocated:     0.02 %     |      0.01   /    39.50 GB
2025-06-09 01:19:55,414 kilosort.run_kilosort INFO     Max alloc:     0.75 %     |      0.30   /    39.50 GB
2025-06-09 01:19:55,415 kilosort.run_kilosort INFO     ********************************************************
2025-06-09 01:19:55,415 kilosort.run_kilosort DEBUG    

|===========================================================================|
|                  PyTorch CUDA memory summary, device ID 0                 |
|---------------------------------------------------------------------------|
|            CUDA OOMs: 0            |        cudaMalloc retries: 0         |
|===========================================================================|
|        Metric         | Cur Usage  | Peak Usage | Tot Alloc  | Tot Freed  |
|---------------------------------------------------------------------------|
| Allocated memory      |   8867 KiB | 310173 KiB |  21206 GiB |  21206 GiB |
|---------------------------------------------------------------------------|
| Active memory         |   8867 KiB | 310173 KiB |  21206 GiB |  21206 GiB |
|---------------------------------------------------------------------------|
| Requested memory      |   8864 KiB | 310087 KiB |  20972 GiB |  20972 GiB |
|---------------------------------------------------------------------------|
| GPU reserved memory   | 481280 KiB | 481280 KiB | 481280 KiB |      0 B   |
|---------------------------------------------------------------------------|
| Non-releasable memory |  13660 KiB | 184425 KiB |  11541 GiB |  11541 GiB |
|---------------------------------------------------------------------------|
| Allocations           |      20    |      56    |    4583 K  |    4583 K  |
|---------------------------------------------------------------------------|
| Active allocs         |      20    |      56    |    4583 K  |    4583 K  |
|---------------------------------------------------------------------------|
| GPU reserved segments |      15    |      15    |      15    |       0    |
|---------------------------------------------------------------------------|
| Non-releasable allocs |       9    |      27    |    1872 K  |    1872 K  |
|---------------------------------------------------------------------------|
| Oversize allocations  |       0    |       0    |       0    |       0    |
|---------------------------------------------------------------------------|
| Oversize GPU segments |       0    |       0    |       0    |       0    |
|===========================================================================|


2025-06-09 01:19:55,421 kilosort.run_kilosort DEBUG    First batch min, max: (-19.73767, 10.214595)
2025-06-09 01:19:55,421 kilosort.run_kilosort INFO      
2025-06-09 01:19:55,422 kilosort.run_kilosort INFO     Extracting spikes using templates
2025-06-09 01:19:55,422 kilosort.run_kilosort INFO     ----------------------------------------
2025-06-09 01:19:55,422 kilosort.spikedetect INFO     Re-computing universal templates from data.
2025-06-09 01:19:55,456 kilosort.spikedetect INFO     Number of universal templates: 135
2025-06-09 01:19:55,462 kilosort.spikedetect INFO     Detecting spikes...
2025-06-09 01:19:55,463 kilosort.spikedetect DEBUG     
2025-06-09 01:19:55,463 kilosort.spikedetect DEBUG    Batch 0
2025-06-09 01:19:55,463 kilosort.spikedetect DEBUG    ********************************************************
2025-06-09 01:19:55,464 kilosort.spikedetect DEBUG    CPU usage:    49.50 %
2025-06-09 01:19:55,464 kilosort.spikedetect DEBUG    Memory:        5.19 %     |     39.16   /   754.60 GB
2025-06-09 01:19:55,464 kilosort.spikedetect DEBUG    ------------------------------------------------------
2025-06-09 01:19:55,464 kilosort.spikedetect DEBUG    GPU usage:    `conda install pynvml` for GPU usage
2025-06-09 01:19:55,464 kilosort.spikedetect DEBUG    GPU memory:   17.43 %     |      6.89   /    39.50 GB
2025-06-09 01:19:55,464 kilosort.spikedetect DEBUG    Allocated:     0.02 %     |      0.01   /    39.50 GB
2025-06-09 01:19:55,464 kilosort.spikedetect DEBUG    Max alloc:     0.75 %     |      0.30   /    39.50 GB
2025-06-09 01:19:55,464 kilosort.spikedetect DEBUG    ********************************************************
2025-06-09 01:19:56,115 kilosort.spikedetect DEBUG     
2025-06-09 01:19:56,116 kilosort.spikedetect DEBUG    Batch 22
2025-06-09 01:19:56,116 kilosort.spikedetect DEBUG    ********************************************************
2025-06-09 01:19:56,116 kilosort.spikedetect DEBUG    CPU usage:    36.10 %
2025-06-09 01:19:56,116 kilosort.spikedetect DEBUG    Memory:        5.18 %     |     39.08   /   754.60 GB
2025-06-09 01:19:56,116 kilosort.spikedetect DEBUG    ------------------------------------------------------
2025-06-09 01:19:56,116 kilosort.spikedetect DEBUG    GPU usage:    `conda install pynvml` for GPU usage
2025-06-09 01:19:56,116 kilosort.spikedetect DEBUG    GPU memory:   17.43 %     |      6.89   /    39.50 GB
2025-06-09 01:19:56,116 kilosort.spikedetect DEBUG    Allocated:     0.04 %     |      0.02   /    39.50 GB
2025-06-09 01:19:56,117 kilosort.spikedetect DEBUG    Max alloc:     0.75 %     |      0.30   /    39.50 GB
2025-06-09 01:19:56,117 kilosort.spikedetect DEBUG    ********************************************************
2025-06-09 01:19:56,117 kilosort.run_kilosort INFO     5975 spikes extracted in  0.70s; total  1.59s
2025-06-09 01:19:56,117 kilosort.run_kilosort DEBUG    st0 shape: (5975, 6)
2025-06-09 01:19:56,117 kilosort.run_kilosort DEBUG    tF shape: torch.Size([5975, 10, 6])
2025-06-09 01:19:56,117 kilosort.run_kilosort INFO      
2025-06-09 01:19:56,117 kilosort.run_kilosort INFO     First clustering
2025-06-09 01:19:56,118 kilosort.run_kilosort INFO     ----------------------------------------
2025-06-09 01:19:56,127 kilosort.clustering_qr DEBUG     
2025-06-09 01:19:56,127 kilosort.clustering_qr DEBUG    Cluster center: 0 of 12
2025-06-09 01:19:56,128 kilosort.clustering_qr DEBUG    ********************************************************
2025-06-09 01:19:56,128 kilosort.clustering_qr DEBUG    CPU usage:    45.20 %
2025-06-09 01:19:56,128 kilosort.clustering_qr DEBUG    Memory:        5.18 %     |     39.08   /   754.60 GB
2025-06-09 01:19:56,128 kilosort.clustering_qr DEBUG    ------------------------------------------------------
2025-06-09 01:19:56,128 kilosort.clustering_qr DEBUG    GPU usage:    `conda install pynvml` for GPU usage
2025-06-09 01:19:56,128 kilosort.clustering_qr DEBUG    GPU memory:   17.43 %     |      6.89   /    39.50 GB
2025-06-09 01:19:56,128 kilosort.clustering_qr DEBUG    Allocated:     0.02 %     |      0.01   /    39.50 GB
2025-06-09 01:19:56,128 kilosort.clustering_qr DEBUG    Max alloc:     0.75 %     |      0.30   /    39.50 GB
2025-06-09 01:19:56,128 kilosort.clustering_qr DEBUG    ********************************************************
2025-06-09 01:19:56,131 kilosort.clustering_qr DEBUG    Center 0 | nsp: 1029 | ntemp: 12
2025-06-09 01:19:56,497 kilosort.clustering_qr DEBUG    Center 1 | nsp: 738 | ntemp: 12
2025-06-09 01:19:56,500 kilosort.clustering_qr DEBUG    Center 2 | nsp: 348 | ntemp: 12
2025-06-09 01:19:56,502 kilosort.clustering_qr DEBUG    Center 3 | nsp: 213 | ntemp: 12
2025-06-09 01:19:56,505 kilosort.clustering_qr DEBUG    Center 4 | nsp: 335 | ntemp: 12
2025-06-09 01:19:56,507 kilosort.clustering_qr DEBUG    Center 5 | nsp: 305 | ntemp: 12
2025-06-09 01:19:56,510 kilosort.clustering_qr DEBUG    Center 6 | nsp: 669 | ntemp: 12
2025-06-09 01:19:56,512 kilosort.clustering_qr DEBUG    Center 7 | nsp: 280 | ntemp: 12
2025-06-09 01:19:56,514 kilosort.clustering_qr DEBUG    Center 8 | nsp: 655 | ntemp: 12
2025-06-09 01:19:56,517 kilosort.clustering_qr DEBUG    Center 9 | nsp: 698 | ntemp: 12
2025-06-09 01:19:56,517 kilosort.clustering_qr DEBUG     
2025-06-09 01:19:56,517 kilosort.clustering_qr DEBUG    Cluster center: 10 of 12
2025-06-09 01:19:56,517 kilosort.clustering_qr DEBUG    ********************************************************
2025-06-09 01:19:56,518 kilosort.clustering_qr DEBUG    CPU usage:    45.50 %
2025-06-09 01:19:56,518 kilosort.clustering_qr DEBUG    Memory:        5.17 %     |     39.05   /   754.60 GB
2025-06-09 01:19:56,518 kilosort.clustering_qr DEBUG    ------------------------------------------------------
2025-06-09 01:19:56,518 kilosort.clustering_qr DEBUG    GPU usage:    `conda install pynvml` for GPU usage
2025-06-09 01:19:56,518 kilosort.clustering_qr DEBUG    GPU memory:   17.43 %     |      6.89   /    39.50 GB
2025-06-09 01:19:56,518 kilosort.clustering_qr DEBUG    Allocated:     0.02 %     |      0.01   /    39.50 GB
2025-06-09 01:19:56,519 kilosort.clustering_qr DEBUG    Max alloc:     0.75 %     |      0.30   /    39.50 GB
2025-06-09 01:19:56,519 kilosort.clustering_qr DEBUG    ********************************************************
2025-06-09 01:19:56,521 kilosort.clustering_qr DEBUG    Center 10 | nsp: 489 | ntemp: 12
2025-06-09 01:19:56,522 kilosort.clustering_qr DEBUG    Center 11 | nsp: 216 | ntemp: 3
2025-06-09 01:19:56,540 kilosort.run_kilosort INFO     15 clusters found, in  0.42s; total  2.02s
2025-06-09 01:19:56,540 kilosort.run_kilosort DEBUG    clu shape: (5975,)
2025-06-09 01:19:56,540 kilosort.run_kilosort DEBUG    Wall shape: torch.Size([15, 32, 6])
2025-06-09 01:19:56,541 kilosort.run_kilosort INFO      
2025-06-09 01:19:56,541 kilosort.run_kilosort INFO     Extracting spikes using cluster waveforms
2025-06-09 01:19:56,541 kilosort.run_kilosort INFO     ----------------------------------------
2025-06-09 01:19:56,558 kilosort.template_matching DEBUG     
2025-06-09 01:19:56,558 kilosort.template_matching DEBUG    Batch 0
2025-06-09 01:19:56,558 kilosort.template_matching DEBUG    ********************************************************
2025-06-09 01:19:56,558 kilosort.template_matching DEBUG    CPU usage:    49.00 %
2025-06-09 01:19:56,559 kilosort.template_matching DEBUG    Memory:        5.21 %     |     39.29   /   754.60 GB
2025-06-09 01:19:56,559 kilosort.template_matching DEBUG    ------------------------------------------------------
2025-06-09 01:19:56,559 kilosort.template_matching DEBUG    GPU usage:    `conda install pynvml` for GPU usage
2025-06-09 01:19:56,559 kilosort.template_matching DEBUG    GPU memory:   17.43 %     |      6.89   /    39.50 GB
2025-06-09 01:19:56,559 kilosort.template_matching DEBUG    Allocated:     0.02 %     |      0.01   /    39.50 GB
2025-06-09 01:19:56,559 kilosort.template_matching DEBUG    Max alloc:     0.75 %     |      0.30   /    39.50 GB
2025-06-09 01:19:56,559 kilosort.template_matching DEBUG    ********************************************************
2025-06-09 01:19:56,991 kilosort.template_matching DEBUG     
2025-06-09 01:19:56,991 kilosort.template_matching DEBUG    Batch 22
2025-06-09 01:19:56,991 kilosort.template_matching DEBUG    ********************************************************
2025-06-09 01:19:56,991 kilosort.template_matching DEBUG    CPU usage:    36.40 %
2025-06-09 01:19:56,992 kilosort.template_matching DEBUG    Memory:        5.21 %     |     39.33   /   754.60 GB
2025-06-09 01:19:56,992 kilosort.template_matching DEBUG    ------------------------------------------------------
2025-06-09 01:19:56,992 kilosort.template_matching DEBUG    GPU usage:    `conda install pynvml` for GPU usage
2025-06-09 01:19:56,992 kilosort.template_matching DEBUG    GPU memory:   17.43 %     |      6.89   /    39.50 GB
2025-06-09 01:19:56,992 kilosort.template_matching DEBUG    Allocated:     0.06 %     |      0.02   /    39.50 GB
2025-06-09 01:19:56,992 kilosort.template_matching DEBUG    Max alloc:     0.75 %     |      0.30   /    39.50 GB
2025-06-09 01:19:56,992 kilosort.template_matching DEBUG    ********************************************************
2025-06-09 01:19:56,994 kilosort.run_kilosort INFO     9016 spikes extracted in  0.45s; total  2.47s
2025-06-09 01:19:56,997 kilosort.run_kilosort DEBUG    st shape: (9016, 3)
2025-06-09 01:19:56,998 kilosort.run_kilosort DEBUG    tF shape: torch.Size([9016, 10, 6])
2025-06-09 01:19:56,998 kilosort.run_kilosort DEBUG    iCC shape: torch.Size([10, 32])
2025-06-09 01:19:56,998 kilosort.run_kilosort DEBUG    iU shape: torch.Size([15])
2025-06-09 01:19:56,998 kilosort.run_kilosort INFO      
2025-06-09 01:19:56,998 kilosort.run_kilosort INFO     Resource usage after spike detection
2025-06-09 01:19:56,998 kilosort.run_kilosort INFO     ********************************************************
2025-06-09 01:19:56,999 kilosort.run_kilosort INFO     CPU usage:    51.90 %
2025-06-09 01:19:56,999 kilosort.run_kilosort INFO     Memory:        5.18 %     |     39.11   /   754.60 GB
2025-06-09 01:19:57,000 kilosort.run_kilosort INFO     ------------------------------------------------------
2025-06-09 01:19:57,000 kilosort.run_kilosort INFO     GPU usage:    `conda install pynvml` for GPU usage
2025-06-09 01:19:57,001 kilosort.run_kilosort INFO     GPU memory:   17.43 %     |      6.89   /    39.50 GB
2025-06-09 01:19:57,001 kilosort.run_kilosort INFO     Allocated:     0.02 %     |      0.01   /    39.50 GB
2025-06-09 01:19:57,002 kilosort.run_kilosort INFO     Max alloc:     0.75 %     |      0.30   /    39.50 GB
2025-06-09 01:19:57,002 kilosort.run_kilosort INFO     ********************************************************
2025-06-09 01:19:57,002 kilosort.run_kilosort DEBUG    

|===========================================================================|
|                  PyTorch CUDA memory summary, device ID 0                 |
|---------------------------------------------------------------------------|
|            CUDA OOMs: 0            |        cudaMalloc retries: 0         |
|===========================================================================|
|        Metric         | Cur Usage  | Peak Usage | Tot Alloc  | Tot Freed  |
|---------------------------------------------------------------------------|
| Allocated memory      |   8882 KiB | 310173 KiB |  21395 GiB |  21395 GiB |
|---------------------------------------------------------------------------|
| Active memory         |   8882 KiB | 310173 KiB |  21395 GiB |  21395 GiB |
|---------------------------------------------------------------------------|
| Requested memory      |   8878 KiB | 310087 KiB |  21159 GiB |  21159 GiB |
|---------------------------------------------------------------------------|
| GPU reserved memory   | 481280 KiB | 481280 KiB | 481280 KiB |      0 B   |
|---------------------------------------------------------------------------|
| Non-releasable memory |  13645 KiB | 184425 KiB |  11639 GiB |  11639 GiB |
|---------------------------------------------------------------------------|
| Allocations           |      24    |      56    |    4625 K  |    4625 K  |
|---------------------------------------------------------------------------|
| Active allocs         |      24    |      56    |    4625 K  |    4625 K  |
|---------------------------------------------------------------------------|
| GPU reserved segments |      15    |      15    |      15    |       0    |
|---------------------------------------------------------------------------|
| Non-releasable allocs |      12    |      27    |    1889 K  |    1889 K  |
|---------------------------------------------------------------------------|
| Oversize allocations  |       0    |       0    |       0    |       0    |
|---------------------------------------------------------------------------|
| Oversize GPU segments |       0    |       0    |       0    |       0    |
|===========================================================================|


2025-06-09 01:19:57,003 kilosort.run_kilosort INFO      
2025-06-09 01:19:57,003 kilosort.run_kilosort INFO     Final clustering
2025-06-09 01:19:57,003 kilosort.run_kilosort INFO     ----------------------------------------
2025-06-09 01:19:57,013 kilosort.clustering_qr DEBUG     
2025-06-09 01:19:57,013 kilosort.clustering_qr DEBUG    Cluster center: 0 of 12
2025-06-09 01:19:57,013 kilosort.clustering_qr DEBUG    ********************************************************
2025-06-09 01:19:57,014 kilosort.clustering_qr DEBUG    CPU usage:    43.40 %
2025-06-09 01:19:57,014 kilosort.clustering_qr DEBUG    Memory:        5.18 %     |     39.12   /   754.60 GB
2025-06-09 01:19:57,014 kilosort.clustering_qr DEBUG    ------------------------------------------------------
2025-06-09 01:19:57,014 kilosort.clustering_qr DEBUG    GPU usage:    `conda install pynvml` for GPU usage
2025-06-09 01:19:57,014 kilosort.clustering_qr DEBUG    GPU memory:   17.43 %     |      6.89   /    39.50 GB
2025-06-09 01:19:57,014 kilosort.clustering_qr DEBUG    Allocated:     0.02 %     |      0.01   /    39.50 GB
2025-06-09 01:19:57,014 kilosort.clustering_qr DEBUG    Max alloc:     0.75 %     |      0.30   /    39.50 GB
2025-06-09 01:19:57,014 kilosort.clustering_qr DEBUG    ********************************************************
2025-06-09 01:19:57,016 kilosort.clustering_qr DEBUG    Center 0 | nsp: 2428 | ntemp: 4
2025-06-09 01:19:57,292 kilosort.clustering_qr DEBUG    Center 1 | nsp: 411 | ntemp: 1
2025-06-09 01:19:57,293 kilosort.clustering_qr DEBUG    Center 2 | nsp: 277 | ntemp: 1
2025-06-09 01:19:57,294 kilosort.clustering_qr DEBUG    Center 3 | nsp: 500 | ntemp: 1
2025-06-09 01:19:57,295 kilosort.clustering_qr DEBUG    Center 4 | nsp: 376 | ntemp: 1
2025-06-09 01:19:57,296 kilosort.clustering_qr DEBUG    Center 5 | nsp: 474 | ntemp: 1
2025-06-09 01:19:57,297 kilosort.clustering_qr DEBUG    Center 6 | nsp: 681 | ntemp: 1
2025-06-09 01:19:57,298 kilosort.clustering_qr DEBUG    Center 7 | nsp: 489 | ntemp: 1
2025-06-09 01:19:57,353 kilosort.clustering_qr DEBUG    Center 8 | nsp: 688 | ntemp: 1
2025-06-09 01:19:57,389 kilosort.clustering_qr DEBUG    Center 9 | nsp: 638 | ntemp: 1
2025-06-09 01:19:57,390 kilosort.clustering_qr DEBUG     
2025-06-09 01:19:57,390 kilosort.clustering_qr DEBUG    Cluster center: 10 of 12
2025-06-09 01:19:57,390 kilosort.clustering_qr DEBUG    ********************************************************
2025-06-09 01:19:57,390 kilosort.clustering_qr DEBUG    CPU usage:    44.60 %
2025-06-09 01:19:57,390 kilosort.clustering_qr DEBUG    Memory:        5.19 %     |     39.13   /   754.60 GB
2025-06-09 01:19:57,390 kilosort.clustering_qr DEBUG    ------------------------------------------------------
2025-06-09 01:19:57,390 kilosort.clustering_qr DEBUG    GPU usage:    `conda install pynvml` for GPU usage
2025-06-09 01:19:57,390 kilosort.clustering_qr DEBUG    GPU memory:   17.43 %     |      6.89   /    39.50 GB
2025-06-09 01:19:57,391 kilosort.clustering_qr DEBUG    Allocated:     0.02 %     |      0.01   /    39.50 GB
2025-06-09 01:19:57,391 kilosort.clustering_qr DEBUG    Max alloc:     0.75 %     |      0.30   /    39.50 GB
2025-06-09 01:19:57,391 kilosort.clustering_qr DEBUG    ********************************************************
2025-06-09 01:19:57,391 kilosort.clustering_qr DEBUG    Center 10 | nsp: 0 | ntemp: 0
2025-06-09 01:19:57,392 kilosort.clustering_qr DEBUG    Center 11 | nsp: 2054 | ntemp: 2
2025-06-09 01:19:57,699 kilosort.run_kilosort INFO     15 clusters found, in  0.70s; total  3.18s
2025-06-09 01:19:57,703 kilosort.run_kilosort DEBUG    clu shape: (9016,)
2025-06-09 01:19:57,703 kilosort.run_kilosort DEBUG    Wall shape: torch.Size([15, 32, 6])
2025-06-09 01:19:57,703 kilosort.run_kilosort INFO      
2025-06-09 01:19:57,703 kilosort.run_kilosort INFO     Merging clusters
2025-06-09 01:19:57,704 kilosort.run_kilosort INFO     ----------------------------------------
2025-06-09 01:19:57,712 kilosort.run_kilosort INFO     15 units found, in  0.01s; total  3.19s
2025-06-09 01:19:57,712 kilosort.run_kilosort DEBUG    clu shape: (9016,)
2025-06-09 01:19:57,712 kilosort.run_kilosort DEBUG    Wall shape: torch.Size([15, 32, 6])
2025-06-09 01:19:57,712 kilosort.run_kilosort INFO      
2025-06-09 01:19:57,713 kilosort.run_kilosort INFO     Resource usage after clustering
2025-06-09 01:19:57,713 kilosort.run_kilosort INFO     ********************************************************
2025-06-09 01:19:57,714 kilosort.run_kilosort INFO     CPU usage:    42.00 %
2025-06-09 01:19:57,715 kilosort.run_kilosort INFO     Memory:        5.19 %     |     39.13   /   754.60 GB
2025-06-09 01:19:57,715 kilosort.run_kilosort INFO     ------------------------------------------------------
2025-06-09 01:19:57,715 kilosort.run_kilosort INFO     GPU usage:    `conda install pynvml` for GPU usage
2025-06-09 01:19:57,716 kilosort.run_kilosort INFO     GPU memory:   17.43 %     |      6.89   /    39.50 GB
2025-06-09 01:19:57,717 kilosort.run_kilosort INFO     Allocated:     0.02 %     |      0.01   /    39.50 GB
2025-06-09 01:19:57,717 kilosort.run_kilosort INFO     Max alloc:     0.75 %     |      0.30   /    39.50 GB
2025-06-09 01:19:57,718 kilosort.run_kilosort INFO     ********************************************************
2025-06-09 01:19:57,718 kilosort.run_kilosort DEBUG    

|===========================================================================|
|                  PyTorch CUDA memory summary, device ID 0                 |
|---------------------------------------------------------------------------|
|            CUDA OOMs: 0            |        cudaMalloc retries: 0         |
|===========================================================================|
|        Metric         | Cur Usage  | Peak Usage | Tot Alloc  | Tot Freed  |
|---------------------------------------------------------------------------|
| Allocated memory      |   8871 KiB | 310173 KiB |  21401 GiB |  21401 GiB |
|---------------------------------------------------------------------------|
| Active memory         |   8871 KiB | 310173 KiB |  21401 GiB |  21401 GiB |
|---------------------------------------------------------------------------|
| Requested memory      |   8867 KiB | 310087 KiB |  21165 GiB |  21165 GiB |
|---------------------------------------------------------------------------|
| GPU reserved memory   | 481280 KiB | 481280 KiB | 481280 KiB |      0 B   |
|---------------------------------------------------------------------------|
| Non-releasable memory |  13657 KiB | 184425 KiB |  11646 GiB |  11646 GiB |
|---------------------------------------------------------------------------|
| Allocations           |      23    |      56    |    4650 K  |    4650 K  |
|---------------------------------------------------------------------------|
| Active allocs         |      23    |      56    |    4650 K  |    4650 K  |
|---------------------------------------------------------------------------|
| GPU reserved segments |      15    |      15    |      15    |       0    |
|---------------------------------------------------------------------------|
| Non-releasable allocs |      12    |      27    |    1903 K  |    1903 K  |
|---------------------------------------------------------------------------|
| Oversize allocations  |       0    |       0    |       0    |       0    |
|---------------------------------------------------------------------------|
| Oversize GPU segments |       0    |       0    |       0    |       0    |
|===========================================================================|


2025-06-09 01:19:57,719 kilosort.run_kilosort INFO      
2025-06-09 01:19:57,719 kilosort.run_kilosort INFO     Saving to phy and computing refractory periods
2025-06-09 01:19:57,719 kilosort.run_kilosort INFO     ----------------------------------------
2025-06-09 01:19:57,873 kilosort.run_kilosort INFO     2 units found with good refractory periods
2025-06-09 01:19:57,874 kilosort.run_kilosort INFO     Total runtime: 3.35s = 00:00:3 h:m:s
2025-06-09 01:19:57,888 kilosort.run_kilosort INFO     Sorting output saved in: /home/lss72/palmer_scratch/spike_sort/kilosort4.
2025-06-09 01:19:57,888 kilosort.run_kilosort INFO      
2025-06-09 01:19:57,889 kilosort.run_kilosort INFO     Resource usage after saving
2025-06-09 01:19:57,889 kilosort.run_kilosort INFO     ********************************************************
2025-06-09 01:19:57,890 kilosort.run_kilosort INFO     CPU usage:    45.40 %
2025-06-09 01:19:57,890 kilosort.run_kilosort INFO     Memory:        5.19 %     |     39.16   /   754.60 GB
2025-06-09 01:19:57,891 kilosort.run_kilosort INFO     ------------------------------------------------------
2025-06-09 01:19:57,891 kilosort.run_kilosort INFO     GPU usage:    `conda install pynvml` for GPU usage
2025-06-09 01:19:57,891 kilosort.run_kilosort INFO     GPU memory:   17.43 %     |      6.89   /    39.50 GB
2025-06-09 01:19:57,892 kilosort.run_kilosort INFO     Allocated:     0.02 %     |      0.01   /    39.50 GB
2025-06-09 01:19:57,892 kilosort.run_kilosort INFO     Max alloc:     0.75 %     |      0.30   /    39.50 GB
2025-06-09 01:19:57,893 kilosort.run_kilosort INFO     ********************************************************
2025-06-09 01:19:57,893 kilosort.run_kilosort DEBUG    

|===========================================================================|
|                  PyTorch CUDA memory summary, device ID 0                 |
|---------------------------------------------------------------------------|
|            CUDA OOMs: 0            |        cudaMalloc retries: 0         |
|===========================================================================|
|        Metric         | Cur Usage  | Peak Usage | Tot Alloc  | Tot Freed  |
|---------------------------------------------------------------------------|
| Allocated memory      |   8871 KiB | 310173 KiB |  21401 GiB |  21401 GiB |
|---------------------------------------------------------------------------|
| Active memory         |   8871 KiB | 310173 KiB |  21401 GiB |  21401 GiB |
|---------------------------------------------------------------------------|
| Requested memory      |   8867 KiB | 310087 KiB |  21165 GiB |  21165 GiB |
|---------------------------------------------------------------------------|
| GPU reserved memory   | 481280 KiB | 481280 KiB | 481280 KiB |      0 B   |
|---------------------------------------------------------------------------|
| Non-releasable memory |  13657 KiB | 184425 KiB |  11646 GiB |  11646 GiB |
|---------------------------------------------------------------------------|
| Allocations           |      23    |      56    |    4651 K  |    4651 K  |
|---------------------------------------------------------------------------|
| Active allocs         |      23    |      56    |    4651 K  |    4651 K  |
|---------------------------------------------------------------------------|
| GPU reserved segments |      15    |      15    |      15    |       0    |
|---------------------------------------------------------------------------|
| Non-releasable allocs |      12    |      27    |    1903 K  |    1903 K  |
|---------------------------------------------------------------------------|
| Oversize allocations  |       0    |       0    |       0    |       0    |
|---------------------------------------------------------------------------|
| Oversize GPU segments |       0    |       0    |       0    |       0    |
|===========================================================================|


