2025-06-08 23:44:47,589 kilosort.run_kilosort INFO     Kilosort version 4.0.25
2025-06-08 23:44:47,593 kilosort.run_kilosort INFO     Python version 3.9.21
2025-06-08 23:44:47,593 kilosort.run_kilosort INFO     ----------------------------------------
2025-06-08 23:44:47,593 kilosort.run_kilosort INFO     System information:
2025-06-08 23:44:47,594 kilosort.run_kilosort INFO     Linux-4.18.0-477.74.1.el8_8.x86_64-x86_64-with-glibc2.28 x86_64
2025-06-08 23:44:47,594 kilosort.run_kilosort INFO     x86_64
2025-06-08 23:44:47,594 kilosort.run_kilosort INFO     Using GPU for PyTorch computations. Specify `device` to change this.
2025-06-08 23:44:47,595 kilosort.run_kilosort INFO     Using CUDA device: NVIDIA A100-PCIE-40GB 39.50GB
2025-06-08 23:44:47,595 kilosort.run_kilosort INFO     ----------------------------------------
2025-06-08 23:44:47,596 kilosort.run_kilosort INFO     Sorting /home/lss72/palmer_scratch/spike_sort/2014_03_26_Pair_2_0
2025-06-08 23:44:47,597 kilosort.run_kilosort DEBUG    Initial ops:

ops = {
    'n_chan_bin': 32,
    'fs': 30000,
    'batch_size': 60000,
    'nblocks': 1,
    'Th_universal': 9,
    'Th_learned': 8,
    'tmin': 0,
    'tmax': 15,
    'nt': 61,
    'shift': None,
    'scale': None,
    'artifact_threshold': inf,
    'nskip': 25,
    'whitening_range': 32,
    'highpass_cutoff': 300,
    'binning_depth': 5,
    'sig_interp': 20,
    'drift_smoothing': [0.5, 0.5, 0.5],
    'nt0min': 20,
    'dmin': None,
    'dminx': 32,
    'min_template_size': 10,
    'template_sizes': 5,
    'nearest_chans': 10,
    'nearest_templates': 100,
    'max_channel_distance': 32,
    'max_peels': 100,
    'templates_from_data': True,
    'n_templates': 6,
    'n_pcs': 6,
    'Th_single_ch': 6,
    'acg_threshold': 0.2,
    'ccg_threshold': 0.25,
    'cluster_downsampling': 20,
    'x_centers': None,
    'duplicate_spike_ms': 0.25,
    'position_limit': 100,
    'data_dir': PosixPath('/home/lss72/palmer_scratch/spike_sort'),
    'filename': PosixPath('/home/lss72/palmer_scratch/spike_sort/2014_03_26_Pair_2_0'),
    'data_dtype': dtype('float32'),
    'do_CAR': True,
    'invert_sign': False,
    'NTbuff': 60122,
    'Nchan': 32,
    'duplicate_spike_bins': 7,
    'torch_device': 'cuda',
    'save_preprocessed_copy': False
}

2025-06-08 23:44:47,598 kilosort.run_kilosort DEBUG    Probe dictionary:

probe = {
    'chanMap': np.array([ 0,  1,  2,  3,  4,  5,  6,  7,  8,  9, 10, 11, 12, 13, 14, 15, 16,
       17, 18, 19, 20, 21, 22, 23, 24, 25, 26, 27, 28, 29, 30, 31]),
    'xc': np.array([  0.,  18., -18.,   0.,  18., -18.,   0.,  18., -18.,   0.,  18.,
       -18.,   0.,  18., -18.,   0.,  18., -18.,   0.,  18., -18.,   0.,
        18., -18.,   0.,  18., -18.,   0.,  18., -18.,   0.,   0.],
      dtype=np.float32),
    'yc': np.array([  0. ,  12.5,  12.5,  25. ,  37.5,  37.5,  50. ,  62.5,  62.5,
        75. ,  87.5,  87.5, 100. , 112.5, 112.5, 125. , 137.5, 137.5,
       150. , 162.5, 162.5, 175. , 187.5, 187.5, 200. , 212.5, 212.5,
       225. , 237.5, 237.5, 250. , 275. ], dtype=np.float32),
    'kcoords': np.array([0., 0., 0., 0., 0., 0., 0., 0., 0., 0., 0., 0., 0., 0., 0., 0., 0.,
       0., 0., 0., 0., 0., 0., 0., 0., 0., 0., 0., 0., 0., 0., 0.]),
    'n_chan': 32
}

2025-06-08 23:44:47,599 kilosort.run_kilosort INFO      
2025-06-08 23:44:47,599 kilosort.run_kilosort INFO     Computing preprocessing variables.
2025-06-08 23:44:47,599 kilosort.run_kilosort INFO     ----------------------------------------
2025-06-08 23:44:47,601 kilosort.run_kilosort INFO     N samples: 450000
2025-06-08 23:44:47,601 kilosort.run_kilosort INFO     N seconds: 15.0
2025-06-08 23:44:47,602 kilosort.run_kilosort INFO     N batches: 8
2025-06-08 23:44:47,637 kilosort.run_kilosort INFO     Preprocessing filters computed in  0.04s; total  0.04s
2025-06-08 23:44:47,638 kilosort.run_kilosort DEBUG    hp_filter shape: torch.Size([30122])
2025-06-08 23:44:47,638 kilosort.run_kilosort DEBUG    whiten_mat shape: torch.Size([32, 32])
2025-06-08 23:44:47,638 kilosort.run_kilosort INFO      
2025-06-08 23:44:47,638 kilosort.run_kilosort INFO     Resource usage after preprocessing
2025-06-08 23:44:47,639 kilosort.run_kilosort INFO     ********************************************************
2025-06-08 23:44:47,639 kilosort.run_kilosort INFO     CPU usage:    21.80 %
2025-06-08 23:44:47,640 kilosort.run_kilosort INFO     Memory:        4.86 %     |     36.69   /   754.60 GB
2025-06-08 23:44:47,640 kilosort.run_kilosort INFO     ------------------------------------------------------
2025-06-08 23:44:47,640 kilosort.run_kilosort INFO     GPU usage:    `conda install pynvml` for GPU usage
2025-06-08 23:44:47,641 kilosort.run_kilosort INFO     GPU memory:    2.56 %     |      1.01   /    39.50 GB
2025-06-08 23:44:47,642 kilosort.run_kilosort INFO     Allocated:     0.02 %     |      0.01   /    39.50 GB
2025-06-08 23:44:47,642 kilosort.run_kilosort INFO     Max alloc:     0.75 %     |      0.30   /    39.50 GB
2025-06-08 23:44:47,642 kilosort.run_kilosort INFO     ********************************************************
2025-06-08 23:44:47,643 kilosort.run_kilosort INFO      
2025-06-08 23:44:47,644 kilosort.run_kilosort INFO     Computing drift correction.
2025-06-08 23:44:47,644 kilosort.run_kilosort INFO     ----------------------------------------
2025-06-08 23:44:47,644 kilosort.spikedetect INFO     Re-computing universal templates from data.
2025-06-08 23:44:47,674 kilosort.spikedetect INFO     Number of universal templates: 135
2025-06-08 23:44:47,677 kilosort.spikedetect INFO     Detecting spikes...
2025-06-08 23:44:47,679 kilosort.spikedetect DEBUG     
2025-06-08 23:44:47,679 kilosort.spikedetect DEBUG    Batch 0
2025-06-08 23:44:47,679 kilosort.spikedetect DEBUG    ********************************************************
2025-06-08 23:44:47,680 kilosort.spikedetect DEBUG    CPU usage:    31.00 %
2025-06-08 23:44:47,680 kilosort.spikedetect DEBUG    Memory:        4.86 %     |     36.69   /   754.60 GB
2025-06-08 23:44:47,680 kilosort.spikedetect DEBUG    ------------------------------------------------------
2025-06-08 23:44:47,680 kilosort.spikedetect DEBUG    GPU usage:    `conda install pynvml` for GPU usage
2025-06-08 23:44:47,680 kilosort.spikedetect DEBUG    GPU memory:    2.56 %     |      1.01   /    39.50 GB
2025-06-08 23:44:47,680 kilosort.spikedetect DEBUG    Allocated:     0.02 %     |      0.01   /    39.50 GB
2025-06-08 23:44:47,680 kilosort.spikedetect DEBUG    Max alloc:     0.75 %     |      0.30   /    39.50 GB
2025-06-08 23:44:47,680 kilosort.spikedetect DEBUG    ********************************************************
2025-06-08 23:44:47,987 kilosort.spikedetect DEBUG     
2025-06-08 23:44:47,987 kilosort.spikedetect DEBUG    Batch 7
2025-06-08 23:44:47,987 kilosort.spikedetect DEBUG    ********************************************************
2025-06-08 23:44:47,987 kilosort.spikedetect DEBUG    CPU usage:    18.80 %
2025-06-08 23:44:47,987 kilosort.spikedetect DEBUG    Memory:        4.86 %     |     36.66   /   754.60 GB
2025-06-08 23:44:47,987 kilosort.spikedetect DEBUG    ------------------------------------------------------
2025-06-08 23:44:47,988 kilosort.spikedetect DEBUG    GPU usage:    `conda install pynvml` for GPU usage
2025-06-08 23:44:47,988 kilosort.spikedetect DEBUG    GPU memory:    2.56 %     |      1.01   /    39.50 GB
2025-06-08 23:44:47,988 kilosort.spikedetect DEBUG    Allocated:     0.04 %     |      0.02   /    39.50 GB
2025-06-08 23:44:47,988 kilosort.spikedetect DEBUG    Max alloc:     0.75 %     |      0.30   /    39.50 GB
2025-06-08 23:44:47,988 kilosort.spikedetect DEBUG    ********************************************************
2025-06-08 23:44:48,060 kilosort.run_kilosort INFO     drift computed in  0.42s; total  0.46s
2025-06-08 23:44:48,063 kilosort.run_kilosort DEBUG    st shape: (1691, 6)
2025-06-08 23:44:48,063 kilosort.run_kilosort DEBUG    yblk shape: (1,)
2025-06-08 23:44:48,063 kilosort.run_kilosort DEBUG    dshift shape: (8, 1)
2025-06-08 23:44:48,063 kilosort.run_kilosort DEBUG    iKxx shape: torch.Size([32, 32])
2025-06-08 23:44:48,064 kilosort.run_kilosort INFO      
2025-06-08 23:44:48,064 kilosort.run_kilosort INFO     Resource usage after drift correction
2025-06-08 23:44:48,064 kilosort.run_kilosort INFO     ********************************************************
2025-06-08 23:44:48,065 kilosort.run_kilosort INFO     CPU usage:    20.80 %
2025-06-08 23:44:48,065 kilosort.run_kilosort INFO     Memory:        4.86 %     |     36.68   /   754.60 GB
2025-06-08 23:44:48,066 kilosort.run_kilosort INFO     ------------------------------------------------------
2025-06-08 23:44:48,066 kilosort.run_kilosort INFO     GPU usage:    `conda install pynvml` for GPU usage
2025-06-08 23:44:48,067 kilosort.run_kilosort INFO     GPU memory:    2.56 %     |      1.01   /    39.50 GB
2025-06-08 23:44:48,067 kilosort.run_kilosort INFO     Allocated:     0.02 %     |      0.01   /    39.50 GB
2025-06-08 23:44:48,068 kilosort.run_kilosort INFO     Max alloc:     0.75 %     |      0.30   /    39.50 GB
2025-06-08 23:44:48,068 kilosort.run_kilosort INFO     ********************************************************
2025-06-08 23:44:48,069 kilosort.run_kilosort DEBUG    

|===========================================================================|
|                  PyTorch CUDA memory summary, device ID 0                 |
|---------------------------------------------------------------------------|
|            CUDA OOMs: 0            |        cudaMalloc retries: 0         |
|===========================================================================|
|        Metric         | Cur Usage  | Peak Usage | Tot Alloc  | Tot Freed  |
|---------------------------------------------------------------------------|
| Allocated memory      |   8867 KiB | 309982 KiB |  15072 GiB |  15072 GiB |
|---------------------------------------------------------------------------|
| Active memory         |   8867 KiB | 309982 KiB |  15072 GiB |  15072 GiB |
|---------------------------------------------------------------------------|
| Requested memory      |   8864 KiB | 309896 KiB |  14908 GiB |  14908 GiB |
|---------------------------------------------------------------------------|
| GPU reserved memory   | 481280 KiB | 481280 KiB | 481280 KiB |      0 B   |
|---------------------------------------------------------------------------|
| Non-releasable memory |  13660 KiB | 184425 KiB |   8153 GiB |   8153 GiB |
|---------------------------------------------------------------------------|
| Allocations           |      20    |      56    |    3226 K  |    3226 K  |
|---------------------------------------------------------------------------|
| Active allocs         |      20    |      56    |    3226 K  |    3226 K  |
|---------------------------------------------------------------------------|
| GPU reserved segments |      15    |      15    |      15    |       0    |
|---------------------------------------------------------------------------|
| Non-releasable allocs |      11    |      26    |    1310 K  |    1310 K  |
|---------------------------------------------------------------------------|
| Oversize allocations  |       0    |       0    |       0    |       0    |
|---------------------------------------------------------------------------|
| Oversize GPU segments |       0    |       0    |       0    |       0    |
|===========================================================================|


2025-06-08 23:44:48,075 kilosort.run_kilosort DEBUG    First batch min, max: (-19.737701, 10.214522)
2025-06-08 23:44:48,075 kilosort.run_kilosort INFO      
2025-06-08 23:44:48,076 kilosort.run_kilosort INFO     Extracting spikes using templates
2025-06-08 23:44:48,076 kilosort.run_kilosort INFO     ----------------------------------------
2025-06-08 23:44:48,076 kilosort.spikedetect INFO     Re-computing universal templates from data.
2025-06-08 23:44:48,105 kilosort.spikedetect INFO     Number of universal templates: 135
2025-06-08 23:44:48,110 kilosort.spikedetect INFO     Detecting spikes...
2025-06-08 23:44:48,111 kilosort.spikedetect DEBUG     
2025-06-08 23:44:48,111 kilosort.spikedetect DEBUG    Batch 0
2025-06-08 23:44:48,111 kilosort.spikedetect DEBUG    ********************************************************
2025-06-08 23:44:48,112 kilosort.spikedetect DEBUG    CPU usage:    31.50 %
2025-06-08 23:44:48,112 kilosort.spikedetect DEBUG    Memory:        4.86 %     |     36.70   /   754.60 GB
2025-06-08 23:44:48,112 kilosort.spikedetect DEBUG    ------------------------------------------------------
2025-06-08 23:44:48,112 kilosort.spikedetect DEBUG    GPU usage:    `conda install pynvml` for GPU usage
2025-06-08 23:44:48,112 kilosort.spikedetect DEBUG    GPU memory:    2.56 %     |      1.01   /    39.50 GB
2025-06-08 23:44:48,112 kilosort.spikedetect DEBUG    Allocated:     0.02 %     |      0.01   /    39.50 GB
2025-06-08 23:44:48,112 kilosort.spikedetect DEBUG    Max alloc:     0.75 %     |      0.30   /    39.50 GB
2025-06-08 23:44:48,112 kilosort.spikedetect DEBUG    ********************************************************
2025-06-08 23:44:48,339 kilosort.spikedetect DEBUG     
2025-06-08 23:44:48,340 kilosort.spikedetect DEBUG    Batch 7
2025-06-08 23:44:48,340 kilosort.spikedetect DEBUG    ********************************************************
2025-06-08 23:44:48,340 kilosort.spikedetect DEBUG    CPU usage:    19.70 %
2025-06-08 23:44:48,340 kilosort.spikedetect DEBUG    Memory:        4.85 %     |     36.62   /   754.60 GB
2025-06-08 23:44:48,340 kilosort.spikedetect DEBUG    ------------------------------------------------------
2025-06-08 23:44:48,340 kilosort.spikedetect DEBUG    GPU usage:    `conda install pynvml` for GPU usage
2025-06-08 23:44:48,340 kilosort.spikedetect DEBUG    GPU memory:    2.56 %     |      1.01   /    39.50 GB
2025-06-08 23:44:48,340 kilosort.spikedetect DEBUG    Allocated:     0.04 %     |      0.02   /    39.50 GB
2025-06-08 23:44:48,340 kilosort.spikedetect DEBUG    Max alloc:     0.75 %     |      0.30   /    39.50 GB
2025-06-08 23:44:48,340 kilosort.spikedetect DEBUG    ********************************************************
2025-06-08 23:44:48,341 kilosort.run_kilosort INFO     1612 spikes extracted in  0.27s; total  0.74s
2025-06-08 23:44:48,341 kilosort.run_kilosort DEBUG    st0 shape: (1612, 6)
2025-06-08 23:44:48,341 kilosort.run_kilosort DEBUG    tF shape: torch.Size([1612, 10, 6])
2025-06-08 23:44:48,341 kilosort.run_kilosort INFO      
2025-06-08 23:44:48,341 kilosort.run_kilosort INFO     First clustering
2025-06-08 23:44:48,342 kilosort.run_kilosort INFO     ----------------------------------------
2025-06-08 23:44:48,351 kilosort.clustering_qr DEBUG     
2025-06-08 23:44:48,351 kilosort.clustering_qr DEBUG    Cluster center: 0 of 12
2025-06-08 23:44:48,351 kilosort.clustering_qr DEBUG    ********************************************************
2025-06-08 23:44:48,351 kilosort.clustering_qr DEBUG    CPU usage:    28.60 %
2025-06-08 23:44:48,352 kilosort.clustering_qr DEBUG    Memory:        4.85 %     |     36.62   /   754.60 GB
2025-06-08 23:44:48,352 kilosort.clustering_qr DEBUG    ------------------------------------------------------
2025-06-08 23:44:48,352 kilosort.clustering_qr DEBUG    GPU usage:    `conda install pynvml` for GPU usage
2025-06-08 23:44:48,352 kilosort.clustering_qr DEBUG    GPU memory:    2.56 %     |      1.01   /    39.50 GB
2025-06-08 23:44:48,352 kilosort.clustering_qr DEBUG    Allocated:     0.02 %     |      0.01   /    39.50 GB
2025-06-08 23:44:48,352 kilosort.clustering_qr DEBUG    Max alloc:     0.75 %     |      0.30   /    39.50 GB
2025-06-08 23:44:48,352 kilosort.clustering_qr DEBUG    ********************************************************
2025-06-08 23:44:48,354 kilosort.clustering_qr DEBUG    Center 0 | nsp: 306 | ntemp: 12
2025-06-08 23:44:48,357 kilosort.clustering_qr DEBUG    Center 1 | nsp: 61 | ntemp: 12
2025-06-08 23:44:48,359 kilosort.clustering_qr DEBUG    Center 2 | nsp: 100 | ntemp: 12
2025-06-08 23:44:48,361 kilosort.clustering_qr DEBUG    Center 3 | nsp: 138 | ntemp: 12
2025-06-08 23:44:48,363 kilosort.clustering_qr DEBUG    Center 4 | nsp: 68 | ntemp: 12
2025-06-08 23:44:48,365 kilosort.clustering_qr DEBUG    Center 5 | nsp: 65 | ntemp: 12
2025-06-08 23:44:48,367 kilosort.clustering_qr DEBUG    Center 6 | nsp: 206 | ntemp: 12
2025-06-08 23:44:48,370 kilosort.clustering_qr DEBUG    Center 7 | nsp: 409 | ntemp: 12
2025-06-08 23:44:48,372 kilosort.clustering_qr DEBUG    Center 8 | nsp: 61 | ntemp: 12
2025-06-08 23:44:48,374 kilosort.clustering_qr DEBUG    Center 9 | nsp: 134 | ntemp: 12
2025-06-08 23:44:48,374 kilosort.clustering_qr DEBUG     
2025-06-08 23:44:48,374 kilosort.clustering_qr DEBUG    Cluster center: 10 of 12
2025-06-08 23:44:48,374 kilosort.clustering_qr DEBUG    ********************************************************
2025-06-08 23:44:48,375 kilosort.clustering_qr DEBUG    CPU usage:    42.90 %
2025-06-08 23:44:48,375 kilosort.clustering_qr DEBUG    Memory:        4.85 %     |     36.62   /   754.60 GB
2025-06-08 23:44:48,375 kilosort.clustering_qr DEBUG    ------------------------------------------------------
2025-06-08 23:44:48,375 kilosort.clustering_qr DEBUG    GPU usage:    `conda install pynvml` for GPU usage
2025-06-08 23:44:48,375 kilosort.clustering_qr DEBUG    GPU memory:    2.56 %     |      1.01   /    39.50 GB
2025-06-08 23:44:48,375 kilosort.clustering_qr DEBUG    Allocated:     0.02 %     |      0.01   /    39.50 GB
2025-06-08 23:44:48,375 kilosort.clustering_qr DEBUG    Max alloc:     0.75 %     |      0.30   /    39.50 GB
2025-06-08 23:44:48,375 kilosort.clustering_qr DEBUG    ********************************************************
2025-06-08 23:44:48,377 kilosort.clustering_qr DEBUG    Center 10 | nsp: 34 | ntemp: 12
2025-06-08 23:44:48,378 kilosort.clustering_qr DEBUG    Center 11 | nsp: 30 | ntemp: 3
2025-06-08 23:44:48,392 kilosort.run_kilosort INFO     12 clusters found, in  0.05s; total  0.80s
2025-06-08 23:44:48,393 kilosort.run_kilosort DEBUG    clu shape: (1612,)
2025-06-08 23:44:48,393 kilosort.run_kilosort DEBUG    Wall shape: torch.Size([12, 32, 6])
2025-06-08 23:44:48,393 kilosort.run_kilosort INFO      
2025-06-08 23:44:48,393 kilosort.run_kilosort INFO     Extracting spikes using cluster waveforms
2025-06-08 23:44:48,394 kilosort.run_kilosort INFO     ----------------------------------------
2025-06-08 23:44:48,410 kilosort.template_matching DEBUG     
2025-06-08 23:44:48,411 kilosort.template_matching DEBUG    Batch 0
2025-06-08 23:44:48,411 kilosort.template_matching DEBUG    ********************************************************
2025-06-08 23:44:48,411 kilosort.template_matching DEBUG    CPU usage:    29.50 %
2025-06-08 23:44:48,411 kilosort.template_matching DEBUG    Memory:        4.88 %     |     36.84   /   754.60 GB
2025-06-08 23:44:48,411 kilosort.template_matching DEBUG    ------------------------------------------------------
2025-06-08 23:44:48,411 kilosort.template_matching DEBUG    GPU usage:    `conda install pynvml` for GPU usage
2025-06-08 23:44:48,411 kilosort.template_matching DEBUG    GPU memory:    2.56 %     |      1.01   /    39.50 GB
2025-06-08 23:44:48,411 kilosort.template_matching DEBUG    Allocated:     0.02 %     |      0.01   /    39.50 GB
2025-06-08 23:44:48,412 kilosort.template_matching DEBUG    Max alloc:     0.75 %     |      0.30   /    39.50 GB
2025-06-08 23:44:48,412 kilosort.template_matching DEBUG    ********************************************************
2025-06-08 23:44:48,548 kilosort.template_matching DEBUG     
2025-06-08 23:44:48,549 kilosort.template_matching DEBUG    Batch 7
2025-06-08 23:44:48,549 kilosort.template_matching DEBUG    ********************************************************
2025-06-08 23:44:48,549 kilosort.template_matching DEBUG    CPU usage:    19.50 %
2025-06-08 23:44:48,549 kilosort.template_matching DEBUG    Memory:        4.88 %     |     36.84   /   754.60 GB
2025-06-08 23:44:48,549 kilosort.template_matching DEBUG    ------------------------------------------------------
2025-06-08 23:44:48,549 kilosort.template_matching DEBUG    GPU usage:    `conda install pynvml` for GPU usage
2025-06-08 23:44:48,549 kilosort.template_matching DEBUG    GPU memory:    2.56 %     |      1.01   /    39.50 GB
2025-06-08 23:44:48,549 kilosort.template_matching DEBUG    Allocated:     0.06 %     |      0.02   /    39.50 GB
2025-06-08 23:44:48,550 kilosort.template_matching DEBUG    Max alloc:     0.75 %     |      0.30   /    39.50 GB
2025-06-08 23:44:48,550 kilosort.template_matching DEBUG    ********************************************************
2025-06-08 23:44:48,551 kilosort.run_kilosort INFO     2353 spikes extracted in  0.16s; total  0.95s
2025-06-08 23:44:48,555 kilosort.run_kilosort DEBUG    st shape: (2353, 3)
2025-06-08 23:44:48,555 kilosort.run_kilosort DEBUG    tF shape: torch.Size([2353, 10, 6])
2025-06-08 23:44:48,555 kilosort.run_kilosort DEBUG    iCC shape: torch.Size([10, 32])
2025-06-08 23:44:48,555 kilosort.run_kilosort DEBUG    iU shape: torch.Size([12])
2025-06-08 23:44:48,555 kilosort.run_kilosort INFO      
2025-06-08 23:44:48,555 kilosort.run_kilosort INFO     Resource usage after spike detection
2025-06-08 23:44:48,555 kilosort.run_kilosort INFO     ********************************************************
2025-06-08 23:44:48,556 kilosort.run_kilosort INFO     CPU usage:    36.00 %
2025-06-08 23:44:48,556 kilosort.run_kilosort INFO     Memory:        4.85 %     |     36.61   /   754.60 GB
2025-06-08 23:44:48,557 kilosort.run_kilosort INFO     ------------------------------------------------------
2025-06-08 23:44:48,557 kilosort.run_kilosort INFO     GPU usage:    `conda install pynvml` for GPU usage
2025-06-08 23:44:48,558 kilosort.run_kilosort INFO     GPU memory:    2.56 %     |      1.01   /    39.50 GB
2025-06-08 23:44:48,558 kilosort.run_kilosort INFO     Allocated:     0.02 %     |      0.01   /    39.50 GB
2025-06-08 23:44:48,559 kilosort.run_kilosort INFO     Max alloc:     0.75 %     |      0.30   /    39.50 GB
2025-06-08 23:44:48,559 kilosort.run_kilosort INFO     ********************************************************
2025-06-08 23:44:48,559 kilosort.run_kilosort DEBUG    

|===========================================================================|
|                  PyTorch CUDA memory summary, device ID 0                 |
|---------------------------------------------------------------------------|
|            CUDA OOMs: 0            |        cudaMalloc retries: 0         |
|===========================================================================|
|        Metric         | Cur Usage  | Peak Usage | Tot Alloc  | Tot Freed  |
|---------------------------------------------------------------------------|
| Allocated memory      |   8880 KiB | 309982 KiB |  15138 GiB |  15138 GiB |
|---------------------------------------------------------------------------|
| Active memory         |   8880 KiB | 309982 KiB |  15138 GiB |  15138 GiB |
|---------------------------------------------------------------------------|
| Requested memory      |   8876 KiB | 309896 KiB |  14973 GiB |  14973 GiB |
|---------------------------------------------------------------------------|
| GPU reserved memory   | 481280 KiB | 481280 KiB | 481280 KiB |      0 B   |
|---------------------------------------------------------------------------|
| Non-releasable memory |  13648 KiB | 184425 KiB |   8186 GiB |   8186 GiB |
|---------------------------------------------------------------------------|
| Allocations           |      24    |      56    |    3237 K  |    3237 K  |
|---------------------------------------------------------------------------|
| Active allocs         |      24    |      56    |    3237 K  |    3237 K  |
|---------------------------------------------------------------------------|
| GPU reserved segments |      15    |      15    |      15    |       0    |
|---------------------------------------------------------------------------|
| Non-releasable allocs |      11    |      26    |    1314 K  |    1314 K  |
|---------------------------------------------------------------------------|
| Oversize allocations  |       0    |       0    |       0    |       0    |
|---------------------------------------------------------------------------|
| Oversize GPU segments |       0    |       0    |       0    |       0    |
|===========================================================================|


2025-06-08 23:44:48,560 kilosort.run_kilosort INFO      
2025-06-08 23:44:48,560 kilosort.run_kilosort INFO     Final clustering
2025-06-08 23:44:48,560 kilosort.run_kilosort INFO     ----------------------------------------
2025-06-08 23:44:48,570 kilosort.clustering_qr DEBUG     
2025-06-08 23:44:48,570 kilosort.clustering_qr DEBUG    Cluster center: 0 of 12
2025-06-08 23:44:48,570 kilosort.clustering_qr DEBUG    ********************************************************
2025-06-08 23:44:48,570 kilosort.clustering_qr DEBUG    CPU usage:    26.90 %
2025-06-08 23:44:48,571 kilosort.clustering_qr DEBUG    Memory:        4.85 %     |     36.61   /   754.60 GB
2025-06-08 23:44:48,571 kilosort.clustering_qr DEBUG    ------------------------------------------------------
2025-06-08 23:44:48,571 kilosort.clustering_qr DEBUG    GPU usage:    `conda install pynvml` for GPU usage
2025-06-08 23:44:48,571 kilosort.clustering_qr DEBUG    GPU memory:    2.56 %     |      1.01   /    39.50 GB
2025-06-08 23:44:48,571 kilosort.clustering_qr DEBUG    Allocated:     0.02 %     |      0.01   /    39.50 GB
2025-06-08 23:44:48,571 kilosort.clustering_qr DEBUG    Max alloc:     0.75 %     |      0.30   /    39.50 GB
2025-06-08 23:44:48,571 kilosort.clustering_qr DEBUG    ********************************************************
2025-06-08 23:44:48,572 kilosort.clustering_qr DEBUG    Center 0 | nsp: 168 | ntemp: 1
2025-06-08 23:44:48,573 kilosort.clustering_qr DEBUG    Center 1 | nsp: 172 | ntemp: 1
2025-06-08 23:44:48,574 kilosort.clustering_qr DEBUG    Center 2 | nsp: 139 | ntemp: 1
2025-06-08 23:44:48,575 kilosort.clustering_qr DEBUG    Center 3 | nsp: 316 | ntemp: 1
2025-06-08 23:44:48,576 kilosort.clustering_qr DEBUG    Center 4 | nsp: 141 | ntemp: 1
2025-06-08 23:44:48,577 kilosort.clustering_qr DEBUG    Center 5 | nsp: 202 | ntemp: 1
2025-06-08 23:44:48,578 kilosort.clustering_qr DEBUG    Center 6 | nsp: 181 | ntemp: 1
2025-06-08 23:44:48,579 kilosort.clustering_qr DEBUG    Center 7 | nsp: 400 | ntemp: 1
2025-06-08 23:44:48,580 kilosort.clustering_qr DEBUG    Center 8 | nsp: 201 | ntemp: 1
2025-06-08 23:44:48,581 kilosort.clustering_qr DEBUG    Center 9 | nsp: 222 | ntemp: 1
2025-06-08 23:44:48,581 kilosort.clustering_qr DEBUG     
2025-06-08 23:44:48,581 kilosort.clustering_qr DEBUG    Cluster center: 10 of 12
2025-06-08 23:44:48,581 kilosort.clustering_qr DEBUG    ********************************************************
2025-06-08 23:44:48,581 kilosort.clustering_qr DEBUG    CPU usage:    43.90 %
2025-06-08 23:44:48,582 kilosort.clustering_qr DEBUG    Memory:        4.85 %     |     36.61   /   754.60 GB
2025-06-08 23:44:48,582 kilosort.clustering_qr DEBUG    ------------------------------------------------------
2025-06-08 23:44:48,582 kilosort.clustering_qr DEBUG    GPU usage:    `conda install pynvml` for GPU usage
2025-06-08 23:44:48,582 kilosort.clustering_qr DEBUG    GPU memory:    2.56 %     |      1.01   /    39.50 GB
2025-06-08 23:44:48,582 kilosort.clustering_qr DEBUG    Allocated:     0.02 %     |      0.01   /    39.50 GB
2025-06-08 23:44:48,582 kilosort.clustering_qr DEBUG    Max alloc:     0.75 %     |      0.30   /    39.50 GB
2025-06-08 23:44:48,582 kilosort.clustering_qr DEBUG    ********************************************************
2025-06-08 23:44:48,582 kilosort.clustering_qr DEBUG    Center 10 | nsp: 0 | ntemp: 0
2025-06-08 23:44:48,583 kilosort.clustering_qr DEBUG    Center 11 | nsp: 211 | ntemp: 2
2025-06-08 23:44:48,589 kilosort.run_kilosort INFO     11 clusters found, in  0.03s; total  0.99s
2025-06-08 23:44:48,589 kilosort.run_kilosort DEBUG    clu shape: (2353,)
2025-06-08 23:44:48,589 kilosort.run_kilosort DEBUG    Wall shape: torch.Size([11, 32, 6])
2025-06-08 23:44:48,589 kilosort.run_kilosort INFO      
2025-06-08 23:44:48,589 kilosort.run_kilosort INFO     Merging clusters
2025-06-08 23:44:48,590 kilosort.run_kilosort INFO     ----------------------------------------
2025-06-08 23:44:48,595 kilosort.run_kilosort INFO     11 units found, in  0.01s; total  1.00s
2025-06-08 23:44:48,595 kilosort.run_kilosort DEBUG    clu shape: (2353,)
2025-06-08 23:44:48,595 kilosort.run_kilosort DEBUG    Wall shape: torch.Size([11, 32, 6])
2025-06-08 23:44:48,595 kilosort.run_kilosort INFO      
2025-06-08 23:44:48,596 kilosort.run_kilosort INFO     Resource usage after clustering
2025-06-08 23:44:48,596 kilosort.run_kilosort INFO     ********************************************************
2025-06-08 23:44:48,597 kilosort.run_kilosort INFO     CPU usage:    29.60 %
2025-06-08 23:44:48,597 kilosort.run_kilosort INFO     Memory:        4.85 %     |     36.62   /   754.60 GB
2025-06-08 23:44:48,597 kilosort.run_kilosort INFO     ------------------------------------------------------
2025-06-08 23:44:48,598 kilosort.run_kilosort INFO     GPU usage:    `conda install pynvml` for GPU usage
2025-06-08 23:44:48,598 kilosort.run_kilosort INFO     GPU memory:    2.56 %     |      1.01   /    39.50 GB
2025-06-08 23:44:48,599 kilosort.run_kilosort INFO     Allocated:     0.02 %     |      0.01   /    39.50 GB
2025-06-08 23:44:48,600 kilosort.run_kilosort INFO     Max alloc:     0.75 %     |      0.30   /    39.50 GB
2025-06-08 23:44:48,600 kilosort.run_kilosort INFO     ********************************************************
2025-06-08 23:44:48,601 kilosort.run_kilosort DEBUG    

|===========================================================================|
|                  PyTorch CUDA memory summary, device ID 0                 |
|---------------------------------------------------------------------------|
|            CUDA OOMs: 0            |        cudaMalloc retries: 0         |
|===========================================================================|
|        Metric         | Cur Usage  | Peak Usage | Tot Alloc  | Tot Freed  |
|---------------------------------------------------------------------------|
| Allocated memory      |   8871 KiB | 309982 KiB |  15138 GiB |  15138 GiB |
|---------------------------------------------------------------------------|
| Active memory         |   8871 KiB | 309982 KiB |  15138 GiB |  15138 GiB |
|---------------------------------------------------------------------------|
| Requested memory      |   8867 KiB | 309896 KiB |  14973 GiB |  14973 GiB |
|---------------------------------------------------------------------------|
| GPU reserved memory   | 481280 KiB | 481280 KiB | 481280 KiB |      0 B   |
|---------------------------------------------------------------------------|
| Non-releasable memory |  13657 KiB | 184425 KiB |   8186 GiB |   8186 GiB |
|---------------------------------------------------------------------------|
| Allocations           |      23    |      56    |    3237 K  |    3237 K  |
|---------------------------------------------------------------------------|
| Active allocs         |      23    |      56    |    3237 K  |    3237 K  |
|---------------------------------------------------------------------------|
| GPU reserved segments |      15    |      15    |      15    |       0    |
|---------------------------------------------------------------------------|
| Non-releasable allocs |      11    |      26    |    1314 K  |    1314 K  |
|---------------------------------------------------------------------------|
| Oversize allocations  |       0    |       0    |       0    |       0    |
|---------------------------------------------------------------------------|
| Oversize GPU segments |       0    |       0    |       0    |       0    |
|===========================================================================|


2025-06-08 23:44:48,601 kilosort.run_kilosort INFO      
2025-06-08 23:44:48,601 kilosort.run_kilosort INFO     Saving to phy and computing refractory periods
2025-06-08 23:44:48,602 kilosort.run_kilosort INFO     ----------------------------------------
2025-06-08 23:44:48,706 kilosort.run_kilosort INFO     2 units found with good refractory periods
2025-06-08 23:44:48,707 kilosort.run_kilosort INFO     Total runtime: 1.11s = 00:00:1 h:m:s
2025-06-08 23:44:48,712 kilosort.run_kilosort INFO     Sorting output saved in: /home/lss72/palmer_scratch/spike_sort/kilosort4.
2025-06-08 23:44:48,713 kilosort.run_kilosort INFO      
2025-06-08 23:44:48,713 kilosort.run_kilosort INFO     Resource usage after saving
2025-06-08 23:44:48,713 kilosort.run_kilosort INFO     ********************************************************
2025-06-08 23:44:48,714 kilosort.run_kilosort INFO     CPU usage:    23.90 %
2025-06-08 23:44:48,714 kilosort.run_kilosort INFO     Memory:        4.86 %     |     36.66   /   754.60 GB
2025-06-08 23:44:48,715 kilosort.run_kilosort INFO     ------------------------------------------------------
2025-06-08 23:44:48,715 kilosort.run_kilosort INFO     GPU usage:    `conda install pynvml` for GPU usage
2025-06-08 23:44:48,716 kilosort.run_kilosort INFO     GPU memory:    2.56 %     |      1.01   /    39.50 GB
2025-06-08 23:44:48,716 kilosort.run_kilosort INFO     Allocated:     0.02 %     |      0.01   /    39.50 GB
2025-06-08 23:44:48,717 kilosort.run_kilosort INFO     Max alloc:     0.75 %     |      0.30   /    39.50 GB
2025-06-08 23:44:48,717 kilosort.run_kilosort INFO     ********************************************************
2025-06-08 23:44:48,718 kilosort.run_kilosort DEBUG    

|===========================================================================|
|                  PyTorch CUDA memory summary, device ID 0                 |
|---------------------------------------------------------------------------|
|            CUDA OOMs: 0            |        cudaMalloc retries: 0         |
|===========================================================================|
|        Metric         | Cur Usage  | Peak Usage | Tot Alloc  | Tot Freed  |
|---------------------------------------------------------------------------|
| Allocated memory      |   8871 KiB | 309982 KiB |  15138 GiB |  15138 GiB |
|---------------------------------------------------------------------------|
| Active memory         |   8871 KiB | 309982 KiB |  15138 GiB |  15138 GiB |
|---------------------------------------------------------------------------|
| Requested memory      |   8867 KiB | 309896 KiB |  14973 GiB |  14973 GiB |
|---------------------------------------------------------------------------|
| GPU reserved memory   | 481280 KiB | 481280 KiB | 481280 KiB |      0 B   |
|---------------------------------------------------------------------------|
| Non-releasable memory |  13657 KiB | 184425 KiB |   8186 GiB |   8186 GiB |
|---------------------------------------------------------------------------|
| Allocations           |      23    |      56    |    3237 K  |    3237 K  |
|---------------------------------------------------------------------------|
| Active allocs         |      23    |      56    |    3237 K  |    3237 K  |
|---------------------------------------------------------------------------|
| GPU reserved segments |      15    |      15    |      15    |       0    |
|---------------------------------------------------------------------------|
| Non-releasable allocs |      11    |      26    |    1314 K  |    1314 K  |
|---------------------------------------------------------------------------|
| Oversize allocations  |       0    |       0    |       0    |       0    |
|---------------------------------------------------------------------------|
| Oversize GPU segments |       0    |       0    |       0    |       0    |
|===========================================================================|


