2025-06-09 01:46:57,082 kilosort.run_kilosort INFO     Kilosort version 4.0.25
2025-06-09 01:46:57,085 kilosort.run_kilosort INFO     Python version 3.9.21
2025-06-09 01:46:57,085 kilosort.run_kilosort INFO     ----------------------------------------
2025-06-09 01:46:57,085 kilosort.run_kilosort INFO     System information:
2025-06-09 01:46:57,086 kilosort.run_kilosort INFO     Linux-4.18.0-477.74.1.el8_8.x86_64-x86_64-with-glibc2.28 x86_64
2025-06-09 01:46:57,086 kilosort.run_kilosort INFO     x86_64
2025-06-09 01:46:57,086 kilosort.run_kilosort INFO     Using GPU for PyTorch computations. Specify `device` to change this.
2025-06-09 01:46:57,087 kilosort.run_kilosort INFO     Using CUDA device: NVIDIA A100-PCIE-40GB 39.50GB
2025-06-09 01:46:57,087 kilosort.run_kilosort INFO     ----------------------------------------
2025-06-09 01:46:57,087 kilosort.run_kilosort INFO     Sorting /home/lss72/palmer_scratch/spike_sort/2014_11_25_Pair_3_0
2025-06-09 01:46:57,088 kilosort.run_kilosort DEBUG    Initial ops:

ops = {
    'n_chan_bin': 32,
    'fs': 30000,
    'batch_size': 60000,
    'nblocks': 1,
    'Th_universal': 9,
    'Th_learned': 8,
    'tmin': 0,
    'tmax': 300,
    'nt': 61,
    'shift': None,
    'scale': None,
    'artifact_threshold': inf,
    'nskip': 25,
    'whitening_range': 32,
    'highpass_cutoff': 300,
    'binning_depth': 5,
    'sig_interp': 20,
    'drift_smoothing': [0.5, 0.5, 0.5],
    'nt0min': 20,
    'dmin': None,
    'dminx': 32,
    'min_template_size': 10,
    'template_sizes': 5,
    'nearest_chans': 10,
    'nearest_templates': 100,
    'max_channel_distance': 32,
    'max_peels': 100,
    'templates_from_data': True,
    'n_templates': 6,
    'n_pcs': 6,
    'Th_single_ch': 6,
    'acg_threshold': 0.2,
    'ccg_threshold': 0.25,
    'cluster_downsampling': 20,
    'x_centers': None,
    'duplicate_spike_ms': 0.25,
    'position_limit': 100,
    'data_dir': PosixPath('/home/lss72/palmer_scratch/spike_sort'),
    'filename': PosixPath('/home/lss72/palmer_scratch/spike_sort/2014_11_25_Pair_3_0'),
    'data_dtype': dtype('uint16'),
    'do_CAR': True,
    'invert_sign': False,
    'NTbuff': 60122,
    'Nchan': 32,
    'duplicate_spike_bins': 7,
    'torch_device': 'cuda',
    'save_preprocessed_copy': False
}

2025-06-09 01:46:57,090 kilosort.run_kilosort DEBUG    Probe dictionary:

probe = {
    'chanMap': np.array([ 0,  1,  2,  3,  4,  5,  6,  7,  8,  9, 10, 11, 12, 13, 14, 15, 16,
       17, 18, 19, 20, 21, 22, 23, 24, 25, 26, 27, 28, 29, 30, 31]),
    'xc': np.array([  0.,   0.,  18.,  18.,  18.,  18.,  18.,  18.,   0.,   0.,  18.,
        18.,  18.,  18.,   0.,   0.,   0.,   0., -18., -18., -18., -18.,
         0.,   0., -18., -18., -18., -18., -18., -18.,   0.,   0.],
      dtype=np.float32),
    'yc': np.array([275. , 225. ,  12.5,  37.5,  87.5, 137.5, 187.5, 237.5,  75. ,
        25. , 212.5, 162.5, 112.5,  62.5, 125. , 175. , 150. , 100. ,
        62.5, 112.5, 162.5, 212.5,   0. ,  50. , 237.5, 187.5, 137.5,
        87.5,  37.5,  12.5, 200. , 250. ], dtype=np.float32),
    'kcoords': np.array([0., 0., 0., 0., 0., 0., 0., 0., 0., 0., 0., 0., 0., 0., 0., 0., 0.,
       0., 0., 0., 0., 0., 0., 0., 0., 0., 0., 0., 0., 0., 0., 0.]),
    'n_chan': 32
}

2025-06-09 01:46:57,090 kilosort.run_kilosort INFO      
2025-06-09 01:46:57,091 kilosort.run_kilosort INFO     Computing preprocessing variables.
2025-06-09 01:46:57,091 kilosort.run_kilosort INFO     ----------------------------------------
2025-06-09 01:46:57,093 kilosort.run_kilosort INFO     N samples: 9000000
2025-06-09 01:46:57,093 kilosort.run_kilosort INFO     N seconds: 300.0
2025-06-09 01:46:57,094 kilosort.run_kilosort INFO     N batches: 150
2025-06-09 01:46:57,153 kilosort.run_kilosort INFO     Preprocessing filters computed in  0.06s; total  0.07s
2025-06-09 01:46:57,154 kilosort.run_kilosort DEBUG    hp_filter shape: torch.Size([30122])
2025-06-09 01:46:57,154 kilosort.run_kilosort DEBUG    whiten_mat shape: torch.Size([32, 32])
2025-06-09 01:46:57,154 kilosort.run_kilosort INFO      
2025-06-09 01:46:57,154 kilosort.run_kilosort INFO     Resource usage after preprocessing
2025-06-09 01:46:57,154 kilosort.run_kilosort INFO     ********************************************************
2025-06-09 01:46:57,155 kilosort.run_kilosort INFO     CPU usage:    30.40 %
2025-06-09 01:46:57,156 kilosort.run_kilosort INFO     Memory:        5.62 %     |     42.44   /   754.60 GB
2025-06-09 01:46:57,156 kilosort.run_kilosort INFO     ------------------------------------------------------
2025-06-09 01:46:57,156 kilosort.run_kilosort INFO     GPU usage:    `conda install pynvml` for GPU usage
2025-06-09 01:46:57,157 kilosort.run_kilosort INFO     GPU memory:   17.43 %     |      6.89   /    39.50 GB
2025-06-09 01:46:57,157 kilosort.run_kilosort INFO     Allocated:     0.02 %     |      0.01   /    39.50 GB
2025-06-09 01:46:57,158 kilosort.run_kilosort INFO     Max alloc:     0.75 %     |      0.30   /    39.50 GB
2025-06-09 01:46:57,158 kilosort.run_kilosort INFO     ********************************************************
2025-06-09 01:46:57,159 kilosort.run_kilosort INFO      
2025-06-09 01:46:57,159 kilosort.run_kilosort INFO     Computing drift correction.
2025-06-09 01:46:57,160 kilosort.run_kilosort INFO     ----------------------------------------
2025-06-09 01:46:57,160 kilosort.spikedetect INFO     Re-computing universal templates from data.
2025-06-09 01:46:57,335 kilosort.spikedetect INFO     Number of universal templates: 135
2025-06-09 01:46:57,338 kilosort.spikedetect INFO     Detecting spikes...
2025-06-09 01:46:57,339 kilosort.spikedetect DEBUG     
2025-06-09 01:46:57,339 kilosort.spikedetect DEBUG    Batch 0
2025-06-09 01:46:57,339 kilosort.spikedetect DEBUG    ********************************************************
2025-06-09 01:46:57,340 kilosort.spikedetect DEBUG    CPU usage:    51.50 %
2025-06-09 01:46:57,340 kilosort.spikedetect DEBUG    Memory:        5.63 %     |     42.51   /   754.60 GB
2025-06-09 01:46:57,340 kilosort.spikedetect DEBUG    ------------------------------------------------------
2025-06-09 01:46:57,340 kilosort.spikedetect DEBUG    GPU usage:    `conda install pynvml` for GPU usage
2025-06-09 01:46:57,340 kilosort.spikedetect DEBUG    GPU memory:   17.43 %     |      6.89   /    39.50 GB
2025-06-09 01:46:57,340 kilosort.spikedetect DEBUG    Allocated:     0.02 %     |      0.01   /    39.50 GB
2025-06-09 01:46:57,340 kilosort.spikedetect DEBUG    Max alloc:     0.75 %     |      0.30   /    39.50 GB
2025-06-09 01:46:57,340 kilosort.spikedetect DEBUG    ********************************************************
2025-06-09 01:47:01,995 kilosort.spikedetect DEBUG     
2025-06-09 01:47:01,996 kilosort.spikedetect DEBUG    Batch 149
2025-06-09 01:47:01,996 kilosort.spikedetect DEBUG    ********************************************************
2025-06-09 01:47:01,996 kilosort.spikedetect DEBUG    CPU usage:    36.20 %
2025-06-09 01:47:01,996 kilosort.spikedetect DEBUG    Memory:        5.65 %     |     42.64   /   754.60 GB
2025-06-09 01:47:01,996 kilosort.spikedetect DEBUG    ------------------------------------------------------
2025-06-09 01:47:01,996 kilosort.spikedetect DEBUG    GPU usage:    `conda install pynvml` for GPU usage
2025-06-09 01:47:01,996 kilosort.spikedetect DEBUG    GPU memory:   17.43 %     |      6.89   /    39.50 GB
2025-06-09 01:47:01,997 kilosort.spikedetect DEBUG    Allocated:     0.04 %     |      0.02   /    39.50 GB
2025-06-09 01:47:01,997 kilosort.spikedetect DEBUG    Max alloc:     0.75 %     |      0.30   /    39.50 GB
2025-06-09 01:47:01,997 kilosort.spikedetect DEBUG    ********************************************************
2025-06-09 01:47:02,093 kilosort.run_kilosort INFO     drift computed in  4.93s; total  5.01s
2025-06-09 01:47:02,097 kilosort.run_kilosort DEBUG    st shape: (33852, 6)
2025-06-09 01:47:02,097 kilosort.run_kilosort DEBUG    yblk shape: (1,)
2025-06-09 01:47:02,097 kilosort.run_kilosort DEBUG    dshift shape: (150, 1)
2025-06-09 01:47:02,097 kilosort.run_kilosort DEBUG    iKxx shape: torch.Size([32, 32])
2025-06-09 01:47:02,097 kilosort.run_kilosort INFO      
2025-06-09 01:47:02,098 kilosort.run_kilosort INFO     Resource usage after drift correction
2025-06-09 01:47:02,098 kilosort.run_kilosort INFO     ********************************************************
2025-06-09 01:47:02,099 kilosort.run_kilosort INFO     CPU usage:    37.60 %
2025-06-09 01:47:02,100 kilosort.run_kilosort INFO     Memory:        5.65 %     |     42.66   /   754.60 GB
2025-06-09 01:47:02,100 kilosort.run_kilosort INFO     ------------------------------------------------------
2025-06-09 01:47:02,100 kilosort.run_kilosort INFO     GPU usage:    `conda install pynvml` for GPU usage
2025-06-09 01:47:02,101 kilosort.run_kilosort INFO     GPU memory:   17.43 %     |      6.89   /    39.50 GB
2025-06-09 01:47:02,101 kilosort.run_kilosort INFO     Allocated:     0.02 %     |      0.01   /    39.50 GB
2025-06-09 01:47:02,102 kilosort.run_kilosort INFO     Max alloc:     0.75 %     |      0.30   /    39.50 GB
2025-06-09 01:47:02,102 kilosort.run_kilosort INFO     ********************************************************
2025-06-09 01:47:02,102 kilosort.run_kilosort DEBUG    

|===========================================================================|
|                  PyTorch CUDA memory summary, device ID 0                 |
|---------------------------------------------------------------------------|
|            CUDA OOMs: 0            |        cudaMalloc retries: 0         |
|===========================================================================|
|        Metric         | Cur Usage  | Peak Usage | Tot Alloc  | Tot Freed  |
|---------------------------------------------------------------------------|
| Allocated memory      |   9143 KiB | 310173 KiB |  27852 GiB |  27852 GiB |
|---------------------------------------------------------------------------|
| Active memory         |   9143 KiB | 310173 KiB |  27852 GiB |  27852 GiB |
|---------------------------------------------------------------------------|
| Requested memory      |   9138 KiB | 310087 KiB |  27545 GiB |  27545 GiB |
|---------------------------------------------------------------------------|
| GPU reserved memory   | 481280 KiB | 481280 KiB | 481280 KiB |      0 B   |
|---------------------------------------------------------------------------|
| Non-releasable memory |  13385 KiB | 184425 KiB |  15112 GiB |  15112 GiB |
|---------------------------------------------------------------------------|
| Allocations           |      31    |      59    |    5727 K  |    5727 K  |
|---------------------------------------------------------------------------|
| Active allocs         |      31    |      59    |    5727 K  |    5727 K  |
|---------------------------------------------------------------------------|
| GPU reserved segments |      15    |      15    |      15    |       0    |
|---------------------------------------------------------------------------|
| Non-releasable allocs |      10    |      27    |    2302 K  |    2302 K  |
|---------------------------------------------------------------------------|
| Oversize allocations  |       0    |       0    |       0    |       0    |
|---------------------------------------------------------------------------|
| Oversize GPU segments |       0    |       0    |       0    |       0    |
|===========================================================================|


2025-06-09 01:47:02,111 kilosort.run_kilosort DEBUG    First batch min, max: (-16.67661, 9.8565855)
2025-06-09 01:47:02,111 kilosort.run_kilosort INFO      
2025-06-09 01:47:02,111 kilosort.run_kilosort INFO     Extracting spikes using templates
2025-06-09 01:47:02,111 kilosort.run_kilosort INFO     ----------------------------------------
2025-06-09 01:47:02,112 kilosort.spikedetect INFO     Re-computing universal templates from data.
2025-06-09 01:47:02,276 kilosort.spikedetect INFO     Number of universal templates: 135
2025-06-09 01:47:02,279 kilosort.spikedetect INFO     Detecting spikes...
2025-06-09 01:47:02,280 kilosort.spikedetect DEBUG     
2025-06-09 01:47:02,280 kilosort.spikedetect DEBUG    Batch 0
2025-06-09 01:47:02,280 kilosort.spikedetect DEBUG    ********************************************************
2025-06-09 01:47:02,281 kilosort.spikedetect DEBUG    CPU usage:    51.90 %
2025-06-09 01:47:02,281 kilosort.spikedetect DEBUG    Memory:        5.65 %     |     42.62   /   754.60 GB
2025-06-09 01:47:02,281 kilosort.spikedetect DEBUG    ------------------------------------------------------
2025-06-09 01:47:02,281 kilosort.spikedetect DEBUG    GPU usage:    `conda install pynvml` for GPU usage
2025-06-09 01:47:02,281 kilosort.spikedetect DEBUG    GPU memory:   17.43 %     |      6.89   /    39.50 GB
2025-06-09 01:47:02,281 kilosort.spikedetect DEBUG    Allocated:     0.02 %     |      0.01   /    39.50 GB
2025-06-09 01:47:02,281 kilosort.spikedetect DEBUG    Max alloc:     0.75 %     |      0.30   /    39.50 GB
2025-06-09 01:47:02,281 kilosort.spikedetect DEBUG    ********************************************************
2025-06-09 01:47:06,895 kilosort.spikedetect DEBUG     
2025-06-09 01:47:06,895 kilosort.spikedetect DEBUG    Batch 149
2025-06-09 01:47:06,895 kilosort.spikedetect DEBUG    ********************************************************
2025-06-09 01:47:06,895 kilosort.spikedetect DEBUG    CPU usage:    36.20 %
2025-06-09 01:47:06,895 kilosort.spikedetect DEBUG    Memory:        5.66 %     |     42.71   /   754.60 GB
2025-06-09 01:47:06,895 kilosort.spikedetect DEBUG    ------------------------------------------------------
2025-06-09 01:47:06,896 kilosort.spikedetect DEBUG    GPU usage:    `conda install pynvml` for GPU usage
2025-06-09 01:47:06,896 kilosort.spikedetect DEBUG    GPU memory:   17.43 %     |      6.89   /    39.50 GB
2025-06-09 01:47:06,896 kilosort.spikedetect DEBUG    Allocated:     0.04 %     |      0.02   /    39.50 GB
2025-06-09 01:47:06,896 kilosort.spikedetect DEBUG    Max alloc:     0.75 %     |      0.30   /    39.50 GB
2025-06-09 01:47:06,896 kilosort.spikedetect DEBUG    ********************************************************
2025-06-09 01:47:06,896 kilosort.run_kilosort INFO     33795 spikes extracted in  4.79s; total  9.81s
2025-06-09 01:47:06,897 kilosort.run_kilosort DEBUG    st0 shape: (33795, 6)
2025-06-09 01:47:06,897 kilosort.run_kilosort DEBUG    tF shape: torch.Size([33795, 10, 6])
2025-06-09 01:47:06,897 kilosort.run_kilosort INFO      
2025-06-09 01:47:06,897 kilosort.run_kilosort INFO     First clustering
2025-06-09 01:47:06,897 kilosort.run_kilosort INFO     ----------------------------------------
2025-06-09 01:47:06,907 kilosort.clustering_qr DEBUG     
2025-06-09 01:47:06,907 kilosort.clustering_qr DEBUG    Cluster center: 0 of 12
2025-06-09 01:47:06,908 kilosort.clustering_qr DEBUG    ********************************************************
2025-06-09 01:47:06,908 kilosort.clustering_qr DEBUG    CPU usage:    42.90 %
2025-06-09 01:47:06,908 kilosort.clustering_qr DEBUG    Memory:        5.66 %     |     42.72   /   754.60 GB
2025-06-09 01:47:06,908 kilosort.clustering_qr DEBUG    ------------------------------------------------------
2025-06-09 01:47:06,908 kilosort.clustering_qr DEBUG    GPU usage:    `conda install pynvml` for GPU usage
2025-06-09 01:47:06,908 kilosort.clustering_qr DEBUG    GPU memory:   17.43 %     |      6.89   /    39.50 GB
2025-06-09 01:47:06,908 kilosort.clustering_qr DEBUG    Allocated:     0.02 %     |      0.01   /    39.50 GB
2025-06-09 01:47:06,908 kilosort.clustering_qr DEBUG    Max alloc:     0.75 %     |      0.30   /    39.50 GB
2025-06-09 01:47:06,908 kilosort.clustering_qr DEBUG    ********************************************************
2025-06-09 01:47:06,912 kilosort.clustering_qr DEBUG    Center 0 | nsp: 5694 | ntemp: 12
2025-06-09 01:47:07,321 kilosort.clustering_qr DEBUG    Center 1 | nsp: 2575 | ntemp: 12
2025-06-09 01:47:07,701 kilosort.clustering_qr DEBUG    Center 2 | nsp: 2197 | ntemp: 12
2025-06-09 01:47:08,059 kilosort.clustering_qr DEBUG    Center 3 | nsp: 3212 | ntemp: 12
2025-06-09 01:47:08,431 kilosort.clustering_qr DEBUG    Center 4 | nsp: 523 | ntemp: 12
2025-06-09 01:47:08,435 kilosort.clustering_qr DEBUG    Center 5 | nsp: 4205 | ntemp: 12
2025-06-09 01:47:08,823 kilosort.clustering_qr DEBUG    Center 6 | nsp: 2654 | ntemp: 12
2025-06-09 01:47:09,211 kilosort.clustering_qr DEBUG    Center 7 | nsp: 462 | ntemp: 12
2025-06-09 01:47:09,214 kilosort.clustering_qr DEBUG    Center 8 | nsp: 1750 | ntemp: 12
2025-06-09 01:47:09,470 kilosort.clustering_qr DEBUG    Center 9 | nsp: 3532 | ntemp: 12
2025-06-09 01:47:09,802 kilosort.clustering_qr DEBUG     
2025-06-09 01:47:09,802 kilosort.clustering_qr DEBUG    Cluster center: 10 of 12
2025-06-09 01:47:09,802 kilosort.clustering_qr DEBUG    ********************************************************
2025-06-09 01:47:09,802 kilosort.clustering_qr DEBUG    CPU usage:    43.90 %
2025-06-09 01:47:09,802 kilosort.clustering_qr DEBUG    Memory:        5.67 %     |     42.80   /   754.60 GB
2025-06-09 01:47:09,803 kilosort.clustering_qr DEBUG    ------------------------------------------------------
2025-06-09 01:47:09,803 kilosort.clustering_qr DEBUG    GPU usage:    `conda install pynvml` for GPU usage
2025-06-09 01:47:09,803 kilosort.clustering_qr DEBUG    GPU memory:   17.43 %     |      6.89   /    39.50 GB
2025-06-09 01:47:09,803 kilosort.clustering_qr DEBUG    Allocated:     0.02 %     |      0.01   /    39.50 GB
2025-06-09 01:47:09,803 kilosort.clustering_qr DEBUG    Max alloc:     0.75 %     |      0.30   /    39.50 GB
2025-06-09 01:47:09,803 kilosort.clustering_qr DEBUG    ********************************************************
2025-06-09 01:47:09,842 kilosort.clustering_qr DEBUG    Center 10 | nsp: 5316 | ntemp: 12
2025-06-09 01:47:10,233 kilosort.clustering_qr DEBUG    Center 11 | nsp: 1675 | ntemp: 3
2025-06-09 01:47:10,624 kilosort.run_kilosort INFO     43 clusters found, in  3.73s; total  13.54s
2025-06-09 01:47:10,625 kilosort.run_kilosort DEBUG    clu shape: (33795,)
2025-06-09 01:47:10,625 kilosort.run_kilosort DEBUG    Wall shape: torch.Size([43, 32, 6])
2025-06-09 01:47:10,625 kilosort.run_kilosort INFO      
2025-06-09 01:47:10,625 kilosort.run_kilosort INFO     Extracting spikes using cluster waveforms
2025-06-09 01:47:10,626 kilosort.run_kilosort INFO     ----------------------------------------
2025-06-09 01:47:10,643 kilosort.template_matching DEBUG     
2025-06-09 01:47:10,644 kilosort.template_matching DEBUG    Batch 0
2025-06-09 01:47:10,644 kilosort.template_matching DEBUG    ********************************************************
2025-06-09 01:47:10,644 kilosort.template_matching DEBUG    CPU usage:    45.20 %
2025-06-09 01:47:10,644 kilosort.template_matching DEBUG    Memory:        5.72 %     |     43.17   /   754.60 GB
2025-06-09 01:47:10,644 kilosort.template_matching DEBUG    ------------------------------------------------------
2025-06-09 01:47:10,644 kilosort.template_matching DEBUG    GPU usage:    `conda install pynvml` for GPU usage
2025-06-09 01:47:10,644 kilosort.template_matching DEBUG    GPU memory:   17.43 %     |      6.89   /    39.50 GB
2025-06-09 01:47:10,644 kilosort.template_matching DEBUG    Allocated:     0.02 %     |      0.01   /    39.50 GB
2025-06-09 01:47:10,645 kilosort.template_matching DEBUG    Max alloc:     0.75 %     |      0.30   /    39.50 GB
2025-06-09 01:47:10,645 kilosort.template_matching DEBUG    ********************************************************
2025-06-09 01:47:13,727 kilosort.template_matching DEBUG     
2025-06-09 01:47:13,727 kilosort.template_matching DEBUG    Batch 100
2025-06-09 01:47:13,727 kilosort.template_matching DEBUG    ********************************************************
2025-06-09 01:47:13,727 kilosort.template_matching DEBUG    CPU usage:    34.60 %
2025-06-09 01:47:13,727 kilosort.template_matching DEBUG    Memory:        5.70 %     |     43.05   /   754.60 GB
2025-06-09 01:47:13,727 kilosort.template_matching DEBUG    ------------------------------------------------------
2025-06-09 01:47:13,727 kilosort.template_matching DEBUG    GPU usage:    `conda install pynvml` for GPU usage
2025-06-09 01:47:13,727 kilosort.template_matching DEBUG    GPU memory:   17.43 %     |      6.89   /    39.50 GB
2025-06-09 01:47:13,728 kilosort.template_matching DEBUG    Allocated:     0.06 %     |      0.02   /    39.50 GB
2025-06-09 01:47:13,728 kilosort.template_matching DEBUG    Max alloc:     0.75 %     |      0.30   /    39.50 GB
2025-06-09 01:47:13,728 kilosort.template_matching DEBUG    ********************************************************
2025-06-09 01:47:15,292 kilosort.template_matching DEBUG     
2025-06-09 01:47:15,293 kilosort.template_matching DEBUG    Batch 149
2025-06-09 01:47:15,293 kilosort.template_matching DEBUG    ********************************************************
2025-06-09 01:47:15,293 kilosort.template_matching DEBUG    CPU usage:    37.90 %
2025-06-09 01:47:15,293 kilosort.template_matching DEBUG    Memory:        5.69 %     |     42.94   /   754.60 GB
2025-06-09 01:47:15,293 kilosort.template_matching DEBUG    ------------------------------------------------------
2025-06-09 01:47:15,293 kilosort.template_matching DEBUG    GPU usage:    `conda install pynvml` for GPU usage
2025-06-09 01:47:15,293 kilosort.template_matching DEBUG    GPU memory:   17.43 %     |      6.89   /    39.50 GB
2025-06-09 01:47:15,293 kilosort.template_matching DEBUG    Allocated:     0.06 %     |      0.02   /    39.50 GB
2025-06-09 01:47:15,294 kilosort.template_matching DEBUG    Max alloc:     0.75 %     |      0.30   /    39.50 GB
2025-06-09 01:47:15,294 kilosort.template_matching DEBUG    ********************************************************
2025-06-09 01:47:15,299 kilosort.run_kilosort INFO     82776 spikes extracted in  4.67s; total  18.21s
2025-06-09 01:47:15,303 kilosort.run_kilosort DEBUG    st shape: (82776, 3)
2025-06-09 01:47:15,303 kilosort.run_kilosort DEBUG    tF shape: torch.Size([82776, 10, 6])
2025-06-09 01:47:15,303 kilosort.run_kilosort DEBUG    iCC shape: torch.Size([10, 32])
2025-06-09 01:47:15,303 kilosort.run_kilosort DEBUG    iU shape: torch.Size([34])
2025-06-09 01:47:15,303 kilosort.run_kilosort INFO      
2025-06-09 01:47:15,304 kilosort.run_kilosort INFO     Resource usage after spike detection
2025-06-09 01:47:15,304 kilosort.run_kilosort INFO     ********************************************************
2025-06-09 01:47:15,305 kilosort.run_kilosort INFO     CPU usage:    47.60 %
2025-06-09 01:47:15,305 kilosort.run_kilosort INFO     Memory:        5.66 %     |     42.72   /   754.60 GB
2025-06-09 01:47:15,306 kilosort.run_kilosort INFO     ------------------------------------------------------
2025-06-09 01:47:15,306 kilosort.run_kilosort INFO     GPU usage:    `conda install pynvml` for GPU usage
2025-06-09 01:47:15,307 kilosort.run_kilosort INFO     GPU memory:   17.43 %     |      6.89   /    39.50 GB
2025-06-09 01:47:15,307 kilosort.run_kilosort INFO     Allocated:     0.02 %     |      0.01   /    39.50 GB
2025-06-09 01:47:15,307 kilosort.run_kilosort INFO     Max alloc:     0.75 %     |      0.30   /    39.50 GB
2025-06-09 01:47:15,308 kilosort.run_kilosort INFO     ********************************************************
2025-06-09 01:47:15,309 kilosort.run_kilosort DEBUG    

|===========================================================================|
|                  PyTorch CUDA memory summary, device ID 0                 |
|---------------------------------------------------------------------------|
|            CUDA OOMs: 0            |        cudaMalloc retries: 0         |
|===========================================================================|
|        Metric         | Cur Usage  | Peak Usage | Tot Alloc  | Tot Freed  |
|---------------------------------------------------------------------------|
| Allocated memory      |   9172 KiB | 310277 KiB |  29170 GiB |  29170 GiB |
|---------------------------------------------------------------------------|
| Active memory         |   9172 KiB | 310277 KiB |  29170 GiB |  29170 GiB |
|---------------------------------------------------------------------------|
| Requested memory      |   9167 KiB | 310188 KiB |  28849 GiB |  28849 GiB |
|---------------------------------------------------------------------------|
| GPU reserved memory   | 481280 KiB | 481280 KiB | 481280 KiB |      0 B   |
|---------------------------------------------------------------------------|
| Non-releasable memory |  13356 KiB | 184425 KiB |  15851 GiB |  15851 GiB |
|---------------------------------------------------------------------------|
| Allocations           |      35    |      67    |    6077 K  |    6077 K  |
|---------------------------------------------------------------------------|
| Active allocs         |      35    |      67    |    6077 K  |    6077 K  |
|---------------------------------------------------------------------------|
| GPU reserved segments |      15    |      15    |      15    |       0    |
|---------------------------------------------------------------------------|
| Non-releasable allocs |      10    |      27    |    2440 K  |    2440 K  |
|---------------------------------------------------------------------------|
| Oversize allocations  |       0    |       0    |       0    |       0    |
|---------------------------------------------------------------------------|
| Oversize GPU segments |       0    |       0    |       0    |       0    |
|===========================================================================|


2025-06-09 01:47:15,309 kilosort.run_kilosort INFO      
2025-06-09 01:47:15,309 kilosort.run_kilosort INFO     Final clustering
2025-06-09 01:47:15,310 kilosort.run_kilosort INFO     ----------------------------------------
2025-06-09 01:47:15,320 kilosort.clustering_qr DEBUG     
2025-06-09 01:47:15,320 kilosort.clustering_qr DEBUG    Cluster center: 0 of 12
2025-06-09 01:47:15,320 kilosort.clustering_qr DEBUG    ********************************************************
2025-06-09 01:47:15,321 kilosort.clustering_qr DEBUG    CPU usage:    42.90 %
2025-06-09 01:47:15,321 kilosort.clustering_qr DEBUG    Memory:        5.66 %     |     42.71   /   754.60 GB
2025-06-09 01:47:15,321 kilosort.clustering_qr DEBUG    ------------------------------------------------------
2025-06-09 01:47:15,321 kilosort.clustering_qr DEBUG    GPU usage:    `conda install pynvml` for GPU usage
2025-06-09 01:47:15,321 kilosort.clustering_qr DEBUG    GPU memory:   17.43 %     |      6.89   /    39.50 GB
2025-06-09 01:47:15,322 kilosort.clustering_qr DEBUG    Allocated:     0.02 %     |      0.01   /    39.50 GB
2025-06-09 01:47:15,322 kilosort.clustering_qr DEBUG    Max alloc:     0.75 %     |      0.30   /    39.50 GB
2025-06-09 01:47:15,322 kilosort.clustering_qr DEBUG    ********************************************************
2025-06-09 01:47:15,327 kilosort.clustering_qr DEBUG    Center 0 | nsp: 19393 | ntemp: 5
2025-06-09 01:47:15,905 kilosort.clustering_qr DEBUG    Center 1 | nsp: 2298 | ntemp: 1
2025-06-09 01:47:16,157 kilosort.clustering_qr DEBUG    Center 2 | nsp: 12511 | ntemp: 7
2025-06-09 01:47:16,483 kilosort.clustering_qr DEBUG    Center 3 | nsp: 895 | ntemp: 1
2025-06-09 01:47:16,485 kilosort.clustering_qr DEBUG    Center 4 | nsp: 1065 | ntemp: 1
2025-06-09 01:47:16,734 kilosort.clustering_qr DEBUG    Center 5 | nsp: 5098 | ntemp: 3
2025-06-09 01:47:17,102 kilosort.clustering_qr DEBUG    Center 6 | nsp: 11995 | ntemp: 5
2025-06-09 01:47:17,501 kilosort.clustering_qr DEBUG    Center 7 | nsp: 0 | ntemp: 0
2025-06-09 01:47:17,503 kilosort.clustering_qr DEBUG    Center 8 | nsp: 7131 | ntemp: 3
2025-06-09 01:47:17,790 kilosort.clustering_qr DEBUG    Center 9 | nsp: 11085 | ntemp: 3
2025-06-09 01:47:18,303 kilosort.clustering_qr DEBUG     
2025-06-09 01:47:18,304 kilosort.clustering_qr DEBUG    Cluster center: 10 of 12
2025-06-09 01:47:18,304 kilosort.clustering_qr DEBUG    ********************************************************
2025-06-09 01:47:18,304 kilosort.clustering_qr DEBUG    CPU usage:    43.80 %
2025-06-09 01:47:18,304 kilosort.clustering_qr DEBUG    Memory:        5.67 %     |     42.79   /   754.60 GB
2025-06-09 01:47:18,304 kilosort.clustering_qr DEBUG    ------------------------------------------------------
2025-06-09 01:47:18,304 kilosort.clustering_qr DEBUG    GPU usage:    `conda install pynvml` for GPU usage
2025-06-09 01:47:18,304 kilosort.clustering_qr DEBUG    GPU memory:   17.43 %     |      6.89   /    39.50 GB
2025-06-09 01:47:18,304 kilosort.clustering_qr DEBUG    Allocated:     0.02 %     |      0.01   /    39.50 GB
2025-06-09 01:47:18,304 kilosort.clustering_qr DEBUG    Max alloc:     0.75 %     |      0.30   /    39.50 GB
2025-06-09 01:47:18,305 kilosort.clustering_qr DEBUG    ********************************************************
2025-06-09 01:47:18,305 kilosort.clustering_qr DEBUG    Center 10 | nsp: 0 | ntemp: 0
2025-06-09 01:47:18,312 kilosort.clustering_qr DEBUG    Center 11 | nsp: 11305 | ntemp: 5
2025-06-09 01:47:18,711 kilosort.run_kilosort INFO     37 clusters found, in  3.40s; total  21.62s
2025-06-09 01:47:18,712 kilosort.run_kilosort DEBUG    clu shape: (82776,)
2025-06-09 01:47:18,712 kilosort.run_kilosort DEBUG    Wall shape: torch.Size([37, 32, 6])
2025-06-09 01:47:18,712 kilosort.run_kilosort INFO      
2025-06-09 01:47:18,712 kilosort.run_kilosort INFO     Merging clusters
2025-06-09 01:47:18,713 kilosort.run_kilosort INFO     ----------------------------------------
2025-06-09 01:47:18,752 kilosort.run_kilosort INFO     37 units found, in  0.04s; total  21.66s
2025-06-09 01:47:18,753 kilosort.run_kilosort DEBUG    clu shape: (82776,)
2025-06-09 01:47:18,753 kilosort.run_kilosort DEBUG    Wall shape: torch.Size([37, 32, 6])
2025-06-09 01:47:18,753 kilosort.run_kilosort INFO      
2025-06-09 01:47:18,753 kilosort.run_kilosort INFO     Resource usage after clustering
2025-06-09 01:47:18,754 kilosort.run_kilosort INFO     ********************************************************
2025-06-09 01:47:18,754 kilosort.run_kilosort INFO     CPU usage:    44.00 %
2025-06-09 01:47:18,755 kilosort.run_kilosort INFO     Memory:        5.68 %     |     42.87   /   754.60 GB
2025-06-09 01:47:18,755 kilosort.run_kilosort INFO     ------------------------------------------------------
2025-06-09 01:47:18,755 kilosort.run_kilosort INFO     GPU usage:    `conda install pynvml` for GPU usage
2025-06-09 01:47:18,756 kilosort.run_kilosort INFO     GPU memory:   17.43 %     |      6.89   /    39.50 GB
2025-06-09 01:47:18,757 kilosort.run_kilosort INFO     Allocated:     0.02 %     |      0.01   /    39.50 GB
2025-06-09 01:47:18,757 kilosort.run_kilosort INFO     Max alloc:     0.75 %     |      0.30   /    39.50 GB
2025-06-09 01:47:18,757 kilosort.run_kilosort INFO     ********************************************************
2025-06-09 01:47:18,758 kilosort.run_kilosort DEBUG    

|===========================================================================|
|                  PyTorch CUDA memory summary, device ID 0                 |
|---------------------------------------------------------------------------|
|            CUDA OOMs: 0            |        cudaMalloc retries: 0         |
|===========================================================================|
|        Metric         | Cur Usage  | Peak Usage | Tot Alloc  | Tot Freed  |
|---------------------------------------------------------------------------|
| Allocated memory      |   9146 KiB | 310277 KiB |  29271 GiB |  29271 GiB |
|---------------------------------------------------------------------------|
| Active memory         |   9146 KiB | 310277 KiB |  29271 GiB |  29271 GiB |
|---------------------------------------------------------------------------|
| Requested memory      |   9141 KiB | 310188 KiB |  28949 GiB |  28949 GiB |
|---------------------------------------------------------------------------|
| GPU reserved memory   | 481280 KiB | 481280 KiB | 481280 KiB |      0 B   |
|---------------------------------------------------------------------------|
| Non-releasable memory |  13381 KiB | 184425 KiB |  15980 GiB |  15980 GiB |
|---------------------------------------------------------------------------|
| Allocations           |      34    |      67    |    6191 K  |    6191 K  |
|---------------------------------------------------------------------------|
| Active allocs         |      34    |      67    |    6191 K  |    6191 K  |
|---------------------------------------------------------------------------|
| GPU reserved segments |      15    |      15    |      15    |       0    |
|---------------------------------------------------------------------------|
| Non-releasable allocs |      11    |      27    |    2495 K  |    2495 K  |
|---------------------------------------------------------------------------|
| Oversize allocations  |       0    |       0    |       0    |       0    |
|---------------------------------------------------------------------------|
| Oversize GPU segments |       0    |       0    |       0    |       0    |
|===========================================================================|


2025-06-09 01:47:18,758 kilosort.run_kilosort INFO      
2025-06-09 01:47:18,758 kilosort.run_kilosort INFO     Saving to phy and computing refractory periods
2025-06-09 01:47:18,759 kilosort.run_kilosort INFO     ----------------------------------------
2025-06-09 01:47:19,134 kilosort.run_kilosort INFO     8 units found with good refractory periods
2025-06-09 01:47:19,134 kilosort.run_kilosort INFO     Total runtime: 22.05s = 00:00:22 h:m:s
2025-06-09 01:47:19,141 kilosort.run_kilosort INFO     Sorting output saved in: /home/lss72/palmer_scratch/spike_sort/kilosort4.
2025-06-09 01:47:19,142 kilosort.run_kilosort INFO      
2025-06-09 01:47:19,142 kilosort.run_kilosort INFO     Resource usage after saving
2025-06-09 01:47:19,142 kilosort.run_kilosort INFO     ********************************************************
2025-06-09 01:47:19,143 kilosort.run_kilosort INFO     CPU usage:    42.90 %
2025-06-09 01:47:19,144 kilosort.run_kilosort INFO     Memory:        5.69 %     |     42.93   /   754.60 GB
2025-06-09 01:47:19,144 kilosort.run_kilosort INFO     ------------------------------------------------------
2025-06-09 01:47:19,144 kilosort.run_kilosort INFO     GPU usage:    `conda install pynvml` for GPU usage
2025-06-09 01:47:19,145 kilosort.run_kilosort INFO     GPU memory:   17.43 %     |      6.89   /    39.50 GB
2025-06-09 01:47:19,145 kilosort.run_kilosort INFO     Allocated:     0.02 %     |      0.01   /    39.50 GB
2025-06-09 01:47:19,146 kilosort.run_kilosort INFO     Max alloc:     0.75 %     |      0.30   /    39.50 GB
2025-06-09 01:47:19,146 kilosort.run_kilosort INFO     ********************************************************
2025-06-09 01:47:19,147 kilosort.run_kilosort DEBUG    

|===========================================================================|
|                  PyTorch CUDA memory summary, device ID 0                 |
|---------------------------------------------------------------------------|
|            CUDA OOMs: 0            |        cudaMalloc retries: 0         |
|===========================================================================|
|        Metric         | Cur Usage  | Peak Usage | Tot Alloc  | Tot Freed  |
|---------------------------------------------------------------------------|
| Allocated memory      |   9146 KiB | 310277 KiB |  29271 GiB |  29271 GiB |
|---------------------------------------------------------------------------|
| Active memory         |   9146 KiB | 310277 KiB |  29271 GiB |  29271 GiB |
|---------------------------------------------------------------------------|
| Requested memory      |   9141 KiB | 310188 KiB |  28949 GiB |  28949 GiB |
|---------------------------------------------------------------------------|
| GPU reserved memory   | 481280 KiB | 481280 KiB | 481280 KiB |      0 B   |
|---------------------------------------------------------------------------|
| Non-releasable memory |  13381 KiB | 184425 KiB |  15980 GiB |  15980 GiB |
|---------------------------------------------------------------------------|
| Allocations           |      34    |      67    |    6191 K  |    6191 K  |
|---------------------------------------------------------------------------|
| Active allocs         |      34    |      67    |    6191 K  |    6191 K  |
|---------------------------------------------------------------------------|
| GPU reserved segments |      15    |      15    |      15    |       0    |
|---------------------------------------------------------------------------|
| Non-releasable allocs |      11    |      27    |    2496 K  |    2496 K  |
|---------------------------------------------------------------------------|
| Oversize allocations  |       0    |       0    |       0    |       0    |
|---------------------------------------------------------------------------|
| Oversize GPU segments |       0    |       0    |       0    |       0    |
|===========================================================================|


