2025-06-08 23:36:08,624 kilosort.run_kilosort INFO     Kilosort version 4.0.25
2025-06-08 23:36:08,626 kilosort.run_kilosort INFO     Python version 3.9.21
2025-06-08 23:36:08,627 kilosort.run_kilosort INFO     ----------------------------------------
2025-06-08 23:36:08,627 kilosort.run_kilosort INFO     System information:
2025-06-08 23:36:08,627 kilosort.run_kilosort INFO     Linux-4.18.0-477.74.1.el8_8.x86_64-x86_64-with-glibc2.28 x86_64
2025-06-08 23:36:08,628 kilosort.run_kilosort INFO     x86_64
2025-06-08 23:36:08,628 kilosort.run_kilosort INFO     Using GPU for PyTorch computations. Specify `device` to change this.
2025-06-08 23:36:08,629 kilosort.run_kilosort INFO     Using CUDA device: NVIDIA A100-PCIE-40GB 39.50GB
2025-06-08 23:36:08,629 kilosort.run_kilosort INFO     ----------------------------------------
2025-06-08 23:36:08,630 kilosort.run_kilosort INFO     Sorting /home/lss72/palmer_scratch/spike_sort/2014_11_25_Pair_3_0
2025-06-08 23:36:08,630 kilosort.run_kilosort DEBUG    Initial ops:

ops = {
    'n_chan_bin': 32,
    'fs': 30000,
    'batch_size': 60000,
    'nblocks': 1,
    'Th_universal': 9,
    'Th_learned': 8,
    'tmin': 0,
    'tmax': 45,
    'nt': 61,
    'shift': None,
    'scale': None,
    'artifact_threshold': inf,
    'nskip': 25,
    'whitening_range': 32,
    'highpass_cutoff': 300,
    'binning_depth': 5,
    'sig_interp': 20,
    'drift_smoothing': [0.5, 0.5, 0.5],
    'nt0min': 20,
    'dmin': None,
    'dminx': 32,
    'min_template_size': 10,
    'template_sizes': 5,
    'nearest_chans': 10,
    'nearest_templates': 100,
    'max_channel_distance': 32,
    'max_peels': 100,
    'templates_from_data': True,
    'n_templates': 6,
    'n_pcs': 6,
    'Th_single_ch': 6,
    'acg_threshold': 0.2,
    'ccg_threshold': 0.25,
    'cluster_downsampling': 20,
    'x_centers': None,
    'duplicate_spike_ms': 0.25,
    'position_limit': 100,
    'data_dir': PosixPath('/home/lss72/palmer_scratch/spike_sort'),
    'filename': PosixPath('/home/lss72/palmer_scratch/spike_sort/2014_11_25_Pair_3_0'),
    'data_dtype': dtype('uint16'),
    'do_CAR': True,
    'invert_sign': False,
    'NTbuff': 60122,
    'Nchan': 32,
    'duplicate_spike_bins': 7,
    'torch_device': 'cuda',
    'save_preprocessed_copy': False
}

2025-06-08 23:36:08,632 kilosort.run_kilosort DEBUG    Probe dictionary:

probe = {
    'chanMap': np.array([ 0,  1,  2,  3,  4,  5,  6,  7,  8,  9, 10, 11, 12, 13, 14, 15, 16,
       17, 18, 19, 20, 21, 22, 23, 24, 25, 26, 27, 28, 29, 30, 31]),
    'xc': np.array([  0.,  18., -18.,   0.,  18., -18.,   0.,  18., -18.,   0.,  18.,
       -18.,   0.,  18., -18.,   0.,  18., -18.,   0.,  18., -18.,   0.,
        18., -18.,   0.,  18., -18.,   0.,  18., -18.,   0.,   0.],
      dtype=np.float32),
    'yc': np.array([  0. ,  12.5,  12.5,  25. ,  37.5,  37.5,  50. ,  62.5,  62.5,
        75. ,  87.5,  87.5, 100. , 112.5, 112.5, 125. , 137.5, 137.5,
       150. , 162.5, 162.5, 175. , 187.5, 187.5, 200. , 212.5, 212.5,
       225. , 237.5, 237.5, 250. , 275. ], dtype=np.float32),
    'kcoords': np.array([0., 0., 0., 0., 0., 0., 0., 0., 0., 0., 0., 0., 0., 0., 0., 0., 0.,
       0., 0., 0., 0., 0., 0., 0., 0., 0., 0., 0., 0., 0., 0., 0.]),
    'n_chan': 32
}

2025-06-08 23:36:08,632 kilosort.run_kilosort INFO      
2025-06-08 23:36:08,633 kilosort.run_kilosort INFO     Computing preprocessing variables.
2025-06-08 23:36:08,633 kilosort.run_kilosort INFO     ----------------------------------------
2025-06-08 23:36:08,635 kilosort.run_kilosort INFO     N samples: 1350000
2025-06-08 23:36:08,635 kilosort.run_kilosort INFO     N seconds: 45.0
2025-06-08 23:36:08,636 kilosort.run_kilosort INFO     N batches: 23
2025-06-08 23:36:08,672 kilosort.run_kilosort INFO     Preprocessing filters computed in  0.04s; total  0.04s
2025-06-08 23:36:08,673 kilosort.run_kilosort DEBUG    hp_filter shape: torch.Size([30122])
2025-06-08 23:36:08,673 kilosort.run_kilosort DEBUG    whiten_mat shape: torch.Size([32, 32])
2025-06-08 23:36:08,673 kilosort.run_kilosort INFO      
2025-06-08 23:36:08,674 kilosort.run_kilosort INFO     Resource usage after preprocessing
2025-06-08 23:36:08,674 kilosort.run_kilosort INFO     ********************************************************
2025-06-08 23:36:08,674 kilosort.run_kilosort INFO     CPU usage:    22.30 %
2025-06-08 23:36:08,675 kilosort.run_kilosort INFO     Memory:        4.87 %     |     36.73   /   754.60 GB
2025-06-08 23:36:08,675 kilosort.run_kilosort INFO     ------------------------------------------------------
2025-06-08 23:36:08,676 kilosort.run_kilosort INFO     GPU usage:    `conda install pynvml` for GPU usage
2025-06-08 23:36:08,676 kilosort.run_kilosort INFO     GPU memory:    2.56 %     |      1.01   /    39.50 GB
2025-06-08 23:36:08,677 kilosort.run_kilosort INFO     Allocated:     0.02 %     |      0.01   /    39.50 GB
2025-06-08 23:36:08,677 kilosort.run_kilosort INFO     Max alloc:     0.75 %     |      0.30   /    39.50 GB
2025-06-08 23:36:08,678 kilosort.run_kilosort INFO     ********************************************************
2025-06-08 23:36:08,686 kilosort.run_kilosort INFO      
2025-06-08 23:36:08,686 kilosort.run_kilosort INFO     Computing drift correction.
2025-06-08 23:36:08,687 kilosort.run_kilosort INFO     ----------------------------------------
2025-06-08 23:36:08,687 kilosort.spikedetect INFO     Re-computing universal templates from data.
2025-06-08 23:36:08,721 kilosort.spikedetect INFO     Number of universal templates: 135
2025-06-08 23:36:08,723 kilosort.spikedetect INFO     Detecting spikes...
2025-06-08 23:36:08,726 kilosort.spikedetect DEBUG     
2025-06-08 23:36:08,726 kilosort.spikedetect DEBUG    Batch 0
2025-06-08 23:36:08,726 kilosort.spikedetect DEBUG    ********************************************************
2025-06-08 23:36:08,726 kilosort.spikedetect DEBUG    CPU usage:    37.20 %
2025-06-08 23:36:08,726 kilosort.spikedetect DEBUG    Memory:        4.87 %     |     36.73   /   754.60 GB
2025-06-08 23:36:08,726 kilosort.spikedetect DEBUG    ------------------------------------------------------
2025-06-08 23:36:08,726 kilosort.spikedetect DEBUG    GPU usage:    `conda install pynvml` for GPU usage
2025-06-08 23:36:08,726 kilosort.spikedetect DEBUG    GPU memory:    2.56 %     |      1.01   /    39.50 GB
2025-06-08 23:36:08,727 kilosort.spikedetect DEBUG    Allocated:     0.02 %     |      0.01   /    39.50 GB
2025-06-08 23:36:08,727 kilosort.spikedetect DEBUG    Max alloc:     0.75 %     |      0.30   /    39.50 GB
2025-06-08 23:36:08,727 kilosort.spikedetect DEBUG    ********************************************************
2025-06-08 23:36:09,484 kilosort.spikedetect DEBUG     
2025-06-08 23:36:09,484 kilosort.spikedetect DEBUG    Batch 22
2025-06-08 23:36:09,484 kilosort.spikedetect DEBUG    ********************************************************
2025-06-08 23:36:09,484 kilosort.spikedetect DEBUG    CPU usage:    25.00 %
2025-06-08 23:36:09,484 kilosort.spikedetect DEBUG    Memory:        4.86 %     |     36.70   /   754.60 GB
2025-06-08 23:36:09,484 kilosort.spikedetect DEBUG    ------------------------------------------------------
2025-06-08 23:36:09,484 kilosort.spikedetect DEBUG    GPU usage:    `conda install pynvml` for GPU usage
2025-06-08 23:36:09,484 kilosort.spikedetect DEBUG    GPU memory:    2.56 %     |      1.01   /    39.50 GB
2025-06-08 23:36:09,485 kilosort.spikedetect DEBUG    Allocated:     0.04 %     |      0.02   /    39.50 GB
2025-06-08 23:36:09,485 kilosort.spikedetect DEBUG    Max alloc:     0.75 %     |      0.30   /    39.50 GB
2025-06-08 23:36:09,485 kilosort.spikedetect DEBUG    ********************************************************
2025-06-08 23:36:09,559 kilosort.run_kilosort INFO     drift computed in  0.87s; total  0.93s
2025-06-08 23:36:09,563 kilosort.run_kilosort DEBUG    st shape: (3952, 6)
2025-06-08 23:36:09,563 kilosort.run_kilosort DEBUG    yblk shape: (1,)
2025-06-08 23:36:09,563 kilosort.run_kilosort DEBUG    dshift shape: (23, 1)
2025-06-08 23:36:09,563 kilosort.run_kilosort DEBUG    iKxx shape: torch.Size([32, 32])
2025-06-08 23:36:09,563 kilosort.run_kilosort INFO      
2025-06-08 23:36:09,564 kilosort.run_kilosort INFO     Resource usage after drift correction
2025-06-08 23:36:09,564 kilosort.run_kilosort INFO     ********************************************************
2025-06-08 23:36:09,565 kilosort.run_kilosort INFO     CPU usage:    26.70 %
2025-06-08 23:36:09,565 kilosort.run_kilosort INFO     Memory:        4.86 %     |     36.71   /   754.60 GB
2025-06-08 23:36:09,566 kilosort.run_kilosort INFO     ------------------------------------------------------
2025-06-08 23:36:09,566 kilosort.run_kilosort INFO     GPU usage:    `conda install pynvml` for GPU usage
2025-06-08 23:36:09,566 kilosort.run_kilosort INFO     GPU memory:    2.56 %     |      1.01   /    39.50 GB
2025-06-08 23:36:09,567 kilosort.run_kilosort INFO     Allocated:     0.02 %     |      0.01   /    39.50 GB
2025-06-08 23:36:09,567 kilosort.run_kilosort INFO     Max alloc:     0.75 %     |      0.30   /    39.50 GB
2025-06-08 23:36:09,568 kilosort.run_kilosort INFO     ********************************************************
2025-06-08 23:36:09,568 kilosort.run_kilosort DEBUG    

|===========================================================================|
|                  PyTorch CUDA memory summary, device ID 0                 |
|---------------------------------------------------------------------------|
|            CUDA OOMs: 0            |        cudaMalloc retries: 0         |
|===========================================================================|
|        Metric         | Cur Usage  | Peak Usage | Tot Alloc  | Tot Freed  |
|---------------------------------------------------------------------------|
| Allocated memory      |   8867 KiB | 309810 KiB |   7975 GiB |   7975 GiB |
|---------------------------------------------------------------------------|
| Active memory         |   8867 KiB | 309810 KiB |   7975 GiB |   7975 GiB |
|---------------------------------------------------------------------------|
| Requested memory      |   8864 KiB | 309724 KiB |   7889 GiB |   7889 GiB |
|---------------------------------------------------------------------------|
| GPU reserved memory   | 479232 KiB | 479232 KiB | 479232 KiB |      0 B   |
|---------------------------------------------------------------------------|
| Non-releasable memory |  13660 KiB | 184425 KiB |   4336 GiB |   4336 GiB |
|---------------------------------------------------------------------------|
| Allocations           |      20    |      56    |    1589 K  |    1589 K  |
|---------------------------------------------------------------------------|
| Active allocs         |      20    |      56    |    1589 K  |    1589 K  |
|---------------------------------------------------------------------------|
| GPU reserved segments |      14    |      14    |      14    |       0    |
|---------------------------------------------------------------------------|
| Non-releasable allocs |       9    |      25    |  614994    |  614985    |
|---------------------------------------------------------------------------|
| Oversize allocations  |       0    |       0    |       0    |       0    |
|---------------------------------------------------------------------------|
| Oversize GPU segments |       0    |       0    |       0    |       0    |
|===========================================================================|


2025-06-08 23:36:09,576 kilosort.run_kilosort DEBUG    First batch min, max: (-15.443307, 9.362338)
2025-06-08 23:36:09,577 kilosort.run_kilosort INFO      
2025-06-08 23:36:09,577 kilosort.run_kilosort INFO     Extracting spikes using templates
2025-06-08 23:36:09,577 kilosort.run_kilosort INFO     ----------------------------------------
2025-06-08 23:36:09,578 kilosort.spikedetect INFO     Re-computing universal templates from data.
2025-06-08 23:36:09,611 kilosort.spikedetect INFO     Number of universal templates: 135
2025-06-08 23:36:09,615 kilosort.spikedetect INFO     Detecting spikes...
2025-06-08 23:36:09,616 kilosort.spikedetect DEBUG     
2025-06-08 23:36:09,616 kilosort.spikedetect DEBUG    Batch 0
2025-06-08 23:36:09,616 kilosort.spikedetect DEBUG    ********************************************************
2025-06-08 23:36:09,617 kilosort.spikedetect DEBUG    CPU usage:    36.20 %
2025-06-08 23:36:09,617 kilosort.spikedetect DEBUG    Memory:        4.87 %     |     36.73   /   754.60 GB
2025-06-08 23:36:09,617 kilosort.spikedetect DEBUG    ------------------------------------------------------
2025-06-08 23:36:09,617 kilosort.spikedetect DEBUG    GPU usage:    `conda install pynvml` for GPU usage
2025-06-08 23:36:09,617 kilosort.spikedetect DEBUG    GPU memory:    2.56 %     |      1.01   /    39.50 GB
2025-06-08 23:36:09,617 kilosort.spikedetect DEBUG    Allocated:     0.02 %     |      0.01   /    39.50 GB
2025-06-08 23:36:09,617 kilosort.spikedetect DEBUG    Max alloc:     0.75 %     |      0.30   /    39.50 GB
2025-06-08 23:36:09,617 kilosort.spikedetect DEBUG    ********************************************************
2025-06-08 23:36:10,324 kilosort.spikedetect DEBUG     
2025-06-08 23:36:10,325 kilosort.spikedetect DEBUG    Batch 22
2025-06-08 23:36:10,325 kilosort.spikedetect DEBUG    ********************************************************
2025-06-08 23:36:10,325 kilosort.spikedetect DEBUG    CPU usage:    25.10 %
2025-06-08 23:36:10,325 kilosort.spikedetect DEBUG    Memory:        4.88 %     |     36.81   /   754.60 GB
2025-06-08 23:36:10,325 kilosort.spikedetect DEBUG    ------------------------------------------------------
2025-06-08 23:36:10,325 kilosort.spikedetect DEBUG    GPU usage:    `conda install pynvml` for GPU usage
2025-06-08 23:36:10,325 kilosort.spikedetect DEBUG    GPU memory:    2.56 %     |      1.01   /    39.50 GB
2025-06-08 23:36:10,325 kilosort.spikedetect DEBUG    Allocated:     0.04 %     |      0.02   /    39.50 GB
2025-06-08 23:36:10,325 kilosort.spikedetect DEBUG    Max alloc:     0.75 %     |      0.30   /    39.50 GB
2025-06-08 23:36:10,325 kilosort.spikedetect DEBUG    ********************************************************
2025-06-08 23:36:10,326 kilosort.run_kilosort INFO     3798 spikes extracted in  0.75s; total  1.70s
2025-06-08 23:36:10,326 kilosort.run_kilosort DEBUG    st0 shape: (3798, 6)
2025-06-08 23:36:10,326 kilosort.run_kilosort DEBUG    tF shape: torch.Size([3798, 10, 6])
2025-06-08 23:36:10,326 kilosort.run_kilosort INFO      
2025-06-08 23:36:10,326 kilosort.run_kilosort INFO     First clustering
2025-06-08 23:36:10,327 kilosort.run_kilosort INFO     ----------------------------------------
2025-06-08 23:36:10,336 kilosort.clustering_qr DEBUG     
2025-06-08 23:36:10,336 kilosort.clustering_qr DEBUG    Cluster center: 0 of 12
2025-06-08 23:36:10,336 kilosort.clustering_qr DEBUG    ********************************************************
2025-06-08 23:36:10,337 kilosort.clustering_qr DEBUG    CPU usage:    32.60 %
2025-06-08 23:36:10,337 kilosort.clustering_qr DEBUG    Memory:        4.88 %     |     36.81   /   754.60 GB
2025-06-08 23:36:10,337 kilosort.clustering_qr DEBUG    ------------------------------------------------------
2025-06-08 23:36:10,337 kilosort.clustering_qr DEBUG    GPU usage:    `conda install pynvml` for GPU usage
2025-06-08 23:36:10,337 kilosort.clustering_qr DEBUG    GPU memory:    2.56 %     |      1.01   /    39.50 GB
2025-06-08 23:36:10,337 kilosort.clustering_qr DEBUG    Allocated:     0.02 %     |      0.01   /    39.50 GB
2025-06-08 23:36:10,337 kilosort.clustering_qr DEBUG    Max alloc:     0.75 %     |      0.30   /    39.50 GB
2025-06-08 23:36:10,337 kilosort.clustering_qr DEBUG    ********************************************************
2025-06-08 23:36:10,340 kilosort.clustering_qr DEBUG    Center 0 | nsp: 898 | ntemp: 12
2025-06-08 23:36:10,342 kilosort.clustering_qr DEBUG    Center 1 | nsp: 52 | ntemp: 12
2025-06-08 23:36:10,344 kilosort.clustering_qr DEBUG    Center 2 | nsp: 40 | ntemp: 12
2025-06-08 23:36:10,346 kilosort.clustering_qr DEBUG    Center 3 | nsp: 41 | ntemp: 12
2025-06-08 23:36:10,348 kilosort.clustering_qr DEBUG    Center 4 | nsp: 80 | ntemp: 12
2025-06-08 23:36:10,351 kilosort.clustering_qr DEBUG    Center 5 | nsp: 316 | ntemp: 12
2025-06-08 23:36:10,353 kilosort.clustering_qr DEBUG    Center 6 | nsp: 296 | ntemp: 12
2025-06-08 23:36:10,355 kilosort.clustering_qr DEBUG    Center 7 | nsp: 1089 | ntemp: 12
2025-06-08 23:36:10,620 kilosort.clustering_qr DEBUG    Center 8 | nsp: 558 | ntemp: 12
2025-06-08 23:36:10,623 kilosort.clustering_qr DEBUG    Center 9 | nsp: 259 | ntemp: 12
2025-06-08 23:36:10,623 kilosort.clustering_qr DEBUG     
2025-06-08 23:36:10,623 kilosort.clustering_qr DEBUG    Cluster center: 10 of 12
2025-06-08 23:36:10,623 kilosort.clustering_qr DEBUG    ********************************************************
2025-06-08 23:36:10,623 kilosort.clustering_qr DEBUG    CPU usage:    28.80 %
2025-06-08 23:36:10,623 kilosort.clustering_qr DEBUG    Memory:        4.89 %     |     36.89   /   754.60 GB
2025-06-08 23:36:10,623 kilosort.clustering_qr DEBUG    ------------------------------------------------------
2025-06-08 23:36:10,623 kilosort.clustering_qr DEBUG    GPU usage:    `conda install pynvml` for GPU usage
2025-06-08 23:36:10,624 kilosort.clustering_qr DEBUG    GPU memory:    2.56 %     |      1.01   /    39.50 GB
2025-06-08 23:36:10,624 kilosort.clustering_qr DEBUG    Allocated:     0.02 %     |      0.01   /    39.50 GB
2025-06-08 23:36:10,624 kilosort.clustering_qr DEBUG    Max alloc:     0.75 %     |      0.30   /    39.50 GB
2025-06-08 23:36:10,624 kilosort.clustering_qr DEBUG    ********************************************************
2025-06-08 23:36:10,626 kilosort.clustering_qr DEBUG    Center 10 | nsp: 68 | ntemp: 12
2025-06-08 23:36:10,627 kilosort.clustering_qr DEBUG    Center 11 | nsp: 101 | ntemp: 3
2025-06-08 23:36:10,649 kilosort.run_kilosort INFO     15 clusters found, in  0.32s; total  2.02s
2025-06-08 23:36:10,651 kilosort.run_kilosort DEBUG    clu shape: (3798,)
2025-06-08 23:36:10,651 kilosort.run_kilosort DEBUG    Wall shape: torch.Size([15, 32, 6])
2025-06-08 23:36:10,651 kilosort.run_kilosort INFO      
2025-06-08 23:36:10,652 kilosort.run_kilosort INFO     Extracting spikes using cluster waveforms
2025-06-08 23:36:10,653 kilosort.run_kilosort INFO     ----------------------------------------
2025-06-08 23:36:10,681 kilosort.template_matching DEBUG     
2025-06-08 23:36:10,681 kilosort.template_matching DEBUG    Batch 0
2025-06-08 23:36:10,681 kilosort.template_matching DEBUG    ********************************************************
2025-06-08 23:36:10,681 kilosort.template_matching DEBUG    CPU usage:    49.50 %
2025-06-08 23:36:10,681 kilosort.template_matching DEBUG    Memory:        4.92 %     |     37.13   /   754.60 GB
2025-06-08 23:36:10,681 kilosort.template_matching DEBUG    ------------------------------------------------------
2025-06-08 23:36:10,681 kilosort.template_matching DEBUG    GPU usage:    `conda install pynvml` for GPU usage
2025-06-08 23:36:10,681 kilosort.template_matching DEBUG    GPU memory:    2.56 %     |      1.01   /    39.50 GB
2025-06-08 23:36:10,682 kilosort.template_matching DEBUG    Allocated:     0.02 %     |      0.01   /    39.50 GB
2025-06-08 23:36:10,682 kilosort.template_matching DEBUG    Max alloc:     0.75 %     |      0.30   /    39.50 GB
2025-06-08 23:36:10,682 kilosort.template_matching DEBUG    ********************************************************
2025-06-08 23:36:11,295 kilosort.template_matching DEBUG     
2025-06-08 23:36:11,295 kilosort.template_matching DEBUG    Batch 22
2025-06-08 23:36:11,295 kilosort.template_matching DEBUG    ********************************************************
2025-06-08 23:36:11,296 kilosort.template_matching DEBUG    CPU usage:    27.00 %
2025-06-08 23:36:11,296 kilosort.template_matching DEBUG    Memory:        4.91 %     |     37.02   /   754.60 GB
2025-06-08 23:36:11,296 kilosort.template_matching DEBUG    ------------------------------------------------------
2025-06-08 23:36:11,296 kilosort.template_matching DEBUG    GPU usage:    `conda install pynvml` for GPU usage
2025-06-08 23:36:11,296 kilosort.template_matching DEBUG    GPU memory:    2.56 %     |      1.01   /    39.50 GB
2025-06-08 23:36:11,296 kilosort.template_matching DEBUG    Allocated:     0.06 %     |      0.02   /    39.50 GB
2025-06-08 23:36:11,296 kilosort.template_matching DEBUG    Max alloc:     0.75 %     |      0.30   /    39.50 GB
2025-06-08 23:36:11,296 kilosort.template_matching DEBUG    ********************************************************
2025-06-08 23:36:11,298 kilosort.run_kilosort INFO     9501 spikes extracted in  0.65s; total  2.67s
2025-06-08 23:36:11,302 kilosort.run_kilosort DEBUG    st shape: (9501, 3)
2025-06-08 23:36:11,302 kilosort.run_kilosort DEBUG    tF shape: torch.Size([9501, 10, 6])
2025-06-08 23:36:11,302 kilosort.run_kilosort DEBUG    iCC shape: torch.Size([10, 32])
2025-06-08 23:36:11,302 kilosort.run_kilosort DEBUG    iU shape: torch.Size([15])
2025-06-08 23:36:11,302 kilosort.run_kilosort INFO      
2025-06-08 23:36:11,302 kilosort.run_kilosort INFO     Resource usage after spike detection
2025-06-08 23:36:11,302 kilosort.run_kilosort INFO     ********************************************************
2025-06-08 23:36:11,303 kilosort.run_kilosort INFO     CPU usage:    42.90 %
2025-06-08 23:36:11,304 kilosort.run_kilosort INFO     Memory:        4.88 %     |     36.79   /   754.60 GB
2025-06-08 23:36:11,304 kilosort.run_kilosort INFO     ------------------------------------------------------
2025-06-08 23:36:11,304 kilosort.run_kilosort INFO     GPU usage:    `conda install pynvml` for GPU usage
2025-06-08 23:36:11,305 kilosort.run_kilosort INFO     GPU memory:    2.56 %     |      1.01   /    39.50 GB
2025-06-08 23:36:11,305 kilosort.run_kilosort INFO     Allocated:     0.02 %     |      0.01   /    39.50 GB
2025-06-08 23:36:11,306 kilosort.run_kilosort INFO     Max alloc:     0.75 %     |      0.30   /    39.50 GB
2025-06-08 23:36:11,306 kilosort.run_kilosort INFO     ********************************************************
2025-06-08 23:36:11,307 kilosort.run_kilosort DEBUG    

|===========================================================================|
|                  PyTorch CUDA memory summary, device ID 0                 |
|---------------------------------------------------------------------------|
|            CUDA OOMs: 0            |        cudaMalloc retries: 0         |
|===========================================================================|
|        Metric         | Cur Usage  | Peak Usage | Tot Alloc  | Tot Freed  |
|---------------------------------------------------------------------------|
| Allocated memory      |   8882 KiB | 309834 KiB |   8166 GiB |   8166 GiB |
|---------------------------------------------------------------------------|
| Active memory         |   8882 KiB | 309834 KiB |   8166 GiB |   8166 GiB |
|---------------------------------------------------------------------------|
| Requested memory      |   8878 KiB | 309748 KiB |   8077 GiB |   8077 GiB |
|---------------------------------------------------------------------------|
| GPU reserved memory   | 479232 KiB | 479232 KiB | 479232 KiB |      0 B   |
|---------------------------------------------------------------------------|
| Non-releasable memory |  13645 KiB | 184425 KiB |   4436 GiB |   4436 GiB |
|---------------------------------------------------------------------------|
| Allocations           |      24    |      56    |    1635 K  |    1635 K  |
|---------------------------------------------------------------------------|
| Active allocs         |      24    |      56    |    1635 K  |    1635 K  |
|---------------------------------------------------------------------------|
| GPU reserved segments |      14    |      14    |      14    |       0    |
|---------------------------------------------------------------------------|
| Non-releasable allocs |      11    |      25    |  634486    |  634475    |
|---------------------------------------------------------------------------|
| Oversize allocations  |       0    |       0    |       0    |       0    |
|---------------------------------------------------------------------------|
| Oversize GPU segments |       0    |       0    |       0    |       0    |
|===========================================================================|


2025-06-08 23:36:11,307 kilosort.run_kilosort INFO      
2025-06-08 23:36:11,307 kilosort.run_kilosort INFO     Final clustering
2025-06-08 23:36:11,308 kilosort.run_kilosort INFO     ----------------------------------------
2025-06-08 23:36:11,317 kilosort.clustering_qr DEBUG     
2025-06-08 23:36:11,317 kilosort.clustering_qr DEBUG    Cluster center: 0 of 12
2025-06-08 23:36:11,318 kilosort.clustering_qr DEBUG    ********************************************************
2025-06-08 23:36:11,318 kilosort.clustering_qr DEBUG    CPU usage:    30.80 %
2025-06-08 23:36:11,318 kilosort.clustering_qr DEBUG    Memory:        4.88 %     |     36.80   /   754.60 GB
2025-06-08 23:36:11,318 kilosort.clustering_qr DEBUG    ------------------------------------------------------
2025-06-08 23:36:11,318 kilosort.clustering_qr DEBUG    GPU usage:    `conda install pynvml` for GPU usage
2025-06-08 23:36:11,318 kilosort.clustering_qr DEBUG    GPU memory:    2.56 %     |      1.01   /    39.50 GB
2025-06-08 23:36:11,319 kilosort.clustering_qr DEBUG    Allocated:     0.02 %     |      0.01   /    39.50 GB
2025-06-08 23:36:11,319 kilosort.clustering_qr DEBUG    Max alloc:     0.75 %     |      0.30   /    39.50 GB
2025-06-08 23:36:11,319 kilosort.clustering_qr DEBUG    ********************************************************
2025-06-08 23:36:11,320 kilosort.clustering_qr DEBUG    Center 0 | nsp: 1534 | ntemp: 1
2025-06-08 23:36:11,645 kilosort.clustering_qr DEBUG    Center 1 | nsp: 850 | ntemp: 1
2025-06-08 23:36:11,680 kilosort.clustering_qr DEBUG    Center 2 | nsp: 761 | ntemp: 1
2025-06-08 23:36:11,682 kilosort.clustering_qr DEBUG    Center 3 | nsp: 230 | ntemp: 1
2025-06-08 23:36:11,682 kilosort.clustering_qr DEBUG    Center 4 | nsp: 0 | ntemp: 0
2025-06-08 23:36:11,683 kilosort.clustering_qr DEBUG    Center 5 | nsp: 910 | ntemp: 1
2025-06-08 23:36:11,684 kilosort.clustering_qr DEBUG    Center 6 | nsp: 807 | ntemp: 2
2025-06-08 23:36:11,685 kilosort.clustering_qr DEBUG    Center 7 | nsp: 444 | ntemp: 1
2025-06-08 23:36:11,687 kilosort.clustering_qr DEBUG    Center 8 | nsp: 2108 | ntemp: 4
2025-06-08 23:36:12,035 kilosort.clustering_qr DEBUG    Center 9 | nsp: 1142 | ntemp: 1
2025-06-08 23:36:12,330 kilosort.clustering_qr DEBUG     
2025-06-08 23:36:12,330 kilosort.clustering_qr DEBUG    Cluster center: 10 of 12
2025-06-08 23:36:12,330 kilosort.clustering_qr DEBUG    ********************************************************
2025-06-08 23:36:12,330 kilosort.clustering_qr DEBUG    CPU usage:    31.50 %
2025-06-08 23:36:12,330 kilosort.clustering_qr DEBUG    Memory:        4.88 %     |     36.79   /   754.60 GB
2025-06-08 23:36:12,330 kilosort.clustering_qr DEBUG    ------------------------------------------------------
2025-06-08 23:36:12,330 kilosort.clustering_qr DEBUG    GPU usage:    `conda install pynvml` for GPU usage
2025-06-08 23:36:12,330 kilosort.clustering_qr DEBUG    GPU memory:    2.56 %     |      1.01   /    39.50 GB
2025-06-08 23:36:12,331 kilosort.clustering_qr DEBUG    Allocated:     0.02 %     |      0.01   /    39.50 GB
2025-06-08 23:36:12,331 kilosort.clustering_qr DEBUG    Max alloc:     0.75 %     |      0.30   /    39.50 GB
2025-06-08 23:36:12,331 kilosort.clustering_qr DEBUG    ********************************************************
2025-06-08 23:36:12,331 kilosort.clustering_qr DEBUG    Center 10 | nsp: 0 | ntemp: 0
2025-06-08 23:36:12,396 kilosort.clustering_qr DEBUG    Center 11 | nsp: 715 | ntemp: 2
2025-06-08 23:36:12,407 kilosort.run_kilosort INFO     14 clusters found, in  1.10s; total  3.78s
2025-06-08 23:36:12,407 kilosort.run_kilosort DEBUG    clu shape: (9501,)
2025-06-08 23:36:12,407 kilosort.run_kilosort DEBUG    Wall shape: torch.Size([14, 32, 6])
2025-06-08 23:36:12,407 kilosort.run_kilosort INFO      
2025-06-08 23:36:12,408 kilosort.run_kilosort INFO     Merging clusters
2025-06-08 23:36:12,408 kilosort.run_kilosort INFO     ----------------------------------------
2025-06-08 23:36:12,415 kilosort.run_kilosort INFO     13 units found, in  0.01s; total  3.79s
2025-06-08 23:36:12,416 kilosort.run_kilosort DEBUG    clu shape: (9501,)
2025-06-08 23:36:12,416 kilosort.run_kilosort DEBUG    Wall shape: torch.Size([13, 32, 6])
2025-06-08 23:36:12,416 kilosort.run_kilosort INFO      
2025-06-08 23:36:12,416 kilosort.run_kilosort INFO     Resource usage after clustering
2025-06-08 23:36:12,417 kilosort.run_kilosort INFO     ********************************************************
2025-06-08 23:36:12,417 kilosort.run_kilosort INFO     CPU usage:    46.20 %
2025-06-08 23:36:12,418 kilosort.run_kilosort INFO     Memory:        4.88 %     |     36.80   /   754.60 GB
2025-06-08 23:36:12,418 kilosort.run_kilosort INFO     ------------------------------------------------------
2025-06-08 23:36:12,419 kilosort.run_kilosort INFO     GPU usage:    `conda install pynvml` for GPU usage
2025-06-08 23:36:12,419 kilosort.run_kilosort INFO     GPU memory:    2.56 %     |      1.01   /    39.50 GB
2025-06-08 23:36:12,420 kilosort.run_kilosort INFO     Allocated:     0.02 %     |      0.01   /    39.50 GB
2025-06-08 23:36:12,420 kilosort.run_kilosort INFO     Max alloc:     0.75 %     |      0.30   /    39.50 GB
2025-06-08 23:36:12,420 kilosort.run_kilosort INFO     ********************************************************
2025-06-08 23:36:12,421 kilosort.run_kilosort DEBUG    

|===========================================================================|
|                  PyTorch CUDA memory summary, device ID 0                 |
|---------------------------------------------------------------------------|
|            CUDA OOMs: 0            |        cudaMalloc retries: 0         |
|===========================================================================|
|        Metric         | Cur Usage  | Peak Usage | Tot Alloc  | Tot Freed  |
|---------------------------------------------------------------------------|
| Allocated memory      |   8871 KiB | 309834 KiB |   8171 GiB |   8171 GiB |
|---------------------------------------------------------------------------|
| Active memory         |   8871 KiB | 309834 KiB |   8171 GiB |   8171 GiB |
|---------------------------------------------------------------------------|
| Requested memory      |   8867 KiB | 309748 KiB |   8083 GiB |   8083 GiB |
|---------------------------------------------------------------------------|
| GPU reserved memory   | 479232 KiB | 479232 KiB | 479232 KiB |      0 B   |
|---------------------------------------------------------------------------|
| Non-releasable memory |  13657 KiB | 184425 KiB |   4443 GiB |   4443 GiB |
|---------------------------------------------------------------------------|
| Allocations           |      23    |      56    |    1672 K  |    1672 K  |
|---------------------------------------------------------------------------|
| Active allocs         |      23    |      56    |    1672 K  |    1672 K  |
|---------------------------------------------------------------------------|
| GPU reserved segments |      14    |      14    |      14    |       0    |
|---------------------------------------------------------------------------|
| Non-releasable allocs |      11    |      25    |  654267    |  654256    |
|---------------------------------------------------------------------------|
| Oversize allocations  |       0    |       0    |       0    |       0    |
|---------------------------------------------------------------------------|
| Oversize GPU segments |       0    |       0    |       0    |       0    |
|===========================================================================|


2025-06-08 23:36:12,421 kilosort.run_kilosort INFO      
2025-06-08 23:36:12,421 kilosort.run_kilosort INFO     Saving to phy and computing refractory periods
2025-06-08 23:36:12,422 kilosort.run_kilosort INFO     ----------------------------------------
2025-06-08 23:36:12,541 kilosort.run_kilosort INFO     1 units found with good refractory periods
2025-06-08 23:36:12,542 kilosort.run_kilosort INFO     Total runtime: 3.91s = 00:00:4 h:m:s
2025-06-08 23:36:12,548 kilosort.run_kilosort INFO     Sorting output saved in: /home/lss72/palmer_scratch/spike_sort/kilosort4.
2025-06-08 23:36:12,548 kilosort.run_kilosort INFO      
2025-06-08 23:36:12,548 kilosort.run_kilosort INFO     Resource usage after saving
2025-06-08 23:36:12,549 kilosort.run_kilosort INFO     ********************************************************
2025-06-08 23:36:12,549 kilosort.run_kilosort INFO     CPU usage:    29.30 %
2025-06-08 23:36:12,550 kilosort.run_kilosort INFO     Memory:        4.88 %     |     36.81   /   754.60 GB
2025-06-08 23:36:12,550 kilosort.run_kilosort INFO     ------------------------------------------------------
2025-06-08 23:36:12,550 kilosort.run_kilosort INFO     GPU usage:    `conda install pynvml` for GPU usage
2025-06-08 23:36:12,551 kilosort.run_kilosort INFO     GPU memory:    2.56 %     |      1.01   /    39.50 GB
2025-06-08 23:36:12,551 kilosort.run_kilosort INFO     Allocated:     0.02 %     |      0.01   /    39.50 GB
2025-06-08 23:36:12,552 kilosort.run_kilosort INFO     Max alloc:     0.75 %     |      0.30   /    39.50 GB
2025-06-08 23:36:12,552 kilosort.run_kilosort INFO     ********************************************************
2025-06-08 23:36:12,553 kilosort.run_kilosort DEBUG    

|===========================================================================|
|                  PyTorch CUDA memory summary, device ID 0                 |
|---------------------------------------------------------------------------|
|            CUDA OOMs: 0            |        cudaMalloc retries: 0         |
|===========================================================================|
|        Metric         | Cur Usage  | Peak Usage | Tot Alloc  | Tot Freed  |
|---------------------------------------------------------------------------|
| Allocated memory      |   8871 KiB | 309834 KiB |   8171 GiB |   8171 GiB |
|---------------------------------------------------------------------------|
| Active memory         |   8871 KiB | 309834 KiB |   8171 GiB |   8171 GiB |
|---------------------------------------------------------------------------|
| Requested memory      |   8867 KiB | 309748 KiB |   8083 GiB |   8083 GiB |
|---------------------------------------------------------------------------|
| GPU reserved memory   | 479232 KiB | 479232 KiB | 479232 KiB |      0 B   |
|---------------------------------------------------------------------------|
| Non-releasable memory |  13657 KiB | 184425 KiB |   4443 GiB |   4443 GiB |
|---------------------------------------------------------------------------|
| Allocations           |      23    |      56    |    1672 K  |    1672 K  |
|---------------------------------------------------------------------------|
| Active allocs         |      23    |      56    |    1672 K  |    1672 K  |
|---------------------------------------------------------------------------|
| GPU reserved segments |      14    |      14    |      14    |       0    |
|---------------------------------------------------------------------------|
| Non-releasable allocs |      11    |      25    |  654371    |  654360    |
|---------------------------------------------------------------------------|
| Oversize allocations  |       0    |       0    |       0    |       0    |
|---------------------------------------------------------------------------|
| Oversize GPU segments |       0    |       0    |       0    |       0    |
|===========================================================================|


