2025-06-09 01:20:22,211 kilosort.run_kilosort INFO     Kilosort version 4.0.25
2025-06-09 01:20:22,214 kilosort.run_kilosort INFO     Python version 3.9.21
2025-06-09 01:20:22,214 kilosort.run_kilosort INFO     ----------------------------------------
2025-06-09 01:20:22,214 kilosort.run_kilosort INFO     System information:
2025-06-09 01:20:22,215 kilosort.run_kilosort INFO     Linux-4.18.0-477.74.1.el8_8.x86_64-x86_64-with-glibc2.28 x86_64
2025-06-09 01:20:22,215 kilosort.run_kilosort INFO     x86_64
2025-06-09 01:20:22,215 kilosort.run_kilosort INFO     Using GPU for PyTorch computations. Specify `device` to change this.
2025-06-09 01:20:22,216 kilosort.run_kilosort INFO     Using CUDA device: NVIDIA A100-PCIE-40GB 39.50GB
2025-06-09 01:20:22,216 kilosort.run_kilosort INFO     ----------------------------------------
2025-06-09 01:20:22,217 kilosort.run_kilosort INFO     Sorting /home/lss72/palmer_scratch/spike_sort/2014_03_26_Pair_2_0
2025-06-09 01:20:22,217 kilosort.run_kilosort DEBUG    Initial ops:

ops = {
    'n_chan_bin': 32,
    'fs': 30000,
    'batch_size': 60000,
    'nblocks': 1,
    'Th_universal': 9,
    'Th_learned': 8,
    'tmin': 0,
    'tmax': 15,
    'nt': 61,
    'shift': None,
    'scale': None,
    'artifact_threshold': inf,
    'nskip': 25,
    'whitening_range': 32,
    'highpass_cutoff': 300,
    'binning_depth': 5,
    'sig_interp': 20,
    'drift_smoothing': [0.5, 0.5, 0.5],
    'nt0min': 20,
    'dmin': None,
    'dminx': 32,
    'min_template_size': 10,
    'template_sizes': 5,
    'nearest_chans': 10,
    'nearest_templates': 100,
    'max_channel_distance': 32,
    'max_peels': 100,
    'templates_from_data': True,
    'n_templates': 6,
    'n_pcs': 6,
    'Th_single_ch': 6,
    'acg_threshold': 0.2,
    'ccg_threshold': 0.25,
    'cluster_downsampling': 20,
    'x_centers': None,
    'duplicate_spike_ms': 0.25,
    'position_limit': 100,
    'data_dir': PosixPath('/home/lss72/palmer_scratch/spike_sort'),
    'filename': PosixPath('/home/lss72/palmer_scratch/spike_sort/2014_03_26_Pair_2_0'),
    'data_dtype': dtype('float32'),
    'do_CAR': True,
    'invert_sign': False,
    'NTbuff': 60122,
    'Nchan': 32,
    'duplicate_spike_bins': 7,
    'torch_device': 'cuda',
    'save_preprocessed_copy': False
}

2025-06-09 01:20:22,219 kilosort.run_kilosort DEBUG    Probe dictionary:

probe = {
    'chanMap': np.array([ 0,  1,  2,  3,  4,  5,  6,  7,  8,  9, 10, 11, 12, 13, 14, 15, 16,
       17, 18, 19, 20, 21, 22, 23, 24, 25, 26, 27, 28, 29, 30, 31]),
    'xc': np.array([  0.,   0.,  18.,  18.,  18.,  18.,  18.,  18.,   0.,   0.,  18.,
        18.,  18.,  18.,   0.,   0.,   0.,   0., -18., -18., -18., -18.,
         0.,   0., -18., -18., -18., -18., -18., -18.,   0.,   0.],
      dtype=np.float32),
    'yc': np.array([275. , 225. ,  12.5,  37.5,  87.5, 137.5, 187.5, 237.5,  75. ,
        25. , 212.5, 162.5, 112.5,  62.5, 125. , 175. , 150. , 100. ,
        62.5, 112.5, 162.5, 212.5,   0. ,  50. , 237.5, 187.5, 137.5,
        87.5,  37.5,  12.5, 200. , 250. ], dtype=np.float32),
    'kcoords': np.array([0., 0., 0., 0., 0., 0., 0., 0., 0., 0., 0., 0., 0., 0., 0., 0., 0.,
       0., 0., 0., 0., 0., 0., 0., 0., 0., 0., 0., 0., 0., 0., 0.]),
    'n_chan': 32
}

2025-06-09 01:20:22,219 kilosort.run_kilosort INFO      
2025-06-09 01:20:22,220 kilosort.run_kilosort INFO     Computing preprocessing variables.
2025-06-09 01:20:22,220 kilosort.run_kilosort INFO     ----------------------------------------
2025-06-09 01:20:22,222 kilosort.run_kilosort INFO     N samples: 450000
2025-06-09 01:20:22,222 kilosort.run_kilosort INFO     N seconds: 15.0
2025-06-09 01:20:22,223 kilosort.run_kilosort INFO     N batches: 8
2025-06-09 01:20:22,258 kilosort.run_kilosort INFO     Preprocessing filters computed in  0.04s; total  0.04s
2025-06-09 01:20:22,259 kilosort.run_kilosort DEBUG    hp_filter shape: torch.Size([30122])
2025-06-09 01:20:22,259 kilosort.run_kilosort DEBUG    whiten_mat shape: torch.Size([32, 32])
2025-06-09 01:20:22,259 kilosort.run_kilosort INFO      
2025-06-09 01:20:22,259 kilosort.run_kilosort INFO     Resource usage after preprocessing
2025-06-09 01:20:22,260 kilosort.run_kilosort INFO     ********************************************************
2025-06-09 01:20:22,260 kilosort.run_kilosort INFO     CPU usage:    33.40 %
2025-06-09 01:20:22,261 kilosort.run_kilosort INFO     Memory:        5.21 %     |     39.29   /   754.60 GB
2025-06-09 01:20:22,261 kilosort.run_kilosort INFO     ------------------------------------------------------
2025-06-09 01:20:22,261 kilosort.run_kilosort INFO     GPU usage:    `conda install pynvml` for GPU usage
2025-06-09 01:20:22,262 kilosort.run_kilosort INFO     GPU memory:   17.43 %     |      6.89   /    39.50 GB
2025-06-09 01:20:22,262 kilosort.run_kilosort INFO     Allocated:     0.02 %     |      0.01   /    39.50 GB
2025-06-09 01:20:22,263 kilosort.run_kilosort INFO     Max alloc:     0.75 %     |      0.30   /    39.50 GB
2025-06-09 01:20:22,263 kilosort.run_kilosort INFO     ********************************************************
2025-06-09 01:20:22,264 kilosort.run_kilosort INFO      
2025-06-09 01:20:22,265 kilosort.run_kilosort INFO     Computing drift correction.
2025-06-09 01:20:22,265 kilosort.run_kilosort INFO     ----------------------------------------
2025-06-09 01:20:22,265 kilosort.spikedetect INFO     Re-computing universal templates from data.
2025-06-09 01:20:22,309 kilosort.spikedetect INFO     Number of universal templates: 135
2025-06-09 01:20:22,311 kilosort.spikedetect INFO     Detecting spikes...
2025-06-09 01:20:22,314 kilosort.spikedetect DEBUG     
2025-06-09 01:20:22,314 kilosort.spikedetect DEBUG    Batch 0
2025-06-09 01:20:22,314 kilosort.spikedetect DEBUG    ********************************************************
2025-06-09 01:20:22,314 kilosort.spikedetect DEBUG    CPU usage:    52.10 %
2025-06-09 01:20:22,314 kilosort.spikedetect DEBUG    Memory:        5.21 %     |     39.32   /   754.60 GB
2025-06-09 01:20:22,314 kilosort.spikedetect DEBUG    ------------------------------------------------------
2025-06-09 01:20:22,314 kilosort.spikedetect DEBUG    GPU usage:    `conda install pynvml` for GPU usage
2025-06-09 01:20:22,314 kilosort.spikedetect DEBUG    GPU memory:   17.43 %     |      6.89   /    39.50 GB
2025-06-09 01:20:22,315 kilosort.spikedetect DEBUG    Allocated:     0.02 %     |      0.01   /    39.50 GB
2025-06-09 01:20:22,315 kilosort.spikedetect DEBUG    Max alloc:     0.75 %     |      0.30   /    39.50 GB
2025-06-09 01:20:22,315 kilosort.spikedetect DEBUG    ********************************************************
2025-06-09 01:20:22,616 kilosort.spikedetect DEBUG     
2025-06-09 01:20:22,616 kilosort.spikedetect DEBUG    Batch 7
2025-06-09 01:20:22,616 kilosort.spikedetect DEBUG    ********************************************************
2025-06-09 01:20:22,617 kilosort.spikedetect DEBUG    CPU usage:    36.30 %
2025-06-09 01:20:22,617 kilosort.spikedetect DEBUG    Memory:        5.19 %     |     39.16   /   754.60 GB
2025-06-09 01:20:22,617 kilosort.spikedetect DEBUG    ------------------------------------------------------
2025-06-09 01:20:22,617 kilosort.spikedetect DEBUG    GPU usage:    `conda install pynvml` for GPU usage
2025-06-09 01:20:22,617 kilosort.spikedetect DEBUG    GPU memory:   17.43 %     |      6.89   /    39.50 GB
2025-06-09 01:20:22,617 kilosort.spikedetect DEBUG    Allocated:     0.04 %     |      0.02   /    39.50 GB
2025-06-09 01:20:22,617 kilosort.spikedetect DEBUG    Max alloc:     0.75 %     |      0.30   /    39.50 GB
2025-06-09 01:20:22,617 kilosort.spikedetect DEBUG    ********************************************************
2025-06-09 01:20:22,689 kilosort.run_kilosort INFO     drift computed in  0.42s; total  0.47s
2025-06-09 01:20:22,692 kilosort.run_kilosort DEBUG    st shape: (2051, 6)
2025-06-09 01:20:22,692 kilosort.run_kilosort DEBUG    yblk shape: (1,)
2025-06-09 01:20:22,692 kilosort.run_kilosort DEBUG    dshift shape: (8, 1)
2025-06-09 01:20:22,693 kilosort.run_kilosort DEBUG    iKxx shape: torch.Size([32, 32])
2025-06-09 01:20:22,693 kilosort.run_kilosort INFO      
2025-06-09 01:20:22,693 kilosort.run_kilosort INFO     Resource usage after drift correction
2025-06-09 01:20:22,693 kilosort.run_kilosort INFO     ********************************************************
2025-06-09 01:20:22,694 kilosort.run_kilosort INFO     CPU usage:    37.20 %
2025-06-09 01:20:22,694 kilosort.run_kilosort INFO     Memory:        5.19 %     |     39.18   /   754.60 GB
2025-06-09 01:20:22,695 kilosort.run_kilosort INFO     ------------------------------------------------------
2025-06-09 01:20:22,695 kilosort.run_kilosort INFO     GPU usage:    `conda install pynvml` for GPU usage
2025-06-09 01:20:22,696 kilosort.run_kilosort INFO     GPU memory:   17.43 %     |      6.89   /    39.50 GB
2025-06-09 01:20:22,696 kilosort.run_kilosort INFO     Allocated:     0.02 %     |      0.01   /    39.50 GB
2025-06-09 01:20:22,697 kilosort.run_kilosort INFO     Max alloc:     0.75 %     |      0.30   /    39.50 GB
2025-06-09 01:20:22,697 kilosort.run_kilosort INFO     ********************************************************
2025-06-09 01:20:22,698 kilosort.run_kilosort DEBUG    

|===========================================================================|
|                  PyTorch CUDA memory summary, device ID 0                 |
|---------------------------------------------------------------------------|
|            CUDA OOMs: 0            |        cudaMalloc retries: 0         |
|===========================================================================|
|        Metric         | Cur Usage  | Peak Usage | Tot Alloc  | Tot Freed  |
|---------------------------------------------------------------------------|
| Allocated memory      |   8867 KiB | 310173 KiB |  21702 GiB |  21702 GiB |
|---------------------------------------------------------------------------|
| Active memory         |   8867 KiB | 310173 KiB |  21702 GiB |  21702 GiB |
|---------------------------------------------------------------------------|
| Requested memory      |   8864 KiB | 310087 KiB |  21462 GiB |  21462 GiB |
|---------------------------------------------------------------------------|
| GPU reserved memory   | 481280 KiB | 481280 KiB | 481280 KiB |      0 B   |
|---------------------------------------------------------------------------|
| Non-releasable memory |  13660 KiB | 184425 KiB |  11795 GiB |  11795 GiB |
|---------------------------------------------------------------------------|
| Allocations           |      20    |      56    |    4706 K  |    4706 K  |
|---------------------------------------------------------------------------|
| Active allocs         |      20    |      56    |    4706 K  |    4706 K  |
|---------------------------------------------------------------------------|
| GPU reserved segments |      15    |      15    |      15    |       0    |
|---------------------------------------------------------------------------|
| Non-releasable allocs |      11    |      27    |    1924 K  |    1924 K  |
|---------------------------------------------------------------------------|
| Oversize allocations  |       0    |       0    |       0    |       0    |
|---------------------------------------------------------------------------|
| Oversize GPU segments |       0    |       0    |       0    |       0    |
|===========================================================================|


2025-06-09 01:20:22,704 kilosort.run_kilosort DEBUG    First batch min, max: (-19.73767, 10.214595)
2025-06-09 01:20:22,704 kilosort.run_kilosort INFO      
2025-06-09 01:20:22,705 kilosort.run_kilosort INFO     Extracting spikes using templates
2025-06-09 01:20:22,705 kilosort.run_kilosort INFO     ----------------------------------------
2025-06-09 01:20:22,705 kilosort.spikedetect INFO     Re-computing universal templates from data.
2025-06-09 01:20:22,735 kilosort.spikedetect INFO     Number of universal templates: 135
2025-06-09 01:20:22,737 kilosort.spikedetect INFO     Detecting spikes...
2025-06-09 01:20:22,740 kilosort.spikedetect DEBUG     
2025-06-09 01:20:22,740 kilosort.spikedetect DEBUG    Batch 0
2025-06-09 01:20:22,740 kilosort.spikedetect DEBUG    ********************************************************
2025-06-09 01:20:22,740 kilosort.spikedetect DEBUG    CPU usage:    49.70 %
2025-06-09 01:20:22,740 kilosort.spikedetect DEBUG    Memory:        5.20 %     |     39.22   /   754.60 GB
2025-06-09 01:20:22,740 kilosort.spikedetect DEBUG    ------------------------------------------------------
2025-06-09 01:20:22,740 kilosort.spikedetect DEBUG    GPU usage:    `conda install pynvml` for GPU usage
2025-06-09 01:20:22,740 kilosort.spikedetect DEBUG    GPU memory:   17.43 %     |      6.89   /    39.50 GB
2025-06-09 01:20:22,740 kilosort.spikedetect DEBUG    Allocated:     0.02 %     |      0.01   /    39.50 GB
2025-06-09 01:20:22,741 kilosort.spikedetect DEBUG    Max alloc:     0.75 %     |      0.30   /    39.50 GB
2025-06-09 01:20:22,741 kilosort.spikedetect DEBUG    ********************************************************
2025-06-09 01:20:22,968 kilosort.spikedetect DEBUG     
2025-06-09 01:20:22,968 kilosort.spikedetect DEBUG    Batch 7
2025-06-09 01:20:22,968 kilosort.spikedetect DEBUG    ********************************************************
2025-06-09 01:20:22,968 kilosort.spikedetect DEBUG    CPU usage:    36.30 %
2025-06-09 01:20:22,968 kilosort.spikedetect DEBUG    Memory:        5.21 %     |     39.34   /   754.60 GB
2025-06-09 01:20:22,968 kilosort.spikedetect DEBUG    ------------------------------------------------------
2025-06-09 01:20:22,968 kilosort.spikedetect DEBUG    GPU usage:    `conda install pynvml` for GPU usage
2025-06-09 01:20:22,968 kilosort.spikedetect DEBUG    GPU memory:   17.43 %     |      6.89   /    39.50 GB
2025-06-09 01:20:22,969 kilosort.spikedetect DEBUG    Allocated:     0.04 %     |      0.02   /    39.50 GB
2025-06-09 01:20:22,969 kilosort.spikedetect DEBUG    Max alloc:     0.75 %     |      0.30   /    39.50 GB
2025-06-09 01:20:22,969 kilosort.spikedetect DEBUG    ********************************************************
2025-06-09 01:20:22,969 kilosort.run_kilosort INFO     2005 spikes extracted in  0.26s; total  0.75s
2025-06-09 01:20:22,969 kilosort.run_kilosort DEBUG    st0 shape: (2005, 6)
2025-06-09 01:20:22,969 kilosort.run_kilosort DEBUG    tF shape: torch.Size([2005, 10, 6])
2025-06-09 01:20:22,969 kilosort.run_kilosort INFO      
2025-06-09 01:20:22,970 kilosort.run_kilosort INFO     First clustering
2025-06-09 01:20:22,970 kilosort.run_kilosort INFO     ----------------------------------------
2025-06-09 01:20:22,980 kilosort.clustering_qr DEBUG     
2025-06-09 01:20:22,980 kilosort.clustering_qr DEBUG    Cluster center: 0 of 12
2025-06-09 01:20:22,980 kilosort.clustering_qr DEBUG    ********************************************************
2025-06-09 01:20:22,980 kilosort.clustering_qr DEBUG    CPU usage:    43.90 %
2025-06-09 01:20:22,980 kilosort.clustering_qr DEBUG    Memory:        5.21 %     |     39.35   /   754.60 GB
2025-06-09 01:20:22,980 kilosort.clustering_qr DEBUG    ------------------------------------------------------
2025-06-09 01:20:22,980 kilosort.clustering_qr DEBUG    GPU usage:    `conda install pynvml` for GPU usage
2025-06-09 01:20:22,980 kilosort.clustering_qr DEBUG    GPU memory:   17.43 %     |      6.89   /    39.50 GB
2025-06-09 01:20:22,980 kilosort.clustering_qr DEBUG    Allocated:     0.02 %     |      0.01   /    39.50 GB
2025-06-09 01:20:22,981 kilosort.clustering_qr DEBUG    Max alloc:     0.75 %     |      0.30   /    39.50 GB
2025-06-09 01:20:22,981 kilosort.clustering_qr DEBUG    ********************************************************
2025-06-09 01:20:22,983 kilosort.clustering_qr DEBUG    Center 0 | nsp: 318 | ntemp: 12
2025-06-09 01:20:22,986 kilosort.clustering_qr DEBUG    Center 1 | nsp: 236 | ntemp: 12
2025-06-09 01:20:22,988 kilosort.clustering_qr DEBUG    Center 2 | nsp: 117 | ntemp: 12
2025-06-09 01:20:22,990 kilosort.clustering_qr DEBUG    Center 3 | nsp: 78 | ntemp: 12
2025-06-09 01:20:22,992 kilosort.clustering_qr DEBUG    Center 4 | nsp: 108 | ntemp: 12
2025-06-09 01:20:22,994 kilosort.clustering_qr DEBUG    Center 5 | nsp: 112 | ntemp: 12
2025-06-09 01:20:22,996 kilosort.clustering_qr DEBUG    Center 6 | nsp: 224 | ntemp: 12
2025-06-09 01:20:22,998 kilosort.clustering_qr DEBUG    Center 7 | nsp: 95 | ntemp: 12
2025-06-09 01:20:23,001 kilosort.clustering_qr DEBUG    Center 8 | nsp: 217 | ntemp: 12
2025-06-09 01:20:23,003 kilosort.clustering_qr DEBUG    Center 9 | nsp: 245 | ntemp: 12
2025-06-09 01:20:23,003 kilosort.clustering_qr DEBUG     
2025-06-09 01:20:23,003 kilosort.clustering_qr DEBUG    Cluster center: 10 of 12
2025-06-09 01:20:23,003 kilosort.clustering_qr DEBUG    ********************************************************
2025-06-09 01:20:23,004 kilosort.clustering_qr DEBUG    CPU usage:    60.50 %
2025-06-09 01:20:23,004 kilosort.clustering_qr DEBUG    Memory:        5.22 %     |     39.36   /   754.60 GB
2025-06-09 01:20:23,004 kilosort.clustering_qr DEBUG    ------------------------------------------------------
2025-06-09 01:20:23,004 kilosort.clustering_qr DEBUG    GPU usage:    `conda install pynvml` for GPU usage
2025-06-09 01:20:23,004 kilosort.clustering_qr DEBUG    GPU memory:   17.43 %     |      6.89   /    39.50 GB
2025-06-09 01:20:23,004 kilosort.clustering_qr DEBUG    Allocated:     0.02 %     |      0.01   /    39.50 GB
2025-06-09 01:20:23,004 kilosort.clustering_qr DEBUG    Max alloc:     0.75 %     |      0.30   /    39.50 GB
2025-06-09 01:20:23,004 kilosort.clustering_qr DEBUG    ********************************************************
2025-06-09 01:20:23,006 kilosort.clustering_qr DEBUG    Center 10 | nsp: 171 | ntemp: 12
2025-06-09 01:20:23,007 kilosort.clustering_qr DEBUG    Center 11 | nsp: 84 | ntemp: 3
2025-06-09 01:20:23,025 kilosort.run_kilosort INFO     12 clusters found, in  0.06s; total  0.81s
2025-06-09 01:20:23,026 kilosort.run_kilosort DEBUG    clu shape: (2005,)
2025-06-09 01:20:23,026 kilosort.run_kilosort DEBUG    Wall shape: torch.Size([12, 32, 6])
2025-06-09 01:20:23,026 kilosort.run_kilosort INFO      
2025-06-09 01:20:23,026 kilosort.run_kilosort INFO     Extracting spikes using cluster waveforms
2025-06-09 01:20:23,027 kilosort.run_kilosort INFO     ----------------------------------------
2025-06-09 01:20:23,044 kilosort.template_matching DEBUG     
2025-06-09 01:20:23,044 kilosort.template_matching DEBUG    Batch 0
2025-06-09 01:20:23,044 kilosort.template_matching DEBUG    ********************************************************
2025-06-09 01:20:23,044 kilosort.template_matching DEBUG    CPU usage:    47.90 %
2025-06-09 01:20:23,044 kilosort.template_matching DEBUG    Memory:        5.24 %     |     39.54   /   754.60 GB
2025-06-09 01:20:23,044 kilosort.template_matching DEBUG    ------------------------------------------------------
2025-06-09 01:20:23,044 kilosort.template_matching DEBUG    GPU usage:    `conda install pynvml` for GPU usage
2025-06-09 01:20:23,044 kilosort.template_matching DEBUG    GPU memory:   17.43 %     |      6.89   /    39.50 GB
2025-06-09 01:20:23,044 kilosort.template_matching DEBUG    Allocated:     0.02 %     |      0.01   /    39.50 GB
2025-06-09 01:20:23,045 kilosort.template_matching DEBUG    Max alloc:     0.75 %     |      0.30   /    39.50 GB
2025-06-09 01:20:23,045 kilosort.template_matching DEBUG    ********************************************************
2025-06-09 01:20:23,177 kilosort.template_matching DEBUG     
2025-06-09 01:20:23,178 kilosort.template_matching DEBUG    Batch 7
2025-06-09 01:20:23,178 kilosort.template_matching DEBUG    ********************************************************
2025-06-09 01:20:23,178 kilosort.template_matching DEBUG    CPU usage:    36.20 %
2025-06-09 01:20:23,178 kilosort.template_matching DEBUG    Memory:        5.22 %     |     39.38   /   754.60 GB
2025-06-09 01:20:23,178 kilosort.template_matching DEBUG    ------------------------------------------------------
2025-06-09 01:20:23,178 kilosort.template_matching DEBUG    GPU usage:    `conda install pynvml` for GPU usage
2025-06-09 01:20:23,178 kilosort.template_matching DEBUG    GPU memory:   17.43 %     |      6.89   /    39.50 GB
2025-06-09 01:20:23,178 kilosort.template_matching DEBUG    Allocated:     0.06 %     |      0.02   /    39.50 GB
2025-06-09 01:20:23,179 kilosort.template_matching DEBUG    Max alloc:     0.75 %     |      0.30   /    39.50 GB
2025-06-09 01:20:23,179 kilosort.template_matching DEBUG    ********************************************************
2025-06-09 01:20:23,180 kilosort.run_kilosort INFO     2616 spikes extracted in  0.15s; total  0.96s
2025-06-09 01:20:23,184 kilosort.run_kilosort DEBUG    st shape: (2616, 3)
2025-06-09 01:20:23,184 kilosort.run_kilosort DEBUG    tF shape: torch.Size([2616, 10, 6])
2025-06-09 01:20:23,184 kilosort.run_kilosort DEBUG    iCC shape: torch.Size([10, 32])
2025-06-09 01:20:23,184 kilosort.run_kilosort DEBUG    iU shape: torch.Size([12])
2025-06-09 01:20:23,184 kilosort.run_kilosort INFO      
2025-06-09 01:20:23,184 kilosort.run_kilosort INFO     Resource usage after spike detection
2025-06-09 01:20:23,184 kilosort.run_kilosort INFO     ********************************************************
2025-06-09 01:20:23,185 kilosort.run_kilosort INFO     CPU usage:    52.00 %
2025-06-09 01:20:23,185 kilosort.run_kilosort INFO     Memory:        5.19 %     |     39.15   /   754.60 GB
2025-06-09 01:20:23,186 kilosort.run_kilosort INFO     ------------------------------------------------------
2025-06-09 01:20:23,186 kilosort.run_kilosort INFO     GPU usage:    `conda install pynvml` for GPU usage
2025-06-09 01:20:23,187 kilosort.run_kilosort INFO     GPU memory:   17.43 %     |      6.89   /    39.50 GB
2025-06-09 01:20:23,187 kilosort.run_kilosort INFO     Allocated:     0.02 %     |      0.01   /    39.50 GB
2025-06-09 01:20:23,188 kilosort.run_kilosort INFO     Max alloc:     0.75 %     |      0.30   /    39.50 GB
2025-06-09 01:20:23,188 kilosort.run_kilosort INFO     ********************************************************
2025-06-09 01:20:23,188 kilosort.run_kilosort DEBUG    

|===========================================================================|
|                  PyTorch CUDA memory summary, device ID 0                 |
|---------------------------------------------------------------------------|
|            CUDA OOMs: 0            |        cudaMalloc retries: 0         |
|===========================================================================|
|        Metric         | Cur Usage  | Peak Usage | Tot Alloc  | Tot Freed  |
|---------------------------------------------------------------------------|
| Allocated memory      |   8880 KiB | 310173 KiB |  21767 GiB |  21767 GiB |
|---------------------------------------------------------------------------|
| Active memory         |   8880 KiB | 310173 KiB |  21767 GiB |  21767 GiB |
|---------------------------------------------------------------------------|
| Requested memory      |   8876 KiB | 310087 KiB |  21527 GiB |  21527 GiB |
|---------------------------------------------------------------------------|
| GPU reserved memory   | 481280 KiB | 481280 KiB | 481280 KiB |      0 B   |
|---------------------------------------------------------------------------|
| Non-releasable memory |  13648 KiB | 184425 KiB |  11828 GiB |  11828 GiB |
|---------------------------------------------------------------------------|
| Allocations           |      24    |      56    |    4716 K  |    4716 K  |
|---------------------------------------------------------------------------|
| Active allocs         |      24    |      56    |    4716 K  |    4716 K  |
|---------------------------------------------------------------------------|
| GPU reserved segments |      15    |      15    |      15    |       0    |
|---------------------------------------------------------------------------|
| Non-releasable allocs |      14    |      27    |    1928 K  |    1928 K  |
|---------------------------------------------------------------------------|
| Oversize allocations  |       0    |       0    |       0    |       0    |
|---------------------------------------------------------------------------|
| Oversize GPU segments |       0    |       0    |       0    |       0    |
|===========================================================================|


2025-06-09 01:20:23,189 kilosort.run_kilosort INFO      
2025-06-09 01:20:23,189 kilosort.run_kilosort INFO     Final clustering
2025-06-09 01:20:23,189 kilosort.run_kilosort INFO     ----------------------------------------
2025-06-09 01:20:23,199 kilosort.clustering_qr DEBUG     
2025-06-09 01:20:23,199 kilosort.clustering_qr DEBUG    Cluster center: 0 of 12
2025-06-09 01:20:23,199 kilosort.clustering_qr DEBUG    ********************************************************
2025-06-09 01:20:23,199 kilosort.clustering_qr DEBUG    CPU usage:    44.20 %
2025-06-09 01:20:23,200 kilosort.clustering_qr DEBUG    Memory:        5.19 %     |     39.15   /   754.60 GB
2025-06-09 01:20:23,200 kilosort.clustering_qr DEBUG    ------------------------------------------------------
2025-06-09 01:20:23,200 kilosort.clustering_qr DEBUG    GPU usage:    `conda install pynvml` for GPU usage
2025-06-09 01:20:23,200 kilosort.clustering_qr DEBUG    GPU memory:   17.43 %     |      6.89   /    39.50 GB
2025-06-09 01:20:23,200 kilosort.clustering_qr DEBUG    Allocated:     0.02 %     |      0.01   /    39.50 GB
2025-06-09 01:20:23,200 kilosort.clustering_qr DEBUG    Max alloc:     0.75 %     |      0.30   /    39.50 GB
2025-06-09 01:20:23,200 kilosort.clustering_qr DEBUG    ********************************************************
2025-06-09 01:20:23,201 kilosort.clustering_qr DEBUG    Center 0 | nsp: 428 | ntemp: 1
2025-06-09 01:20:23,202 kilosort.clustering_qr DEBUG    Center 1 | nsp: 163 | ntemp: 1
2025-06-09 01:20:23,203 kilosort.clustering_qr DEBUG    Center 2 | nsp: 71 | ntemp: 1
2025-06-09 01:20:23,204 kilosort.clustering_qr DEBUG    Center 3 | nsp: 175 | ntemp: 1
2025-06-09 01:20:23,205 kilosort.clustering_qr DEBUG    Center 4 | nsp: 118 | ntemp: 1
2025-06-09 01:20:23,206 kilosort.clustering_qr DEBUG    Center 5 | nsp: 154 | ntemp: 1
2025-06-09 01:20:23,207 kilosort.clustering_qr DEBUG    Center 6 | nsp: 236 | ntemp: 1
2025-06-09 01:20:23,208 kilosort.clustering_qr DEBUG    Center 7 | nsp: 150 | ntemp: 1
2025-06-09 01:20:23,209 kilosort.clustering_qr DEBUG    Center 8 | nsp: 232 | ntemp: 1
2025-06-09 01:20:23,210 kilosort.clustering_qr DEBUG    Center 9 | nsp: 237 | ntemp: 1
2025-06-09 01:20:23,210 kilosort.clustering_qr DEBUG     
2025-06-09 01:20:23,210 kilosort.clustering_qr DEBUG    Cluster center: 10 of 12
2025-06-09 01:20:23,210 kilosort.clustering_qr DEBUG    ********************************************************
2025-06-09 01:20:23,210 kilosort.clustering_qr DEBUG    CPU usage:    57.50 %
2025-06-09 01:20:23,210 kilosort.clustering_qr DEBUG    Memory:        5.19 %     |     39.15   /   754.60 GB
2025-06-09 01:20:23,210 kilosort.clustering_qr DEBUG    ------------------------------------------------------
2025-06-09 01:20:23,210 kilosort.clustering_qr DEBUG    GPU usage:    `conda install pynvml` for GPU usage
2025-06-09 01:20:23,211 kilosort.clustering_qr DEBUG    GPU memory:   17.43 %     |      6.89   /    39.50 GB
2025-06-09 01:20:23,211 kilosort.clustering_qr DEBUG    Allocated:     0.02 %     |      0.01   /    39.50 GB
2025-06-09 01:20:23,211 kilosort.clustering_qr DEBUG    Max alloc:     0.75 %     |      0.30   /    39.50 GB
2025-06-09 01:20:23,211 kilosort.clustering_qr DEBUG    ********************************************************
2025-06-09 01:20:23,211 kilosort.clustering_qr DEBUG    Center 10 | nsp: 0 | ntemp: 0
2025-06-09 01:20:23,212 kilosort.clustering_qr DEBUG    Center 11 | nsp: 652 | ntemp: 2
2025-06-09 01:20:23,218 kilosort.run_kilosort INFO     11 clusters found, in  0.03s; total  1.00s
2025-06-09 01:20:23,218 kilosort.run_kilosort DEBUG    clu shape: (2616,)
2025-06-09 01:20:23,218 kilosort.run_kilosort DEBUG    Wall shape: torch.Size([11, 32, 6])
2025-06-09 01:20:23,218 kilosort.run_kilosort INFO      
2025-06-09 01:20:23,219 kilosort.run_kilosort INFO     Merging clusters
2025-06-09 01:20:23,219 kilosort.run_kilosort INFO     ----------------------------------------
2025-06-09 01:20:23,222 kilosort.run_kilosort INFO     11 units found, in  0.00s; total  1.01s
2025-06-09 01:20:23,223 kilosort.run_kilosort DEBUG    clu shape: (2616,)
2025-06-09 01:20:23,223 kilosort.run_kilosort DEBUG    Wall shape: torch.Size([11, 32, 6])
2025-06-09 01:20:23,223 kilosort.run_kilosort INFO      
2025-06-09 01:20:23,223 kilosort.run_kilosort INFO     Resource usage after clustering
2025-06-09 01:20:23,224 kilosort.run_kilosort INFO     ********************************************************
2025-06-09 01:20:23,224 kilosort.run_kilosort INFO     CPU usage:    46.90 %
2025-06-09 01:20:23,225 kilosort.run_kilosort INFO     Memory:        5.19 %     |     39.15   /   754.60 GB
2025-06-09 01:20:23,225 kilosort.run_kilosort INFO     ------------------------------------------------------
2025-06-09 01:20:23,225 kilosort.run_kilosort INFO     GPU usage:    `conda install pynvml` for GPU usage
2025-06-09 01:20:23,226 kilosort.run_kilosort INFO     GPU memory:   17.43 %     |      6.89   /    39.50 GB
2025-06-09 01:20:23,227 kilosort.run_kilosort INFO     Allocated:     0.02 %     |      0.01   /    39.50 GB
2025-06-09 01:20:23,228 kilosort.run_kilosort INFO     Max alloc:     0.75 %     |      0.30   /    39.50 GB
2025-06-09 01:20:23,228 kilosort.run_kilosort INFO     ********************************************************
2025-06-09 01:20:23,229 kilosort.run_kilosort DEBUG    

|===========================================================================|
|                  PyTorch CUDA memory summary, device ID 0                 |
|---------------------------------------------------------------------------|
|            CUDA OOMs: 0            |        cudaMalloc retries: 0         |
|===========================================================================|
|        Metric         | Cur Usage  | Peak Usage | Tot Alloc  | Tot Freed  |
|---------------------------------------------------------------------------|
| Allocated memory      |   8871 KiB | 310173 KiB |  21767 GiB |  21767 GiB |
|---------------------------------------------------------------------------|
| Active memory         |   8871 KiB | 310173 KiB |  21767 GiB |  21767 GiB |
|---------------------------------------------------------------------------|
| Requested memory      |   8867 KiB | 310087 KiB |  21527 GiB |  21527 GiB |
|---------------------------------------------------------------------------|
| GPU reserved memory   | 481280 KiB | 481280 KiB | 481280 KiB |      0 B   |
|---------------------------------------------------------------------------|
| Non-releasable memory |  13657 KiB | 184425 KiB |  11828 GiB |  11828 GiB |
|---------------------------------------------------------------------------|
| Allocations           |      23    |      56    |    4717 K  |    4717 K  |
|---------------------------------------------------------------------------|
| Active allocs         |      23    |      56    |    4717 K  |    4717 K  |
|---------------------------------------------------------------------------|
| GPU reserved segments |      15    |      15    |      15    |       0    |
|---------------------------------------------------------------------------|
| Non-releasable allocs |      14    |      27    |    1928 K  |    1928 K  |
|---------------------------------------------------------------------------|
| Oversize allocations  |       0    |       0    |       0    |       0    |
|---------------------------------------------------------------------------|
| Oversize GPU segments |       0    |       0    |       0    |       0    |
|===========================================================================|


2025-06-09 01:20:23,229 kilosort.run_kilosort INFO      
2025-06-09 01:20:23,229 kilosort.run_kilosort INFO     Saving to phy and computing refractory periods
2025-06-09 01:20:23,229 kilosort.run_kilosort INFO     ----------------------------------------
2025-06-09 01:20:23,335 kilosort.run_kilosort INFO     0 units found with good refractory periods
2025-06-09 01:20:23,336 kilosort.run_kilosort INFO     Total runtime: 1.12s = 00:00:1 h:m:s
2025-06-09 01:20:23,341 kilosort.run_kilosort INFO     Sorting output saved in: /home/lss72/palmer_scratch/spike_sort/kilosort4.
2025-06-09 01:20:23,342 kilosort.run_kilosort INFO      
2025-06-09 01:20:23,342 kilosort.run_kilosort INFO     Resource usage after saving
2025-06-09 01:20:23,342 kilosort.run_kilosort INFO     ********************************************************
2025-06-09 01:20:23,343 kilosort.run_kilosort INFO     CPU usage:    40.60 %
2025-06-09 01:20:23,343 kilosort.run_kilosort INFO     Memory:        5.19 %     |     39.17   /   754.60 GB
2025-06-09 01:20:23,344 kilosort.run_kilosort INFO     ------------------------------------------------------
2025-06-09 01:20:23,344 kilosort.run_kilosort INFO     GPU usage:    `conda install pynvml` for GPU usage
2025-06-09 01:20:23,344 kilosort.run_kilosort INFO     GPU memory:   17.43 %     |      6.89   /    39.50 GB
2025-06-09 01:20:23,345 kilosort.run_kilosort INFO     Allocated:     0.02 %     |      0.01   /    39.50 GB
2025-06-09 01:20:23,345 kilosort.run_kilosort INFO     Max alloc:     0.75 %     |      0.30   /    39.50 GB
2025-06-09 01:20:23,346 kilosort.run_kilosort INFO     ********************************************************
2025-06-09 01:20:23,346 kilosort.run_kilosort DEBUG    

|===========================================================================|
|                  PyTorch CUDA memory summary, device ID 0                 |
|---------------------------------------------------------------------------|
|            CUDA OOMs: 0            |        cudaMalloc retries: 0         |
|===========================================================================|
|        Metric         | Cur Usage  | Peak Usage | Tot Alloc  | Tot Freed  |
|---------------------------------------------------------------------------|
| Allocated memory      |   8871 KiB | 310173 KiB |  21767 GiB |  21767 GiB |
|---------------------------------------------------------------------------|
| Active memory         |   8871 KiB | 310173 KiB |  21767 GiB |  21767 GiB |
|---------------------------------------------------------------------------|
| Requested memory      |   8867 KiB | 310087 KiB |  21527 GiB |  21527 GiB |
|---------------------------------------------------------------------------|
| GPU reserved memory   | 481280 KiB | 481280 KiB | 481280 KiB |      0 B   |
|---------------------------------------------------------------------------|
| Non-releasable memory |  13657 KiB | 184425 KiB |  11828 GiB |  11828 GiB |
|---------------------------------------------------------------------------|
| Allocations           |      23    |      56    |    4717 K  |    4717 K  |
|---------------------------------------------------------------------------|
| Active allocs         |      23    |      56    |    4717 K  |    4717 K  |
|---------------------------------------------------------------------------|
| GPU reserved segments |      15    |      15    |      15    |       0    |
|---------------------------------------------------------------------------|
| Non-releasable allocs |      14    |      27    |    1928 K  |    1928 K  |
|---------------------------------------------------------------------------|
| Oversize allocations  |       0    |       0    |       0    |       0    |
|---------------------------------------------------------------------------|
| Oversize GPU segments |       0    |       0    |       0    |       0    |
|===========================================================================|


