2025-06-09 01:48:30,827 kilosort.run_kilosort INFO     Kilosort version 4.0.25
2025-06-09 01:48:30,830 kilosort.run_kilosort INFO     Python version 3.9.21
2025-06-09 01:48:30,830 kilosort.run_kilosort INFO     ----------------------------------------
2025-06-09 01:48:30,830 kilosort.run_kilosort INFO     System information:
2025-06-09 01:48:30,831 kilosort.run_kilosort INFO     Linux-4.18.0-477.74.1.el8_8.x86_64-x86_64-with-glibc2.28 x86_64
2025-06-09 01:48:30,831 kilosort.run_kilosort INFO     x86_64
2025-06-09 01:48:30,831 kilosort.run_kilosort INFO     Using GPU for PyTorch computations. Specify `device` to change this.
2025-06-09 01:48:30,832 kilosort.run_kilosort INFO     Using CUDA device: NVIDIA A100-PCIE-40GB 39.50GB
2025-06-09 01:48:30,832 kilosort.run_kilosort INFO     ----------------------------------------
2025-06-09 01:48:30,832 kilosort.run_kilosort INFO     Sorting /home/lss72/palmer_scratch/spike_sort/2014_11_25_Pair_3_0
2025-06-09 01:48:30,833 kilosort.run_kilosort DEBUG    Initial ops:

ops = {
    'n_chan_bin': 32,
    'fs': 30000,
    'batch_size': 60000,
    'nblocks': 1,
    'Th_universal': 9,
    'Th_learned': 8,
    'tmin': 0,
    'tmax': 45,
    'nt': 61,
    'shift': None,
    'scale': None,
    'artifact_threshold': inf,
    'nskip': 25,
    'whitening_range': 32,
    'highpass_cutoff': 300,
    'binning_depth': 5,
    'sig_interp': 20,
    'drift_smoothing': [0.5, 0.5, 0.5],
    'nt0min': 20,
    'dmin': None,
    'dminx': 32,
    'min_template_size': 10,
    'template_sizes': 5,
    'nearest_chans': 10,
    'nearest_templates': 100,
    'max_channel_distance': 32,
    'max_peels': 100,
    'templates_from_data': True,
    'n_templates': 6,
    'n_pcs': 6,
    'Th_single_ch': 6,
    'acg_threshold': 0.2,
    'ccg_threshold': 0.25,
    'cluster_downsampling': 20,
    'x_centers': None,
    'duplicate_spike_ms': 0.25,
    'position_limit': 100,
    'data_dir': PosixPath('/home/lss72/palmer_scratch/spike_sort'),
    'filename': PosixPath('/home/lss72/palmer_scratch/spike_sort/2014_11_25_Pair_3_0'),
    'data_dtype': dtype('uint16'),
    'do_CAR': True,
    'invert_sign': False,
    'NTbuff': 60122,
    'Nchan': 32,
    'duplicate_spike_bins': 7,
    'torch_device': 'cuda',
    'save_preprocessed_copy': False
}

2025-06-09 01:48:30,835 kilosort.run_kilosort DEBUG    Probe dictionary:

probe = {
    'chanMap': np.array([ 0,  1,  2,  3,  4,  5,  6,  7,  8,  9, 10, 11, 12, 13, 14, 15, 16,
       17, 18, 19, 20, 21, 22, 23, 24, 25, 26, 27, 28, 29, 30, 31]),
    'xc': np.array([  0.,   0.,  18.,  18.,  18.,  18.,  18.,  18.,   0.,   0.,  18.,
        18.,  18.,  18.,   0.,   0.,   0.,   0., -18., -18., -18., -18.,
         0.,   0., -18., -18., -18., -18., -18., -18.,   0.,   0.],
      dtype=np.float32),
    'yc': np.array([275. , 225. ,  12.5,  37.5,  87.5, 137.5, 187.5, 237.5,  75. ,
        25. , 212.5, 162.5, 112.5,  62.5, 125. , 175. , 150. , 100. ,
        62.5, 112.5, 162.5, 212.5,   0. ,  50. , 237.5, 187.5, 137.5,
        87.5,  37.5,  12.5, 200. , 250. ], dtype=np.float32),
    'kcoords': np.array([0., 0., 0., 0., 0., 0., 0., 0., 0., 0., 0., 0., 0., 0., 0., 0., 0.,
       0., 0., 0., 0., 0., 0., 0., 0., 0., 0., 0., 0., 0., 0., 0.]),
    'n_chan': 32
}

2025-06-09 01:48:30,835 kilosort.run_kilosort INFO      
2025-06-09 01:48:30,836 kilosort.run_kilosort INFO     Computing preprocessing variables.
2025-06-09 01:48:30,836 kilosort.run_kilosort INFO     ----------------------------------------
2025-06-09 01:48:30,838 kilosort.run_kilosort INFO     N samples: 1350000
2025-06-09 01:48:30,838 kilosort.run_kilosort INFO     N seconds: 45.0
2025-06-09 01:48:30,839 kilosort.run_kilosort INFO     N batches: 23
2025-06-09 01:48:30,877 kilosort.run_kilosort INFO     Preprocessing filters computed in  0.04s; total  0.04s
2025-06-09 01:48:30,877 kilosort.run_kilosort DEBUG    hp_filter shape: torch.Size([30122])
2025-06-09 01:48:30,877 kilosort.run_kilosort DEBUG    whiten_mat shape: torch.Size([32, 32])
2025-06-09 01:48:30,877 kilosort.run_kilosort INFO      
2025-06-09 01:48:30,878 kilosort.run_kilosort INFO     Resource usage after preprocessing
2025-06-09 01:48:30,878 kilosort.run_kilosort INFO     ********************************************************
2025-06-09 01:48:30,879 kilosort.run_kilosort INFO     CPU usage:    33.30 %
2025-06-09 01:48:30,879 kilosort.run_kilosort INFO     Memory:        5.67 %     |     42.80   /   754.60 GB
2025-06-09 01:48:30,879 kilosort.run_kilosort INFO     ------------------------------------------------------
2025-06-09 01:48:30,880 kilosort.run_kilosort INFO     GPU usage:    `conda install pynvml` for GPU usage
2025-06-09 01:48:30,880 kilosort.run_kilosort INFO     GPU memory:   17.43 %     |      6.89   /    39.50 GB
2025-06-09 01:48:30,881 kilosort.run_kilosort INFO     Allocated:     0.02 %     |      0.01   /    39.50 GB
2025-06-09 01:48:30,881 kilosort.run_kilosort INFO     Max alloc:     0.75 %     |      0.30   /    39.50 GB
2025-06-09 01:48:30,882 kilosort.run_kilosort INFO     ********************************************************
2025-06-09 01:48:30,889 kilosort.run_kilosort INFO      
2025-06-09 01:48:30,890 kilosort.run_kilosort INFO     Computing drift correction.
2025-06-09 01:48:30,890 kilosort.run_kilosort INFO     ----------------------------------------
2025-06-09 01:48:30,890 kilosort.spikedetect INFO     Re-computing universal templates from data.
2025-06-09 01:48:30,923 kilosort.spikedetect INFO     Number of universal templates: 135
2025-06-09 01:48:30,926 kilosort.spikedetect INFO     Detecting spikes...
2025-06-09 01:48:30,928 kilosort.spikedetect DEBUG     
2025-06-09 01:48:30,929 kilosort.spikedetect DEBUG    Batch 0
2025-06-09 01:48:30,929 kilosort.spikedetect DEBUG    ********************************************************
2025-06-09 01:48:30,929 kilosort.spikedetect DEBUG    CPU usage:    47.50 %
2025-06-09 01:48:30,929 kilosort.spikedetect DEBUG    Memory:        5.67 %     |     42.75   /   754.60 GB
2025-06-09 01:48:30,929 kilosort.spikedetect DEBUG    ------------------------------------------------------
2025-06-09 01:48:30,929 kilosort.spikedetect DEBUG    GPU usage:    `conda install pynvml` for GPU usage
2025-06-09 01:48:30,929 kilosort.spikedetect DEBUG    GPU memory:   17.43 %     |      6.89   /    39.50 GB
2025-06-09 01:48:30,929 kilosort.spikedetect DEBUG    Allocated:     0.02 %     |      0.01   /    39.50 GB
2025-06-09 01:48:30,929 kilosort.spikedetect DEBUG    Max alloc:     0.75 %     |      0.30   /    39.50 GB
2025-06-09 01:48:30,929 kilosort.spikedetect DEBUG    ********************************************************
2025-06-09 01:48:31,686 kilosort.spikedetect DEBUG     
2025-06-09 01:48:31,686 kilosort.spikedetect DEBUG    Batch 22
2025-06-09 01:48:31,686 kilosort.spikedetect DEBUG    ********************************************************
2025-06-09 01:48:31,687 kilosort.spikedetect DEBUG    CPU usage:    36.20 %
2025-06-09 01:48:31,687 kilosort.spikedetect DEBUG    Memory:        5.67 %     |     42.81   /   754.60 GB
2025-06-09 01:48:31,687 kilosort.spikedetect DEBUG    ------------------------------------------------------
2025-06-09 01:48:31,687 kilosort.spikedetect DEBUG    GPU usage:    `conda install pynvml` for GPU usage
2025-06-09 01:48:31,687 kilosort.spikedetect DEBUG    GPU memory:   17.43 %     |      6.89   /    39.50 GB
2025-06-09 01:48:31,687 kilosort.spikedetect DEBUG    Allocated:     0.04 %     |      0.02   /    39.50 GB
2025-06-09 01:48:31,687 kilosort.spikedetect DEBUG    Max alloc:     0.75 %     |      0.30   /    39.50 GB
2025-06-09 01:48:31,687 kilosort.spikedetect DEBUG    ********************************************************
2025-06-09 01:48:31,761 kilosort.run_kilosort INFO     drift computed in  0.87s; total  0.93s
2025-06-09 01:48:31,765 kilosort.run_kilosort DEBUG    st shape: (4897, 6)
2025-06-09 01:48:31,765 kilosort.run_kilosort DEBUG    yblk shape: (1,)
2025-06-09 01:48:31,765 kilosort.run_kilosort DEBUG    dshift shape: (23, 1)
2025-06-09 01:48:31,765 kilosort.run_kilosort DEBUG    iKxx shape: torch.Size([32, 32])
2025-06-09 01:48:31,765 kilosort.run_kilosort INFO      
2025-06-09 01:48:31,765 kilosort.run_kilosort INFO     Resource usage after drift correction
2025-06-09 01:48:31,766 kilosort.run_kilosort INFO     ********************************************************
2025-06-09 01:48:31,767 kilosort.run_kilosort INFO     CPU usage:    37.20 %
2025-06-09 01:48:31,767 kilosort.run_kilosort INFO     Memory:        5.67 %     |     42.76   /   754.60 GB
2025-06-09 01:48:31,767 kilosort.run_kilosort INFO     ------------------------------------------------------
2025-06-09 01:48:31,768 kilosort.run_kilosort INFO     GPU usage:    `conda install pynvml` for GPU usage
2025-06-09 01:48:31,768 kilosort.run_kilosort INFO     GPU memory:   17.43 %     |      6.89   /    39.50 GB
2025-06-09 01:48:31,769 kilosort.run_kilosort INFO     Allocated:     0.02 %     |      0.01   /    39.50 GB
2025-06-09 01:48:31,769 kilosort.run_kilosort INFO     Max alloc:     0.75 %     |      0.30   /    39.50 GB
2025-06-09 01:48:31,770 kilosort.run_kilosort INFO     ********************************************************
2025-06-09 01:48:31,770 kilosort.run_kilosort DEBUG    

|===========================================================================|
|                  PyTorch CUDA memory summary, device ID 0                 |
|---------------------------------------------------------------------------|
|            CUDA OOMs: 0            |        cudaMalloc retries: 0         |
|===========================================================================|
|        Metric         | Cur Usage  | Peak Usage | Tot Alloc  | Tot Freed  |
|---------------------------------------------------------------------------|
| Allocated memory      |   9143 KiB | 310277 KiB |  29941 GiB |  29941 GiB |
|---------------------------------------------------------------------------|
| Active memory         |   9143 KiB | 310277 KiB |  29941 GiB |  29941 GiB |
|---------------------------------------------------------------------------|
| Requested memory      |   9138 KiB | 310188 KiB |  29611 GiB |  29611 GiB |
|---------------------------------------------------------------------------|
| GPU reserved memory   | 481280 KiB | 481280 KiB | 481280 KiB |      0 B   |
|---------------------------------------------------------------------------|
| Non-releasable memory |  13385 KiB | 184425 KiB |  16321 GiB |  16321 GiB |
|---------------------------------------------------------------------------|
| Allocations           |      31    |      67    |    6351 K  |    6351 K  |
|---------------------------------------------------------------------------|
| Active allocs         |      31    |      67    |    6351 K  |    6351 K  |
|---------------------------------------------------------------------------|
| GPU reserved segments |      15    |      15    |      15    |       0    |
|---------------------------------------------------------------------------|
| Non-releasable allocs |      11    |      27    |    2566 K  |    2566 K  |
|---------------------------------------------------------------------------|
| Oversize allocations  |       0    |       0    |       0    |       0    |
|---------------------------------------------------------------------------|
| Oversize GPU segments |       0    |       0    |       0    |       0    |
|===========================================================================|


2025-06-09 01:48:31,778 kilosort.run_kilosort DEBUG    First batch min, max: (-15.443226, 9.3623295)
2025-06-09 01:48:31,778 kilosort.run_kilosort INFO      
2025-06-09 01:48:31,779 kilosort.run_kilosort INFO     Extracting spikes using templates
2025-06-09 01:48:31,779 kilosort.run_kilosort INFO     ----------------------------------------
2025-06-09 01:48:31,779 kilosort.spikedetect INFO     Re-computing universal templates from data.
2025-06-09 01:48:31,812 kilosort.spikedetect INFO     Number of universal templates: 135
2025-06-09 01:48:31,817 kilosort.spikedetect INFO     Detecting spikes...
2025-06-09 01:48:31,818 kilosort.spikedetect DEBUG     
2025-06-09 01:48:31,818 kilosort.spikedetect DEBUG    Batch 0
2025-06-09 01:48:31,818 kilosort.spikedetect DEBUG    ********************************************************
2025-06-09 01:48:31,819 kilosort.spikedetect DEBUG    CPU usage:    47.10 %
2025-06-09 01:48:31,819 kilosort.spikedetect DEBUG    Memory:        5.67 %     |     42.77   /   754.60 GB
2025-06-09 01:48:31,819 kilosort.spikedetect DEBUG    ------------------------------------------------------
2025-06-09 01:48:31,819 kilosort.spikedetect DEBUG    GPU usage:    `conda install pynvml` for GPU usage
2025-06-09 01:48:31,819 kilosort.spikedetect DEBUG    GPU memory:   17.43 %     |      6.89   /    39.50 GB
2025-06-09 01:48:31,819 kilosort.spikedetect DEBUG    Allocated:     0.02 %     |      0.01   /    39.50 GB
2025-06-09 01:48:31,819 kilosort.spikedetect DEBUG    Max alloc:     0.75 %     |      0.30   /    39.50 GB
2025-06-09 01:48:31,819 kilosort.spikedetect DEBUG    ********************************************************
2025-06-09 01:48:32,523 kilosort.spikedetect DEBUG     
2025-06-09 01:48:32,523 kilosort.spikedetect DEBUG    Batch 22
2025-06-09 01:48:32,523 kilosort.spikedetect DEBUG    ********************************************************
2025-06-09 01:48:32,523 kilosort.spikedetect DEBUG    CPU usage:    36.20 %
2025-06-09 01:48:32,523 kilosort.spikedetect DEBUG    Memory:        5.67 %     |     42.79   /   754.60 GB
2025-06-09 01:48:32,523 kilosort.spikedetect DEBUG    ------------------------------------------------------
2025-06-09 01:48:32,523 kilosort.spikedetect DEBUG    GPU usage:    `conda install pynvml` for GPU usage
2025-06-09 01:48:32,523 kilosort.spikedetect DEBUG    GPU memory:   17.43 %     |      6.89   /    39.50 GB
2025-06-09 01:48:32,524 kilosort.spikedetect DEBUG    Allocated:     0.04 %     |      0.02   /    39.50 GB
2025-06-09 01:48:32,524 kilosort.spikedetect DEBUG    Max alloc:     0.75 %     |      0.30   /    39.50 GB
2025-06-09 01:48:32,524 kilosort.spikedetect DEBUG    ********************************************************
2025-06-09 01:48:32,524 kilosort.run_kilosort INFO     4867 spikes extracted in  0.75s; total  1.69s
2025-06-09 01:48:32,524 kilosort.run_kilosort DEBUG    st0 shape: (4867, 6)
2025-06-09 01:48:32,524 kilosort.run_kilosort DEBUG    tF shape: torch.Size([4867, 10, 6])
2025-06-09 01:48:32,524 kilosort.run_kilosort INFO      
2025-06-09 01:48:32,525 kilosort.run_kilosort INFO     First clustering
2025-06-09 01:48:32,525 kilosort.run_kilosort INFO     ----------------------------------------
2025-06-09 01:48:32,535 kilosort.clustering_qr DEBUG     
2025-06-09 01:48:32,535 kilosort.clustering_qr DEBUG    Cluster center: 0 of 12
2025-06-09 01:48:32,535 kilosort.clustering_qr DEBUG    ********************************************************
2025-06-09 01:48:32,535 kilosort.clustering_qr DEBUG    CPU usage:    45.50 %
2025-06-09 01:48:32,536 kilosort.clustering_qr DEBUG    Memory:        5.67 %     |     42.79   /   754.60 GB
2025-06-09 01:48:32,536 kilosort.clustering_qr DEBUG    ------------------------------------------------------
2025-06-09 01:48:32,536 kilosort.clustering_qr DEBUG    GPU usage:    `conda install pynvml` for GPU usage
2025-06-09 01:48:32,536 kilosort.clustering_qr DEBUG    GPU memory:   17.43 %     |      6.89   /    39.50 GB
2025-06-09 01:48:32,536 kilosort.clustering_qr DEBUG    Allocated:     0.02 %     |      0.01   /    39.50 GB
2025-06-09 01:48:32,536 kilosort.clustering_qr DEBUG    Max alloc:     0.75 %     |      0.30   /    39.50 GB
2025-06-09 01:48:32,536 kilosort.clustering_qr DEBUG    ********************************************************
2025-06-09 01:48:32,554 kilosort.clustering_qr DEBUG    Center 0 | nsp: 758 | ntemp: 12
2025-06-09 01:48:32,556 kilosort.clustering_qr DEBUG    Center 1 | nsp: 393 | ntemp: 12
2025-06-09 01:48:32,559 kilosort.clustering_qr DEBUG    Center 2 | nsp: 378 | ntemp: 12
2025-06-09 01:48:32,561 kilosort.clustering_qr DEBUG    Center 3 | nsp: 446 | ntemp: 12
2025-06-09 01:48:32,563 kilosort.clustering_qr DEBUG    Center 4 | nsp: 64 | ntemp: 12
2025-06-09 01:48:32,565 kilosort.clustering_qr DEBUG    Center 5 | nsp: 600 | ntemp: 12
2025-06-09 01:48:32,568 kilosort.clustering_qr DEBUG    Center 6 | nsp: 371 | ntemp: 12
2025-06-09 01:48:32,570 kilosort.clustering_qr DEBUG    Center 7 | nsp: 47 | ntemp: 12
2025-06-09 01:48:32,572 kilosort.clustering_qr DEBUG    Center 8 | nsp: 315 | ntemp: 12
2025-06-09 01:48:32,574 kilosort.clustering_qr DEBUG    Center 9 | nsp: 392 | ntemp: 12
2025-06-09 01:48:32,575 kilosort.clustering_qr DEBUG     
2025-06-09 01:48:32,575 kilosort.clustering_qr DEBUG    Cluster center: 10 of 12
2025-06-09 01:48:32,575 kilosort.clustering_qr DEBUG    ********************************************************
2025-06-09 01:48:32,575 kilosort.clustering_qr DEBUG    CPU usage:    59.30 %
2025-06-09 01:48:32,575 kilosort.clustering_qr DEBUG    Memory:        5.67 %     |     42.79   /   754.60 GB
2025-06-09 01:48:32,575 kilosort.clustering_qr DEBUG    ------------------------------------------------------
2025-06-09 01:48:32,575 kilosort.clustering_qr DEBUG    GPU usage:    `conda install pynvml` for GPU usage
2025-06-09 01:48:32,575 kilosort.clustering_qr DEBUG    GPU memory:   17.43 %     |      6.89   /    39.50 GB
2025-06-09 01:48:32,576 kilosort.clustering_qr DEBUG    Allocated:     0.02 %     |      0.01   /    39.50 GB
2025-06-09 01:48:32,576 kilosort.clustering_qr DEBUG    Max alloc:     0.75 %     |      0.30   /    39.50 GB
2025-06-09 01:48:32,576 kilosort.clustering_qr DEBUG    ********************************************************
2025-06-09 01:48:32,579 kilosort.clustering_qr DEBUG    Center 10 | nsp: 790 | ntemp: 12
2025-06-09 01:48:32,580 kilosort.clustering_qr DEBUG    Center 11 | nsp: 313 | ntemp: 3
2025-06-09 01:48:32,599 kilosort.run_kilosort INFO     12 clusters found, in  0.07s; total  1.77s
2025-06-09 01:48:32,600 kilosort.run_kilosort DEBUG    clu shape: (4867,)
2025-06-09 01:48:32,600 kilosort.run_kilosort DEBUG    Wall shape: torch.Size([12, 32, 6])
2025-06-09 01:48:32,600 kilosort.run_kilosort INFO      
2025-06-09 01:48:32,600 kilosort.run_kilosort INFO     Extracting spikes using cluster waveforms
2025-06-09 01:48:32,600 kilosort.run_kilosort INFO     ----------------------------------------
2025-06-09 01:48:32,614 kilosort.template_matching DEBUG     
2025-06-09 01:48:32,615 kilosort.template_matching DEBUG    Batch 0
2025-06-09 01:48:32,615 kilosort.template_matching DEBUG    ********************************************************
2025-06-09 01:48:32,615 kilosort.template_matching DEBUG    CPU usage:    50.00 %
2025-06-09 01:48:32,615 kilosort.template_matching DEBUG    Memory:        5.70 %     |     43.02   /   754.60 GB
2025-06-09 01:48:32,615 kilosort.template_matching DEBUG    ------------------------------------------------------
2025-06-09 01:48:32,615 kilosort.template_matching DEBUG    GPU usage:    `conda install pynvml` for GPU usage
2025-06-09 01:48:32,615 kilosort.template_matching DEBUG    GPU memory:   17.43 %     |      6.89   /    39.50 GB
2025-06-09 01:48:32,615 kilosort.template_matching DEBUG    Allocated:     0.02 %     |      0.01   /    39.50 GB
2025-06-09 01:48:32,616 kilosort.template_matching DEBUG    Max alloc:     0.75 %     |      0.30   /    39.50 GB
2025-06-09 01:48:32,616 kilosort.template_matching DEBUG    ********************************************************
2025-06-09 01:48:33,154 kilosort.template_matching DEBUG     
2025-06-09 01:48:33,155 kilosort.template_matching DEBUG    Batch 22
2025-06-09 01:48:33,155 kilosort.template_matching DEBUG    ********************************************************
2025-06-09 01:48:33,155 kilosort.template_matching DEBUG    CPU usage:    36.40 %
2025-06-09 01:48:33,155 kilosort.template_matching DEBUG    Memory:        5.70 %     |     42.99   /   754.60 GB
2025-06-09 01:48:33,155 kilosort.template_matching DEBUG    ------------------------------------------------------
2025-06-09 01:48:33,155 kilosort.template_matching DEBUG    GPU usage:    `conda install pynvml` for GPU usage
2025-06-09 01:48:33,155 kilosort.template_matching DEBUG    GPU memory:   17.43 %     |      6.89   /    39.50 GB
2025-06-09 01:48:33,155 kilosort.template_matching DEBUG    Allocated:     0.06 %     |      0.02   /    39.50 GB
2025-06-09 01:48:33,155 kilosort.template_matching DEBUG    Max alloc:     0.75 %     |      0.30   /    39.50 GB
2025-06-09 01:48:33,156 kilosort.template_matching DEBUG    ********************************************************
2025-06-09 01:48:33,157 kilosort.run_kilosort INFO     9225 spikes extracted in  0.56s; total  2.32s
2025-06-09 01:48:33,161 kilosort.run_kilosort DEBUG    st shape: (9225, 3)
2025-06-09 01:48:33,161 kilosort.run_kilosort DEBUG    tF shape: torch.Size([9225, 10, 6])
2025-06-09 01:48:33,161 kilosort.run_kilosort DEBUG    iCC shape: torch.Size([10, 32])
2025-06-09 01:48:33,161 kilosort.run_kilosort DEBUG    iU shape: torch.Size([11])
2025-06-09 01:48:33,161 kilosort.run_kilosort INFO      
2025-06-09 01:48:33,161 kilosort.run_kilosort INFO     Resource usage after spike detection
2025-06-09 01:48:33,162 kilosort.run_kilosort INFO     ********************************************************
2025-06-09 01:48:33,162 kilosort.run_kilosort INFO     CPU usage:    50.00 %
2025-06-09 01:48:33,163 kilosort.run_kilosort INFO     Memory:        5.67 %     |     42.76   /   754.60 GB
2025-06-09 01:48:33,163 kilosort.run_kilosort INFO     ------------------------------------------------------
2025-06-09 01:48:33,163 kilosort.run_kilosort INFO     GPU usage:    `conda install pynvml` for GPU usage
2025-06-09 01:48:33,164 kilosort.run_kilosort INFO     GPU memory:   17.43 %     |      6.89   /    39.50 GB
2025-06-09 01:48:33,164 kilosort.run_kilosort INFO     Allocated:     0.02 %     |      0.01   /    39.50 GB
2025-06-09 01:48:33,165 kilosort.run_kilosort INFO     Max alloc:     0.75 %     |      0.30   /    39.50 GB
2025-06-09 01:48:33,165 kilosort.run_kilosort INFO     ********************************************************
2025-06-09 01:48:33,166 kilosort.run_kilosort DEBUG    

|===========================================================================|
|                  PyTorch CUDA memory summary, device ID 0                 |
|---------------------------------------------------------------------------|
|            CUDA OOMs: 0            |        cudaMalloc retries: 0         |
|===========================================================================|
|        Metric         | Cur Usage  | Peak Usage | Tot Alloc  | Tot Freed  |
|---------------------------------------------------------------------------|
| Allocated memory      |   9155 KiB | 310277 KiB |  30128 GiB |  30128 GiB |
|---------------------------------------------------------------------------|
| Active memory         |   9155 KiB | 310277 KiB |  30128 GiB |  30128 GiB |
|---------------------------------------------------------------------------|
| Requested memory      |   9149 KiB | 310188 KiB |  29796 GiB |  29796 GiB |
|---------------------------------------------------------------------------|
| GPU reserved memory   | 481280 KiB | 481280 KiB | 481280 KiB |      0 B   |
|---------------------------------------------------------------------------|
| Non-releasable memory |  13373 KiB | 184425 KiB |  16416 GiB |  16416 GiB |
|---------------------------------------------------------------------------|
| Allocations           |      35    |      67    |    6383 K  |    6383 K  |
|---------------------------------------------------------------------------|
| Active allocs         |      35    |      67    |    6383 K  |    6383 K  |
|---------------------------------------------------------------------------|
| GPU reserved segments |      15    |      15    |      15    |       0    |
|---------------------------------------------------------------------------|
| Non-releasable allocs |      12    |      27    |    2577 K  |    2577 K  |
|---------------------------------------------------------------------------|
| Oversize allocations  |       0    |       0    |       0    |       0    |
|---------------------------------------------------------------------------|
| Oversize GPU segments |       0    |       0    |       0    |       0    |
|===========================================================================|


2025-06-09 01:48:33,166 kilosort.run_kilosort INFO      
2025-06-09 01:48:33,167 kilosort.run_kilosort INFO     Final clustering
2025-06-09 01:48:33,167 kilosort.run_kilosort INFO     ----------------------------------------
2025-06-09 01:48:33,177 kilosort.clustering_qr DEBUG     
2025-06-09 01:48:33,177 kilosort.clustering_qr DEBUG    Cluster center: 0 of 12
2025-06-09 01:48:33,177 kilosort.clustering_qr DEBUG    ********************************************************
2025-06-09 01:48:33,177 kilosort.clustering_qr DEBUG    CPU usage:    45.50 %
2025-06-09 01:48:33,177 kilosort.clustering_qr DEBUG    Memory:        5.67 %     |     42.76   /   754.60 GB
2025-06-09 01:48:33,177 kilosort.clustering_qr DEBUG    ------------------------------------------------------
2025-06-09 01:48:33,177 kilosort.clustering_qr DEBUG    GPU usage:    `conda install pynvml` for GPU usage
2025-06-09 01:48:33,177 kilosort.clustering_qr DEBUG    GPU memory:   17.43 %     |      6.89   /    39.50 GB
2025-06-09 01:48:33,178 kilosort.clustering_qr DEBUG    Allocated:     0.02 %     |      0.01   /    39.50 GB
2025-06-09 01:48:33,178 kilosort.clustering_qr DEBUG    Max alloc:     0.75 %     |      0.30   /    39.50 GB
2025-06-09 01:48:33,178 kilosort.clustering_qr DEBUG    ********************************************************
2025-06-09 01:48:33,179 kilosort.clustering_qr DEBUG    Center 0 | nsp: 1591 | ntemp: 1
2025-06-09 01:48:33,426 kilosort.clustering_qr DEBUG    Center 1 | nsp: 0 | ntemp: 0
2025-06-09 01:48:33,427 kilosort.clustering_qr DEBUG    Center 2 | nsp: 1681 | ntemp: 3
2025-06-09 01:48:33,794 kilosort.clustering_qr DEBUG    Center 3 | nsp: 0 | ntemp: 0
2025-06-09 01:48:33,795 kilosort.clustering_qr DEBUG    Center 4 | nsp: 585 | ntemp: 1
2025-06-09 01:48:33,796 kilosort.clustering_qr DEBUG    Center 5 | nsp: 1278 | ntemp: 1
2025-06-09 01:48:34,043 kilosort.clustering_qr DEBUG    Center 6 | nsp: 0 | ntemp: 0
2025-06-09 01:48:34,043 kilosort.clustering_qr DEBUG    Center 7 | nsp: 0 | ntemp: 0
2025-06-09 01:48:34,043 kilosort.clustering_qr DEBUG    Center 8 | nsp: 396 | ntemp: 1
2025-06-09 01:48:34,045 kilosort.clustering_qr DEBUG    Center 9 | nsp: 1541 | ntemp: 2
2025-06-09 01:48:34,290 kilosort.clustering_qr DEBUG     
2025-06-09 01:48:34,290 kilosort.clustering_qr DEBUG    Cluster center: 10 of 12
2025-06-09 01:48:34,290 kilosort.clustering_qr DEBUG    ********************************************************
2025-06-09 01:48:34,291 kilosort.clustering_qr DEBUG    CPU usage:    39.50 %
2025-06-09 01:48:34,291 kilosort.clustering_qr DEBUG    Memory:        5.68 %     |     42.83   /   754.60 GB
2025-06-09 01:48:34,291 kilosort.clustering_qr DEBUG    ------------------------------------------------------
2025-06-09 01:48:34,291 kilosort.clustering_qr DEBUG    GPU usage:    `conda install pynvml` for GPU usage
2025-06-09 01:48:34,291 kilosort.clustering_qr DEBUG    GPU memory:   17.43 %     |      6.89   /    39.50 GB
2025-06-09 01:48:34,291 kilosort.clustering_qr DEBUG    Allocated:     0.02 %     |      0.01   /    39.50 GB
2025-06-09 01:48:34,291 kilosort.clustering_qr DEBUG    Max alloc:     0.75 %     |      0.30   /    39.50 GB
2025-06-09 01:48:34,291 kilosort.clustering_qr DEBUG    ********************************************************
2025-06-09 01:48:34,291 kilosort.clustering_qr DEBUG    Center 10 | nsp: 0 | ntemp: 0
2025-06-09 01:48:34,293 kilosort.clustering_qr DEBUG    Center 11 | nsp: 2153 | ntemp: 2
2025-06-09 01:48:34,717 kilosort.run_kilosort INFO     14 clusters found, in  1.55s; total  3.88s
2025-06-09 01:48:34,717 kilosort.run_kilosort DEBUG    clu shape: (9225,)
2025-06-09 01:48:34,717 kilosort.run_kilosort DEBUG    Wall shape: torch.Size([14, 32, 6])
2025-06-09 01:48:34,717 kilosort.run_kilosort INFO      
2025-06-09 01:48:34,718 kilosort.run_kilosort INFO     Merging clusters
2025-06-09 01:48:34,718 kilosort.run_kilosort INFO     ----------------------------------------
2025-06-09 01:48:34,726 kilosort.run_kilosort INFO     14 units found, in  0.01s; total  3.89s
2025-06-09 01:48:34,726 kilosort.run_kilosort DEBUG    clu shape: (9225,)
2025-06-09 01:48:34,726 kilosort.run_kilosort DEBUG    Wall shape: torch.Size([14, 32, 6])
2025-06-09 01:48:34,726 kilosort.run_kilosort INFO      
2025-06-09 01:48:34,727 kilosort.run_kilosort INFO     Resource usage after clustering
2025-06-09 01:48:34,727 kilosort.run_kilosort INFO     ********************************************************
2025-06-09 01:48:34,728 kilosort.run_kilosort INFO     CPU usage:    45.90 %
2025-06-09 01:48:34,728 kilosort.run_kilosort INFO     Memory:        5.67 %     |     42.80   /   754.60 GB
2025-06-09 01:48:34,728 kilosort.run_kilosort INFO     ------------------------------------------------------
2025-06-09 01:48:34,729 kilosort.run_kilosort INFO     GPU usage:    `conda install pynvml` for GPU usage
2025-06-09 01:48:34,729 kilosort.run_kilosort INFO     GPU memory:   17.43 %     |      6.89   /    39.50 GB
2025-06-09 01:48:34,730 kilosort.run_kilosort INFO     Allocated:     0.02 %     |      0.01   /    39.50 GB
2025-06-09 01:48:34,730 kilosort.run_kilosort INFO     Max alloc:     0.75 %     |      0.30   /    39.50 GB
2025-06-09 01:48:34,731 kilosort.run_kilosort INFO     ********************************************************
2025-06-09 01:48:34,731 kilosort.run_kilosort DEBUG    

|===========================================================================|
|                  PyTorch CUDA memory summary, device ID 0                 |
|---------------------------------------------------------------------------|
|            CUDA OOMs: 0            |        cudaMalloc retries: 0         |
|===========================================================================|
|        Metric         | Cur Usage  | Peak Usage | Tot Alloc  | Tot Freed  |
|---------------------------------------------------------------------------|
| Allocated memory      |   9146 KiB | 310277 KiB |  30138 GiB |  30138 GiB |
|---------------------------------------------------------------------------|
| Active memory         |   9146 KiB | 310277 KiB |  30138 GiB |  30138 GiB |
|---------------------------------------------------------------------------|
| Requested memory      |   9141 KiB | 310188 KiB |  29806 GiB |  29806 GiB |
|---------------------------------------------------------------------------|
| GPU reserved memory   | 481280 KiB | 481280 KiB | 481280 KiB |      0 B   |
|---------------------------------------------------------------------------|
| Non-releasable memory |  13381 KiB | 184425 KiB |  16428 GiB |  16428 GiB |
|---------------------------------------------------------------------------|
| Allocations           |      34    |      67    |    6444 K  |    6444 K  |
|---------------------------------------------------------------------------|
| Active allocs         |      34    |      67    |    6444 K  |    6444 K  |
|---------------------------------------------------------------------------|
| GPU reserved segments |      15    |      15    |      15    |       0    |
|---------------------------------------------------------------------------|
| Non-releasable allocs |      12    |      27    |    2611 K  |    2611 K  |
|---------------------------------------------------------------------------|
| Oversize allocations  |       0    |       0    |       0    |       0    |
|---------------------------------------------------------------------------|
| Oversize GPU segments |       0    |       0    |       0    |       0    |
|===========================================================================|


2025-06-09 01:48:34,731 kilosort.run_kilosort INFO      
2025-06-09 01:48:34,732 kilosort.run_kilosort INFO     Saving to phy and computing refractory periods
2025-06-09 01:48:34,732 kilosort.run_kilosort INFO     ----------------------------------------
2025-06-09 01:48:34,857 kilosort.run_kilosort INFO     2 units found with good refractory periods
2025-06-09 01:48:34,857 kilosort.run_kilosort INFO     Total runtime: 4.02s = 00:00:4 h:m:s
2025-06-09 01:48:34,863 kilosort.run_kilosort INFO     Sorting output saved in: /home/lss72/palmer_scratch/spike_sort/kilosort4.
2025-06-09 01:48:34,863 kilosort.run_kilosort INFO      
2025-06-09 01:48:34,863 kilosort.run_kilosort INFO     Resource usage after saving
2025-06-09 01:48:34,864 kilosort.run_kilosort INFO     ********************************************************
2025-06-09 01:48:34,864 kilosort.run_kilosort INFO     CPU usage:    40.80 %
2025-06-09 01:48:34,865 kilosort.run_kilosort INFO     Memory:        5.68 %     |     42.84   /   754.60 GB
2025-06-09 01:48:34,865 kilosort.run_kilosort INFO     ------------------------------------------------------
2025-06-09 01:48:34,866 kilosort.run_kilosort INFO     GPU usage:    `conda install pynvml` for GPU usage
2025-06-09 01:48:34,866 kilosort.run_kilosort INFO     GPU memory:   17.43 %     |      6.89   /    39.50 GB
2025-06-09 01:48:34,867 kilosort.run_kilosort INFO     Allocated:     0.02 %     |      0.01   /    39.50 GB
2025-06-09 01:48:34,867 kilosort.run_kilosort INFO     Max alloc:     0.75 %     |      0.30   /    39.50 GB
2025-06-09 01:48:34,868 kilosort.run_kilosort INFO     ********************************************************
2025-06-09 01:48:34,868 kilosort.run_kilosort DEBUG    

|===========================================================================|
|                  PyTorch CUDA memory summary, device ID 0                 |
|---------------------------------------------------------------------------|
|            CUDA OOMs: 0            |        cudaMalloc retries: 0         |
|===========================================================================|
|        Metric         | Cur Usage  | Peak Usage | Tot Alloc  | Tot Freed  |
|---------------------------------------------------------------------------|
| Allocated memory      |   9146 KiB | 310277 KiB |  30138 GiB |  30138 GiB |
|---------------------------------------------------------------------------|
| Active memory         |   9146 KiB | 310277 KiB |  30138 GiB |  30138 GiB |
|---------------------------------------------------------------------------|
| Requested memory      |   9141 KiB | 310188 KiB |  29806 GiB |  29806 GiB |
|---------------------------------------------------------------------------|
| GPU reserved memory   | 481280 KiB | 481280 KiB | 481280 KiB |      0 B   |
|---------------------------------------------------------------------------|
| Non-releasable memory |  13381 KiB | 184425 KiB |  16428 GiB |  16428 GiB |
|---------------------------------------------------------------------------|
| Allocations           |      34    |      67    |    6445 K  |    6445 K  |
|---------------------------------------------------------------------------|
| Active allocs         |      34    |      67    |    6445 K  |    6445 K  |
|---------------------------------------------------------------------------|
| GPU reserved segments |      15    |      15    |      15    |       0    |
|---------------------------------------------------------------------------|
| Non-releasable allocs |      12    |      27    |    2611 K  |    2611 K  |
|---------------------------------------------------------------------------|
| Oversize allocations  |       0    |       0    |       0    |       0    |
|---------------------------------------------------------------------------|
| Oversize GPU segments |       0    |       0    |       0    |       0    |
|===========================================================================|


