2025-06-08 23:45:02,501 kilosort.run_kilosort INFO     Kilosort version 4.0.25
2025-06-08 23:45:02,503 kilosort.run_kilosort INFO     Python version 3.9.21
2025-06-08 23:45:02,504 kilosort.run_kilosort INFO     ----------------------------------------
2025-06-08 23:45:02,504 kilosort.run_kilosort INFO     System information:
2025-06-08 23:45:02,504 kilosort.run_kilosort INFO     Linux-4.18.0-477.74.1.el8_8.x86_64-x86_64-with-glibc2.28 x86_64
2025-06-08 23:45:02,505 kilosort.run_kilosort INFO     x86_64
2025-06-08 23:45:02,505 kilosort.run_kilosort INFO     Using GPU for PyTorch computations. Specify `device` to change this.
2025-06-08 23:45:02,505 kilosort.run_kilosort INFO     Using CUDA device: NVIDIA A100-PCIE-40GB 39.50GB
2025-06-08 23:45:02,506 kilosort.run_kilosort INFO     ----------------------------------------
2025-06-08 23:45:02,506 kilosort.run_kilosort INFO     Sorting /home/lss72/palmer_scratch/spike_sort/2014_03_26_Pair_2_0
2025-06-08 23:45:02,507 kilosort.run_kilosort DEBUG    Initial ops:

ops = {
    'n_chan_bin': 32,
    'fs': 30000,
    'batch_size': 60000,
    'nblocks': 1,
    'Th_universal': 9,
    'Th_learned': 8,
    'tmin': 0,
    'tmax': 10,
    'nt': 61,
    'shift': None,
    'scale': None,
    'artifact_threshold': inf,
    'nskip': 25,
    'whitening_range': 32,
    'highpass_cutoff': 300,
    'binning_depth': 5,
    'sig_interp': 20,
    'drift_smoothing': [0.5, 0.5, 0.5],
    'nt0min': 20,
    'dmin': None,
    'dminx': 32,
    'min_template_size': 10,
    'template_sizes': 5,
    'nearest_chans': 10,
    'nearest_templates': 100,
    'max_channel_distance': 32,
    'max_peels': 100,
    'templates_from_data': True,
    'n_templates': 6,
    'n_pcs': 6,
    'Th_single_ch': 6,
    'acg_threshold': 0.2,
    'ccg_threshold': 0.25,
    'cluster_downsampling': 20,
    'x_centers': None,
    'duplicate_spike_ms': 0.25,
    'position_limit': 100,
    'data_dir': PosixPath('/home/lss72/palmer_scratch/spike_sort'),
    'filename': PosixPath('/home/lss72/palmer_scratch/spike_sort/2014_03_26_Pair_2_0'),
    'data_dtype': dtype('float32'),
    'do_CAR': True,
    'invert_sign': False,
    'NTbuff': 60122,
    'Nchan': 32,
    'duplicate_spike_bins': 7,
    'torch_device': 'cuda',
    'save_preprocessed_copy': False
}

2025-06-08 23:45:02,509 kilosort.run_kilosort DEBUG    Probe dictionary:

probe = {
    'chanMap': np.array([ 0,  1,  2,  3,  4,  5,  6,  7,  8,  9, 10, 11, 12, 13, 14, 15, 16,
       17, 18, 19, 20, 21, 22, 23, 24, 25, 26, 27, 28, 29, 30, 31]),
    'xc': np.array([  0.,  18., -18.,   0.,  18., -18.,   0.,  18., -18.,   0.,  18.,
       -18.,   0.,  18., -18.,   0.,  18., -18.,   0.,  18., -18.,   0.,
        18., -18.,   0.,  18., -18.,   0.,  18., -18.,   0.,   0.],
      dtype=np.float32),
    'yc': np.array([  0. ,  12.5,  12.5,  25. ,  37.5,  37.5,  50. ,  62.5,  62.5,
        75. ,  87.5,  87.5, 100. , 112.5, 112.5, 125. , 137.5, 137.5,
       150. , 162.5, 162.5, 175. , 187.5, 187.5, 200. , 212.5, 212.5,
       225. , 237.5, 237.5, 250. , 275. ], dtype=np.float32),
    'kcoords': np.array([0., 0., 0., 0., 0., 0., 0., 0., 0., 0., 0., 0., 0., 0., 0., 0., 0.,
       0., 0., 0., 0., 0., 0., 0., 0., 0., 0., 0., 0., 0., 0., 0.]),
    'n_chan': 32
}

2025-06-08 23:45:02,509 kilosort.run_kilosort INFO      
2025-06-08 23:45:02,509 kilosort.run_kilosort INFO     Computing preprocessing variables.
2025-06-08 23:45:02,510 kilosort.run_kilosort INFO     ----------------------------------------
2025-06-08 23:45:02,512 kilosort.run_kilosort INFO     N samples: 300000
2025-06-08 23:45:02,512 kilosort.run_kilosort INFO     N seconds: 10.0
2025-06-08 23:45:02,512 kilosort.run_kilosort INFO     N batches: 5
2025-06-08 23:45:02,548 kilosort.run_kilosort INFO     Preprocessing filters computed in  0.04s; total  0.04s
2025-06-08 23:45:02,548 kilosort.run_kilosort DEBUG    hp_filter shape: torch.Size([30122])
2025-06-08 23:45:02,549 kilosort.run_kilosort DEBUG    whiten_mat shape: torch.Size([32, 32])
2025-06-08 23:45:02,549 kilosort.run_kilosort INFO      
2025-06-08 23:45:02,549 kilosort.run_kilosort INFO     Resource usage after preprocessing
2025-06-08 23:45:02,549 kilosort.run_kilosort INFO     ********************************************************
2025-06-08 23:45:02,550 kilosort.run_kilosort INFO     CPU usage:    20.20 %
2025-06-08 23:45:02,551 kilosort.run_kilosort INFO     Memory:        4.85 %     |     36.62   /   754.60 GB
2025-06-08 23:45:02,551 kilosort.run_kilosort INFO     ------------------------------------------------------
2025-06-08 23:45:02,551 kilosort.run_kilosort INFO     GPU usage:    `conda install pynvml` for GPU usage
2025-06-08 23:45:02,552 kilosort.run_kilosort INFO     GPU memory:    2.56 %     |      1.01   /    39.50 GB
2025-06-08 23:45:02,552 kilosort.run_kilosort INFO     Allocated:     0.02 %     |      0.01   /    39.50 GB
2025-06-08 23:45:02,553 kilosort.run_kilosort INFO     Max alloc:     0.75 %     |      0.30   /    39.50 GB
2025-06-08 23:45:02,553 kilosort.run_kilosort INFO     ********************************************************
2025-06-08 23:45:02,554 kilosort.run_kilosort INFO      
2025-06-08 23:45:02,554 kilosort.run_kilosort INFO     Computing drift correction.
2025-06-08 23:45:02,555 kilosort.run_kilosort INFO     ----------------------------------------
2025-06-08 23:45:02,555 kilosort.spikedetect INFO     Re-computing universal templates from data.
2025-06-08 23:45:02,585 kilosort.spikedetect INFO     Number of universal templates: 135
2025-06-08 23:45:02,588 kilosort.spikedetect INFO     Detecting spikes...
2025-06-08 23:45:02,589 kilosort.spikedetect DEBUG     
2025-06-08 23:45:02,590 kilosort.spikedetect DEBUG    Batch 0
2025-06-08 23:45:02,590 kilosort.spikedetect DEBUG    ********************************************************
2025-06-08 23:45:02,590 kilosort.spikedetect DEBUG    CPU usage:    39.90 %
2025-06-08 23:45:02,590 kilosort.spikedetect DEBUG    Memory:        4.86 %     |     36.64   /   754.60 GB
2025-06-08 23:45:02,590 kilosort.spikedetect DEBUG    ------------------------------------------------------
2025-06-08 23:45:02,590 kilosort.spikedetect DEBUG    GPU usage:    `conda install pynvml` for GPU usage
2025-06-08 23:45:02,590 kilosort.spikedetect DEBUG    GPU memory:    2.56 %     |      1.01   /    39.50 GB
2025-06-08 23:45:02,590 kilosort.spikedetect DEBUG    Allocated:     0.02 %     |      0.01   /    39.50 GB
2025-06-08 23:45:02,591 kilosort.spikedetect DEBUG    Max alloc:     0.75 %     |      0.30   /    39.50 GB
2025-06-08 23:45:02,591 kilosort.spikedetect DEBUG    ********************************************************
2025-06-08 23:45:02,804 kilosort.spikedetect DEBUG     
2025-06-08 23:45:02,804 kilosort.spikedetect DEBUG    Batch 4
2025-06-08 23:45:02,804 kilosort.spikedetect DEBUG    ********************************************************
2025-06-08 23:45:02,804 kilosort.spikedetect DEBUG    CPU usage:    25.10 %
2025-06-08 23:45:02,805 kilosort.spikedetect DEBUG    Memory:        4.85 %     |     36.61   /   754.60 GB
2025-06-08 23:45:02,805 kilosort.spikedetect DEBUG    ------------------------------------------------------
2025-06-08 23:45:02,805 kilosort.spikedetect DEBUG    GPU usage:    `conda install pynvml` for GPU usage
2025-06-08 23:45:02,805 kilosort.spikedetect DEBUG    GPU memory:    2.56 %     |      1.01   /    39.50 GB
2025-06-08 23:45:02,805 kilosort.spikedetect DEBUG    Allocated:     0.04 %     |      0.02   /    39.50 GB
2025-06-08 23:45:02,805 kilosort.spikedetect DEBUG    Max alloc:     0.75 %     |      0.30   /    39.50 GB
2025-06-08 23:45:02,805 kilosort.spikedetect DEBUG    ********************************************************
2025-06-08 23:45:02,876 kilosort.run_kilosort INFO     drift computed in  0.32s; total  0.37s
2025-06-08 23:45:02,880 kilosort.run_kilosort DEBUG    st shape: (1089, 6)
2025-06-08 23:45:02,880 kilosort.run_kilosort DEBUG    yblk shape: (1,)
2025-06-08 23:45:02,880 kilosort.run_kilosort DEBUG    dshift shape: (5, 1)
2025-06-08 23:45:02,880 kilosort.run_kilosort DEBUG    iKxx shape: torch.Size([32, 32])
2025-06-08 23:45:02,881 kilosort.run_kilosort INFO      
2025-06-08 23:45:02,881 kilosort.run_kilosort INFO     Resource usage after drift correction
2025-06-08 23:45:02,881 kilosort.run_kilosort INFO     ********************************************************
2025-06-08 23:45:02,882 kilosort.run_kilosort INFO     CPU usage:    26.30 %
2025-06-08 23:45:02,882 kilosort.run_kilosort INFO     Memory:        4.85 %     |     36.57   /   754.60 GB
2025-06-08 23:45:02,883 kilosort.run_kilosort INFO     ------------------------------------------------------
2025-06-08 23:45:02,883 kilosort.run_kilosort INFO     GPU usage:    `conda install pynvml` for GPU usage
2025-06-08 23:45:02,884 kilosort.run_kilosort INFO     GPU memory:    2.56 %     |      1.01   /    39.50 GB
2025-06-08 23:45:02,884 kilosort.run_kilosort INFO     Allocated:     0.02 %     |      0.01   /    39.50 GB
2025-06-08 23:45:02,885 kilosort.run_kilosort INFO     Max alloc:     0.75 %     |      0.30   /    39.50 GB
2025-06-08 23:45:02,885 kilosort.run_kilosort INFO     ********************************************************
2025-06-08 23:45:02,886 kilosort.run_kilosort DEBUG    

|===========================================================================|
|                  PyTorch CUDA memory summary, device ID 0                 |
|---------------------------------------------------------------------------|
|            CUDA OOMs: 0            |        cudaMalloc retries: 0         |
|===========================================================================|
|        Metric         | Cur Usage  | Peak Usage | Tot Alloc  | Tot Freed  |
|---------------------------------------------------------------------------|
| Allocated memory      |   8867 KiB | 309982 KiB |  15176 GiB |  15176 GiB |
|---------------------------------------------------------------------------|
| Active memory         |   8867 KiB | 309982 KiB |  15176 GiB |  15176 GiB |
|---------------------------------------------------------------------------|
| Requested memory      |   8864 KiB | 309896 KiB |  15011 GiB |  15011 GiB |
|---------------------------------------------------------------------------|
| GPU reserved memory   | 481280 KiB | 481280 KiB | 481280 KiB |      0 B   |
|---------------------------------------------------------------------------|
| Non-releasable memory |  13660 KiB | 184425 KiB |   8205 GiB |   8205 GiB |
|---------------------------------------------------------------------------|
| Allocations           |      20    |      56    |    3245 K  |    3245 K  |
|---------------------------------------------------------------------------|
| Active allocs         |      20    |      56    |    3245 K  |    3245 K  |
|---------------------------------------------------------------------------|
| GPU reserved segments |      15    |      15    |      15    |       0    |
|---------------------------------------------------------------------------|
| Non-releasable allocs |      12    |      26    |    1318 K  |    1318 K  |
|---------------------------------------------------------------------------|
| Oversize allocations  |       0    |       0    |       0    |       0    |
|---------------------------------------------------------------------------|
| Oversize GPU segments |       0    |       0    |       0    |       0    |
|===========================================================================|


2025-06-08 23:45:02,892 kilosort.run_kilosort DEBUG    First batch min, max: (-19.737701, 10.214522)
2025-06-08 23:45:02,892 kilosort.run_kilosort INFO      
2025-06-08 23:45:02,892 kilosort.run_kilosort INFO     Extracting spikes using templates
2025-06-08 23:45:02,893 kilosort.run_kilosort INFO     ----------------------------------------
2025-06-08 23:45:02,893 kilosort.spikedetect INFO     Re-computing universal templates from data.
2025-06-08 23:45:02,922 kilosort.spikedetect INFO     Number of universal templates: 135
2025-06-08 23:45:02,927 kilosort.spikedetect INFO     Detecting spikes...
2025-06-08 23:45:02,929 kilosort.spikedetect DEBUG     
2025-06-08 23:45:02,929 kilosort.spikedetect DEBUG    Batch 0
2025-06-08 23:45:02,929 kilosort.spikedetect DEBUG    ********************************************************
2025-06-08 23:45:02,929 kilosort.spikedetect DEBUG    CPU usage:    37.30 %
2025-06-08 23:45:02,929 kilosort.spikedetect DEBUG    Memory:        4.85 %     |     36.59   /   754.60 GB
2025-06-08 23:45:02,929 kilosort.spikedetect DEBUG    ------------------------------------------------------
2025-06-08 23:45:02,929 kilosort.spikedetect DEBUG    GPU usage:    `conda install pynvml` for GPU usage
2025-06-08 23:45:02,929 kilosort.spikedetect DEBUG    GPU memory:    2.56 %     |      1.01   /    39.50 GB
2025-06-08 23:45:02,929 kilosort.spikedetect DEBUG    Allocated:     0.02 %     |      0.01   /    39.50 GB
2025-06-08 23:45:02,930 kilosort.spikedetect DEBUG    Max alloc:     0.75 %     |      0.30   /    39.50 GB
2025-06-08 23:45:02,930 kilosort.spikedetect DEBUG    ********************************************************
2025-06-08 23:45:03,072 kilosort.spikedetect DEBUG     
2025-06-08 23:45:03,072 kilosort.spikedetect DEBUG    Batch 4
2025-06-08 23:45:03,072 kilosort.spikedetect DEBUG    ********************************************************
2025-06-08 23:45:03,073 kilosort.spikedetect DEBUG    CPU usage:    25.10 %
2025-06-08 23:45:03,073 kilosort.spikedetect DEBUG    Memory:        4.85 %     |     36.60   /   754.60 GB
2025-06-08 23:45:03,073 kilosort.spikedetect DEBUG    ------------------------------------------------------
2025-06-08 23:45:03,073 kilosort.spikedetect DEBUG    GPU usage:    `conda install pynvml` for GPU usage
2025-06-08 23:45:03,073 kilosort.spikedetect DEBUG    GPU memory:    2.56 %     |      1.01   /    39.50 GB
2025-06-08 23:45:03,073 kilosort.spikedetect DEBUG    Allocated:     0.04 %     |      0.02   /    39.50 GB
2025-06-08 23:45:03,073 kilosort.spikedetect DEBUG    Max alloc:     0.75 %     |      0.30   /    39.50 GB
2025-06-08 23:45:03,073 kilosort.spikedetect DEBUG    ********************************************************
2025-06-08 23:45:03,073 kilosort.run_kilosort INFO     1041 spikes extracted in  0.18s; total  0.57s
2025-06-08 23:45:03,074 kilosort.run_kilosort DEBUG    st0 shape: (1041, 6)
2025-06-08 23:45:03,074 kilosort.run_kilosort DEBUG    tF shape: torch.Size([1041, 10, 6])
2025-06-08 23:45:03,074 kilosort.run_kilosort INFO      
2025-06-08 23:45:03,074 kilosort.run_kilosort INFO     First clustering
2025-06-08 23:45:03,074 kilosort.run_kilosort INFO     ----------------------------------------
2025-06-08 23:45:03,084 kilosort.clustering_qr DEBUG     
2025-06-08 23:45:03,084 kilosort.clustering_qr DEBUG    Cluster center: 0 of 12
2025-06-08 23:45:03,084 kilosort.clustering_qr DEBUG    ********************************************************
2025-06-08 23:45:03,084 kilosort.clustering_qr DEBUG    CPU usage:    37.20 %
2025-06-08 23:45:03,084 kilosort.clustering_qr DEBUG    Memory:        4.85 %     |     36.60   /   754.60 GB
2025-06-08 23:45:03,084 kilosort.clustering_qr DEBUG    ------------------------------------------------------
2025-06-08 23:45:03,084 kilosort.clustering_qr DEBUG    GPU usage:    `conda install pynvml` for GPU usage
2025-06-08 23:45:03,085 kilosort.clustering_qr DEBUG    GPU memory:    2.56 %     |      1.01   /    39.50 GB
2025-06-08 23:45:03,085 kilosort.clustering_qr DEBUG    Allocated:     0.02 %     |      0.01   /    39.50 GB
2025-06-08 23:45:03,086 kilosort.clustering_qr DEBUG    Max alloc:     0.75 %     |      0.30   /    39.50 GB
2025-06-08 23:45:03,086 kilosort.clustering_qr DEBUG    ********************************************************
2025-06-08 23:45:03,088 kilosort.clustering_qr DEBUG    Center 0 | nsp: 189 | ntemp: 12
2025-06-08 23:45:03,090 kilosort.clustering_qr DEBUG    Center 1 | nsp: 46 | ntemp: 12
2025-06-08 23:45:03,092 kilosort.clustering_qr DEBUG    Center 2 | nsp: 62 | ntemp: 12
2025-06-08 23:45:03,094 kilosort.clustering_qr DEBUG    Center 3 | nsp: 99 | ntemp: 12
2025-06-08 23:45:03,096 kilosort.clustering_qr DEBUG    Center 4 | nsp: 47 | ntemp: 12
2025-06-08 23:45:03,098 kilosort.clustering_qr DEBUG    Center 5 | nsp: 47 | ntemp: 12
2025-06-08 23:45:03,100 kilosort.clustering_qr DEBUG    Center 6 | nsp: 125 | ntemp: 12
2025-06-08 23:45:03,102 kilosort.clustering_qr DEBUG    Center 7 | nsp: 260 | ntemp: 12
2025-06-08 23:45:03,104 kilosort.clustering_qr DEBUG    Center 8 | nsp: 39 | ntemp: 12
2025-06-08 23:45:03,106 kilosort.clustering_qr DEBUG    Center 9 | nsp: 87 | ntemp: 12
2025-06-08 23:45:03,107 kilosort.clustering_qr DEBUG     
2025-06-08 23:45:03,107 kilosort.clustering_qr DEBUG    Cluster center: 10 of 12
2025-06-08 23:45:03,107 kilosort.clustering_qr DEBUG    ********************************************************
2025-06-08 23:45:03,107 kilosort.clustering_qr DEBUG    CPU usage:    47.50 %
2025-06-08 23:45:03,107 kilosort.clustering_qr DEBUG    Memory:        4.85 %     |     36.62   /   754.60 GB
2025-06-08 23:45:03,107 kilosort.clustering_qr DEBUG    ------------------------------------------------------
2025-06-08 23:45:03,107 kilosort.clustering_qr DEBUG    GPU usage:    `conda install pynvml` for GPU usage
2025-06-08 23:45:03,107 kilosort.clustering_qr DEBUG    GPU memory:    2.56 %     |      1.01   /    39.50 GB
2025-06-08 23:45:03,107 kilosort.clustering_qr DEBUG    Allocated:     0.02 %     |      0.01   /    39.50 GB
2025-06-08 23:45:03,108 kilosort.clustering_qr DEBUG    Max alloc:     0.75 %     |      0.30   /    39.50 GB
2025-06-08 23:45:03,108 kilosort.clustering_qr DEBUG    ********************************************************
2025-06-08 23:45:03,109 kilosort.clustering_qr DEBUG    Center 10 | nsp: 17 | ntemp: 12
2025-06-08 23:45:03,110 kilosort.clustering_qr DEBUG    Center 11 | nsp: 23 | ntemp: 3
2025-06-08 23:45:03,124 kilosort.run_kilosort INFO     12 clusters found, in  0.05s; total  0.62s
2025-06-08 23:45:03,125 kilosort.run_kilosort DEBUG    clu shape: (1041,)
2025-06-08 23:45:03,125 kilosort.run_kilosort DEBUG    Wall shape: torch.Size([12, 32, 6])
2025-06-08 23:45:03,125 kilosort.run_kilosort INFO      
2025-06-08 23:45:03,125 kilosort.run_kilosort INFO     Extracting spikes using cluster waveforms
2025-06-08 23:45:03,126 kilosort.run_kilosort INFO     ----------------------------------------
2025-06-08 23:45:03,142 kilosort.template_matching DEBUG     
2025-06-08 23:45:03,143 kilosort.template_matching DEBUG    Batch 0
2025-06-08 23:45:03,143 kilosort.template_matching DEBUG    ********************************************************
2025-06-08 23:45:03,143 kilosort.template_matching DEBUG    CPU usage:    35.40 %
2025-06-08 23:45:03,143 kilosort.template_matching DEBUG    Memory:        4.89 %     |     36.87   /   754.60 GB
2025-06-08 23:45:03,143 kilosort.template_matching DEBUG    ------------------------------------------------------
2025-06-08 23:45:03,143 kilosort.template_matching DEBUG    GPU usage:    `conda install pynvml` for GPU usage
2025-06-08 23:45:03,143 kilosort.template_matching DEBUG    GPU memory:    2.56 %     |      1.01   /    39.50 GB
2025-06-08 23:45:03,143 kilosort.template_matching DEBUG    Allocated:     0.02 %     |      0.01   /    39.50 GB
2025-06-08 23:45:03,144 kilosort.template_matching DEBUG    Max alloc:     0.75 %     |      0.30   /    39.50 GB
2025-06-08 23:45:03,144 kilosort.template_matching DEBUG    ********************************************************
2025-06-08 23:45:03,228 kilosort.template_matching DEBUG     
2025-06-08 23:45:03,228 kilosort.template_matching DEBUG    Batch 4
2025-06-08 23:45:03,228 kilosort.template_matching DEBUG    ********************************************************
2025-06-08 23:45:03,229 kilosort.template_matching DEBUG    CPU usage:    25.60 %
2025-06-08 23:45:03,229 kilosort.template_matching DEBUG    Memory:        4.88 %     |     36.86   /   754.60 GB
2025-06-08 23:45:03,229 kilosort.template_matching DEBUG    ------------------------------------------------------
2025-06-08 23:45:03,229 kilosort.template_matching DEBUG    GPU usage:    `conda install pynvml` for GPU usage
2025-06-08 23:45:03,229 kilosort.template_matching DEBUG    GPU memory:    2.56 %     |      1.01   /    39.50 GB
2025-06-08 23:45:03,229 kilosort.template_matching DEBUG    Allocated:     0.06 %     |      0.02   /    39.50 GB
2025-06-08 23:45:03,229 kilosort.template_matching DEBUG    Max alloc:     0.75 %     |      0.30   /    39.50 GB
2025-06-08 23:45:03,229 kilosort.template_matching DEBUG    ********************************************************
2025-06-08 23:45:03,230 kilosort.run_kilosort INFO     1498 spikes extracted in  0.11s; total  0.72s
2025-06-08 23:45:03,234 kilosort.run_kilosort DEBUG    st shape: (1498, 3)
2025-06-08 23:45:03,234 kilosort.run_kilosort DEBUG    tF shape: torch.Size([1498, 10, 6])
2025-06-08 23:45:03,234 kilosort.run_kilosort DEBUG    iCC shape: torch.Size([10, 32])
2025-06-08 23:45:03,234 kilosort.run_kilosort DEBUG    iU shape: torch.Size([12])
2025-06-08 23:45:03,234 kilosort.run_kilosort INFO      
2025-06-08 23:45:03,235 kilosort.run_kilosort INFO     Resource usage after spike detection
2025-06-08 23:45:03,235 kilosort.run_kilosort INFO     ********************************************************
2025-06-08 23:45:03,236 kilosort.run_kilosort INFO     CPU usage:    33.30 %
2025-06-08 23:45:03,236 kilosort.run_kilosort INFO     Memory:        4.85 %     |     36.63   /   754.60 GB
2025-06-08 23:45:03,236 kilosort.run_kilosort INFO     ------------------------------------------------------
2025-06-08 23:45:03,237 kilosort.run_kilosort INFO     GPU usage:    `conda install pynvml` for GPU usage
2025-06-08 23:45:03,237 kilosort.run_kilosort INFO     GPU memory:    2.56 %     |      1.01   /    39.50 GB
2025-06-08 23:45:03,238 kilosort.run_kilosort INFO     Allocated:     0.02 %     |      0.01   /    39.50 GB
2025-06-08 23:45:03,238 kilosort.run_kilosort INFO     Max alloc:     0.75 %     |      0.30   /    39.50 GB
2025-06-08 23:45:03,239 kilosort.run_kilosort INFO     ********************************************************
2025-06-08 23:45:03,239 kilosort.run_kilosort DEBUG    

|===========================================================================|
|                  PyTorch CUDA memory summary, device ID 0                 |
|---------------------------------------------------------------------------|
|            CUDA OOMs: 0            |        cudaMalloc retries: 0         |
|===========================================================================|
|        Metric         | Cur Usage  | Peak Usage | Tot Alloc  | Tot Freed  |
|---------------------------------------------------------------------------|
| Allocated memory      |   8880 KiB | 309982 KiB |  15217 GiB |  15217 GiB |
|---------------------------------------------------------------------------|
| Active memory         |   8880 KiB | 309982 KiB |  15217 GiB |  15217 GiB |
|---------------------------------------------------------------------------|
| Requested memory      |   8876 KiB | 309896 KiB |  15052 GiB |  15052 GiB |
|---------------------------------------------------------------------------|
| GPU reserved memory   | 481280 KiB | 481280 KiB | 481280 KiB |      0 B   |
|---------------------------------------------------------------------------|
| Non-releasable memory |  13648 KiB | 184425 KiB |   8225 GiB |   8225 GiB |
|---------------------------------------------------------------------------|
| Allocations           |      24    |      56    |    3252 K  |    3252 K  |
|---------------------------------------------------------------------------|
| Active allocs         |      24    |      56    |    3252 K  |    3252 K  |
|---------------------------------------------------------------------------|
| GPU reserved segments |      15    |      15    |      15    |       0    |
|---------------------------------------------------------------------------|
| Non-releasable allocs |      11    |      26    |    1320 K  |    1320 K  |
|---------------------------------------------------------------------------|
| Oversize allocations  |       0    |       0    |       0    |       0    |
|---------------------------------------------------------------------------|
| Oversize GPU segments |       0    |       0    |       0    |       0    |
|===========================================================================|


2025-06-08 23:45:03,240 kilosort.run_kilosort INFO      
2025-06-08 23:45:03,240 kilosort.run_kilosort INFO     Final clustering
2025-06-08 23:45:03,240 kilosort.run_kilosort INFO     ----------------------------------------
2025-06-08 23:45:03,250 kilosort.clustering_qr DEBUG     
2025-06-08 23:45:03,250 kilosort.clustering_qr DEBUG    Cluster center: 0 of 12
2025-06-08 23:45:03,250 kilosort.clustering_qr DEBUG    ********************************************************
2025-06-08 23:45:03,250 kilosort.clustering_qr DEBUG    CPU usage:    35.20 %
2025-06-08 23:45:03,250 kilosort.clustering_qr DEBUG    Memory:        4.86 %     |     36.64   /   754.60 GB
2025-06-08 23:45:03,250 kilosort.clustering_qr DEBUG    ------------------------------------------------------
2025-06-08 23:45:03,250 kilosort.clustering_qr DEBUG    GPU usage:    `conda install pynvml` for GPU usage
2025-06-08 23:45:03,250 kilosort.clustering_qr DEBUG    GPU memory:    2.56 %     |      1.01   /    39.50 GB
2025-06-08 23:45:03,251 kilosort.clustering_qr DEBUG    Allocated:     0.02 %     |      0.01   /    39.50 GB
2025-06-08 23:45:03,251 kilosort.clustering_qr DEBUG    Max alloc:     0.75 %     |      0.30   /    39.50 GB
2025-06-08 23:45:03,251 kilosort.clustering_qr DEBUG    ********************************************************
2025-06-08 23:45:03,252 kilosort.clustering_qr DEBUG    Center 0 | nsp: 106 | ntemp: 1
2025-06-08 23:45:03,253 kilosort.clustering_qr DEBUG    Center 1 | nsp: 112 | ntemp: 1
2025-06-08 23:45:03,254 kilosort.clustering_qr DEBUG    Center 2 | nsp: 129 | ntemp: 1
2025-06-08 23:45:03,255 kilosort.clustering_qr DEBUG    Center 3 | nsp: 227 | ntemp: 1
2025-06-08 23:45:03,256 kilosort.clustering_qr DEBUG    Center 4 | nsp: 93 | ntemp: 1
2025-06-08 23:45:03,257 kilosort.clustering_qr DEBUG    Center 5 | nsp: 97 | ntemp: 1
2025-06-08 23:45:03,258 kilosort.clustering_qr DEBUG    Center 6 | nsp: 110 | ntemp: 1
2025-06-08 23:45:03,259 kilosort.clustering_qr DEBUG    Center 7 | nsp: 219 | ntemp: 1
2025-06-08 23:45:03,259 kilosort.clustering_qr DEBUG    Center 8 | nsp: 136 | ntemp: 1
2025-06-08 23:45:03,260 kilosort.clustering_qr DEBUG    Center 9 | nsp: 139 | ntemp: 1
2025-06-08 23:45:03,261 kilosort.clustering_qr DEBUG     
2025-06-08 23:45:03,261 kilosort.clustering_qr DEBUG    Cluster center: 10 of 12
2025-06-08 23:45:03,261 kilosort.clustering_qr DEBUG    ********************************************************
2025-06-08 23:45:03,261 kilosort.clustering_qr DEBUG    CPU usage:    45.90 %
2025-06-08 23:45:03,261 kilosort.clustering_qr DEBUG    Memory:        4.86 %     |     36.64   /   754.60 GB
2025-06-08 23:45:03,261 kilosort.clustering_qr DEBUG    ------------------------------------------------------
2025-06-08 23:45:03,261 kilosort.clustering_qr DEBUG    GPU usage:    `conda install pynvml` for GPU usage
2025-06-08 23:45:03,261 kilosort.clustering_qr DEBUG    GPU memory:    2.56 %     |      1.01   /    39.50 GB
2025-06-08 23:45:03,262 kilosort.clustering_qr DEBUG    Allocated:     0.02 %     |      0.01   /    39.50 GB
2025-06-08 23:45:03,262 kilosort.clustering_qr DEBUG    Max alloc:     0.75 %     |      0.30   /    39.50 GB
2025-06-08 23:45:03,262 kilosort.clustering_qr DEBUG    ********************************************************
2025-06-08 23:45:03,262 kilosort.clustering_qr DEBUG    Center 10 | nsp: 0 | ntemp: 0
2025-06-08 23:45:03,263 kilosort.clustering_qr DEBUG    Center 11 | nsp: 130 | ntemp: 2
2025-06-08 23:45:03,268 kilosort.run_kilosort INFO     11 clusters found, in  0.03s; total  0.76s
2025-06-08 23:45:03,268 kilosort.run_kilosort DEBUG    clu shape: (1498,)
2025-06-08 23:45:03,268 kilosort.run_kilosort DEBUG    Wall shape: torch.Size([11, 32, 6])
2025-06-08 23:45:03,269 kilosort.run_kilosort INFO      
2025-06-08 23:45:03,269 kilosort.run_kilosort INFO     Merging clusters
2025-06-08 23:45:03,269 kilosort.run_kilosort INFO     ----------------------------------------
2025-06-08 23:45:03,275 kilosort.run_kilosort INFO     11 units found, in  0.01s; total  0.77s
2025-06-08 23:45:03,275 kilosort.run_kilosort DEBUG    clu shape: (1498,)
2025-06-08 23:45:03,275 kilosort.run_kilosort DEBUG    Wall shape: torch.Size([11, 32, 6])
2025-06-08 23:45:03,275 kilosort.run_kilosort INFO      
2025-06-08 23:45:03,275 kilosort.run_kilosort INFO     Resource usage after clustering
2025-06-08 23:45:03,276 kilosort.run_kilosort INFO     ********************************************************
2025-06-08 23:45:03,276 kilosort.run_kilosort INFO     CPU usage:    36.80 %
2025-06-08 23:45:03,277 kilosort.run_kilosort INFO     Memory:        4.85 %     |     36.59   /   754.60 GB
2025-06-08 23:45:03,277 kilosort.run_kilosort INFO     ------------------------------------------------------
2025-06-08 23:45:03,277 kilosort.run_kilosort INFO     GPU usage:    `conda install pynvml` for GPU usage
2025-06-08 23:45:03,278 kilosort.run_kilosort INFO     GPU memory:    2.56 %     |      1.01   /    39.50 GB
2025-06-08 23:45:03,279 kilosort.run_kilosort INFO     Allocated:     0.02 %     |      0.01   /    39.50 GB
2025-06-08 23:45:03,279 kilosort.run_kilosort INFO     Max alloc:     0.75 %     |      0.30   /    39.50 GB
2025-06-08 23:45:03,279 kilosort.run_kilosort INFO     ********************************************************
2025-06-08 23:45:03,280 kilosort.run_kilosort DEBUG    

|===========================================================================|
|                  PyTorch CUDA memory summary, device ID 0                 |
|---------------------------------------------------------------------------|
|            CUDA OOMs: 0            |        cudaMalloc retries: 0         |
|===========================================================================|
|        Metric         | Cur Usage  | Peak Usage | Tot Alloc  | Tot Freed  |
|---------------------------------------------------------------------------|
| Allocated memory      |   8871 KiB | 309982 KiB |  15217 GiB |  15217 GiB |
|---------------------------------------------------------------------------|
| Active memory         |   8871 KiB | 309982 KiB |  15217 GiB |  15217 GiB |
|---------------------------------------------------------------------------|
| Requested memory      |   8867 KiB | 309896 KiB |  15052 GiB |  15052 GiB |
|---------------------------------------------------------------------------|
| GPU reserved memory   | 481280 KiB | 481280 KiB | 481280 KiB |      0 B   |
|---------------------------------------------------------------------------|
| Non-releasable memory |  13657 KiB | 184425 KiB |   8225 GiB |   8225 GiB |
|---------------------------------------------------------------------------|
| Allocations           |      23    |      56    |    3252 K  |    3252 K  |
|---------------------------------------------------------------------------|
| Active allocs         |      23    |      56    |    3252 K  |    3252 K  |
|---------------------------------------------------------------------------|
| GPU reserved segments |      15    |      15    |      15    |       0    |
|---------------------------------------------------------------------------|
| Non-releasable allocs |      11    |      26    |    1320 K  |    1320 K  |
|---------------------------------------------------------------------------|
| Oversize allocations  |       0    |       0    |       0    |       0    |
|---------------------------------------------------------------------------|
| Oversize GPU segments |       0    |       0    |       0    |       0    |
|===========================================================================|


2025-06-08 23:45:03,280 kilosort.run_kilosort INFO      
2025-06-08 23:45:03,281 kilosort.run_kilosort INFO     Saving to phy and computing refractory periods
2025-06-08 23:45:03,281 kilosort.run_kilosort INFO     ----------------------------------------
2025-06-08 23:45:03,383 kilosort.run_kilosort INFO     3 units found with good refractory periods
2025-06-08 23:45:03,383 kilosort.run_kilosort INFO     Total runtime: 0.88s = 00:00:1 h:m:s
2025-06-08 23:45:03,389 kilosort.run_kilosort INFO     Sorting output saved in: /home/lss72/palmer_scratch/spike_sort/kilosort4.
2025-06-08 23:45:03,389 kilosort.run_kilosort INFO      
2025-06-08 23:45:03,390 kilosort.run_kilosort INFO     Resource usage after saving
2025-06-08 23:45:03,390 kilosort.run_kilosort INFO     ********************************************************
2025-06-08 23:45:03,391 kilosort.run_kilosort INFO     CPU usage:    28.40 %
2025-06-08 23:45:03,391 kilosort.run_kilosort INFO     Memory:        4.85 %     |     36.57   /   754.60 GB
2025-06-08 23:45:03,391 kilosort.run_kilosort INFO     ------------------------------------------------------
2025-06-08 23:45:03,392 kilosort.run_kilosort INFO     GPU usage:    `conda install pynvml` for GPU usage
2025-06-08 23:45:03,392 kilosort.run_kilosort INFO     GPU memory:    2.56 %     |      1.01   /    39.50 GB
2025-06-08 23:45:03,393 kilosort.run_kilosort INFO     Allocated:     0.02 %     |      0.01   /    39.50 GB
2025-06-08 23:45:03,393 kilosort.run_kilosort INFO     Max alloc:     0.75 %     |      0.30   /    39.50 GB
2025-06-08 23:45:03,394 kilosort.run_kilosort INFO     ********************************************************
2025-06-08 23:45:03,395 kilosort.run_kilosort DEBUG    

|===========================================================================|
|                  PyTorch CUDA memory summary, device ID 0                 |
|---------------------------------------------------------------------------|
|            CUDA OOMs: 0            |        cudaMalloc retries: 0         |
|===========================================================================|
|        Metric         | Cur Usage  | Peak Usage | Tot Alloc  | Tot Freed  |
|---------------------------------------------------------------------------|
| Allocated memory      |   8871 KiB | 309982 KiB |  15217 GiB |  15217 GiB |
|---------------------------------------------------------------------------|
| Active memory         |   8871 KiB | 309982 KiB |  15217 GiB |  15217 GiB |
|---------------------------------------------------------------------------|
| Requested memory      |   8867 KiB | 309896 KiB |  15052 GiB |  15052 GiB |
|---------------------------------------------------------------------------|
| GPU reserved memory   | 481280 KiB | 481280 KiB | 481280 KiB |      0 B   |
|---------------------------------------------------------------------------|
| Non-releasable memory |  13657 KiB | 184425 KiB |   8225 GiB |   8225 GiB |
|---------------------------------------------------------------------------|
| Allocations           |      23    |      56    |    3252 K  |    3252 K  |
|---------------------------------------------------------------------------|
| Active allocs         |      23    |      56    |    3252 K  |    3252 K  |
|---------------------------------------------------------------------------|
| GPU reserved segments |      15    |      15    |      15    |       0    |
|---------------------------------------------------------------------------|
| Non-releasable allocs |      11    |      26    |    1320 K  |    1320 K  |
|---------------------------------------------------------------------------|
| Oversize allocations  |       0    |       0    |       0    |       0    |
|---------------------------------------------------------------------------|
| Oversize GPU segments |       0    |       0    |       0    |       0    |
|===========================================================================|


