2025-06-08 23:32:38,601 kilosort.run_kilosort INFO     Kilosort version 4.0.25
2025-06-08 23:32:38,602 kilosort.run_kilosort INFO     Python version 3.9.21
2025-06-08 23:32:38,602 kilosort.run_kilosort INFO     ----------------------------------------
2025-06-08 23:32:38,603 kilosort.run_kilosort INFO     System information:
2025-06-08 23:32:38,603 kilosort.run_kilosort INFO     Linux-4.18.0-477.74.1.el8_8.x86_64-x86_64-with-glibc2.28 x86_64
2025-06-08 23:32:38,603 kilosort.run_kilosort INFO     x86_64
2025-06-08 23:32:38,746 kilosort.run_kilosort INFO     Using GPU for PyTorch computations. Specify `device` to change this.
2025-06-08 23:32:38,781 kilosort.run_kilosort INFO     Using CUDA device: NVIDIA A100-PCIE-40GB 39.50GB
2025-06-08 23:32:38,782 kilosort.run_kilosort INFO     ----------------------------------------
2025-06-08 23:32:38,782 kilosort.run_kilosort INFO     Sorting /home/lss72/palmer_scratch/spike_sort/2014_11_25_Pair_3_0
2025-06-08 23:32:38,783 kilosort.run_kilosort DEBUG    Initial ops:

ops = {
    'n_chan_bin': 32,
    'fs': 30000,
    'batch_size': 60000,
    'nblocks': 1,
    'Th_universal': 9,
    'Th_learned': 8,
    'tmin': 0,
    'tmax': 600,
    'nt': 61,
    'shift': None,
    'scale': None,
    'artifact_threshold': inf,
    'nskip': 25,
    'whitening_range': 32,
    'highpass_cutoff': 300,
    'binning_depth': 5,
    'sig_interp': 20,
    'drift_smoothing': [0.5, 0.5, 0.5],
    'nt0min': 20,
    'dmin': None,
    'dminx': 32,
    'min_template_size': 10,
    'template_sizes': 5,
    'nearest_chans': 10,
    'nearest_templates': 100,
    'max_channel_distance': 32,
    'max_peels': 100,
    'templates_from_data': True,
    'n_templates': 6,
    'n_pcs': 6,
    'Th_single_ch': 6,
    'acg_threshold': 0.2,
    'ccg_threshold': 0.25,
    'cluster_downsampling': 20,
    'x_centers': None,
    'duplicate_spike_ms': 0.25,
    'position_limit': 100,
    'data_dir': PosixPath('/home/lss72/palmer_scratch/spike_sort'),
    'filename': PosixPath('/home/lss72/palmer_scratch/spike_sort/2014_11_25_Pair_3_0'),
    'data_dtype': dtype('uint16'),
    'do_CAR': True,
    'invert_sign': False,
    'NTbuff': 60122,
    'Nchan': 32,
    'duplicate_spike_bins': 7,
    'torch_device': 'cuda',
    'save_preprocessed_copy': False
}

2025-06-08 23:32:38,785 kilosort.run_kilosort DEBUG    Probe dictionary:

probe = {
    'chanMap': np.array([ 0,  1,  2,  3,  4,  5,  6,  7,  8,  9, 10, 11, 12, 13, 14, 15, 16,
       17, 18, 19, 20, 21, 22, 23, 24, 25, 26, 27, 28, 29, 30, 31]),
    'xc': np.array([  0.,  18., -18.,   0.,  18., -18.,   0.,  18., -18.,   0.,  18.,
       -18.,   0.,  18., -18.,   0.,  18., -18.,   0.,  18., -18.,   0.,
        18., -18.,   0.,  18., -18.,   0.,  18., -18.,   0.,   0.],
      dtype=np.float32),
    'yc': np.array([  0. ,  12.5,  12.5,  25. ,  37.5,  37.5,  50. ,  62.5,  62.5,
        75. ,  87.5,  87.5, 100. , 112.5, 112.5, 125. , 137.5, 137.5,
       150. , 162.5, 162.5, 175. , 187.5, 187.5, 200. , 212.5, 212.5,
       225. , 237.5, 237.5, 250. , 275. ], dtype=np.float32),
    'kcoords': np.array([0., 0., 0., 0., 0., 0., 0., 0., 0., 0., 0., 0., 0., 0., 0., 0., 0.,
       0., 0., 0., 0., 0., 0., 0., 0., 0., 0., 0., 0., 0., 0., 0.]),
    'n_chan': 32
}

2025-06-08 23:32:38,785 kilosort.run_kilosort INFO      
2025-06-08 23:32:38,786 kilosort.run_kilosort INFO     Computing preprocessing variables.
2025-06-08 23:32:38,786 kilosort.run_kilosort INFO     ----------------------------------------
2025-06-08 23:32:39,022 kilosort.run_kilosort INFO     N samples: 16716540
2025-06-08 23:32:39,023 kilosort.run_kilosort INFO     N seconds: 557.218
2025-06-08 23:32:39,023 kilosort.run_kilosort INFO     N batches: 279
2025-06-08 23:32:39,653 kilosort.run_kilosort INFO     Preprocessing filters computed in  0.87s; total  0.87s
2025-06-08 23:32:39,653 kilosort.run_kilosort DEBUG    hp_filter shape: torch.Size([30122])
2025-06-08 23:32:39,654 kilosort.run_kilosort DEBUG    whiten_mat shape: torch.Size([32, 32])
2025-06-08 23:32:39,654 kilosort.run_kilosort INFO      
2025-06-08 23:32:39,654 kilosort.run_kilosort INFO     Resource usage after preprocessing
2025-06-08 23:32:39,654 kilosort.run_kilosort INFO     ********************************************************
2025-06-08 23:32:39,655 kilosort.run_kilosort INFO     CPU usage:    32.10 %
2025-06-08 23:32:39,656 kilosort.run_kilosort INFO     Memory:        4.81 %     |     36.28   /   754.60 GB
2025-06-08 23:32:39,656 kilosort.run_kilosort INFO     ------------------------------------------------------
2025-06-08 23:32:39,656 kilosort.run_kilosort INFO     GPU usage:    `conda install pynvml` for GPU usage
2025-06-08 23:32:39,657 kilosort.run_kilosort INFO     GPU memory:    1.74 %     |      0.69   /    39.50 GB
2025-06-08 23:32:39,657 kilosort.run_kilosort INFO     Allocated:     0.02 %     |      0.01   /    39.50 GB
2025-06-08 23:32:39,658 kilosort.run_kilosort INFO     Max alloc:     0.30 %     |      0.12   /    39.50 GB
2025-06-08 23:32:39,658 kilosort.run_kilosort INFO     ********************************************************
2025-06-08 23:32:39,671 kilosort.run_kilosort INFO      
2025-06-08 23:32:39,671 kilosort.run_kilosort INFO     Computing drift correction.
2025-06-08 23:32:39,672 kilosort.run_kilosort INFO     ----------------------------------------
2025-06-08 23:32:39,672 kilosort.spikedetect INFO     Re-computing universal templates from data.
2025-06-08 23:32:40,304 kilosort.spikedetect INFO     Number of universal templates: 135
2025-06-08 23:32:40,324 kilosort.spikedetect INFO     Detecting spikes...
2025-06-08 23:32:40,326 kilosort.spikedetect DEBUG     
2025-06-08 23:32:40,326 kilosort.spikedetect DEBUG    Batch 0
2025-06-08 23:32:40,326 kilosort.spikedetect DEBUG    ********************************************************
2025-06-08 23:32:40,326 kilosort.spikedetect DEBUG    CPU usage:    30.20 %
2025-06-08 23:32:40,326 kilosort.spikedetect DEBUG    Memory:        4.80 %     |     36.24   /   754.60 GB
2025-06-08 23:32:40,326 kilosort.spikedetect DEBUG    ------------------------------------------------------
2025-06-08 23:32:40,326 kilosort.spikedetect DEBUG    GPU usage:    `conda install pynvml` for GPU usage
2025-06-08 23:32:40,327 kilosort.spikedetect DEBUG    GPU memory:    1.74 %     |      0.69   /    39.50 GB
2025-06-08 23:32:40,327 kilosort.spikedetect DEBUG    Allocated:     0.02 %     |      0.01   /    39.50 GB
2025-06-08 23:32:40,327 kilosort.spikedetect DEBUG    Max alloc:     0.30 %     |      0.12   /    39.50 GB
2025-06-08 23:32:40,327 kilosort.spikedetect DEBUG    ********************************************************
2025-06-08 23:32:50,045 kilosort.spikedetect DEBUG     
2025-06-08 23:32:50,045 kilosort.spikedetect DEBUG    Batch 278
2025-06-08 23:32:50,045 kilosort.spikedetect DEBUG    ********************************************************
2025-06-08 23:32:50,045 kilosort.spikedetect DEBUG    CPU usage:    25.20 %
2025-06-08 23:32:50,045 kilosort.spikedetect DEBUG    Memory:        4.84 %     |     36.56   /   754.60 GB
2025-06-08 23:32:50,045 kilosort.spikedetect DEBUG    ------------------------------------------------------
2025-06-08 23:32:50,046 kilosort.spikedetect DEBUG    GPU usage:    `conda install pynvml` for GPU usage
2025-06-08 23:32:50,046 kilosort.spikedetect DEBUG    GPU memory:    2.55 %     |      1.01   /    39.50 GB
2025-06-08 23:32:50,046 kilosort.spikedetect DEBUG    Allocated:     0.04 %     |      0.02   /    39.50 GB
2025-06-08 23:32:50,046 kilosort.spikedetect DEBUG    Max alloc:     0.75 %     |      0.30   /    39.50 GB
2025-06-08 23:32:50,046 kilosort.spikedetect DEBUG    ********************************************************
2025-06-08 23:32:50,261 kilosort.run_kilosort INFO     drift computed in  10.59s; total  11.48s
2025-06-08 23:32:50,262 kilosort.run_kilosort DEBUG    st shape: (49786, 6)
2025-06-08 23:32:50,262 kilosort.run_kilosort DEBUG    yblk shape: (1,)
2025-06-08 23:32:50,262 kilosort.run_kilosort DEBUG    dshift shape: (279, 1)
2025-06-08 23:32:50,262 kilosort.run_kilosort DEBUG    iKxx shape: torch.Size([32, 32])
2025-06-08 23:32:50,262 kilosort.run_kilosort INFO      
2025-06-08 23:32:50,262 kilosort.run_kilosort INFO     Resource usage after drift correction
2025-06-08 23:32:50,263 kilosort.run_kilosort INFO     ********************************************************
2025-06-08 23:32:50,264 kilosort.run_kilosort INFO     CPU usage:    26.50 %
2025-06-08 23:32:50,264 kilosort.run_kilosort INFO     Memory:        4.85 %     |     36.60   /   754.60 GB
2025-06-08 23:32:50,264 kilosort.run_kilosort INFO     ------------------------------------------------------
2025-06-08 23:32:50,265 kilosort.run_kilosort INFO     GPU usage:    `conda install pynvml` for GPU usage
2025-06-08 23:32:50,265 kilosort.run_kilosort INFO     GPU memory:    2.55 %     |      1.01   /    39.50 GB
2025-06-08 23:32:50,266 kilosort.run_kilosort INFO     Allocated:     0.02 %     |      0.01   /    39.50 GB
2025-06-08 23:32:50,266 kilosort.run_kilosort INFO     Max alloc:     0.75 %     |      0.30   /    39.50 GB
2025-06-08 23:32:50,267 kilosort.run_kilosort INFO     ********************************************************
2025-06-08 23:32:50,267 kilosort.run_kilosort DEBUG    

|===========================================================================|
|                  PyTorch CUDA memory summary, device ID 0                 |
|---------------------------------------------------------------------------|
|            CUDA OOMs: 0            |        cudaMalloc retries: 0         |
|===========================================================================|
|        Metric         | Cur Usage  | Peak Usage | Tot Alloc  | Tot Freed  |
|---------------------------------------------------------------------------|
| Allocated memory      |   8592 KiB | 309480 KiB |   2146 GiB |   2146 GiB |
|---------------------------------------------------------------------------|
| Active memory         |   8592 KiB | 309480 KiB |   2146 GiB |   2146 GiB |
|---------------------------------------------------------------------------|
| Requested memory      |   8590 KiB | 309395 KiB |   2122 GiB |   2122 GiB |
|---------------------------------------------------------------------------|
| GPU reserved memory   | 477184 KiB | 477184 KiB | 477184 KiB |      0 B   |
|---------------------------------------------------------------------------|
| Non-releasable memory |  13936 KiB | 184425 KiB |   1041 GiB |   1041 GiB |
|---------------------------------------------------------------------------|
| Allocations           |       9    |      37    |  190307    |  190298    |
|---------------------------------------------------------------------------|
| Active allocs         |       9    |      37    |  190307    |  190298    |
|---------------------------------------------------------------------------|
| GPU reserved segments |      13    |      13    |      13    |       0    |
|---------------------------------------------------------------------------|
| Non-releasable allocs |       7    |      23    |   63262    |   63255    |
|---------------------------------------------------------------------------|
| Oversize allocations  |       0    |       0    |       0    |       0    |
|---------------------------------------------------------------------------|
| Oversize GPU segments |       0    |       0    |       0    |       0    |
|===========================================================================|


2025-06-08 23:32:50,279 kilosort.run_kilosort DEBUG    First batch min, max: (-17.162413, 9.988123)
2025-06-08 23:32:50,279 kilosort.run_kilosort INFO      
2025-06-08 23:32:50,280 kilosort.run_kilosort INFO     Extracting spikes using templates
2025-06-08 23:32:50,280 kilosort.run_kilosort INFO     ----------------------------------------
2025-06-08 23:32:50,280 kilosort.spikedetect INFO     Re-computing universal templates from data.
2025-06-08 23:32:50,545 kilosort.spikedetect INFO     Number of universal templates: 135
2025-06-08 23:32:50,550 kilosort.spikedetect INFO     Detecting spikes...
2025-06-08 23:32:50,552 kilosort.spikedetect DEBUG     
2025-06-08 23:32:50,552 kilosort.spikedetect DEBUG    Batch 0
2025-06-08 23:32:50,552 kilosort.spikedetect DEBUG    ********************************************************
2025-06-08 23:32:50,552 kilosort.spikedetect DEBUG    CPU usage:    36.50 %
2025-06-08 23:32:50,552 kilosort.spikedetect DEBUG    Memory:        4.85 %     |     36.63   /   754.60 GB
2025-06-08 23:32:50,552 kilosort.spikedetect DEBUG    ------------------------------------------------------
2025-06-08 23:32:50,552 kilosort.spikedetect DEBUG    GPU usage:    `conda install pynvml` for GPU usage
2025-06-08 23:32:50,552 kilosort.spikedetect DEBUG    GPU memory:    2.55 %     |      1.01   /    39.50 GB
2025-06-08 23:32:50,552 kilosort.spikedetect DEBUG    Allocated:     0.02 %     |      0.01   /    39.50 GB
2025-06-08 23:32:50,553 kilosort.spikedetect DEBUG    Max alloc:     0.75 %     |      0.30   /    39.50 GB
2025-06-08 23:32:50,553 kilosort.spikedetect DEBUG    ********************************************************
2025-06-08 23:32:59,977 kilosort.spikedetect DEBUG     
2025-06-08 23:32:59,977 kilosort.spikedetect DEBUG    Batch 278
2025-06-08 23:32:59,977 kilosort.spikedetect DEBUG    ********************************************************
2025-06-08 23:32:59,977 kilosort.spikedetect DEBUG    CPU usage:    25.10 %
2025-06-08 23:32:59,978 kilosort.spikedetect DEBUG    Memory:        4.86 %     |     36.67   /   754.60 GB
2025-06-08 23:32:59,978 kilosort.spikedetect DEBUG    ------------------------------------------------------
2025-06-08 23:32:59,978 kilosort.spikedetect DEBUG    GPU usage:    `conda install pynvml` for GPU usage
2025-06-08 23:32:59,978 kilosort.spikedetect DEBUG    GPU memory:    2.56 %     |      1.01   /    39.50 GB
2025-06-08 23:32:59,978 kilosort.spikedetect DEBUG    Allocated:     0.04 %     |      0.02   /    39.50 GB
2025-06-08 23:32:59,978 kilosort.spikedetect DEBUG    Max alloc:     0.75 %     |      0.30   /    39.50 GB
2025-06-08 23:32:59,978 kilosort.spikedetect DEBUG    ********************************************************
2025-06-08 23:32:59,978 kilosort.run_kilosort INFO     47517 spikes extracted in  9.70s; total  21.20s
2025-06-08 23:32:59,979 kilosort.run_kilosort DEBUG    st0 shape: (47517, 6)
2025-06-08 23:32:59,979 kilosort.run_kilosort DEBUG    tF shape: torch.Size([47517, 10, 6])
2025-06-08 23:32:59,979 kilosort.run_kilosort INFO      
2025-06-08 23:32:59,979 kilosort.run_kilosort INFO     First clustering
2025-06-08 23:32:59,979 kilosort.run_kilosort INFO     ----------------------------------------
2025-06-08 23:33:00,006 kilosort.clustering_qr DEBUG     
2025-06-08 23:33:00,006 kilosort.clustering_qr DEBUG    Cluster center: 0 of 12
2025-06-08 23:33:00,006 kilosort.clustering_qr DEBUG    ********************************************************
2025-06-08 23:33:00,006 kilosort.clustering_qr DEBUG    CPU usage:    29.00 %
2025-06-08 23:33:00,006 kilosort.clustering_qr DEBUG    Memory:        4.86 %     |     36.67   /   754.60 GB
2025-06-08 23:33:00,006 kilosort.clustering_qr DEBUG    ------------------------------------------------------
2025-06-08 23:33:00,006 kilosort.clustering_qr DEBUG    GPU usage:    `conda install pynvml` for GPU usage
2025-06-08 23:33:00,006 kilosort.clustering_qr DEBUG    GPU memory:    2.56 %     |      1.01   /    39.50 GB
2025-06-08 23:33:00,007 kilosort.clustering_qr DEBUG    Allocated:     0.02 %     |      0.01   /    39.50 GB
2025-06-08 23:33:00,007 kilosort.clustering_qr DEBUG    Max alloc:     0.75 %     |      0.30   /    39.50 GB
2025-06-08 23:33:00,007 kilosort.clustering_qr DEBUG    ********************************************************
2025-06-08 23:33:00,063 kilosort.clustering_qr DEBUG    Center 0 | nsp: 8898 | ntemp: 12
2025-06-08 23:33:00,715 kilosort.clustering_qr DEBUG    Center 1 | nsp: 896 | ntemp: 12
2025-06-08 23:33:00,718 kilosort.clustering_qr DEBUG    Center 2 | nsp: 638 | ntemp: 12
2025-06-08 23:33:00,721 kilosort.clustering_qr DEBUG    Center 3 | nsp: 753 | ntemp: 12
2025-06-08 23:33:00,724 kilosort.clustering_qr DEBUG    Center 4 | nsp: 1071 | ntemp: 12
2025-06-08 23:33:00,972 kilosort.clustering_qr DEBUG    Center 5 | nsp: 4822 | ntemp: 12
2025-06-08 23:33:01,394 kilosort.clustering_qr DEBUG    Center 6 | nsp: 3643 | ntemp: 12
2025-06-08 23:33:01,835 kilosort.clustering_qr DEBUG    Center 7 | nsp: 11571 | ntemp: 12
2025-06-08 23:33:02,242 kilosort.clustering_qr DEBUG    Center 8 | nsp: 8732 | ntemp: 12
2025-06-08 23:33:02,628 kilosort.clustering_qr DEBUG    Center 9 | nsp: 4076 | ntemp: 12
2025-06-08 23:33:02,984 kilosort.clustering_qr DEBUG     
2025-06-08 23:33:02,984 kilosort.clustering_qr DEBUG    Cluster center: 10 of 12
2025-06-08 23:33:02,984 kilosort.clustering_qr DEBUG    ********************************************************
2025-06-08 23:33:02,984 kilosort.clustering_qr DEBUG    CPU usage:    32.20 %
2025-06-08 23:33:02,984 kilosort.clustering_qr DEBUG    Memory:        4.89 %     |     36.91   /   754.60 GB
2025-06-08 23:33:02,984 kilosort.clustering_qr DEBUG    ------------------------------------------------------
2025-06-08 23:33:02,984 kilosort.clustering_qr DEBUG    GPU usage:    `conda install pynvml` for GPU usage
2025-06-08 23:33:02,985 kilosort.clustering_qr DEBUG    GPU memory:    2.56 %     |      1.01   /    39.50 GB
2025-06-08 23:33:02,985 kilosort.clustering_qr DEBUG    Allocated:     0.02 %     |      0.01   /    39.50 GB
2025-06-08 23:33:02,985 kilosort.clustering_qr DEBUG    Max alloc:     0.75 %     |      0.30   /    39.50 GB
2025-06-08 23:33:02,985 kilosort.clustering_qr DEBUG    ********************************************************
2025-06-08 23:33:02,991 kilosort.clustering_qr DEBUG    Center 10 | nsp: 1282 | ntemp: 12
2025-06-08 23:33:03,346 kilosort.clustering_qr DEBUG    Center 11 | nsp: 1135 | ntemp: 3
2025-06-08 23:33:03,652 kilosort.run_kilosort INFO     45 clusters found, in  3.67s; total  24.87s
2025-06-08 23:33:03,652 kilosort.run_kilosort DEBUG    clu shape: (47517,)
2025-06-08 23:33:03,652 kilosort.run_kilosort DEBUG    Wall shape: torch.Size([45, 32, 6])
2025-06-08 23:33:03,652 kilosort.run_kilosort INFO      
2025-06-08 23:33:03,653 kilosort.run_kilosort INFO     Extracting spikes using cluster waveforms
2025-06-08 23:33:03,653 kilosort.run_kilosort INFO     ----------------------------------------
2025-06-08 23:33:03,667 kilosort.template_matching DEBUG     
2025-06-08 23:33:03,667 kilosort.template_matching DEBUG    Batch 0
2025-06-08 23:33:03,667 kilosort.template_matching DEBUG    ********************************************************
2025-06-08 23:33:03,667 kilosort.template_matching DEBUG    CPU usage:    30.10 %
2025-06-08 23:33:03,668 kilosort.template_matching DEBUG    Memory:        4.91 %     |     37.03   /   754.60 GB
2025-06-08 23:33:03,668 kilosort.template_matching DEBUG    ------------------------------------------------------
2025-06-08 23:33:03,668 kilosort.template_matching DEBUG    GPU usage:    `conda install pynvml` for GPU usage
2025-06-08 23:33:03,668 kilosort.template_matching DEBUG    GPU memory:    2.56 %     |      1.01   /    39.50 GB
2025-06-08 23:33:03,668 kilosort.template_matching DEBUG    Allocated:     0.02 %     |      0.01   /    39.50 GB
2025-06-08 23:33:03,668 kilosort.template_matching DEBUG    Max alloc:     0.75 %     |      0.30   /    39.50 GB
2025-06-08 23:33:03,668 kilosort.template_matching DEBUG    ********************************************************
2025-06-08 23:33:06,881 kilosort.template_matching DEBUG     
2025-06-08 23:33:06,882 kilosort.template_matching DEBUG    Batch 100
2025-06-08 23:33:06,882 kilosort.template_matching DEBUG    ********************************************************
2025-06-08 23:33:06,882 kilosort.template_matching DEBUG    CPU usage:    26.50 %
2025-06-08 23:33:06,882 kilosort.template_matching DEBUG    Memory:        4.90 %     |     36.96   /   754.60 GB
2025-06-08 23:33:06,882 kilosort.template_matching DEBUG    ------------------------------------------------------
2025-06-08 23:33:06,882 kilosort.template_matching DEBUG    GPU usage:    `conda install pynvml` for GPU usage
2025-06-08 23:33:06,882 kilosort.template_matching DEBUG    GPU memory:    2.56 %     |      1.01   /    39.50 GB
2025-06-08 23:33:06,882 kilosort.template_matching DEBUG    Allocated:     0.06 %     |      0.02   /    39.50 GB
2025-06-08 23:33:06,883 kilosort.template_matching DEBUG    Max alloc:     0.75 %     |      0.30   /    39.50 GB
2025-06-08 23:33:06,883 kilosort.template_matching DEBUG    ********************************************************
2025-06-08 23:33:10,105 kilosort.template_matching DEBUG     
2025-06-08 23:33:10,105 kilosort.template_matching DEBUG    Batch 200
2025-06-08 23:33:10,105 kilosort.template_matching DEBUG    ********************************************************
2025-06-08 23:33:10,105 kilosort.template_matching DEBUG    CPU usage:    26.40 %
2025-06-08 23:33:10,105 kilosort.template_matching DEBUG    Memory:        4.88 %     |     36.79   /   754.60 GB
2025-06-08 23:33:10,105 kilosort.template_matching DEBUG    ------------------------------------------------------
2025-06-08 23:33:10,105 kilosort.template_matching DEBUG    GPU usage:    `conda install pynvml` for GPU usage
2025-06-08 23:33:10,105 kilosort.template_matching DEBUG    GPU memory:    2.56 %     |      1.01   /    39.50 GB
2025-06-08 23:33:10,106 kilosort.template_matching DEBUG    Allocated:     0.06 %     |      0.02   /    39.50 GB
2025-06-08 23:33:10,106 kilosort.template_matching DEBUG    Max alloc:     0.75 %     |      0.30   /    39.50 GB
2025-06-08 23:33:10,106 kilosort.template_matching DEBUG    ********************************************************
2025-06-08 23:33:12,689 kilosort.template_matching DEBUG     
2025-06-08 23:33:12,690 kilosort.template_matching DEBUG    Batch 278
2025-06-08 23:33:12,690 kilosort.template_matching DEBUG    ********************************************************
2025-06-08 23:33:12,690 kilosort.template_matching DEBUG    CPU usage:    27.40 %
2025-06-08 23:33:12,690 kilosort.template_matching DEBUG    Memory:        4.91 %     |     37.03   /   754.60 GB
2025-06-08 23:33:12,690 kilosort.template_matching DEBUG    ------------------------------------------------------
2025-06-08 23:33:12,690 kilosort.template_matching DEBUG    GPU usage:    `conda install pynvml` for GPU usage
2025-06-08 23:33:12,690 kilosort.template_matching DEBUG    GPU memory:    2.56 %     |      1.01   /    39.50 GB
2025-06-08 23:33:12,690 kilosort.template_matching DEBUG    Allocated:     0.06 %     |      0.02   /    39.50 GB
2025-06-08 23:33:12,690 kilosort.template_matching DEBUG    Max alloc:     0.75 %     |      0.30   /    39.50 GB
2025-06-08 23:33:12,691 kilosort.template_matching DEBUG    ********************************************************
2025-06-08 23:33:12,700 kilosort.run_kilosort INFO     152490 spikes extracted in  9.05s; total  33.92s
2025-06-08 23:33:12,704 kilosort.run_kilosort DEBUG    st shape: (152490, 3)
2025-06-08 23:33:12,705 kilosort.run_kilosort DEBUG    tF shape: torch.Size([152490, 10, 6])
2025-06-08 23:33:12,705 kilosort.run_kilosort DEBUG    iCC shape: torch.Size([10, 32])
2025-06-08 23:33:12,705 kilosort.run_kilosort DEBUG    iU shape: torch.Size([36])
2025-06-08 23:33:12,705 kilosort.run_kilosort INFO      
2025-06-08 23:33:12,705 kilosort.run_kilosort INFO     Resource usage after spike detection
2025-06-08 23:33:12,705 kilosort.run_kilosort INFO     ********************************************************
2025-06-08 23:33:12,706 kilosort.run_kilosort INFO     CPU usage:    34.50 %
2025-06-08 23:33:12,706 kilosort.run_kilosort INFO     Memory:        4.88 %     |     36.83   /   754.60 GB
2025-06-08 23:33:12,707 kilosort.run_kilosort INFO     ------------------------------------------------------
2025-06-08 23:33:12,707 kilosort.run_kilosort INFO     GPU usage:    `conda install pynvml` for GPU usage
2025-06-08 23:33:12,708 kilosort.run_kilosort INFO     GPU memory:    2.56 %     |      1.01   /    39.50 GB
2025-06-08 23:33:12,708 kilosort.run_kilosort INFO     Allocated:     0.02 %     |      0.01   /    39.50 GB
2025-06-08 23:33:12,709 kilosort.run_kilosort INFO     Max alloc:     0.75 %     |      0.30   /    39.50 GB
2025-06-08 23:33:12,709 kilosort.run_kilosort INFO     ********************************************************
2025-06-08 23:33:12,710 kilosort.run_kilosort DEBUG    

|===========================================================================|
|                  PyTorch CUDA memory summary, device ID 0                 |
|---------------------------------------------------------------------------|
|            CUDA OOMs: 0            |        cudaMalloc retries: 0         |
|===========================================================================|
|        Metric         | Cur Usage  | Peak Usage | Tot Alloc  | Tot Freed  |
|---------------------------------------------------------------------------|
| Allocated memory      |   8622 KiB | 309598 KiB |   4587 GiB |   4587 GiB |
|---------------------------------------------------------------------------|
| Active memory         |   8622 KiB | 309598 KiB |   4587 GiB |   4587 GiB |
|---------------------------------------------------------------------------|
| Requested memory      |   8621 KiB | 309512 KiB |   4538 GiB |   4538 GiB |
|---------------------------------------------------------------------------|
| GPU reserved memory   | 479232 KiB | 479232 KiB | 479232 KiB |      0 B   |
|---------------------------------------------------------------------------|
| Non-releasable memory |  13905 KiB | 184425 KiB |   2404 GiB |   2404 GiB |
|---------------------------------------------------------------------------|
| Allocations           |      13    |      45    |  730926    |  730913    |
|---------------------------------------------------------------------------|
| Active allocs         |      13    |      45    |  730926    |  730913    |
|---------------------------------------------------------------------------|
| GPU reserved segments |      14    |      14    |      14    |       0    |
|---------------------------------------------------------------------------|
| Non-releasable allocs |       7    |      25    |  254668    |  254661    |
|---------------------------------------------------------------------------|
| Oversize allocations  |       0    |       0    |       0    |       0    |
|---------------------------------------------------------------------------|
| Oversize GPU segments |       0    |       0    |       0    |       0    |
|===========================================================================|


2025-06-08 23:33:12,710 kilosort.run_kilosort INFO      
2025-06-08 23:33:12,710 kilosort.run_kilosort INFO     Final clustering
2025-06-08 23:33:12,711 kilosort.run_kilosort INFO     ----------------------------------------
2025-06-08 23:33:12,721 kilosort.clustering_qr DEBUG     
2025-06-08 23:33:12,721 kilosort.clustering_qr DEBUG    Cluster center: 0 of 12
2025-06-08 23:33:12,721 kilosort.clustering_qr DEBUG    ********************************************************
2025-06-08 23:33:12,722 kilosort.clustering_qr DEBUG    CPU usage:    30.90 %
2025-06-08 23:33:12,722 kilosort.clustering_qr DEBUG    Memory:        4.88 %     |     36.83   /   754.60 GB
2025-06-08 23:33:12,722 kilosort.clustering_qr DEBUG    ------------------------------------------------------
2025-06-08 23:33:12,722 kilosort.clustering_qr DEBUG    GPU usage:    `conda install pynvml` for GPU usage
2025-06-08 23:33:12,722 kilosort.clustering_qr DEBUG    GPU memory:    2.56 %     |      1.01   /    39.50 GB
2025-06-08 23:33:12,722 kilosort.clustering_qr DEBUG    Allocated:     0.02 %     |      0.01   /    39.50 GB
2025-06-08 23:33:12,722 kilosort.clustering_qr DEBUG    Max alloc:     0.75 %     |      0.30   /    39.50 GB
2025-06-08 23:33:12,722 kilosort.clustering_qr DEBUG    ********************************************************
2025-06-08 23:33:12,730 kilosort.clustering_qr DEBUG    Center 0 | nsp: 33818 | ntemp: 5
2025-06-08 23:33:15,809 kilosort.clustering_qr DEBUG    Center 1 | nsp: 8548 | ntemp: 1
2025-06-08 23:33:16,284 kilosort.clustering_qr DEBUG    Center 2 | nsp: 5078 | ntemp: 1
2025-06-08 23:33:16,639 kilosort.clustering_qr DEBUG    Center 3 | nsp: 3289 | ntemp: 1
2025-06-08 23:33:16,990 kilosort.clustering_qr DEBUG    Center 4 | nsp: 2181 | ntemp: 1
2025-06-08 23:33:17,263 kilosort.clustering_qr DEBUG    Center 5 | nsp: 17626 | ntemp: 2
2025-06-08 23:33:17,605 kilosort.clustering_qr DEBUG    Center 6 | nsp: 10015 | ntemp: 2
2025-06-08 23:33:17,956 kilosort.clustering_qr DEBUG    Center 7 | nsp: 5019 | ntemp: 5
2025-06-08 23:33:18,333 kilosort.clustering_qr DEBUG    Center 8 | nsp: 28049 | ntemp: 8
2025-06-08 23:33:18,889 kilosort.clustering_qr DEBUG    Center 9 | nsp: 27308 | ntemp: 7
2025-06-08 23:33:19,407 kilosort.clustering_qr DEBUG     
2025-06-08 23:33:19,407 kilosort.clustering_qr DEBUG    Cluster center: 10 of 12
2025-06-08 23:33:19,407 kilosort.clustering_qr DEBUG    ********************************************************
2025-06-08 23:33:19,407 kilosort.clustering_qr DEBUG    CPU usage:    29.80 %
2025-06-08 23:33:19,407 kilosort.clustering_qr DEBUG    Memory:        4.87 %     |     36.73   /   754.60 GB
2025-06-08 23:33:19,407 kilosort.clustering_qr DEBUG    ------------------------------------------------------
2025-06-08 23:33:19,407 kilosort.clustering_qr DEBUG    GPU usage:    `conda install pynvml` for GPU usage
2025-06-08 23:33:19,407 kilosort.clustering_qr DEBUG    GPU memory:    2.56 %     |      1.01   /    39.50 GB
2025-06-08 23:33:19,408 kilosort.clustering_qr DEBUG    Allocated:     0.02 %     |      0.01   /    39.50 GB
2025-06-08 23:33:19,408 kilosort.clustering_qr DEBUG    Max alloc:     0.75 %     |      0.30   /    39.50 GB
2025-06-08 23:33:19,408 kilosort.clustering_qr DEBUG    ********************************************************
2025-06-08 23:33:19,408 kilosort.clustering_qr DEBUG    Center 10 | nsp: 0 | ntemp: 0
2025-06-08 23:33:19,411 kilosort.clustering_qr DEBUG    Center 11 | nsp: 11559 | ntemp: 3
2025-06-08 23:33:19,742 kilosort.run_kilosort INFO     42 clusters found, in  7.03s; total  40.96s
2025-06-08 23:33:19,742 kilosort.run_kilosort DEBUG    clu shape: (152490,)
2025-06-08 23:33:19,743 kilosort.run_kilosort DEBUG    Wall shape: torch.Size([42, 32, 6])
2025-06-08 23:33:19,743 kilosort.run_kilosort INFO      
2025-06-08 23:33:19,743 kilosort.run_kilosort INFO     Merging clusters
2025-06-08 23:33:19,743 kilosort.run_kilosort INFO     ----------------------------------------
2025-06-08 23:33:19,816 kilosort.run_kilosort INFO     40 units found, in  0.07s; total  41.03s
2025-06-08 23:33:19,816 kilosort.run_kilosort DEBUG    clu shape: (152490,)
2025-06-08 23:33:19,816 kilosort.run_kilosort DEBUG    Wall shape: torch.Size([40, 32, 6])
2025-06-08 23:33:19,816 kilosort.run_kilosort INFO      
2025-06-08 23:33:19,817 kilosort.run_kilosort INFO     Resource usage after clustering
2025-06-08 23:33:19,817 kilosort.run_kilosort INFO     ********************************************************
2025-06-08 23:33:19,818 kilosort.run_kilosort INFO     CPU usage:    30.80 %
2025-06-08 23:33:19,818 kilosort.run_kilosort INFO     Memory:        4.88 %     |     36.79   /   754.60 GB
2025-06-08 23:33:19,819 kilosort.run_kilosort INFO     ------------------------------------------------------
2025-06-08 23:33:19,819 kilosort.run_kilosort INFO     GPU usage:    `conda install pynvml` for GPU usage
2025-06-08 23:33:19,820 kilosort.run_kilosort INFO     GPU memory:    2.56 %     |      1.01   /    39.50 GB
2025-06-08 23:33:19,820 kilosort.run_kilosort INFO     Allocated:     0.02 %     |      0.01   /    39.50 GB
2025-06-08 23:33:19,821 kilosort.run_kilosort INFO     Max alloc:     0.75 %     |      0.30   /    39.50 GB
2025-06-08 23:33:19,821 kilosort.run_kilosort INFO     ********************************************************
2025-06-08 23:33:19,821 kilosort.run_kilosort DEBUG    

|===========================================================================|
|                  PyTorch CUDA memory summary, device ID 0                 |
|---------------------------------------------------------------------------|
|            CUDA OOMs: 0            |        cudaMalloc retries: 0         |
|===========================================================================|
|        Metric         | Cur Usage  | Peak Usage | Tot Alloc  | Tot Freed  |
|---------------------------------------------------------------------------|
| Allocated memory      |   8595 KiB | 309598 KiB |   4762 GiB |   4762 GiB |
|---------------------------------------------------------------------------|
| Active memory         |   8595 KiB | 309598 KiB |   4762 GiB |   4762 GiB |
|---------------------------------------------------------------------------|
| Requested memory      |   8594 KiB | 309512 KiB |   4712 GiB |   4712 GiB |
|---------------------------------------------------------------------------|
| GPU reserved memory   | 479232 KiB | 479232 KiB | 479232 KiB |      0 B   |
|---------------------------------------------------------------------------|
| Non-releasable memory |  13932 KiB | 184425 KiB |   2577 GiB |   2577 GiB |
|---------------------------------------------------------------------------|
| Allocations           |      12    |      45    |     875 K  |     875 K  |
|---------------------------------------------------------------------------|
| Active allocs         |      12    |      45    |     875 K  |     875 K  |
|---------------------------------------------------------------------------|
| GPU reserved segments |      14    |      14    |      14    |       0    |
|---------------------------------------------------------------------------|
| Non-releasable allocs |       6    |      25    |  322573    |  322567    |
|---------------------------------------------------------------------------|
| Oversize allocations  |       0    |       0    |       0    |       0    |
|---------------------------------------------------------------------------|
| Oversize GPU segments |       0    |       0    |       0    |       0    |
|===========================================================================|


2025-06-08 23:33:19,822 kilosort.run_kilosort INFO      
2025-06-08 23:33:19,822 kilosort.run_kilosort INFO     Saving to phy and computing refractory periods
2025-06-08 23:33:19,822 kilosort.run_kilosort INFO     ----------------------------------------
2025-06-08 23:33:20,486 kilosort.run_kilosort INFO     14 units found with good refractory periods
2025-06-08 23:33:20,487 kilosort.run_kilosort INFO     Total runtime: 41.70s = 00:00:42 h:m:s
2025-06-08 23:33:20,492 kilosort.run_kilosort INFO     Sorting output saved in: /home/lss72/palmer_scratch/spike_sort/kilosort4.
2025-06-08 23:33:20,492 kilosort.run_kilosort INFO      
2025-06-08 23:33:20,493 kilosort.run_kilosort INFO     Resource usage after saving
2025-06-08 23:33:20,493 kilosort.run_kilosort INFO     ********************************************************
2025-06-08 23:33:20,494 kilosort.run_kilosort INFO     CPU usage:    31.40 %
2025-06-08 23:33:20,494 kilosort.run_kilosort INFO     Memory:        4.89 %     |     36.92   /   754.60 GB
2025-06-08 23:33:20,494 kilosort.run_kilosort INFO     ------------------------------------------------------
2025-06-08 23:33:20,495 kilosort.run_kilosort INFO     GPU usage:    `conda install pynvml` for GPU usage
2025-06-08 23:33:20,495 kilosort.run_kilosort INFO     GPU memory:    2.56 %     |      1.01   /    39.50 GB
2025-06-08 23:33:20,496 kilosort.run_kilosort INFO     Allocated:     0.02 %     |      0.01   /    39.50 GB
2025-06-08 23:33:20,496 kilosort.run_kilosort INFO     Max alloc:     0.75 %     |      0.30   /    39.50 GB
2025-06-08 23:33:20,497 kilosort.run_kilosort INFO     ********************************************************
2025-06-08 23:33:20,497 kilosort.run_kilosort DEBUG    

|===========================================================================|
|                  PyTorch CUDA memory summary, device ID 0                 |
|---------------------------------------------------------------------------|
|            CUDA OOMs: 0            |        cudaMalloc retries: 0         |
|===========================================================================|
|        Metric         | Cur Usage  | Peak Usage | Tot Alloc  | Tot Freed  |
|---------------------------------------------------------------------------|
| Allocated memory      |   8595 KiB | 309598 KiB |   4762 GiB |   4762 GiB |
|---------------------------------------------------------------------------|
| Active memory         |   8595 KiB | 309598 KiB |   4762 GiB |   4762 GiB |
|---------------------------------------------------------------------------|
| Requested memory      |   8594 KiB | 309512 KiB |   4712 GiB |   4712 GiB |
|---------------------------------------------------------------------------|
| GPU reserved memory   | 479232 KiB | 479232 KiB | 479232 KiB |      0 B   |
|---------------------------------------------------------------------------|
| Non-releasable memory |  13932 KiB | 184425 KiB |   2577 GiB |   2577 GiB |
|---------------------------------------------------------------------------|
| Allocations           |      12    |      45    |     876 K  |     876 K  |
|---------------------------------------------------------------------------|
| Active allocs         |      12    |      45    |     876 K  |     876 K  |
|---------------------------------------------------------------------------|
| GPU reserved segments |      14    |      14    |      14    |       0    |
|---------------------------------------------------------------------------|
| Non-releasable allocs |       6    |      25    |  322859    |  322853    |
|---------------------------------------------------------------------------|
| Oversize allocations  |       0    |       0    |       0    |       0    |
|---------------------------------------------------------------------------|
| Oversize GPU segments |       0    |       0    |       0    |       0    |
|===========================================================================|


