2025-06-08 23:35:07,226 kilosort.run_kilosort INFO     Kilosort version 4.0.25
2025-06-08 23:35:07,229 kilosort.run_kilosort INFO     Python version 3.9.21
2025-06-08 23:35:07,229 kilosort.run_kilosort INFO     ----------------------------------------
2025-06-08 23:35:07,230 kilosort.run_kilosort INFO     System information:
2025-06-08 23:35:07,230 kilosort.run_kilosort INFO     Linux-4.18.0-477.74.1.el8_8.x86_64-x86_64-with-glibc2.28 x86_64
2025-06-08 23:35:07,230 kilosort.run_kilosort INFO     x86_64
2025-06-08 23:35:07,231 kilosort.run_kilosort INFO     Using GPU for PyTorch computations. Specify `device` to change this.
2025-06-08 23:35:07,231 kilosort.run_kilosort INFO     Using CUDA device: NVIDIA A100-PCIE-40GB 39.50GB
2025-06-08 23:35:07,232 kilosort.run_kilosort INFO     ----------------------------------------
2025-06-08 23:35:07,232 kilosort.run_kilosort INFO     Sorting /home/lss72/palmer_scratch/spike_sort/2014_11_25_Pair_3_0
2025-06-08 23:35:07,233 kilosort.run_kilosort DEBUG    Initial ops:

ops = {
    'n_chan_bin': 32,
    'fs': 30000,
    'batch_size': 60000,
    'nblocks': 1,
    'Th_universal': 9,
    'Th_learned': 8,
    'tmin': 0,
    'tmax': 300,
    'nt': 61,
    'shift': None,
    'scale': None,
    'artifact_threshold': inf,
    'nskip': 25,
    'whitening_range': 32,
    'highpass_cutoff': 300,
    'binning_depth': 5,
    'sig_interp': 20,
    'drift_smoothing': [0.5, 0.5, 0.5],
    'nt0min': 20,
    'dmin': None,
    'dminx': 32,
    'min_template_size': 10,
    'template_sizes': 5,
    'nearest_chans': 10,
    'nearest_templates': 100,
    'max_channel_distance': 32,
    'max_peels': 100,
    'templates_from_data': True,
    'n_templates': 6,
    'n_pcs': 6,
    'Th_single_ch': 6,
    'acg_threshold': 0.2,
    'ccg_threshold': 0.25,
    'cluster_downsampling': 20,
    'x_centers': None,
    'duplicate_spike_ms': 0.25,
    'position_limit': 100,
    'data_dir': PosixPath('/home/lss72/palmer_scratch/spike_sort'),
    'filename': PosixPath('/home/lss72/palmer_scratch/spike_sort/2014_11_25_Pair_3_0'),
    'data_dtype': dtype('uint16'),
    'do_CAR': True,
    'invert_sign': False,
    'NTbuff': 60122,
    'Nchan': 32,
    'duplicate_spike_bins': 7,
    'torch_device': 'cuda',
    'save_preprocessed_copy': False
}

2025-06-08 23:35:07,235 kilosort.run_kilosort DEBUG    Probe dictionary:

probe = {
    'chanMap': np.array([ 0,  1,  2,  3,  4,  5,  6,  7,  8,  9, 10, 11, 12, 13, 14, 15, 16,
       17, 18, 19, 20, 21, 22, 23, 24, 25, 26, 27, 28, 29, 30, 31]),
    'xc': np.array([  0.,  18., -18.,   0.,  18., -18.,   0.,  18., -18.,   0.,  18.,
       -18.,   0.,  18., -18.,   0.,  18., -18.,   0.,  18., -18.,   0.,
        18., -18.,   0.,  18., -18.,   0.,  18., -18.,   0.,   0.],
      dtype=np.float32),
    'yc': np.array([  0. ,  12.5,  12.5,  25. ,  37.5,  37.5,  50. ,  62.5,  62.5,
        75. ,  87.5,  87.5, 100. , 112.5, 112.5, 125. , 137.5, 137.5,
       150. , 162.5, 162.5, 175. , 187.5, 187.5, 200. , 212.5, 212.5,
       225. , 237.5, 237.5, 250. , 275. ], dtype=np.float32),
    'kcoords': np.array([0., 0., 0., 0., 0., 0., 0., 0., 0., 0., 0., 0., 0., 0., 0., 0., 0.,
       0., 0., 0., 0., 0., 0., 0., 0., 0., 0., 0., 0., 0., 0., 0.]),
    'n_chan': 32
}

2025-06-08 23:35:07,235 kilosort.run_kilosort INFO      
2025-06-08 23:35:07,235 kilosort.run_kilosort INFO     Computing preprocessing variables.
2025-06-08 23:35:07,236 kilosort.run_kilosort INFO     ----------------------------------------
2025-06-08 23:35:07,238 kilosort.run_kilosort INFO     N samples: 9000000
2025-06-08 23:35:07,238 kilosort.run_kilosort INFO     N seconds: 300.0
2025-06-08 23:35:07,238 kilosort.run_kilosort INFO     N batches: 150
2025-06-08 23:35:07,298 kilosort.run_kilosort INFO     Preprocessing filters computed in  0.06s; total  0.07s
2025-06-08 23:35:07,298 kilosort.run_kilosort DEBUG    hp_filter shape: torch.Size([30122])
2025-06-08 23:35:07,298 kilosort.run_kilosort DEBUG    whiten_mat shape: torch.Size([32, 32])
2025-06-08 23:35:07,298 kilosort.run_kilosort INFO      
2025-06-08 23:35:07,299 kilosort.run_kilosort INFO     Resource usage after preprocessing
2025-06-08 23:35:07,299 kilosort.run_kilosort INFO     ********************************************************
2025-06-08 23:35:07,300 kilosort.run_kilosort INFO     CPU usage:    22.10 %
2025-06-08 23:35:07,300 kilosort.run_kilosort INFO     Memory:        4.90 %     |     36.96   /   754.60 GB
2025-06-08 23:35:07,300 kilosort.run_kilosort INFO     ------------------------------------------------------
2025-06-08 23:35:07,301 kilosort.run_kilosort INFO     GPU usage:    `conda install pynvml` for GPU usage
2025-06-08 23:35:07,301 kilosort.run_kilosort INFO     GPU memory:    2.56 %     |      1.01   /    39.50 GB
2025-06-08 23:35:07,302 kilosort.run_kilosort INFO     Allocated:     0.02 %     |      0.01   /    39.50 GB
2025-06-08 23:35:07,303 kilosort.run_kilosort INFO     Max alloc:     0.75 %     |      0.30   /    39.50 GB
2025-06-08 23:35:07,303 kilosort.run_kilosort INFO     ********************************************************
2025-06-08 23:35:07,311 kilosort.run_kilosort INFO      
2025-06-08 23:35:07,312 kilosort.run_kilosort INFO     Computing drift correction.
2025-06-08 23:35:07,312 kilosort.run_kilosort INFO     ----------------------------------------
2025-06-08 23:35:07,312 kilosort.spikedetect INFO     Re-computing universal templates from data.
2025-06-08 23:35:07,489 kilosort.spikedetect INFO     Number of universal templates: 135
2025-06-08 23:35:07,491 kilosort.spikedetect INFO     Detecting spikes...
2025-06-08 23:35:07,493 kilosort.spikedetect DEBUG     
2025-06-08 23:35:07,493 kilosort.spikedetect DEBUG    Batch 0
2025-06-08 23:35:07,493 kilosort.spikedetect DEBUG    ********************************************************
2025-06-08 23:35:07,493 kilosort.spikedetect DEBUG    CPU usage:    39.90 %
2025-06-08 23:35:07,493 kilosort.spikedetect DEBUG    Memory:        4.90 %     |     36.98   /   754.60 GB
2025-06-08 23:35:07,493 kilosort.spikedetect DEBUG    ------------------------------------------------------
2025-06-08 23:35:07,493 kilosort.spikedetect DEBUG    GPU usage:    `conda install pynvml` for GPU usage
2025-06-08 23:35:07,493 kilosort.spikedetect DEBUG    GPU memory:    2.56 %     |      1.01   /    39.50 GB
2025-06-08 23:35:07,494 kilosort.spikedetect DEBUG    Allocated:     0.02 %     |      0.01   /    39.50 GB
2025-06-08 23:35:07,494 kilosort.spikedetect DEBUG    Max alloc:     0.75 %     |      0.30   /    39.50 GB
2025-06-08 23:35:07,494 kilosort.spikedetect DEBUG    ********************************************************
2025-06-08 23:35:12,115 kilosort.spikedetect DEBUG     
2025-06-08 23:35:12,115 kilosort.spikedetect DEBUG    Batch 149
2025-06-08 23:35:12,115 kilosort.spikedetect DEBUG    ********************************************************
2025-06-08 23:35:12,115 kilosort.spikedetect DEBUG    CPU usage:    25.20 %
2025-06-08 23:35:12,115 kilosort.spikedetect DEBUG    Memory:        4.87 %     |     36.79   /   754.60 GB
2025-06-08 23:35:12,115 kilosort.spikedetect DEBUG    ------------------------------------------------------
2025-06-08 23:35:12,115 kilosort.spikedetect DEBUG    GPU usage:    `conda install pynvml` for GPU usage
2025-06-08 23:35:12,116 kilosort.spikedetect DEBUG    GPU memory:    2.56 %     |      1.01   /    39.50 GB
2025-06-08 23:35:12,116 kilosort.spikedetect DEBUG    Allocated:     0.04 %     |      0.02   /    39.50 GB
2025-06-08 23:35:12,116 kilosort.spikedetect DEBUG    Max alloc:     0.75 %     |      0.30   /    39.50 GB
2025-06-08 23:35:12,116 kilosort.spikedetect DEBUG    ********************************************************
2025-06-08 23:35:12,211 kilosort.run_kilosort INFO     drift computed in  4.90s; total  4.98s
2025-06-08 23:35:12,215 kilosort.run_kilosort DEBUG    st shape: (26346, 6)
2025-06-08 23:35:12,215 kilosort.run_kilosort DEBUG    yblk shape: (1,)
2025-06-08 23:35:12,215 kilosort.run_kilosort DEBUG    dshift shape: (150, 1)
2025-06-08 23:35:12,215 kilosort.run_kilosort DEBUG    iKxx shape: torch.Size([32, 32])
2025-06-08 23:35:12,216 kilosort.run_kilosort INFO      
2025-06-08 23:35:12,216 kilosort.run_kilosort INFO     Resource usage after drift correction
2025-06-08 23:35:12,216 kilosort.run_kilosort INFO     ********************************************************
2025-06-08 23:35:12,217 kilosort.run_kilosort INFO     CPU usage:    26.40 %
2025-06-08 23:35:12,217 kilosort.run_kilosort INFO     Memory:        4.88 %     |     36.80   /   754.60 GB
2025-06-08 23:35:12,218 kilosort.run_kilosort INFO     ------------------------------------------------------
2025-06-08 23:35:12,218 kilosort.run_kilosort INFO     GPU usage:    `conda install pynvml` for GPU usage
2025-06-08 23:35:12,219 kilosort.run_kilosort INFO     GPU memory:    2.56 %     |      1.01   /    39.50 GB
2025-06-08 23:35:12,219 kilosort.run_kilosort INFO     Allocated:     0.02 %     |      0.01   /    39.50 GB
2025-06-08 23:35:12,220 kilosort.run_kilosort INFO     Max alloc:     0.75 %     |      0.30   /    39.50 GB
2025-06-08 23:35:12,220 kilosort.run_kilosort INFO     ********************************************************
2025-06-08 23:35:12,221 kilosort.run_kilosort DEBUG    

|===========================================================================|
|                  PyTorch CUDA memory summary, device ID 0                 |
|---------------------------------------------------------------------------|
|            CUDA OOMs: 0            |        cudaMalloc retries: 0         |
|===========================================================================|
|        Metric         | Cur Usage  | Peak Usage | Tot Alloc  | Tot Freed  |
|---------------------------------------------------------------------------|
| Allocated memory      |   8867 KiB | 309697 KiB |   5915 GiB |   5915 GiB |
|---------------------------------------------------------------------------|
| Active memory         |   8867 KiB | 309697 KiB |   5915 GiB |   5915 GiB |
|---------------------------------------------------------------------------|
| Requested memory      |   8864 KiB | 309612 KiB |   5852 GiB |   5852 GiB |
|---------------------------------------------------------------------------|
| GPU reserved memory   | 479232 KiB | 479232 KiB | 479232 KiB |      0 B   |
|---------------------------------------------------------------------------|
| Non-releasable memory |  13660 KiB | 184425 KiB |   3137 GiB |   3137 GiB |
|---------------------------------------------------------------------------|
| Allocations           |      20    |      48    |     980 K  |     980 K  |
|---------------------------------------------------------------------------|
| Active allocs         |      20    |      48    |     980 K  |     980 K  |
|---------------------------------------------------------------------------|
| GPU reserved segments |      14    |      14    |      14    |       0    |
|---------------------------------------------------------------------------|
| Non-releasable allocs |       9    |      25    |  358915    |  358906    |
|---------------------------------------------------------------------------|
| Oversize allocations  |       0    |       0    |       0    |       0    |
|---------------------------------------------------------------------------|
| Oversize GPU segments |       0    |       0    |       0    |       0    |
|===========================================================================|


2025-06-08 23:35:12,229 kilosort.run_kilosort DEBUG    First batch min, max: (-16.67656, 9.856595)
2025-06-08 23:35:12,229 kilosort.run_kilosort INFO      
2025-06-08 23:35:12,229 kilosort.run_kilosort INFO     Extracting spikes using templates
2025-06-08 23:35:12,229 kilosort.run_kilosort INFO     ----------------------------------------
2025-06-08 23:35:12,230 kilosort.spikedetect INFO     Re-computing universal templates from data.
2025-06-08 23:35:12,432 kilosort.spikedetect INFO     Number of universal templates: 135
2025-06-08 23:35:12,434 kilosort.spikedetect INFO     Detecting spikes...
2025-06-08 23:35:12,436 kilosort.spikedetect DEBUG     
2025-06-08 23:35:12,436 kilosort.spikedetect DEBUG    Batch 0
2025-06-08 23:35:12,436 kilosort.spikedetect DEBUG    ********************************************************
2025-06-08 23:35:12,436 kilosort.spikedetect DEBUG    CPU usage:    39.00 %
2025-06-08 23:35:12,436 kilosort.spikedetect DEBUG    Memory:        4.88 %     |     36.85   /   754.60 GB
2025-06-08 23:35:12,436 kilosort.spikedetect DEBUG    ------------------------------------------------------
2025-06-08 23:35:12,436 kilosort.spikedetect DEBUG    GPU usage:    `conda install pynvml` for GPU usage
2025-06-08 23:35:12,436 kilosort.spikedetect DEBUG    GPU memory:    2.56 %     |      1.01   /    39.50 GB
2025-06-08 23:35:12,437 kilosort.spikedetect DEBUG    Allocated:     0.02 %     |      0.01   /    39.50 GB
2025-06-08 23:35:12,437 kilosort.spikedetect DEBUG    Max alloc:     0.75 %     |      0.30   /    39.50 GB
2025-06-08 23:35:12,437 kilosort.spikedetect DEBUG    ********************************************************
2025-06-08 23:35:17,047 kilosort.spikedetect DEBUG     
2025-06-08 23:35:17,048 kilosort.spikedetect DEBUG    Batch 149
2025-06-08 23:35:17,048 kilosort.spikedetect DEBUG    ********************************************************
2025-06-08 23:35:17,048 kilosort.spikedetect DEBUG    CPU usage:    25.20 %
2025-06-08 23:35:17,048 kilosort.spikedetect DEBUG    Memory:        4.85 %     |     36.62   /   754.60 GB
2025-06-08 23:35:17,048 kilosort.spikedetect DEBUG    ------------------------------------------------------
2025-06-08 23:35:17,048 kilosort.spikedetect DEBUG    GPU usage:    `conda install pynvml` for GPU usage
2025-06-08 23:35:17,048 kilosort.spikedetect DEBUG    GPU memory:    2.56 %     |      1.01   /    39.50 GB
2025-06-08 23:35:17,048 kilosort.spikedetect DEBUG    Allocated:     0.04 %     |      0.02   /    39.50 GB
2025-06-08 23:35:17,049 kilosort.spikedetect DEBUG    Max alloc:     0.75 %     |      0.30   /    39.50 GB
2025-06-08 23:35:17,049 kilosort.spikedetect DEBUG    ********************************************************
2025-06-08 23:35:17,049 kilosort.run_kilosort INFO     25137 spikes extracted in  4.82s; total  9.82s
2025-06-08 23:35:17,049 kilosort.run_kilosort DEBUG    st0 shape: (25137, 6)
2025-06-08 23:35:17,049 kilosort.run_kilosort DEBUG    tF shape: torch.Size([25137, 10, 6])
2025-06-08 23:35:17,049 kilosort.run_kilosort INFO      
2025-06-08 23:35:17,049 kilosort.run_kilosort INFO     First clustering
2025-06-08 23:35:17,050 kilosort.run_kilosort INFO     ----------------------------------------
2025-06-08 23:35:17,060 kilosort.clustering_qr DEBUG     
2025-06-08 23:35:17,060 kilosort.clustering_qr DEBUG    Cluster center: 0 of 12
2025-06-08 23:35:17,060 kilosort.clustering_qr DEBUG    ********************************************************
2025-06-08 23:35:17,060 kilosort.clustering_qr DEBUG    CPU usage:    34.80 %
2025-06-08 23:35:17,061 kilosort.clustering_qr DEBUG    Memory:        4.85 %     |     36.63   /   754.60 GB
2025-06-08 23:35:17,061 kilosort.clustering_qr DEBUG    ------------------------------------------------------
2025-06-08 23:35:17,061 kilosort.clustering_qr DEBUG    GPU usage:    `conda install pynvml` for GPU usage
2025-06-08 23:35:17,061 kilosort.clustering_qr DEBUG    GPU memory:    2.56 %     |      1.01   /    39.50 GB
2025-06-08 23:35:17,061 kilosort.clustering_qr DEBUG    Allocated:     0.02 %     |      0.01   /    39.50 GB
2025-06-08 23:35:17,061 kilosort.clustering_qr DEBUG    Max alloc:     0.75 %     |      0.30   /    39.50 GB
2025-06-08 23:35:17,061 kilosort.clustering_qr DEBUG    ********************************************************
2025-06-08 23:35:17,064 kilosort.clustering_qr DEBUG    Center 0 | nsp: 5041 | ntemp: 12
2025-06-08 23:35:17,433 kilosort.clustering_qr DEBUG    Center 1 | nsp: 444 | ntemp: 12
2025-06-08 23:35:17,435 kilosort.clustering_qr DEBUG    Center 2 | nsp: 322 | ntemp: 12
2025-06-08 23:35:17,438 kilosort.clustering_qr DEBUG    Center 3 | nsp: 362 | ntemp: 12
2025-06-08 23:35:17,441 kilosort.clustering_qr DEBUG    Center 4 | nsp: 527 | ntemp: 12
2025-06-08 23:35:17,445 kilosort.clustering_qr DEBUG    Center 5 | nsp: 2430 | ntemp: 12
2025-06-08 23:35:17,812 kilosort.clustering_qr DEBUG    Center 6 | nsp: 2090 | ntemp: 12
2025-06-08 23:35:18,204 kilosort.clustering_qr DEBUG    Center 7 | nsp: 6018 | ntemp: 12
2025-06-08 23:35:18,493 kilosort.clustering_qr DEBUG    Center 8 | nsp: 4475 | ntemp: 12
2025-06-08 23:35:18,862 kilosort.clustering_qr DEBUG    Center 9 | nsp: 2126 | ntemp: 12
2025-06-08 23:35:19,145 kilosort.clustering_qr DEBUG     
2025-06-08 23:35:19,146 kilosort.clustering_qr DEBUG    Cluster center: 10 of 12
2025-06-08 23:35:19,146 kilosort.clustering_qr DEBUG    ********************************************************
2025-06-08 23:35:19,146 kilosort.clustering_qr DEBUG    CPU usage:    32.90 %
2025-06-08 23:35:19,146 kilosort.clustering_qr DEBUG    Memory:        4.88 %     |     36.80   /   754.60 GB
2025-06-08 23:35:19,146 kilosort.clustering_qr DEBUG    ------------------------------------------------------
2025-06-08 23:35:19,146 kilosort.clustering_qr DEBUG    GPU usage:    `conda install pynvml` for GPU usage
2025-06-08 23:35:19,146 kilosort.clustering_qr DEBUG    GPU memory:    2.56 %     |      1.01   /    39.50 GB
2025-06-08 23:35:19,146 kilosort.clustering_qr DEBUG    Allocated:     0.02 %     |      0.01   /    39.50 GB
2025-06-08 23:35:19,147 kilosort.clustering_qr DEBUG    Max alloc:     0.75 %     |      0.30   /    39.50 GB
2025-06-08 23:35:19,147 kilosort.clustering_qr DEBUG    ********************************************************
2025-06-08 23:35:19,225 kilosort.clustering_qr DEBUG    Center 10 | nsp: 675 | ntemp: 12
2025-06-08 23:35:19,226 kilosort.clustering_qr DEBUG    Center 11 | nsp: 627 | ntemp: 3
2025-06-08 23:35:19,256 kilosort.run_kilosort INFO     36 clusters found, in  2.21s; total  12.02s
2025-06-08 23:35:19,257 kilosort.run_kilosort DEBUG    clu shape: (25137,)
2025-06-08 23:35:19,257 kilosort.run_kilosort DEBUG    Wall shape: torch.Size([36, 32, 6])
2025-06-08 23:35:19,257 kilosort.run_kilosort INFO      
2025-06-08 23:35:19,257 kilosort.run_kilosort INFO     Extracting spikes using cluster waveforms
2025-06-08 23:35:19,258 kilosort.run_kilosort INFO     ----------------------------------------
2025-06-08 23:35:19,275 kilosort.template_matching DEBUG     
2025-06-08 23:35:19,275 kilosort.template_matching DEBUG    Batch 0
2025-06-08 23:35:19,275 kilosort.template_matching DEBUG    ********************************************************
2025-06-08 23:35:19,275 kilosort.template_matching DEBUG    CPU usage:    43.70 %
2025-06-08 23:35:19,275 kilosort.template_matching DEBUG    Memory:        4.91 %     |     37.04   /   754.60 GB
2025-06-08 23:35:19,275 kilosort.template_matching DEBUG    ------------------------------------------------------
2025-06-08 23:35:19,275 kilosort.template_matching DEBUG    GPU usage:    `conda install pynvml` for GPU usage
2025-06-08 23:35:19,276 kilosort.template_matching DEBUG    GPU memory:    2.56 %     |      1.01   /    39.50 GB
2025-06-08 23:35:19,276 kilosort.template_matching DEBUG    Allocated:     0.02 %     |      0.01   /    39.50 GB
2025-06-08 23:35:19,276 kilosort.template_matching DEBUG    Max alloc:     0.75 %     |      0.30   /    39.50 GB
2025-06-08 23:35:19,276 kilosort.template_matching DEBUG    ********************************************************
2025-06-08 23:35:22,469 kilosort.template_matching DEBUG     
2025-06-08 23:35:22,469 kilosort.template_matching DEBUG    Batch 100
2025-06-08 23:35:22,469 kilosort.template_matching DEBUG    ********************************************************
2025-06-08 23:35:22,469 kilosort.template_matching DEBUG    CPU usage:    23.40 %
2025-06-08 23:35:22,469 kilosort.template_matching DEBUG    Memory:        4.91 %     |     37.03   /   754.60 GB
2025-06-08 23:35:22,469 kilosort.template_matching DEBUG    ------------------------------------------------------
2025-06-08 23:35:22,469 kilosort.template_matching DEBUG    GPU usage:    `conda install pynvml` for GPU usage
2025-06-08 23:35:22,469 kilosort.template_matching DEBUG    GPU memory:    2.56 %     |      1.01   /    39.50 GB
2025-06-08 23:35:22,470 kilosort.template_matching DEBUG    Allocated:     0.06 %     |      0.02   /    39.50 GB
2025-06-08 23:35:22,470 kilosort.template_matching DEBUG    Max alloc:     0.75 %     |      0.30   /    39.50 GB
2025-06-08 23:35:22,470 kilosort.template_matching DEBUG    ********************************************************
2025-06-08 23:35:24,116 kilosort.template_matching DEBUG     
2025-06-08 23:35:24,117 kilosort.template_matching DEBUG    Batch 149
2025-06-08 23:35:24,117 kilosort.template_matching DEBUG    ********************************************************
2025-06-08 23:35:24,117 kilosort.template_matching DEBUG    CPU usage:    18.40 %
2025-06-08 23:35:24,117 kilosort.template_matching DEBUG    Memory:        4.82 %     |     36.40   /   754.60 GB
2025-06-08 23:35:24,117 kilosort.template_matching DEBUG    ------------------------------------------------------
2025-06-08 23:35:24,117 kilosort.template_matching DEBUG    GPU usage:    `conda install pynvml` for GPU usage
2025-06-08 23:35:24,117 kilosort.template_matching DEBUG    GPU memory:    2.56 %     |      1.01   /    39.50 GB
2025-06-08 23:35:24,118 kilosort.template_matching DEBUG    Allocated:     0.06 %     |      0.02   /    39.50 GB
2025-06-08 23:35:24,118 kilosort.template_matching DEBUG    Max alloc:     0.75 %     |      0.30   /    39.50 GB
2025-06-08 23:35:24,118 kilosort.template_matching DEBUG    ********************************************************
2025-06-08 23:35:24,123 kilosort.run_kilosort INFO     78556 spikes extracted in  4.87s; total  16.89s
2025-06-08 23:35:24,127 kilosort.run_kilosort DEBUG    st shape: (78556, 3)
2025-06-08 23:35:24,127 kilosort.run_kilosort DEBUG    tF shape: torch.Size([78556, 10, 6])
2025-06-08 23:35:24,127 kilosort.run_kilosort DEBUG    iCC shape: torch.Size([10, 32])
2025-06-08 23:35:24,127 kilosort.run_kilosort DEBUG    iU shape: torch.Size([31])
2025-06-08 23:35:24,127 kilosort.run_kilosort INFO      
2025-06-08 23:35:24,128 kilosort.run_kilosort INFO     Resource usage after spike detection
2025-06-08 23:35:24,128 kilosort.run_kilosort INFO     ********************************************************
2025-06-08 23:35:24,129 kilosort.run_kilosort INFO     CPU usage:    37.20 %
2025-06-08 23:35:24,129 kilosort.run_kilosort INFO     Memory:        4.79 %     |     36.17   /   754.60 GB
2025-06-08 23:35:24,130 kilosort.run_kilosort INFO     ------------------------------------------------------
2025-06-08 23:35:24,130 kilosort.run_kilosort INFO     GPU usage:    `conda install pynvml` for GPU usage
2025-06-08 23:35:24,130 kilosort.run_kilosort INFO     GPU memory:    2.56 %     |      1.01   /    39.50 GB
2025-06-08 23:35:24,131 kilosort.run_kilosort INFO     Allocated:     0.02 %     |      0.01   /    39.50 GB
2025-06-08 23:35:24,131 kilosort.run_kilosort INFO     Max alloc:     0.75 %     |      0.30   /    39.50 GB
2025-06-08 23:35:24,132 kilosort.run_kilosort INFO     ********************************************************
2025-06-08 23:35:24,132 kilosort.run_kilosort DEBUG    

|===========================================================================|
|                  PyTorch CUDA memory summary, device ID 0                 |
|---------------------------------------------------------------------------|
|            CUDA OOMs: 0            |        cudaMalloc retries: 0         |
|===========================================================================|
|        Metric         | Cur Usage  | Peak Usage | Tot Alloc  | Tot Freed  |
|---------------------------------------------------------------------------|
| Allocated memory      |   8894 KiB | 309810 KiB |   7216 GiB |   7216 GiB |
|---------------------------------------------------------------------------|
| Active memory         |   8894 KiB | 309810 KiB |   7216 GiB |   7216 GiB |
|---------------------------------------------------------------------------|
| Requested memory      |   8891 KiB | 309724 KiB |   7139 GiB |   7139 GiB |
|---------------------------------------------------------------------------|
| GPU reserved memory   | 479232 KiB | 479232 KiB | 479232 KiB |      0 B   |
|---------------------------------------------------------------------------|
| Non-releasable memory |  13633 KiB | 184425 KiB |   3884 GiB |   3884 GiB |
|---------------------------------------------------------------------------|
| Allocations           |      24    |      56    |    1289 K  |    1289 K  |
|---------------------------------------------------------------------------|
| Active allocs         |      24    |      56    |    1289 K  |    1289 K  |
|---------------------------------------------------------------------------|
| GPU reserved segments |      14    |      14    |      14    |       0    |
|---------------------------------------------------------------------------|
| Non-releasable allocs |      10    |      25    |  477505    |  477495    |
|---------------------------------------------------------------------------|
| Oversize allocations  |       0    |       0    |       0    |       0    |
|---------------------------------------------------------------------------|
| Oversize GPU segments |       0    |       0    |       0    |       0    |
|===========================================================================|


2025-06-08 23:35:24,133 kilosort.run_kilosort INFO      
2025-06-08 23:35:24,133 kilosort.run_kilosort INFO     Final clustering
2025-06-08 23:35:24,133 kilosort.run_kilosort INFO     ----------------------------------------
2025-06-08 23:35:24,143 kilosort.clustering_qr DEBUG     
2025-06-08 23:35:24,143 kilosort.clustering_qr DEBUG    Cluster center: 0 of 12
2025-06-08 23:35:24,143 kilosort.clustering_qr DEBUG    ********************************************************
2025-06-08 23:35:24,144 kilosort.clustering_qr DEBUG    CPU usage:    32.10 %
2025-06-08 23:35:24,144 kilosort.clustering_qr DEBUG    Memory:        4.79 %     |     36.18   /   754.60 GB
2025-06-08 23:35:24,144 kilosort.clustering_qr DEBUG    ------------------------------------------------------
2025-06-08 23:35:24,144 kilosort.clustering_qr DEBUG    GPU usage:    `conda install pynvml` for GPU usage
2025-06-08 23:35:24,144 kilosort.clustering_qr DEBUG    GPU memory:    2.56 %     |      1.01   /    39.50 GB
2025-06-08 23:35:24,144 kilosort.clustering_qr DEBUG    Allocated:     0.02 %     |      0.01   /    39.50 GB
2025-06-08 23:35:24,144 kilosort.clustering_qr DEBUG    Max alloc:     0.75 %     |      0.30   /    39.50 GB
2025-06-08 23:35:24,144 kilosort.clustering_qr DEBUG    ********************************************************
2025-06-08 23:35:24,149 kilosort.clustering_qr DEBUG    Center 0 | nsp: 18396 | ntemp: 4
2025-06-08 23:35:24,620 kilosort.clustering_qr DEBUG    Center 1 | nsp: 4575 | ntemp: 1
2025-06-08 23:35:24,879 kilosort.clustering_qr DEBUG    Center 2 | nsp: 2669 | ntemp: 1
2025-06-08 23:35:25,131 kilosort.clustering_qr DEBUG    Center 3 | nsp: 422 | ntemp: 1
2025-06-08 23:35:25,132 kilosort.clustering_qr DEBUG    Center 4 | nsp: 0 | ntemp: 0
2025-06-08 23:35:25,135 kilosort.clustering_qr DEBUG    Center 5 | nsp: 11014 | ntemp: 4
2025-06-08 23:35:25,545 kilosort.clustering_qr DEBUG    Center 6 | nsp: 6231 | ntemp: 3
2025-06-08 23:35:25,807 kilosort.clustering_qr DEBUG    Center 7 | nsp: 2953 | ntemp: 4
2025-06-08 23:35:26,062 kilosort.clustering_qr DEBUG    Center 8 | nsp: 15391 | ntemp: 8
2025-06-08 23:35:26,484 kilosort.clustering_qr DEBUG    Center 9 | nsp: 12355 | ntemp: 3
2025-06-08 23:35:26,854 kilosort.clustering_qr DEBUG     
2025-06-08 23:35:26,854 kilosort.clustering_qr DEBUG    Cluster center: 10 of 12
2025-06-08 23:35:26,854 kilosort.clustering_qr DEBUG    ********************************************************
2025-06-08 23:35:26,855 kilosort.clustering_qr DEBUG    CPU usage:    30.60 %
2025-06-08 23:35:26,855 kilosort.clustering_qr DEBUG    Memory:        4.86 %     |     36.65   /   754.60 GB
2025-06-08 23:35:26,855 kilosort.clustering_qr DEBUG    ------------------------------------------------------
2025-06-08 23:35:26,855 kilosort.clustering_qr DEBUG    GPU usage:    `conda install pynvml` for GPU usage
2025-06-08 23:35:26,855 kilosort.clustering_qr DEBUG    GPU memory:    2.56 %     |      1.01   /    39.50 GB
2025-06-08 23:35:26,855 kilosort.clustering_qr DEBUG    Allocated:     0.02 %     |      0.01   /    39.50 GB
2025-06-08 23:35:26,855 kilosort.clustering_qr DEBUG    Max alloc:     0.75 %     |      0.30   /    39.50 GB
2025-06-08 23:35:26,855 kilosort.clustering_qr DEBUG    ********************************************************
2025-06-08 23:35:26,856 kilosort.clustering_qr DEBUG    Center 10 | nsp: 0 | ntemp: 0
2025-06-08 23:35:26,871 kilosort.clustering_qr DEBUG    Center 11 | nsp: 4550 | ntemp: 2
2025-06-08 23:35:27,159 kilosort.run_kilosort INFO     39 clusters found, in  3.03s; total  19.93s
2025-06-08 23:35:27,160 kilosort.run_kilosort DEBUG    clu shape: (78556,)
2025-06-08 23:35:27,160 kilosort.run_kilosort DEBUG    Wall shape: torch.Size([39, 32, 6])
2025-06-08 23:35:27,160 kilosort.run_kilosort INFO      
2025-06-08 23:35:27,160 kilosort.run_kilosort INFO     Merging clusters
2025-06-08 23:35:27,160 kilosort.run_kilosort INFO     ----------------------------------------
2025-06-08 23:35:27,204 kilosort.run_kilosort INFO     38 units found, in  0.04s; total  19.97s
2025-06-08 23:35:27,205 kilosort.run_kilosort DEBUG    clu shape: (78556,)
2025-06-08 23:35:27,205 kilosort.run_kilosort DEBUG    Wall shape: torch.Size([38, 32, 6])
2025-06-08 23:35:27,205 kilosort.run_kilosort INFO      
2025-06-08 23:35:27,206 kilosort.run_kilosort INFO     Resource usage after clustering
2025-06-08 23:35:27,206 kilosort.run_kilosort INFO     ********************************************************
2025-06-08 23:35:27,207 kilosort.run_kilosort INFO     CPU usage:    30.20 %
2025-06-08 23:35:27,207 kilosort.run_kilosort INFO     Memory:        4.87 %     |     36.73   /   754.60 GB
2025-06-08 23:35:27,208 kilosort.run_kilosort INFO     ------------------------------------------------------
2025-06-08 23:35:27,208 kilosort.run_kilosort INFO     GPU usage:    `conda install pynvml` for GPU usage
2025-06-08 23:35:27,208 kilosort.run_kilosort INFO     GPU memory:    2.56 %     |      1.01   /    39.50 GB
2025-06-08 23:35:27,209 kilosort.run_kilosort INFO     Allocated:     0.02 %     |      0.01   /    39.50 GB
2025-06-08 23:35:27,209 kilosort.run_kilosort INFO     Max alloc:     0.75 %     |      0.30   /    39.50 GB
2025-06-08 23:35:27,210 kilosort.run_kilosort INFO     ********************************************************
2025-06-08 23:35:27,210 kilosort.run_kilosort DEBUG    

|===========================================================================|
|                  PyTorch CUDA memory summary, device ID 0                 |
|---------------------------------------------------------------------------|
|            CUDA OOMs: 0            |        cudaMalloc retries: 0         |
|===========================================================================|
|        Metric         | Cur Usage  | Peak Usage | Tot Alloc  | Tot Freed  |
|---------------------------------------------------------------------------|
| Allocated memory      |   8871 KiB | 309810 KiB |   7307 GiB |   7307 GiB |
|---------------------------------------------------------------------------|
| Active memory         |   8871 KiB | 309810 KiB |   7307 GiB |   7307 GiB |
|---------------------------------------------------------------------------|
| Requested memory      |   8867 KiB | 309724 KiB |   7228 GiB |   7228 GiB |
|---------------------------------------------------------------------------|
| GPU reserved memory   | 479232 KiB | 479232 KiB | 479232 KiB |      0 B   |
|---------------------------------------------------------------------------|
| Non-releasable memory |  13657 KiB | 184425 KiB |   3993 GiB |   3993 GiB |
|---------------------------------------------------------------------------|
| Allocations           |      23    |      56    |    1403 K  |    1403 K  |
|---------------------------------------------------------------------------|
| Active allocs         |      23    |      56    |    1403 K  |    1403 K  |
|---------------------------------------------------------------------------|
| GPU reserved segments |      14    |      14    |      14    |       0    |
|---------------------------------------------------------------------------|
| Non-releasable allocs |      11    |      25    |  535490    |  535479    |
|---------------------------------------------------------------------------|
| Oversize allocations  |       0    |       0    |       0    |       0    |
|---------------------------------------------------------------------------|
| Oversize GPU segments |       0    |       0    |       0    |       0    |
|===========================================================================|


2025-06-08 23:35:27,210 kilosort.run_kilosort INFO      
2025-06-08 23:35:27,211 kilosort.run_kilosort INFO     Saving to phy and computing refractory periods
2025-06-08 23:35:27,211 kilosort.run_kilosort INFO     ----------------------------------------
2025-06-08 23:35:27,572 kilosort.run_kilosort INFO     11 units found with good refractory periods
2025-06-08 23:35:27,573 kilosort.run_kilosort INFO     Total runtime: 20.34s = 00:00:20 h:m:s
2025-06-08 23:35:27,579 kilosort.run_kilosort INFO     Sorting output saved in: /home/lss72/palmer_scratch/spike_sort/kilosort4.
2025-06-08 23:35:27,579 kilosort.run_kilosort INFO      
2025-06-08 23:35:27,579 kilosort.run_kilosort INFO     Resource usage after saving
2025-06-08 23:35:27,580 kilosort.run_kilosort INFO     ********************************************************
2025-06-08 23:35:27,580 kilosort.run_kilosort INFO     CPU usage:    32.70 %
2025-06-08 23:35:27,581 kilosort.run_kilosort INFO     Memory:        4.88 %     |     36.81   /   754.60 GB
2025-06-08 23:35:27,581 kilosort.run_kilosort INFO     ------------------------------------------------------
2025-06-08 23:35:27,582 kilosort.run_kilosort INFO     GPU usage:    `conda install pynvml` for GPU usage
2025-06-08 23:35:27,582 kilosort.run_kilosort INFO     GPU memory:    2.56 %     |      1.01   /    39.50 GB
2025-06-08 23:35:27,583 kilosort.run_kilosort INFO     Allocated:     0.02 %     |      0.01   /    39.50 GB
2025-06-08 23:35:27,584 kilosort.run_kilosort INFO     Max alloc:     0.75 %     |      0.30   /    39.50 GB
2025-06-08 23:35:27,584 kilosort.run_kilosort INFO     ********************************************************
2025-06-08 23:35:27,585 kilosort.run_kilosort DEBUG    

|===========================================================================|
|                  PyTorch CUDA memory summary, device ID 0                 |
|---------------------------------------------------------------------------|
|            CUDA OOMs: 0            |        cudaMalloc retries: 0         |
|===========================================================================|
|        Metric         | Cur Usage  | Peak Usage | Tot Alloc  | Tot Freed  |
|---------------------------------------------------------------------------|
| Allocated memory      |   8871 KiB | 309810 KiB |   7307 GiB |   7307 GiB |
|---------------------------------------------------------------------------|
| Active memory         |   8871 KiB | 309810 KiB |   7307 GiB |   7307 GiB |
|---------------------------------------------------------------------------|
| Requested memory      |   8867 KiB | 309724 KiB |   7228 GiB |   7228 GiB |
|---------------------------------------------------------------------------|
| GPU reserved memory   | 479232 KiB | 479232 KiB | 479232 KiB |      0 B   |
|---------------------------------------------------------------------------|
| Non-releasable memory |  13657 KiB | 184425 KiB |   3993 GiB |   3993 GiB |
|---------------------------------------------------------------------------|
| Allocations           |      23    |      56    |    1403 K  |    1403 K  |
|---------------------------------------------------------------------------|
| Active allocs         |      23    |      56    |    1403 K  |    1403 K  |
|---------------------------------------------------------------------------|
| GPU reserved segments |      14    |      14    |      14    |       0    |
|---------------------------------------------------------------------------|
| Non-releasable allocs |      11    |      25    |  535877    |  535866    |
|---------------------------------------------------------------------------|
| Oversize allocations  |       0    |       0    |       0    |       0    |
|---------------------------------------------------------------------------|
| Oversize GPU segments |       0    |       0    |       0    |       0    |
|===========================================================================|


