2025-06-09 01:19:38,097 kilosort.run_kilosort INFO     Kilosort version 4.0.25
2025-06-09 01:19:38,101 kilosort.run_kilosort INFO     Python version 3.9.21
2025-06-09 01:19:38,101 kilosort.run_kilosort INFO     ----------------------------------------
2025-06-09 01:19:38,102 kilosort.run_kilosort INFO     System information:
2025-06-09 01:19:38,102 kilosort.run_kilosort INFO     Linux-4.18.0-477.74.1.el8_8.x86_64-x86_64-with-glibc2.28 x86_64
2025-06-09 01:19:38,102 kilosort.run_kilosort INFO     x86_64
2025-06-09 01:19:38,103 kilosort.run_kilosort INFO     Using GPU for PyTorch computations. Specify `device` to change this.
2025-06-09 01:19:38,103 kilosort.run_kilosort INFO     Using CUDA device: NVIDIA A100-PCIE-40GB 39.50GB
2025-06-09 01:19:38,104 kilosort.run_kilosort INFO     ----------------------------------------
2025-06-09 01:19:38,104 kilosort.run_kilosort INFO     Sorting /home/lss72/palmer_scratch/spike_sort/2014_03_26_Pair_2_0
2025-06-09 01:19:38,105 kilosort.run_kilosort DEBUG    Initial ops:

ops = {
    'n_chan_bin': 32,
    'fs': 30000,
    'batch_size': 60000,
    'nblocks': 1,
    'Th_universal': 9,
    'Th_learned': 8,
    'tmin': 0,
    'tmax': 60,
    'nt': 61,
    'shift': None,
    'scale': None,
    'artifact_threshold': inf,
    'nskip': 25,
    'whitening_range': 32,
    'highpass_cutoff': 300,
    'binning_depth': 5,
    'sig_interp': 20,
    'drift_smoothing': [0.5, 0.5, 0.5],
    'nt0min': 20,
    'dmin': None,
    'dminx': 32,
    'min_template_size': 10,
    'template_sizes': 5,
    'nearest_chans': 10,
    'nearest_templates': 100,
    'max_channel_distance': 32,
    'max_peels': 100,
    'templates_from_data': True,
    'n_templates': 6,
    'n_pcs': 6,
    'Th_single_ch': 6,
    'acg_threshold': 0.2,
    'ccg_threshold': 0.25,
    'cluster_downsampling': 20,
    'x_centers': None,
    'duplicate_spike_ms': 0.25,
    'position_limit': 100,
    'data_dir': PosixPath('/home/lss72/palmer_scratch/spike_sort'),
    'filename': PosixPath('/home/lss72/palmer_scratch/spike_sort/2014_03_26_Pair_2_0'),
    'data_dtype': dtype('float32'),
    'do_CAR': True,
    'invert_sign': False,
    'NTbuff': 60122,
    'Nchan': 32,
    'duplicate_spike_bins': 7,
    'torch_device': 'cuda',
    'save_preprocessed_copy': False
}

2025-06-09 01:19:38,107 kilosort.run_kilosort DEBUG    Probe dictionary:

probe = {
    'chanMap': np.array([ 0,  1,  2,  3,  4,  5,  6,  7,  8,  9, 10, 11, 12, 13, 14, 15, 16,
       17, 18, 19, 20, 21, 22, 23, 24, 25, 26, 27, 28, 29, 30, 31]),
    'xc': np.array([  0.,   0.,  18.,  18.,  18.,  18.,  18.,  18.,   0.,   0.,  18.,
        18.,  18.,  18.,   0.,   0.,   0.,   0., -18., -18., -18., -18.,
         0.,   0., -18., -18., -18., -18., -18., -18.,   0.,   0.],
      dtype=np.float32),
    'yc': np.array([275. , 225. ,  12.5,  37.5,  87.5, 137.5, 187.5, 237.5,  75. ,
        25. , 212.5, 162.5, 112.5,  62.5, 125. , 175. , 150. , 100. ,
        62.5, 112.5, 162.5, 212.5,   0. ,  50. , 237.5, 187.5, 137.5,
        87.5,  37.5,  12.5, 200. , 250. ], dtype=np.float32),
    'kcoords': np.array([0., 0., 0., 0., 0., 0., 0., 0., 0., 0., 0., 0., 0., 0., 0., 0., 0.,
       0., 0., 0., 0., 0., 0., 0., 0., 0., 0., 0., 0., 0., 0., 0.]),
    'n_chan': 32
}

2025-06-09 01:19:38,107 kilosort.run_kilosort INFO      
2025-06-09 01:19:38,107 kilosort.run_kilosort INFO     Computing preprocessing variables.
2025-06-09 01:19:38,108 kilosort.run_kilosort INFO     ----------------------------------------
2025-06-09 01:19:38,110 kilosort.run_kilosort INFO     N samples: 1800000
2025-06-09 01:19:38,110 kilosort.run_kilosort INFO     N seconds: 60.0
2025-06-09 01:19:38,110 kilosort.run_kilosort INFO     N batches: 30
2025-06-09 01:19:38,149 kilosort.run_kilosort INFO     Preprocessing filters computed in  0.04s; total  0.04s
2025-06-09 01:19:38,149 kilosort.run_kilosort DEBUG    hp_filter shape: torch.Size([30122])
2025-06-09 01:19:38,149 kilosort.run_kilosort DEBUG    whiten_mat shape: torch.Size([32, 32])
2025-06-09 01:19:38,149 kilosort.run_kilosort INFO      
2025-06-09 01:19:38,150 kilosort.run_kilosort INFO     Resource usage after preprocessing
2025-06-09 01:19:38,150 kilosort.run_kilosort INFO     ********************************************************
2025-06-09 01:19:38,151 kilosort.run_kilosort INFO     CPU usage:    33.30 %
2025-06-09 01:19:38,151 kilosort.run_kilosort INFO     Memory:        5.19 %     |     39.16   /   754.60 GB
2025-06-09 01:19:38,152 kilosort.run_kilosort INFO     ------------------------------------------------------
2025-06-09 01:19:38,152 kilosort.run_kilosort INFO     GPU usage:    `conda install pynvml` for GPU usage
2025-06-09 01:19:38,152 kilosort.run_kilosort INFO     GPU memory:   17.43 %     |      6.89   /    39.50 GB
2025-06-09 01:19:38,153 kilosort.run_kilosort INFO     Allocated:     0.02 %     |      0.01   /    39.50 GB
2025-06-09 01:19:38,154 kilosort.run_kilosort INFO     Max alloc:     0.75 %     |      0.30   /    39.50 GB
2025-06-09 01:19:38,154 kilosort.run_kilosort INFO     ********************************************************
2025-06-09 01:19:38,155 kilosort.run_kilosort INFO      
2025-06-09 01:19:38,155 kilosort.run_kilosort INFO     Computing drift correction.
2025-06-09 01:19:38,155 kilosort.run_kilosort INFO     ----------------------------------------
2025-06-09 01:19:38,156 kilosort.spikedetect INFO     Re-computing universal templates from data.
2025-06-09 01:19:38,198 kilosort.spikedetect INFO     Number of universal templates: 135
2025-06-09 01:19:38,201 kilosort.spikedetect INFO     Detecting spikes...
2025-06-09 01:19:38,202 kilosort.spikedetect DEBUG     
2025-06-09 01:19:38,202 kilosort.spikedetect DEBUG    Batch 0
2025-06-09 01:19:38,202 kilosort.spikedetect DEBUG    ********************************************************
2025-06-09 01:19:38,202 kilosort.spikedetect DEBUG    CPU usage:    47.60 %
2025-06-09 01:19:38,203 kilosort.spikedetect DEBUG    Memory:        5.19 %     |     39.13   /   754.60 GB
2025-06-09 01:19:38,203 kilosort.spikedetect DEBUG    ------------------------------------------------------
2025-06-09 01:19:38,203 kilosort.spikedetect DEBUG    GPU usage:    `conda install pynvml` for GPU usage
2025-06-09 01:19:38,203 kilosort.spikedetect DEBUG    GPU memory:   17.43 %     |      6.89   /    39.50 GB
2025-06-09 01:19:38,203 kilosort.spikedetect DEBUG    Allocated:     0.02 %     |      0.01   /    39.50 GB
2025-06-09 01:19:38,203 kilosort.spikedetect DEBUG    Max alloc:     0.75 %     |      0.30   /    39.50 GB
2025-06-09 01:19:38,203 kilosort.spikedetect DEBUG    ********************************************************
2025-06-09 01:19:39,097 kilosort.spikedetect DEBUG     
2025-06-09 01:19:39,097 kilosort.spikedetect DEBUG    Batch 29
2025-06-09 01:19:39,097 kilosort.spikedetect DEBUG    ********************************************************
2025-06-09 01:19:39,098 kilosort.spikedetect DEBUG    CPU usage:    36.10 %
2025-06-09 01:19:39,098 kilosort.spikedetect DEBUG    Memory:        5.19 %     |     39.16   /   754.60 GB
2025-06-09 01:19:39,098 kilosort.spikedetect DEBUG    ------------------------------------------------------
2025-06-09 01:19:39,098 kilosort.spikedetect DEBUG    GPU usage:    `conda install pynvml` for GPU usage
2025-06-09 01:19:39,098 kilosort.spikedetect DEBUG    GPU memory:   17.43 %     |      6.89   /    39.50 GB
2025-06-09 01:19:39,098 kilosort.spikedetect DEBUG    Allocated:     0.04 %     |      0.02   /    39.50 GB
2025-06-09 01:19:39,098 kilosort.spikedetect DEBUG    Max alloc:     0.75 %     |      0.30   /    39.50 GB
2025-06-09 01:19:39,098 kilosort.spikedetect DEBUG    ********************************************************
2025-06-09 01:19:39,173 kilosort.run_kilosort INFO     drift computed in  1.02s; total  1.07s
2025-06-09 01:19:39,178 kilosort.run_kilosort DEBUG    st shape: (7846, 6)
2025-06-09 01:19:39,178 kilosort.run_kilosort DEBUG    yblk shape: (1,)
2025-06-09 01:19:39,178 kilosort.run_kilosort DEBUG    dshift shape: (30, 1)
2025-06-09 01:19:39,178 kilosort.run_kilosort DEBUG    iKxx shape: torch.Size([32, 32])
2025-06-09 01:19:39,178 kilosort.run_kilosort INFO      
2025-06-09 01:19:39,178 kilosort.run_kilosort INFO     Resource usage after drift correction
2025-06-09 01:19:39,178 kilosort.run_kilosort INFO     ********************************************************
2025-06-09 01:19:39,179 kilosort.run_kilosort INFO     CPU usage:    38.00 %
2025-06-09 01:19:39,180 kilosort.run_kilosort INFO     Memory:        5.19 %     |     39.14   /   754.60 GB
2025-06-09 01:19:39,180 kilosort.run_kilosort INFO     ------------------------------------------------------
2025-06-09 01:19:39,180 kilosort.run_kilosort INFO     GPU usage:    `conda install pynvml` for GPU usage
2025-06-09 01:19:39,181 kilosort.run_kilosort INFO     GPU memory:   17.43 %     |      6.89   /    39.50 GB
2025-06-09 01:19:39,181 kilosort.run_kilosort INFO     Allocated:     0.02 %     |      0.01   /    39.50 GB
2025-06-09 01:19:39,182 kilosort.run_kilosort INFO     Max alloc:     0.75 %     |      0.30   /    39.50 GB
2025-06-09 01:19:39,182 kilosort.run_kilosort INFO     ********************************************************
2025-06-09 01:19:39,183 kilosort.run_kilosort DEBUG    

|===========================================================================|
|                  PyTorch CUDA memory summary, device ID 0                 |
|---------------------------------------------------------------------------|
|            CUDA OOMs: 0            |        cudaMalloc retries: 0         |
|===========================================================================|
|        Metric         | Cur Usage  | Peak Usage | Tot Alloc  | Tot Freed  |
|---------------------------------------------------------------------------|
| Allocated memory      |   8867 KiB | 310173 KiB |  20775 GiB |  20775 GiB |
|---------------------------------------------------------------------------|
| Active memory         |   8867 KiB | 310173 KiB |  20775 GiB |  20775 GiB |
|---------------------------------------------------------------------------|
| Requested memory      |   8864 KiB | 310087 KiB |  20547 GiB |  20547 GiB |
|---------------------------------------------------------------------------|
| GPU reserved memory   | 481280 KiB | 481280 KiB | 481280 KiB |      0 B   |
|---------------------------------------------------------------------------|
| Non-releasable memory |  13660 KiB | 184425 KiB |  11319 GiB |  11319 GiB |
|---------------------------------------------------------------------------|
| Allocations           |      20    |      56    |    4489 K  |    4489 K  |
|---------------------------------------------------------------------------|
| Active allocs         |      20    |      56    |    4489 K  |    4489 K  |
|---------------------------------------------------------------------------|
| GPU reserved segments |      15    |      15    |      15    |       0    |
|---------------------------------------------------------------------------|
| Non-releasable allocs |      10    |      27    |    1835 K  |    1835 K  |
|---------------------------------------------------------------------------|
| Oversize allocations  |       0    |       0    |       0    |       0    |
|---------------------------------------------------------------------------|
| Oversize GPU segments |       0    |       0    |       0    |       0    |
|===========================================================================|


2025-06-09 01:19:39,189 kilosort.run_kilosort DEBUG    First batch min, max: (-19.062586, 10.453897)
2025-06-09 01:19:39,189 kilosort.run_kilosort INFO      
2025-06-09 01:19:39,190 kilosort.run_kilosort INFO     Extracting spikes using templates
2025-06-09 01:19:39,190 kilosort.run_kilosort INFO     ----------------------------------------
2025-06-09 01:19:39,190 kilosort.spikedetect INFO     Re-computing universal templates from data.
2025-06-09 01:19:39,231 kilosort.spikedetect INFO     Number of universal templates: 135
2025-06-09 01:19:39,233 kilosort.spikedetect INFO     Detecting spikes...
2025-06-09 01:19:39,236 kilosort.spikedetect DEBUG     
2025-06-09 01:19:39,236 kilosort.spikedetect DEBUG    Batch 0
2025-06-09 01:19:39,236 kilosort.spikedetect DEBUG    ********************************************************
2025-06-09 01:19:39,236 kilosort.spikedetect DEBUG    CPU usage:    48.80 %
2025-06-09 01:19:39,236 kilosort.spikedetect DEBUG    Memory:        5.19 %     |     39.17   /   754.60 GB
2025-06-09 01:19:39,236 kilosort.spikedetect DEBUG    ------------------------------------------------------
2025-06-09 01:19:39,236 kilosort.spikedetect DEBUG    GPU usage:    `conda install pynvml` for GPU usage
2025-06-09 01:19:39,236 kilosort.spikedetect DEBUG    GPU memory:   17.43 %     |      6.89   /    39.50 GB
2025-06-09 01:19:39,237 kilosort.spikedetect DEBUG    Allocated:     0.02 %     |      0.01   /    39.50 GB
2025-06-09 01:19:39,237 kilosort.spikedetect DEBUG    Max alloc:     0.75 %     |      0.30   /    39.50 GB
2025-06-09 01:19:39,237 kilosort.spikedetect DEBUG    ********************************************************
2025-06-09 01:19:40,088 kilosort.spikedetect DEBUG     
2025-06-09 01:19:40,088 kilosort.spikedetect DEBUG    Batch 29
2025-06-09 01:19:40,088 kilosort.spikedetect DEBUG    ********************************************************
2025-06-09 01:19:40,088 kilosort.spikedetect DEBUG    CPU usage:    36.20 %
2025-06-09 01:19:40,089 kilosort.spikedetect DEBUG    Memory:        5.19 %     |     39.20   /   754.60 GB
2025-06-09 01:19:40,089 kilosort.spikedetect DEBUG    ------------------------------------------------------
2025-06-09 01:19:40,089 kilosort.spikedetect DEBUG    GPU usage:    `conda install pynvml` for GPU usage
2025-06-09 01:19:40,089 kilosort.spikedetect DEBUG    GPU memory:   17.43 %     |      6.89   /    39.50 GB
2025-06-09 01:19:40,089 kilosort.spikedetect DEBUG    Allocated:     0.04 %     |      0.02   /    39.50 GB
2025-06-09 01:19:40,089 kilosort.spikedetect DEBUG    Max alloc:     0.75 %     |      0.30   /    39.50 GB
2025-06-09 01:19:40,089 kilosort.spikedetect DEBUG    ********************************************************
2025-06-09 01:19:40,089 kilosort.run_kilosort INFO     7662 spikes extracted in  0.90s; total  1.98s
2025-06-09 01:19:40,090 kilosort.run_kilosort DEBUG    st0 shape: (7662, 6)
2025-06-09 01:19:40,090 kilosort.run_kilosort DEBUG    tF shape: torch.Size([7662, 10, 6])
2025-06-09 01:19:40,090 kilosort.run_kilosort INFO      
2025-06-09 01:19:40,090 kilosort.run_kilosort INFO     First clustering
2025-06-09 01:19:40,090 kilosort.run_kilosort INFO     ----------------------------------------
2025-06-09 01:19:40,100 kilosort.clustering_qr DEBUG     
2025-06-09 01:19:40,100 kilosort.clustering_qr DEBUG    Cluster center: 0 of 12
2025-06-09 01:19:40,100 kilosort.clustering_qr DEBUG    ********************************************************
2025-06-09 01:19:40,100 kilosort.clustering_qr DEBUG    CPU usage:    48.90 %
2025-06-09 01:19:40,100 kilosort.clustering_qr DEBUG    Memory:        5.20 %     |     39.21   /   754.60 GB
2025-06-09 01:19:40,100 kilosort.clustering_qr DEBUG    ------------------------------------------------------
2025-06-09 01:19:40,100 kilosort.clustering_qr DEBUG    GPU usage:    `conda install pynvml` for GPU usage
2025-06-09 01:19:40,101 kilosort.clustering_qr DEBUG    GPU memory:   17.43 %     |      6.89   /    39.50 GB
2025-06-09 01:19:40,101 kilosort.clustering_qr DEBUG    Allocated:     0.02 %     |      0.01   /    39.50 GB
2025-06-09 01:19:40,101 kilosort.clustering_qr DEBUG    Max alloc:     0.75 %     |      0.30   /    39.50 GB
2025-06-09 01:19:40,101 kilosort.clustering_qr DEBUG    ********************************************************
2025-06-09 01:19:40,104 kilosort.clustering_qr DEBUG    Center 0 | nsp: 1355 | ntemp: 12
2025-06-09 01:19:40,482 kilosort.clustering_qr DEBUG    Center 1 | nsp: 934 | ntemp: 12
2025-06-09 01:19:40,485 kilosort.clustering_qr DEBUG    Center 2 | nsp: 467 | ntemp: 12
2025-06-09 01:19:40,487 kilosort.clustering_qr DEBUG    Center 3 | nsp: 305 | ntemp: 12
2025-06-09 01:19:40,489 kilosort.clustering_qr DEBUG    Center 4 | nsp: 450 | ntemp: 12
2025-06-09 01:19:40,492 kilosort.clustering_qr DEBUG    Center 5 | nsp: 301 | ntemp: 12
2025-06-09 01:19:40,494 kilosort.clustering_qr DEBUG    Center 6 | nsp: 824 | ntemp: 12
2025-06-09 01:19:40,497 kilosort.clustering_qr DEBUG    Center 7 | nsp: 354 | ntemp: 12
2025-06-09 01:19:40,499 kilosort.clustering_qr DEBUG    Center 8 | nsp: 807 | ntemp: 12
2025-06-09 01:19:40,502 kilosort.clustering_qr DEBUG    Center 9 | nsp: 974 | ntemp: 12
2025-06-09 01:19:40,502 kilosort.clustering_qr DEBUG     
2025-06-09 01:19:40,502 kilosort.clustering_qr DEBUG    Cluster center: 10 of 12
2025-06-09 01:19:40,502 kilosort.clustering_qr DEBUG    ********************************************************
2025-06-09 01:19:40,502 kilosort.clustering_qr DEBUG    CPU usage:    45.80 %
2025-06-09 01:19:40,503 kilosort.clustering_qr DEBUG    Memory:        5.18 %     |     39.11   /   754.60 GB
2025-06-09 01:19:40,503 kilosort.clustering_qr DEBUG    ------------------------------------------------------
2025-06-09 01:19:40,503 kilosort.clustering_qr DEBUG    GPU usage:    `conda install pynvml` for GPU usage
2025-06-09 01:19:40,503 kilosort.clustering_qr DEBUG    GPU memory:   17.43 %     |      6.89   /    39.50 GB
2025-06-09 01:19:40,503 kilosort.clustering_qr DEBUG    Allocated:     0.02 %     |      0.01   /    39.50 GB
2025-06-09 01:19:40,503 kilosort.clustering_qr DEBUG    Max alloc:     0.75 %     |      0.30   /    39.50 GB
2025-06-09 01:19:40,503 kilosort.clustering_qr DEBUG    ********************************************************
2025-06-09 01:19:40,505 kilosort.clustering_qr DEBUG    Center 10 | nsp: 620 | ntemp: 12
2025-06-09 01:19:40,507 kilosort.clustering_qr DEBUG    Center 11 | nsp: 271 | ntemp: 3
2025-06-09 01:19:40,523 kilosort.run_kilosort INFO     14 clusters found, in  0.43s; total  2.42s
2025-06-09 01:19:40,524 kilosort.run_kilosort DEBUG    clu shape: (7662,)
2025-06-09 01:19:40,524 kilosort.run_kilosort DEBUG    Wall shape: torch.Size([14, 32, 6])
2025-06-09 01:19:40,524 kilosort.run_kilosort INFO      
2025-06-09 01:19:40,524 kilosort.run_kilosort INFO     Extracting spikes using cluster waveforms
2025-06-09 01:19:40,525 kilosort.run_kilosort INFO     ----------------------------------------
2025-06-09 01:19:40,544 kilosort.template_matching DEBUG     
2025-06-09 01:19:40,544 kilosort.template_matching DEBUG    Batch 0
2025-06-09 01:19:40,544 kilosort.template_matching DEBUG    ********************************************************
2025-06-09 01:19:40,544 kilosort.template_matching DEBUG    CPU usage:    48.30 %
2025-06-09 01:19:40,544 kilosort.template_matching DEBUG    Memory:        5.22 %     |     39.35   /   754.60 GB
2025-06-09 01:19:40,544 kilosort.template_matching DEBUG    ------------------------------------------------------
2025-06-09 01:19:40,544 kilosort.template_matching DEBUG    GPU usage:    `conda install pynvml` for GPU usage
2025-06-09 01:19:40,544 kilosort.template_matching DEBUG    GPU memory:   17.43 %     |      6.89   /    39.50 GB
2025-06-09 01:19:40,545 kilosort.template_matching DEBUG    Allocated:     0.02 %     |      0.01   /    39.50 GB
2025-06-09 01:19:40,545 kilosort.template_matching DEBUG    Max alloc:     0.75 %     |      0.30   /    39.50 GB
2025-06-09 01:19:40,545 kilosort.template_matching DEBUG    ********************************************************
2025-06-09 01:19:41,081 kilosort.template_matching DEBUG     
2025-06-09 01:19:41,081 kilosort.template_matching DEBUG    Batch 29
2025-06-09 01:19:41,081 kilosort.template_matching DEBUG    ********************************************************
2025-06-09 01:19:41,081 kilosort.template_matching DEBUG    CPU usage:    36.30 %
2025-06-09 01:19:41,081 kilosort.template_matching DEBUG    Memory:        5.22 %     |     39.38   /   754.60 GB
2025-06-09 01:19:41,081 kilosort.template_matching DEBUG    ------------------------------------------------------
2025-06-09 01:19:41,081 kilosort.template_matching DEBUG    GPU usage:    `conda install pynvml` for GPU usage
2025-06-09 01:19:41,081 kilosort.template_matching DEBUG    GPU memory:   17.43 %     |      6.89   /    39.50 GB
2025-06-09 01:19:41,082 kilosort.template_matching DEBUG    Allocated:     0.06 %     |      0.02   /    39.50 GB
2025-06-09 01:19:41,082 kilosort.template_matching DEBUG    Max alloc:     0.75 %     |      0.30   /    39.50 GB
2025-06-09 01:19:41,082 kilosort.template_matching DEBUG    ********************************************************
2025-06-09 01:19:41,083 kilosort.run_kilosort INFO     11070 spikes extracted in  0.56s; total  2.98s
2025-06-09 01:19:41,087 kilosort.run_kilosort DEBUG    st shape: (11070, 3)
2025-06-09 01:19:41,087 kilosort.run_kilosort DEBUG    tF shape: torch.Size([11070, 10, 6])
2025-06-09 01:19:41,087 kilosort.run_kilosort DEBUG    iCC shape: torch.Size([10, 32])
2025-06-09 01:19:41,087 kilosort.run_kilosort DEBUG    iU shape: torch.Size([14])
2025-06-09 01:19:41,087 kilosort.run_kilosort INFO      
2025-06-09 01:19:41,088 kilosort.run_kilosort INFO     Resource usage after spike detection
2025-06-09 01:19:41,088 kilosort.run_kilosort INFO     ********************************************************
2025-06-09 01:19:41,089 kilosort.run_kilosort INFO     CPU usage:    46.20 %
2025-06-09 01:19:41,089 kilosort.run_kilosort INFO     Memory:        5.19 %     |     39.16   /   754.60 GB
2025-06-09 01:19:41,089 kilosort.run_kilosort INFO     ------------------------------------------------------
2025-06-09 01:19:41,090 kilosort.run_kilosort INFO     GPU usage:    `conda install pynvml` for GPU usage
2025-06-09 01:19:41,090 kilosort.run_kilosort INFO     GPU memory:   17.43 %     |      6.89   /    39.50 GB
2025-06-09 01:19:41,091 kilosort.run_kilosort INFO     Allocated:     0.02 %     |      0.01   /    39.50 GB
2025-06-09 01:19:41,091 kilosort.run_kilosort INFO     Max alloc:     0.75 %     |      0.30   /    39.50 GB
2025-06-09 01:19:41,091 kilosort.run_kilosort INFO     ********************************************************
2025-06-09 01:19:41,092 kilosort.run_kilosort DEBUG    

|===========================================================================|
|                  PyTorch CUDA memory summary, device ID 0                 |
|---------------------------------------------------------------------------|
|            CUDA OOMs: 0            |        cudaMalloc retries: 0         |
|===========================================================================|
|        Metric         | Cur Usage  | Peak Usage | Tot Alloc  | Tot Freed  |
|---------------------------------------------------------------------------|
| Allocated memory      |   8881 KiB | 310173 KiB |  21022 GiB |  21022 GiB |
|---------------------------------------------------------------------------|
| Active memory         |   8881 KiB | 310173 KiB |  21022 GiB |  21022 GiB |
|---------------------------------------------------------------------------|
| Requested memory      |   8878 KiB | 310087 KiB |  20790 GiB |  20790 GiB |
|---------------------------------------------------------------------------|
| GPU reserved memory   | 481280 KiB | 481280 KiB | 481280 KiB |      0 B   |
|---------------------------------------------------------------------------|
| Non-releasable memory |  13646 KiB | 184425 KiB |  11447 GiB |  11447 GiB |
|---------------------------------------------------------------------------|
| Allocations           |      24    |      56    |    4538 K  |    4538 K  |
|---------------------------------------------------------------------------|
| Active allocs         |      24    |      56    |    4538 K  |    4538 K  |
|---------------------------------------------------------------------------|
| GPU reserved segments |      15    |      15    |      15    |       0    |
|---------------------------------------------------------------------------|
| Non-releasable allocs |      11    |      27    |    1854 K  |    1854 K  |
|---------------------------------------------------------------------------|
| Oversize allocations  |       0    |       0    |       0    |       0    |
|---------------------------------------------------------------------------|
| Oversize GPU segments |       0    |       0    |       0    |       0    |
|===========================================================================|


2025-06-09 01:19:41,092 kilosort.run_kilosort INFO      
2025-06-09 01:19:41,093 kilosort.run_kilosort INFO     Final clustering
2025-06-09 01:19:41,093 kilosort.run_kilosort INFO     ----------------------------------------
2025-06-09 01:19:41,103 kilosort.clustering_qr DEBUG     
2025-06-09 01:19:41,103 kilosort.clustering_qr DEBUG    Cluster center: 0 of 12
2025-06-09 01:19:41,103 kilosort.clustering_qr DEBUG    ********************************************************
2025-06-09 01:19:41,103 kilosort.clustering_qr DEBUG    CPU usage:    45.30 %
2025-06-09 01:19:41,103 kilosort.clustering_qr DEBUG    Memory:        5.19 %     |     39.16   /   754.60 GB
2025-06-09 01:19:41,103 kilosort.clustering_qr DEBUG    ------------------------------------------------------
2025-06-09 01:19:41,103 kilosort.clustering_qr DEBUG    GPU usage:    `conda install pynvml` for GPU usage
2025-06-09 01:19:41,103 kilosort.clustering_qr DEBUG    GPU memory:   17.43 %     |      6.89   /    39.50 GB
2025-06-09 01:19:41,104 kilosort.clustering_qr DEBUG    Allocated:     0.02 %     |      0.01   /    39.50 GB
2025-06-09 01:19:41,104 kilosort.clustering_qr DEBUG    Max alloc:     0.75 %     |      0.30   /    39.50 GB
2025-06-09 01:19:41,104 kilosort.clustering_qr DEBUG    ********************************************************
2025-06-09 01:19:41,105 kilosort.clustering_qr DEBUG    Center 0 | nsp: 2859 | ntemp: 3
2025-06-09 01:19:41,465 kilosort.clustering_qr DEBUG    Center 1 | nsp: 484 | ntemp: 1
2025-06-09 01:19:41,466 kilosort.clustering_qr DEBUG    Center 2 | nsp: 339 | ntemp: 1
2025-06-09 01:19:41,467 kilosort.clustering_qr DEBUG    Center 3 | nsp: 661 | ntemp: 1
2025-06-09 01:19:41,468 kilosort.clustering_qr DEBUG    Center 4 | nsp: 434 | ntemp: 1
2025-06-09 01:19:41,469 kilosort.clustering_qr DEBUG    Center 5 | nsp: 483 | ntemp: 1
2025-06-09 01:19:41,470 kilosort.clustering_qr DEBUG    Center 6 | nsp: 878 | ntemp: 1
2025-06-09 01:19:41,471 kilosort.clustering_qr DEBUG    Center 7 | nsp: 579 | ntemp: 1
2025-06-09 01:19:41,472 kilosort.clustering_qr DEBUG    Center 8 | nsp: 879 | ntemp: 1
2025-06-09 01:19:41,473 kilosort.clustering_qr DEBUG    Center 9 | nsp: 822 | ntemp: 1
2025-06-09 01:19:41,474 kilosort.clustering_qr DEBUG     
2025-06-09 01:19:41,474 kilosort.clustering_qr DEBUG    Cluster center: 10 of 12
2025-06-09 01:19:41,474 kilosort.clustering_qr DEBUG    ********************************************************
2025-06-09 01:19:41,474 kilosort.clustering_qr DEBUG    CPU usage:    44.00 %
2025-06-09 01:19:41,474 kilosort.clustering_qr DEBUG    Memory:        5.20 %     |     39.26   /   754.60 GB
2025-06-09 01:19:41,474 kilosort.clustering_qr DEBUG    ------------------------------------------------------
2025-06-09 01:19:41,474 kilosort.clustering_qr DEBUG    GPU usage:    `conda install pynvml` for GPU usage
2025-06-09 01:19:41,474 kilosort.clustering_qr DEBUG    GPU memory:   17.43 %     |      6.89   /    39.50 GB
2025-06-09 01:19:41,475 kilosort.clustering_qr DEBUG    Allocated:     0.02 %     |      0.01   /    39.50 GB
2025-06-09 01:19:41,475 kilosort.clustering_qr DEBUG    Max alloc:     0.75 %     |      0.30   /    39.50 GB
2025-06-09 01:19:41,475 kilosort.clustering_qr DEBUG    ********************************************************
2025-06-09 01:19:41,475 kilosort.clustering_qr DEBUG    Center 10 | nsp: 0 | ntemp: 0
2025-06-09 01:19:41,476 kilosort.clustering_qr DEBUG    Center 11 | nsp: 2652 | ntemp: 2
2025-06-09 01:19:41,771 kilosort.run_kilosort INFO     12 clusters found, in  0.68s; total  3.67s
2025-06-09 01:19:41,771 kilosort.run_kilosort DEBUG    clu shape: (11070,)
2025-06-09 01:19:41,771 kilosort.run_kilosort DEBUG    Wall shape: torch.Size([12, 32, 6])
2025-06-09 01:19:41,771 kilosort.run_kilosort INFO      
2025-06-09 01:19:41,772 kilosort.run_kilosort INFO     Merging clusters
2025-06-09 01:19:41,772 kilosort.run_kilosort INFO     ----------------------------------------
2025-06-09 01:19:41,778 kilosort.run_kilosort INFO     12 units found, in  0.01s; total  3.67s
2025-06-09 01:19:41,778 kilosort.run_kilosort DEBUG    clu shape: (11070,)
2025-06-09 01:19:41,779 kilosort.run_kilosort DEBUG    Wall shape: torch.Size([12, 32, 6])
2025-06-09 01:19:41,779 kilosort.run_kilosort INFO      
2025-06-09 01:19:41,779 kilosort.run_kilosort INFO     Resource usage after clustering
2025-06-09 01:19:41,779 kilosort.run_kilosort INFO     ********************************************************
2025-06-09 01:19:41,780 kilosort.run_kilosort INFO     CPU usage:    43.10 %
2025-06-09 01:19:41,781 kilosort.run_kilosort INFO     Memory:        5.20 %     |     39.20   /   754.60 GB
2025-06-09 01:19:41,781 kilosort.run_kilosort INFO     ------------------------------------------------------
2025-06-09 01:19:41,781 kilosort.run_kilosort INFO     GPU usage:    `conda install pynvml` for GPU usage
2025-06-09 01:19:41,782 kilosort.run_kilosort INFO     GPU memory:   17.43 %     |      6.89   /    39.50 GB
2025-06-09 01:19:41,783 kilosort.run_kilosort INFO     Allocated:     0.02 %     |      0.01   /    39.50 GB
2025-06-09 01:19:41,783 kilosort.run_kilosort INFO     Max alloc:     0.75 %     |      0.30   /    39.50 GB
2025-06-09 01:19:41,784 kilosort.run_kilosort INFO     ********************************************************
2025-06-09 01:19:41,784 kilosort.run_kilosort DEBUG    

|===========================================================================|
|                  PyTorch CUDA memory summary, device ID 0                 |
|---------------------------------------------------------------------------|
|            CUDA OOMs: 0            |        cudaMalloc retries: 0         |
|===========================================================================|
|        Metric         | Cur Usage  | Peak Usage | Tot Alloc  | Tot Freed  |
|---------------------------------------------------------------------------|
| Allocated memory      |   8871 KiB | 310173 KiB |  21029 GiB |  21029 GiB |
|---------------------------------------------------------------------------|
| Active memory         |   8871 KiB | 310173 KiB |  21029 GiB |  21029 GiB |
|---------------------------------------------------------------------------|
| Requested memory      |   8867 KiB | 310087 KiB |  20797 GiB |  20797 GiB |
|---------------------------------------------------------------------------|
| GPU reserved memory   | 481280 KiB | 481280 KiB | 481280 KiB |      0 B   |
|---------------------------------------------------------------------------|
| Non-releasable memory |  13657 KiB | 184425 KiB |  11455 GiB |  11455 GiB |
|---------------------------------------------------------------------------|
| Allocations           |      23    |      56    |    4564 K  |    4564 K  |
|---------------------------------------------------------------------------|
| Active allocs         |      23    |      56    |    4564 K  |    4564 K  |
|---------------------------------------------------------------------------|
| GPU reserved segments |      15    |      15    |      15    |       0    |
|---------------------------------------------------------------------------|
| Non-releasable allocs |      11    |      27    |    1865 K  |    1865 K  |
|---------------------------------------------------------------------------|
| Oversize allocations  |       0    |       0    |       0    |       0    |
|---------------------------------------------------------------------------|
| Oversize GPU segments |       0    |       0    |       0    |       0    |
|===========================================================================|


2025-06-09 01:19:41,784 kilosort.run_kilosort INFO      
2025-06-09 01:19:41,785 kilosort.run_kilosort INFO     Saving to phy and computing refractory periods
2025-06-09 01:19:41,785 kilosort.run_kilosort INFO     ----------------------------------------
2025-06-09 01:19:41,953 kilosort.run_kilosort INFO     0 units found with good refractory periods
2025-06-09 01:19:41,954 kilosort.run_kilosort INFO     Total runtime: 3.85s = 00:00:4 h:m:s
2025-06-09 01:19:41,960 kilosort.run_kilosort INFO     Sorting output saved in: /home/lss72/palmer_scratch/spike_sort/kilosort4.
2025-06-09 01:19:41,961 kilosort.run_kilosort INFO      
2025-06-09 01:19:41,961 kilosort.run_kilosort INFO     Resource usage after saving
2025-06-09 01:19:41,962 kilosort.run_kilosort INFO     ********************************************************
2025-06-09 01:19:41,963 kilosort.run_kilosort INFO     CPU usage:    49.50 %
2025-06-09 01:19:41,963 kilosort.run_kilosort INFO     Memory:        5.19 %     |     39.14   /   754.60 GB
2025-06-09 01:19:41,964 kilosort.run_kilosort INFO     ------------------------------------------------------
2025-06-09 01:19:41,964 kilosort.run_kilosort INFO     GPU usage:    `conda install pynvml` for GPU usage
2025-06-09 01:19:41,964 kilosort.run_kilosort INFO     GPU memory:   17.43 %     |      6.89   /    39.50 GB
2025-06-09 01:19:41,965 kilosort.run_kilosort INFO     Allocated:     0.02 %     |      0.01   /    39.50 GB
2025-06-09 01:19:41,965 kilosort.run_kilosort INFO     Max alloc:     0.75 %     |      0.30   /    39.50 GB
2025-06-09 01:19:41,966 kilosort.run_kilosort INFO     ********************************************************
2025-06-09 01:19:41,966 kilosort.run_kilosort DEBUG    

|===========================================================================|
|                  PyTorch CUDA memory summary, device ID 0                 |
|---------------------------------------------------------------------------|
|            CUDA OOMs: 0            |        cudaMalloc retries: 0         |
|===========================================================================|
|        Metric         | Cur Usage  | Peak Usage | Tot Alloc  | Tot Freed  |
|---------------------------------------------------------------------------|
| Allocated memory      |   8871 KiB | 310173 KiB |  21029 GiB |  21029 GiB |
|---------------------------------------------------------------------------|
| Active memory         |   8871 KiB | 310173 KiB |  21029 GiB |  21029 GiB |
|---------------------------------------------------------------------------|
| Requested memory      |   8867 KiB | 310087 KiB |  20797 GiB |  20797 GiB |
|---------------------------------------------------------------------------|
| GPU reserved memory   | 481280 KiB | 481280 KiB | 481280 KiB |      0 B   |
|---------------------------------------------------------------------------|
| Non-releasable memory |  13657 KiB | 184425 KiB |  11455 GiB |  11455 GiB |
|---------------------------------------------------------------------------|
| Allocations           |      23    |      56    |    4564 K  |    4564 K  |
|---------------------------------------------------------------------------|
| Active allocs         |      23    |      56    |    4564 K  |    4564 K  |
|---------------------------------------------------------------------------|
| GPU reserved segments |      15    |      15    |      15    |       0    |
|---------------------------------------------------------------------------|
| Non-releasable allocs |      11    |      27    |    1865 K  |    1865 K  |
|---------------------------------------------------------------------------|
| Oversize allocations  |       0    |       0    |       0    |       0    |
|---------------------------------------------------------------------------|
| Oversize GPU segments |       0    |       0    |       0    |       0    |
|===========================================================================|


