2025-06-08 23:37:13,853 kilosort.run_kilosort INFO     Kilosort version 4.0.25
2025-06-08 23:37:13,856 kilosort.run_kilosort INFO     Python version 3.9.21
2025-06-08 23:37:13,857 kilosort.run_kilosort INFO     ----------------------------------------
2025-06-08 23:37:13,857 kilosort.run_kilosort INFO     System information:
2025-06-08 23:37:13,857 kilosort.run_kilosort INFO     Linux-4.18.0-477.74.1.el8_8.x86_64-x86_64-with-glibc2.28 x86_64
2025-06-08 23:37:13,857 kilosort.run_kilosort INFO     x86_64
2025-06-08 23:37:13,858 kilosort.run_kilosort INFO     Using GPU for PyTorch computations. Specify `device` to change this.
2025-06-08 23:37:13,858 kilosort.run_kilosort INFO     Using CUDA device: NVIDIA A100-PCIE-40GB 39.50GB
2025-06-08 23:37:13,858 kilosort.run_kilosort INFO     ----------------------------------------
2025-06-08 23:37:13,859 kilosort.run_kilosort INFO     Sorting /home/lss72/palmer_scratch/spike_sort/2014_11_25_Pair_3_0
2025-06-08 23:37:13,860 kilosort.run_kilosort DEBUG    Initial ops:

ops = {
    'n_chan_bin': 32,
    'fs': 30000,
    'batch_size': 60000,
    'nblocks': 1,
    'Th_universal': 9,
    'Th_learned': 8,
    'tmin': 0,
    'tmax': 10,
    'nt': 61,
    'shift': None,
    'scale': None,
    'artifact_threshold': inf,
    'nskip': 25,
    'whitening_range': 32,
    'highpass_cutoff': 300,
    'binning_depth': 5,
    'sig_interp': 20,
    'drift_smoothing': [0.5, 0.5, 0.5],
    'nt0min': 20,
    'dmin': None,
    'dminx': 32,
    'min_template_size': 10,
    'template_sizes': 5,
    'nearest_chans': 10,
    'nearest_templates': 100,
    'max_channel_distance': 32,
    'max_peels': 100,
    'templates_from_data': True,
    'n_templates': 6,
    'n_pcs': 6,
    'Th_single_ch': 6,
    'acg_threshold': 0.2,
    'ccg_threshold': 0.25,
    'cluster_downsampling': 20,
    'x_centers': None,
    'duplicate_spike_ms': 0.25,
    'position_limit': 100,
    'data_dir': PosixPath('/home/lss72/palmer_scratch/spike_sort'),
    'filename': PosixPath('/home/lss72/palmer_scratch/spike_sort/2014_11_25_Pair_3_0'),
    'data_dtype': dtype('uint16'),
    'do_CAR': True,
    'invert_sign': False,
    'NTbuff': 60122,
    'Nchan': 32,
    'duplicate_spike_bins': 7,
    'torch_device': 'cuda',
    'save_preprocessed_copy': False
}

2025-06-08 23:37:13,862 kilosort.run_kilosort DEBUG    Probe dictionary:

probe = {
    'chanMap': np.array([ 0,  1,  2,  3,  4,  5,  6,  7,  8,  9, 10, 11, 12, 13, 14, 15, 16,
       17, 18, 19, 20, 21, 22, 23, 24, 25, 26, 27, 28, 29, 30, 31]),
    'xc': np.array([  0.,  18., -18.,   0.,  18., -18.,   0.,  18., -18.,   0.,  18.,
       -18.,   0.,  18., -18.,   0.,  18., -18.,   0.,  18., -18.,   0.,
        18., -18.,   0.,  18., -18.,   0.,  18., -18.,   0.,   0.],
      dtype=np.float32),
    'yc': np.array([  0. ,  12.5,  12.5,  25. ,  37.5,  37.5,  50. ,  62.5,  62.5,
        75. ,  87.5,  87.5, 100. , 112.5, 112.5, 125. , 137.5, 137.5,
       150. , 162.5, 162.5, 175. , 187.5, 187.5, 200. , 212.5, 212.5,
       225. , 237.5, 237.5, 250. , 275. ], dtype=np.float32),
    'kcoords': np.array([0., 0., 0., 0., 0., 0., 0., 0., 0., 0., 0., 0., 0., 0., 0., 0., 0.,
       0., 0., 0., 0., 0., 0., 0., 0., 0., 0., 0., 0., 0., 0., 0.]),
    'n_chan': 32
}

2025-06-08 23:37:13,862 kilosort.run_kilosort INFO      
2025-06-08 23:37:13,862 kilosort.run_kilosort INFO     Computing preprocessing variables.
2025-06-08 23:37:13,863 kilosort.run_kilosort INFO     ----------------------------------------
2025-06-08 23:37:13,865 kilosort.run_kilosort INFO     N samples: 300000
2025-06-08 23:37:13,865 kilosort.run_kilosort INFO     N seconds: 10.0
2025-06-08 23:37:13,865 kilosort.run_kilosort INFO     N batches: 5
2025-06-08 23:37:13,902 kilosort.run_kilosort INFO     Preprocessing filters computed in  0.04s; total  0.04s
2025-06-08 23:37:13,903 kilosort.run_kilosort DEBUG    hp_filter shape: torch.Size([30122])
2025-06-08 23:37:13,903 kilosort.run_kilosort DEBUG    whiten_mat shape: torch.Size([32, 32])
2025-06-08 23:37:13,903 kilosort.run_kilosort INFO      
2025-06-08 23:37:13,903 kilosort.run_kilosort INFO     Resource usage after preprocessing
2025-06-08 23:37:13,903 kilosort.run_kilosort INFO     ********************************************************
2025-06-08 23:37:13,904 kilosort.run_kilosort INFO     CPU usage:    22.30 %
2025-06-08 23:37:13,904 kilosort.run_kilosort INFO     Memory:        4.89 %     |     36.89   /   754.60 GB
2025-06-08 23:37:13,905 kilosort.run_kilosort INFO     ------------------------------------------------------
2025-06-08 23:37:13,905 kilosort.run_kilosort INFO     GPU usage:    `conda install pynvml` for GPU usage
2025-06-08 23:37:13,906 kilosort.run_kilosort INFO     GPU memory:    2.56 %     |      1.01   /    39.50 GB
2025-06-08 23:37:13,906 kilosort.run_kilosort INFO     Allocated:     0.02 %     |      0.01   /    39.50 GB
2025-06-08 23:37:13,906 kilosort.run_kilosort INFO     Max alloc:     0.75 %     |      0.30   /    39.50 GB
2025-06-08 23:37:13,907 kilosort.run_kilosort INFO     ********************************************************
2025-06-08 23:37:13,916 kilosort.run_kilosort INFO      
2025-06-08 23:37:13,916 kilosort.run_kilosort INFO     Computing drift correction.
2025-06-08 23:37:13,917 kilosort.run_kilosort INFO     ----------------------------------------
2025-06-08 23:37:13,917 kilosort.spikedetect INFO     Re-computing universal templates from data.
2025-06-08 23:37:13,950 kilosort.spikedetect INFO     Number of universal templates: 135
2025-06-08 23:37:13,953 kilosort.spikedetect INFO     Detecting spikes...
2025-06-08 23:37:13,955 kilosort.spikedetect DEBUG     
2025-06-08 23:37:13,956 kilosort.spikedetect DEBUG    Batch 0
2025-06-08 23:37:13,956 kilosort.spikedetect DEBUG    ********************************************************
2025-06-08 23:37:13,956 kilosort.spikedetect DEBUG    CPU usage:    36.00 %
2025-06-08 23:37:13,956 kilosort.spikedetect DEBUG    Memory:        4.89 %     |     36.89   /   754.60 GB
2025-06-08 23:37:13,956 kilosort.spikedetect DEBUG    ------------------------------------------------------
2025-06-08 23:37:13,956 kilosort.spikedetect DEBUG    GPU usage:    `conda install pynvml` for GPU usage
2025-06-08 23:37:13,956 kilosort.spikedetect DEBUG    GPU memory:    2.56 %     |      1.01   /    39.50 GB
2025-06-08 23:37:13,957 kilosort.spikedetect DEBUG    Allocated:     0.02 %     |      0.01   /    39.50 GB
2025-06-08 23:37:13,957 kilosort.spikedetect DEBUG    Max alloc:     0.75 %     |      0.30   /    39.50 GB
2025-06-08 23:37:13,957 kilosort.spikedetect DEBUG    ********************************************************
2025-06-08 23:37:14,157 kilosort.spikedetect DEBUG     
2025-06-08 23:37:14,157 kilosort.spikedetect DEBUG    Batch 4
2025-06-08 23:37:14,157 kilosort.spikedetect DEBUG    ********************************************************
2025-06-08 23:37:14,158 kilosort.spikedetect DEBUG    CPU usage:    25.10 %
2025-06-08 23:37:14,158 kilosort.spikedetect DEBUG    Memory:        4.89 %     |     36.89   /   754.60 GB
2025-06-08 23:37:14,158 kilosort.spikedetect DEBUG    ------------------------------------------------------
2025-06-08 23:37:14,158 kilosort.spikedetect DEBUG    GPU usage:    `conda install pynvml` for GPU usage
2025-06-08 23:37:14,158 kilosort.spikedetect DEBUG    GPU memory:    2.56 %     |      1.01   /    39.50 GB
2025-06-08 23:37:14,158 kilosort.spikedetect DEBUG    Allocated:     0.04 %     |      0.02   /    39.50 GB
2025-06-08 23:37:14,158 kilosort.spikedetect DEBUG    Max alloc:     0.75 %     |      0.30   /    39.50 GB
2025-06-08 23:37:14,158 kilosort.spikedetect DEBUG    ********************************************************
2025-06-08 23:37:14,230 kilosort.run_kilosort INFO     drift computed in  0.31s; total  0.37s
2025-06-08 23:37:14,233 kilosort.run_kilosort DEBUG    st shape: (895, 6)
2025-06-08 23:37:14,233 kilosort.run_kilosort DEBUG    yblk shape: (1,)
2025-06-08 23:37:14,234 kilosort.run_kilosort DEBUG    dshift shape: (5, 1)
2025-06-08 23:37:14,234 kilosort.run_kilosort DEBUG    iKxx shape: torch.Size([32, 32])
2025-06-08 23:37:14,234 kilosort.run_kilosort INFO      
2025-06-08 23:37:14,234 kilosort.run_kilosort INFO     Resource usage after drift correction
2025-06-08 23:37:14,234 kilosort.run_kilosort INFO     ********************************************************
2025-06-08 23:37:14,235 kilosort.run_kilosort INFO     CPU usage:    26.90 %
2025-06-08 23:37:14,236 kilosort.run_kilosort INFO     Memory:        4.88 %     |     36.82   /   754.60 GB
2025-06-08 23:37:14,236 kilosort.run_kilosort INFO     ------------------------------------------------------
2025-06-08 23:37:14,236 kilosort.run_kilosort INFO     GPU usage:    `conda install pynvml` for GPU usage
2025-06-08 23:37:14,237 kilosort.run_kilosort INFO     GPU memory:    2.56 %     |      1.01   /    39.50 GB
2025-06-08 23:37:14,237 kilosort.run_kilosort INFO     Allocated:     0.02 %     |      0.01   /    39.50 GB
2025-06-08 23:37:14,238 kilosort.run_kilosort INFO     Max alloc:     0.75 %     |      0.30   /    39.50 GB
2025-06-08 23:37:14,238 kilosort.run_kilosort INFO     ********************************************************
2025-06-08 23:37:14,239 kilosort.run_kilosort DEBUG    

|===========================================================================|
|                  PyTorch CUDA memory summary, device ID 0                 |
|---------------------------------------------------------------------------|
|            CUDA OOMs: 0            |        cudaMalloc retries: 0         |
|===========================================================================|
|        Metric         | Cur Usage  | Peak Usage | Tot Alloc  | Tot Freed  |
|---------------------------------------------------------------------------|
| Allocated memory      |   8867 KiB | 309834 KiB |   8577 GiB |   8577 GiB |
|---------------------------------------------------------------------------|
| Active memory         |   8867 KiB | 309834 KiB |   8577 GiB |   8577 GiB |
|---------------------------------------------------------------------------|
| Requested memory      |   8864 KiB | 309748 KiB |   8484 GiB |   8484 GiB |
|---------------------------------------------------------------------------|
| GPU reserved memory   | 479232 KiB | 479232 KiB | 479232 KiB |      0 B   |
|---------------------------------------------------------------------------|
| Non-releasable memory |  13660 KiB | 184425 KiB |   4646 GiB |   4646 GiB |
|---------------------------------------------------------------------------|
| Allocations           |      20    |      56    |    1749 K  |    1749 K  |
|---------------------------------------------------------------------------|
| Active allocs         |      20    |      56    |    1749 K  |    1749 K  |
|---------------------------------------------------------------------------|
| GPU reserved segments |      14    |      14    |      14    |       0    |
|---------------------------------------------------------------------------|
| Non-releasable allocs |      12    |      25    |  685391    |  685379    |
|---------------------------------------------------------------------------|
| Oversize allocations  |       0    |       0    |       0    |       0    |
|---------------------------------------------------------------------------|
| Oversize GPU segments |       0    |       0    |       0    |       0    |
|===========================================================================|


2025-06-08 23:37:14,246 kilosort.run_kilosort DEBUG    First batch min, max: (-15.443307, 9.362338)
2025-06-08 23:37:14,247 kilosort.run_kilosort INFO      
2025-06-08 23:37:14,247 kilosort.run_kilosort INFO     Extracting spikes using templates
2025-06-08 23:37:14,247 kilosort.run_kilosort INFO     ----------------------------------------
2025-06-08 23:37:14,248 kilosort.spikedetect INFO     Re-computing universal templates from data.
2025-06-08 23:37:14,280 kilosort.spikedetect INFO     Number of universal templates: 135
2025-06-08 23:37:14,282 kilosort.spikedetect INFO     Detecting spikes...
2025-06-08 23:37:14,285 kilosort.spikedetect DEBUG     
2025-06-08 23:37:14,285 kilosort.spikedetect DEBUG    Batch 0
2025-06-08 23:37:14,285 kilosort.spikedetect DEBUG    ********************************************************
2025-06-08 23:37:14,285 kilosort.spikedetect DEBUG    CPU usage:    36.70 %
2025-06-08 23:37:14,285 kilosort.spikedetect DEBUG    Memory:        4.88 %     |     36.82   /   754.60 GB
2025-06-08 23:37:14,285 kilosort.spikedetect DEBUG    ------------------------------------------------------
2025-06-08 23:37:14,285 kilosort.spikedetect DEBUG    GPU usage:    `conda install pynvml` for GPU usage
2025-06-08 23:37:14,285 kilosort.spikedetect DEBUG    GPU memory:    2.56 %     |      1.01   /    39.50 GB
2025-06-08 23:37:14,285 kilosort.spikedetect DEBUG    Allocated:     0.02 %     |      0.01   /    39.50 GB
2025-06-08 23:37:14,286 kilosort.spikedetect DEBUG    Max alloc:     0.75 %     |      0.30   /    39.50 GB
2025-06-08 23:37:14,286 kilosort.spikedetect DEBUG    ********************************************************
2025-06-08 23:37:14,451 kilosort.spikedetect DEBUG     
2025-06-08 23:37:14,451 kilosort.spikedetect DEBUG    Batch 4
2025-06-08 23:37:14,451 kilosort.spikedetect DEBUG    ********************************************************
2025-06-08 23:37:14,452 kilosort.spikedetect DEBUG    CPU usage:    25.20 %
2025-06-08 23:37:14,452 kilosort.spikedetect DEBUG    Memory:        4.88 %     |     36.82   /   754.60 GB
2025-06-08 23:37:14,452 kilosort.spikedetect DEBUG    ------------------------------------------------------
2025-06-08 23:37:14,452 kilosort.spikedetect DEBUG    GPU usage:    `conda install pynvml` for GPU usage
2025-06-08 23:37:14,452 kilosort.spikedetect DEBUG    GPU memory:    2.56 %     |      1.01   /    39.50 GB
2025-06-08 23:37:14,452 kilosort.spikedetect DEBUG    Allocated:     0.04 %     |      0.02   /    39.50 GB
2025-06-08 23:37:14,452 kilosort.spikedetect DEBUG    Max alloc:     0.75 %     |      0.30   /    39.50 GB
2025-06-08 23:37:14,452 kilosort.spikedetect DEBUG    ********************************************************
2025-06-08 23:37:14,452 kilosort.run_kilosort INFO     854 spikes extracted in  0.21s; total  0.59s
2025-06-08 23:37:14,453 kilosort.run_kilosort DEBUG    st0 shape: (854, 6)
2025-06-08 23:37:14,453 kilosort.run_kilosort DEBUG    tF shape: torch.Size([854, 10, 6])
2025-06-08 23:37:14,453 kilosort.run_kilosort INFO      
2025-06-08 23:37:14,453 kilosort.run_kilosort INFO     First clustering
2025-06-08 23:37:14,453 kilosort.run_kilosort INFO     ----------------------------------------
2025-06-08 23:37:14,463 kilosort.clustering_qr DEBUG     
2025-06-08 23:37:14,463 kilosort.clustering_qr DEBUG    Cluster center: 0 of 12
2025-06-08 23:37:14,463 kilosort.clustering_qr DEBUG    ********************************************************
2025-06-08 23:37:14,463 kilosort.clustering_qr DEBUG    CPU usage:    34.90 %
2025-06-08 23:37:14,464 kilosort.clustering_qr DEBUG    Memory:        4.88 %     |     36.82   /   754.60 GB
2025-06-08 23:37:14,464 kilosort.clustering_qr DEBUG    ------------------------------------------------------
2025-06-08 23:37:14,464 kilosort.clustering_qr DEBUG    GPU usage:    `conda install pynvml` for GPU usage
2025-06-08 23:37:14,464 kilosort.clustering_qr DEBUG    GPU memory:    2.56 %     |      1.01   /    39.50 GB
2025-06-08 23:37:14,464 kilosort.clustering_qr DEBUG    Allocated:     0.02 %     |      0.01   /    39.50 GB
2025-06-08 23:37:14,464 kilosort.clustering_qr DEBUG    Max alloc:     0.75 %     |      0.30   /    39.50 GB
2025-06-08 23:37:14,464 kilosort.clustering_qr DEBUG    ********************************************************
2025-06-08 23:37:14,466 kilosort.clustering_qr DEBUG    Center 0 | nsp: 185 | ntemp: 12
2025-06-08 23:37:14,468 kilosort.clustering_qr DEBUG    Center 1 | nsp: 14 | ntemp: 12
2025-06-08 23:37:14,470 kilosort.clustering_qr DEBUG    Center 2 | nsp: 6 | ntemp: 12
2025-06-08 23:37:14,471 kilosort.clustering_qr DEBUG    Center 3 | nsp: 10 | ntemp: 12
2025-06-08 23:37:14,473 kilosort.clustering_qr DEBUG    Center 4 | nsp: 24 | ntemp: 12
2025-06-08 23:37:14,475 kilosort.clustering_qr DEBUG    Center 5 | nsp: 76 | ntemp: 12
2025-06-08 23:37:14,477 kilosort.clustering_qr DEBUG    Center 6 | nsp: 55 | ntemp: 12
2025-06-08 23:37:14,479 kilosort.clustering_qr DEBUG    Center 7 | nsp: 270 | ntemp: 12
2025-06-08 23:37:14,481 kilosort.clustering_qr DEBUG    Center 8 | nsp: 115 | ntemp: 12
2025-06-08 23:37:14,483 kilosort.clustering_qr DEBUG    Center 9 | nsp: 54 | ntemp: 12
2025-06-08 23:37:14,484 kilosort.clustering_qr DEBUG     
2025-06-08 23:37:14,484 kilosort.clustering_qr DEBUG    Cluster center: 10 of 12
2025-06-08 23:37:14,484 kilosort.clustering_qr DEBUG    ********************************************************
2025-06-08 23:37:14,484 kilosort.clustering_qr DEBUG    CPU usage:    43.80 %
2025-06-08 23:37:14,484 kilosort.clustering_qr DEBUG    Memory:        4.88 %     |     36.82   /   754.60 GB
2025-06-08 23:37:14,484 kilosort.clustering_qr DEBUG    ------------------------------------------------------
2025-06-08 23:37:14,484 kilosort.clustering_qr DEBUG    GPU usage:    `conda install pynvml` for GPU usage
2025-06-08 23:37:14,484 kilosort.clustering_qr DEBUG    GPU memory:    2.56 %     |      1.01   /    39.50 GB
2025-06-08 23:37:14,485 kilosort.clustering_qr DEBUG    Allocated:     0.02 %     |      0.01   /    39.50 GB
2025-06-08 23:37:14,485 kilosort.clustering_qr DEBUG    Max alloc:     0.75 %     |      0.30   /    39.50 GB
2025-06-08 23:37:14,485 kilosort.clustering_qr DEBUG    ********************************************************
2025-06-08 23:37:14,486 kilosort.clustering_qr DEBUG    Center 10 | nsp: 16 | ntemp: 12
2025-06-08 23:37:14,487 kilosort.clustering_qr DEBUG    Center 11 | nsp: 29 | ntemp: 3
2025-06-08 23:37:14,502 kilosort.run_kilosort INFO     12 clusters found, in  0.05s; total  0.64s
2025-06-08 23:37:14,502 kilosort.run_kilosort DEBUG    clu shape: (854,)
2025-06-08 23:37:14,502 kilosort.run_kilosort DEBUG    Wall shape: torch.Size([12, 32, 6])
2025-06-08 23:37:14,502 kilosort.run_kilosort INFO      
2025-06-08 23:37:14,503 kilosort.run_kilosort INFO     Extracting spikes using cluster waveforms
2025-06-08 23:37:14,503 kilosort.run_kilosort INFO     ----------------------------------------
2025-06-08 23:37:14,520 kilosort.template_matching DEBUG     
2025-06-08 23:37:14,520 kilosort.template_matching DEBUG    Batch 0
2025-06-08 23:37:14,520 kilosort.template_matching DEBUG    ********************************************************
2025-06-08 23:37:14,520 kilosort.template_matching DEBUG    CPU usage:    35.90 %
2025-06-08 23:37:14,520 kilosort.template_matching DEBUG    Memory:        4.91 %     |     37.05   /   754.60 GB
2025-06-08 23:37:14,520 kilosort.template_matching DEBUG    ------------------------------------------------------
2025-06-08 23:37:14,520 kilosort.template_matching DEBUG    GPU usage:    `conda install pynvml` for GPU usage
2025-06-08 23:37:14,521 kilosort.template_matching DEBUG    GPU memory:    2.56 %     |      1.01   /    39.50 GB
2025-06-08 23:37:14,521 kilosort.template_matching DEBUG    Allocated:     0.02 %     |      0.01   /    39.50 GB
2025-06-08 23:37:14,521 kilosort.template_matching DEBUG    Max alloc:     0.75 %     |      0.30   /    39.50 GB
2025-06-08 23:37:14,521 kilosort.template_matching DEBUG    ********************************************************
2025-06-08 23:37:14,648 kilosort.template_matching DEBUG     
2025-06-08 23:37:14,648 kilosort.template_matching DEBUG    Batch 4
2025-06-08 23:37:14,648 kilosort.template_matching DEBUG    ********************************************************
2025-06-08 23:37:14,649 kilosort.template_matching DEBUG    CPU usage:    25.30 %
2025-06-08 23:37:14,649 kilosort.template_matching DEBUG    Memory:        4.91 %     |     37.04   /   754.60 GB
2025-06-08 23:37:14,649 kilosort.template_matching DEBUG    ------------------------------------------------------
2025-06-08 23:37:14,649 kilosort.template_matching DEBUG    GPU usage:    `conda install pynvml` for GPU usage
2025-06-08 23:37:14,649 kilosort.template_matching DEBUG    GPU memory:    2.56 %     |      1.01   /    39.50 GB
2025-06-08 23:37:14,649 kilosort.template_matching DEBUG    Allocated:     0.06 %     |      0.02   /    39.50 GB
2025-06-08 23:37:14,649 kilosort.template_matching DEBUG    Max alloc:     0.75 %     |      0.30   /    39.50 GB
2025-06-08 23:37:14,649 kilosort.template_matching DEBUG    ********************************************************
2025-06-08 23:37:14,650 kilosort.run_kilosort INFO     1857 spikes extracted in  0.15s; total  0.79s
2025-06-08 23:37:14,654 kilosort.run_kilosort DEBUG    st shape: (1857, 3)
2025-06-08 23:37:14,654 kilosort.run_kilosort DEBUG    tF shape: torch.Size([1857, 10, 6])
2025-06-08 23:37:14,654 kilosort.run_kilosort DEBUG    iCC shape: torch.Size([10, 32])
2025-06-08 23:37:14,654 kilosort.run_kilosort DEBUG    iU shape: torch.Size([12])
2025-06-08 23:37:14,654 kilosort.run_kilosort INFO      
2025-06-08 23:37:14,655 kilosort.run_kilosort INFO     Resource usage after spike detection
2025-06-08 23:37:14,655 kilosort.run_kilosort INFO     ********************************************************
2025-06-08 23:37:14,656 kilosort.run_kilosort INFO     CPU usage:    37.50 %
2025-06-08 23:37:14,656 kilosort.run_kilosort INFO     Memory:        4.88 %     |     36.82   /   754.60 GB
2025-06-08 23:37:14,656 kilosort.run_kilosort INFO     ------------------------------------------------------
2025-06-08 23:37:14,657 kilosort.run_kilosort INFO     GPU usage:    `conda install pynvml` for GPU usage
2025-06-08 23:37:14,657 kilosort.run_kilosort INFO     GPU memory:    2.56 %     |      1.01   /    39.50 GB
2025-06-08 23:37:14,658 kilosort.run_kilosort INFO     Allocated:     0.02 %     |      0.01   /    39.50 GB
2025-06-08 23:37:14,658 kilosort.run_kilosort INFO     Max alloc:     0.75 %     |      0.30   /    39.50 GB
2025-06-08 23:37:14,659 kilosort.run_kilosort INFO     ********************************************************
2025-06-08 23:37:14,660 kilosort.run_kilosort DEBUG    

|===========================================================================|
|                  PyTorch CUDA memory summary, device ID 0                 |
|---------------------------------------------------------------------------|
|            CUDA OOMs: 0            |        cudaMalloc retries: 0         |
|===========================================================================|
|        Metric         | Cur Usage  | Peak Usage | Tot Alloc  | Tot Freed  |
|---------------------------------------------------------------------------|
| Allocated memory      |   8880 KiB | 309834 KiB |   8618 GiB |   8618 GiB |
|---------------------------------------------------------------------------|
| Active memory         |   8880 KiB | 309834 KiB |   8618 GiB |   8618 GiB |
|---------------------------------------------------------------------------|
| Requested memory      |   8876 KiB | 309748 KiB |   8525 GiB |   8525 GiB |
|---------------------------------------------------------------------------|
| GPU reserved memory   | 479232 KiB | 479232 KiB | 479232 KiB |      0 B   |
|---------------------------------------------------------------------------|
| Non-releasable memory |  13648 KiB | 184425 KiB |   4667 GiB |   4667 GiB |
|---------------------------------------------------------------------------|
| Allocations           |      24    |      56    |    1757 K  |    1757 K  |
|---------------------------------------------------------------------------|
| Active allocs         |      24    |      56    |    1757 K  |    1757 K  |
|---------------------------------------------------------------------------|
| GPU reserved segments |      14    |      14    |      14    |       0    |
|---------------------------------------------------------------------------|
| Non-releasable allocs |       8    |      25    |  688386    |  688378    |
|---------------------------------------------------------------------------|
| Oversize allocations  |       0    |       0    |       0    |       0    |
|---------------------------------------------------------------------------|
| Oversize GPU segments |       0    |       0    |       0    |       0    |
|===========================================================================|


2025-06-08 23:37:14,660 kilosort.run_kilosort INFO      
2025-06-08 23:37:14,660 kilosort.run_kilosort INFO     Final clustering
2025-06-08 23:37:14,661 kilosort.run_kilosort INFO     ----------------------------------------
2025-06-08 23:37:14,670 kilosort.clustering_qr DEBUG     
2025-06-08 23:37:14,670 kilosort.clustering_qr DEBUG    Cluster center: 0 of 12
2025-06-08 23:37:14,670 kilosort.clustering_qr DEBUG    ********************************************************
2025-06-08 23:37:14,671 kilosort.clustering_qr DEBUG    CPU usage:    31.50 %
2025-06-08 23:37:14,671 kilosort.clustering_qr DEBUG    Memory:        4.88 %     |     36.82   /   754.60 GB
2025-06-08 23:37:14,671 kilosort.clustering_qr DEBUG    ------------------------------------------------------
2025-06-08 23:37:14,671 kilosort.clustering_qr DEBUG    GPU usage:    `conda install pynvml` for GPU usage
2025-06-08 23:37:14,671 kilosort.clustering_qr DEBUG    GPU memory:    2.56 %     |      1.01   /    39.50 GB
2025-06-08 23:37:14,671 kilosort.clustering_qr DEBUG    Allocated:     0.02 %     |      0.01   /    39.50 GB
2025-06-08 23:37:14,671 kilosort.clustering_qr DEBUG    Max alloc:     0.75 %     |      0.30   /    39.50 GB
2025-06-08 23:37:14,671 kilosort.clustering_qr DEBUG    ********************************************************
2025-06-08 23:37:14,672 kilosort.clustering_qr DEBUG    Center 0 | nsp: 380 | ntemp: 1
2025-06-08 23:37:14,673 kilosort.clustering_qr DEBUG    Center 1 | nsp: 153 | ntemp: 1
2025-06-08 23:37:14,674 kilosort.clustering_qr DEBUG    Center 2 | nsp: 0 | ntemp: 0
2025-06-08 23:37:14,674 kilosort.clustering_qr DEBUG    Center 3 | nsp: 111 | ntemp: 2
2025-06-08 23:37:14,675 kilosort.clustering_qr DEBUG    Center 4 | nsp: 0 | ntemp: 0
2025-06-08 23:37:14,675 kilosort.clustering_qr DEBUG    Center 5 | nsp: 182 | ntemp: 1
2025-06-08 23:37:14,677 kilosort.clustering_qr DEBUG    Center 6 | nsp: 154 | ntemp: 2
2025-06-08 23:37:14,677 kilosort.clustering_qr DEBUG    Center 7 | nsp: 0 | ntemp: 0
2025-06-08 23:37:14,678 kilosort.clustering_qr DEBUG    Center 8 | nsp: 464 | ntemp: 2
2025-06-08 23:37:14,679 kilosort.clustering_qr DEBUG    Center 9 | nsp: 224 | ntemp: 1
2025-06-08 23:37:14,679 kilosort.clustering_qr DEBUG     
2025-06-08 23:37:14,679 kilosort.clustering_qr DEBUG    Cluster center: 10 of 12
2025-06-08 23:37:14,679 kilosort.clustering_qr DEBUG    ********************************************************
2025-06-08 23:37:14,679 kilosort.clustering_qr DEBUG    CPU usage:    50.00 %
2025-06-08 23:37:14,679 kilosort.clustering_qr DEBUG    Memory:        4.88 %     |     36.82   /   754.60 GB
2025-06-08 23:37:14,679 kilosort.clustering_qr DEBUG    ------------------------------------------------------
2025-06-08 23:37:14,679 kilosort.clustering_qr DEBUG    GPU usage:    `conda install pynvml` for GPU usage
2025-06-08 23:37:14,680 kilosort.clustering_qr DEBUG    GPU memory:    2.56 %     |      1.01   /    39.50 GB
2025-06-08 23:37:14,680 kilosort.clustering_qr DEBUG    Allocated:     0.02 %     |      0.01   /    39.50 GB
2025-06-08 23:37:14,680 kilosort.clustering_qr DEBUG    Max alloc:     0.75 %     |      0.30   /    39.50 GB
2025-06-08 23:37:14,680 kilosort.clustering_qr DEBUG    ********************************************************
2025-06-08 23:37:14,680 kilosort.clustering_qr DEBUG    Center 10 | nsp: 0 | ntemp: 0
2025-06-08 23:37:14,681 kilosort.clustering_qr DEBUG    Center 11 | nsp: 189 | ntemp: 2
2025-06-08 23:37:14,686 kilosort.run_kilosort INFO     8 clusters found, in  0.03s; total  0.83s
2025-06-08 23:37:14,687 kilosort.run_kilosort DEBUG    clu shape: (1857,)
2025-06-08 23:37:14,687 kilosort.run_kilosort DEBUG    Wall shape: torch.Size([8, 32, 6])
2025-06-08 23:37:14,687 kilosort.run_kilosort INFO      
2025-06-08 23:37:14,687 kilosort.run_kilosort INFO     Merging clusters
2025-06-08 23:37:14,687 kilosort.run_kilosort INFO     ----------------------------------------
2025-06-08 23:37:14,690 kilosort.run_kilosort INFO     8 units found, in  0.00s; total  0.83s
2025-06-08 23:37:14,691 kilosort.run_kilosort DEBUG    clu shape: (1857,)
2025-06-08 23:37:14,691 kilosort.run_kilosort DEBUG    Wall shape: torch.Size([8, 32, 6])
2025-06-08 23:37:14,691 kilosort.run_kilosort INFO      
2025-06-08 23:37:14,691 kilosort.run_kilosort INFO     Resource usage after clustering
2025-06-08 23:37:14,691 kilosort.run_kilosort INFO     ********************************************************
2025-06-08 23:37:14,692 kilosort.run_kilosort INFO     CPU usage:    35.60 %
2025-06-08 23:37:14,692 kilosort.run_kilosort INFO     Memory:        4.88 %     |     36.82   /   754.60 GB
2025-06-08 23:37:14,693 kilosort.run_kilosort INFO     ------------------------------------------------------
2025-06-08 23:37:14,693 kilosort.run_kilosort INFO     GPU usage:    `conda install pynvml` for GPU usage
2025-06-08 23:37:14,694 kilosort.run_kilosort INFO     GPU memory:    2.56 %     |      1.01   /    39.50 GB
2025-06-08 23:37:14,694 kilosort.run_kilosort INFO     Allocated:     0.02 %     |      0.01   /    39.50 GB
2025-06-08 23:37:14,695 kilosort.run_kilosort INFO     Max alloc:     0.75 %     |      0.30   /    39.50 GB
2025-06-08 23:37:14,695 kilosort.run_kilosort INFO     ********************************************************
2025-06-08 23:37:14,695 kilosort.run_kilosort DEBUG    

|===========================================================================|
|                  PyTorch CUDA memory summary, device ID 0                 |
|---------------------------------------------------------------------------|
|            CUDA OOMs: 0            |        cudaMalloc retries: 0         |
|===========================================================================|
|        Metric         | Cur Usage  | Peak Usage | Tot Alloc  | Tot Freed  |
|---------------------------------------------------------------------------|
| Allocated memory      |   8871 KiB | 309834 KiB |   8618 GiB |   8618 GiB |
|---------------------------------------------------------------------------|
| Active memory         |   8871 KiB | 309834 KiB |   8618 GiB |   8618 GiB |
|---------------------------------------------------------------------------|
| Requested memory      |   8867 KiB | 309748 KiB |   8525 GiB |   8525 GiB |
|---------------------------------------------------------------------------|
| GPU reserved memory   | 479232 KiB | 479232 KiB | 479232 KiB |      0 B   |
|---------------------------------------------------------------------------|
| Non-releasable memory |  13657 KiB | 184425 KiB |   4667 GiB |   4667 GiB |
|---------------------------------------------------------------------------|
| Allocations           |      23    |      56    |    1757 K  |    1757 K  |
|---------------------------------------------------------------------------|
| Active allocs         |      23    |      56    |    1757 K  |    1757 K  |
|---------------------------------------------------------------------------|
| GPU reserved segments |      14    |      14    |      14    |       0    |
|---------------------------------------------------------------------------|
| Non-releasable allocs |       8    |      25    |  688436    |  688428    |
|---------------------------------------------------------------------------|
| Oversize allocations  |       0    |       0    |       0    |       0    |
|---------------------------------------------------------------------------|
| Oversize GPU segments |       0    |       0    |       0    |       0    |
|===========================================================================|


2025-06-08 23:37:14,695 kilosort.run_kilosort INFO      
2025-06-08 23:37:14,696 kilosort.run_kilosort INFO     Saving to phy and computing refractory periods
2025-06-08 23:37:14,696 kilosort.run_kilosort INFO     ----------------------------------------
2025-06-08 23:37:14,787 kilosort.run_kilosort INFO     0 units found with good refractory periods
2025-06-08 23:37:14,788 kilosort.run_kilosort INFO     Total runtime: 0.93s = 00:00:1 h:m:s
2025-06-08 23:37:14,794 kilosort.run_kilosort INFO     Sorting output saved in: /home/lss72/palmer_scratch/spike_sort/kilosort4.
2025-06-08 23:37:14,794 kilosort.run_kilosort INFO      
2025-06-08 23:37:14,795 kilosort.run_kilosort INFO     Resource usage after saving
2025-06-08 23:37:14,795 kilosort.run_kilosort INFO     ********************************************************
2025-06-08 23:37:14,796 kilosort.run_kilosort INFO     CPU usage:    28.70 %
2025-06-08 23:37:14,796 kilosort.run_kilosort INFO     Memory:        4.88 %     |     36.82   /   754.60 GB
2025-06-08 23:37:14,797 kilosort.run_kilosort INFO     ------------------------------------------------------
2025-06-08 23:37:14,797 kilosort.run_kilosort INFO     GPU usage:    `conda install pynvml` for GPU usage
2025-06-08 23:37:14,798 kilosort.run_kilosort INFO     GPU memory:    2.56 %     |      1.01   /    39.50 GB
2025-06-08 23:37:14,798 kilosort.run_kilosort INFO     Allocated:     0.02 %     |      0.01   /    39.50 GB
2025-06-08 23:37:14,799 kilosort.run_kilosort INFO     Max alloc:     0.75 %     |      0.30   /    39.50 GB
2025-06-08 23:37:14,799 kilosort.run_kilosort INFO     ********************************************************
2025-06-08 23:37:14,799 kilosort.run_kilosort DEBUG    

|===========================================================================|
|                  PyTorch CUDA memory summary, device ID 0                 |
|---------------------------------------------------------------------------|
|            CUDA OOMs: 0            |        cudaMalloc retries: 0         |
|===========================================================================|
|        Metric         | Cur Usage  | Peak Usage | Tot Alloc  | Tot Freed  |
|---------------------------------------------------------------------------|
| Allocated memory      |   8871 KiB | 309834 KiB |   8618 GiB |   8618 GiB |
|---------------------------------------------------------------------------|
| Active memory         |   8871 KiB | 309834 KiB |   8618 GiB |   8618 GiB |
|---------------------------------------------------------------------------|
| Requested memory      |   8867 KiB | 309748 KiB |   8525 GiB |   8525 GiB |
|---------------------------------------------------------------------------|
| GPU reserved memory   | 479232 KiB | 479232 KiB | 479232 KiB |      0 B   |
|---------------------------------------------------------------------------|
| Non-releasable memory |  13657 KiB | 184425 KiB |   4667 GiB |   4667 GiB |
|---------------------------------------------------------------------------|
| Allocations           |      23    |      56    |    1757 K  |    1757 K  |
|---------------------------------------------------------------------------|
| Active allocs         |      23    |      56    |    1757 K  |    1757 K  |
|---------------------------------------------------------------------------|
| GPU reserved segments |      14    |      14    |      14    |       0    |
|---------------------------------------------------------------------------|
| Non-releasable allocs |       8    |      25    |  688489    |  688481    |
|---------------------------------------------------------------------------|
| Oversize allocations  |       0    |       0    |       0    |       0    |
|---------------------------------------------------------------------------|
| Oversize GPU segments |       0    |       0    |       0    |       0    |
|===========================================================================|


