2025-06-08 23:45:19,747 kilosort.run_kilosort INFO     Kilosort version 4.0.25
2025-06-08 23:45:19,750 kilosort.run_kilosort INFO     Python version 3.9.21
2025-06-08 23:45:19,750 kilosort.run_kilosort INFO     ----------------------------------------
2025-06-08 23:45:19,750 kilosort.run_kilosort INFO     System information:
2025-06-08 23:45:19,751 kilosort.run_kilosort INFO     Linux-4.18.0-477.74.1.el8_8.x86_64-x86_64-with-glibc2.28 x86_64
2025-06-08 23:45:19,751 kilosort.run_kilosort INFO     x86_64
2025-06-08 23:45:19,751 kilosort.run_kilosort INFO     Using GPU for PyTorch computations. Specify `device` to change this.
2025-06-08 23:45:19,752 kilosort.run_kilosort INFO     Using CUDA device: NVIDIA A100-PCIE-40GB 39.50GB
2025-06-08 23:45:19,753 kilosort.run_kilosort INFO     ----------------------------------------
2025-06-08 23:45:19,753 kilosort.run_kilosort INFO     Sorting /home/lss72/palmer_scratch/spike_sort/2014_03_26_Pair_2_0
2025-06-08 23:45:19,754 kilosort.run_kilosort DEBUG    Initial ops:

ops = {
    'n_chan_bin': 32,
    'fs': 30000,
    'batch_size': 60000,
    'nblocks': 1,
    'Th_universal': 9,
    'Th_learned': 8,
    'tmin': 0,
    'tmax': 5,
    'nt': 61,
    'shift': None,
    'scale': None,
    'artifact_threshold': inf,
    'nskip': 25,
    'whitening_range': 32,
    'highpass_cutoff': 300,
    'binning_depth': 5,
    'sig_interp': 20,
    'drift_smoothing': [0.5, 0.5, 0.5],
    'nt0min': 20,
    'dmin': None,
    'dminx': 32,
    'min_template_size': 10,
    'template_sizes': 5,
    'nearest_chans': 10,
    'nearest_templates': 100,
    'max_channel_distance': 32,
    'max_peels': 100,
    'templates_from_data': True,
    'n_templates': 6,
    'n_pcs': 6,
    'Th_single_ch': 6,
    'acg_threshold': 0.2,
    'ccg_threshold': 0.25,
    'cluster_downsampling': 20,
    'x_centers': None,
    'duplicate_spike_ms': 0.25,
    'position_limit': 100,
    'data_dir': PosixPath('/home/lss72/palmer_scratch/spike_sort'),
    'filename': PosixPath('/home/lss72/palmer_scratch/spike_sort/2014_03_26_Pair_2_0'),
    'data_dtype': dtype('float32'),
    'do_CAR': True,
    'invert_sign': False,
    'NTbuff': 60122,
    'Nchan': 32,
    'duplicate_spike_bins': 7,
    'torch_device': 'cuda',
    'save_preprocessed_copy': False
}

2025-06-08 23:45:19,755 kilosort.run_kilosort DEBUG    Probe dictionary:

probe = {
    'chanMap': np.array([ 0,  1,  2,  3,  4,  5,  6,  7,  8,  9, 10, 11, 12, 13, 14, 15, 16,
       17, 18, 19, 20, 21, 22, 23, 24, 25, 26, 27, 28, 29, 30, 31]),
    'xc': np.array([  0.,  18., -18.,   0.,  18., -18.,   0.,  18., -18.,   0.,  18.,
       -18.,   0.,  18., -18.,   0.,  18., -18.,   0.,  18., -18.,   0.,
        18., -18.,   0.,  18., -18.,   0.,  18., -18.,   0.,   0.],
      dtype=np.float32),
    'yc': np.array([  0. ,  12.5,  12.5,  25. ,  37.5,  37.5,  50. ,  62.5,  62.5,
        75. ,  87.5,  87.5, 100. , 112.5, 112.5, 125. , 137.5, 137.5,
       150. , 162.5, 162.5, 175. , 187.5, 187.5, 200. , 212.5, 212.5,
       225. , 237.5, 237.5, 250. , 275. ], dtype=np.float32),
    'kcoords': np.array([0., 0., 0., 0., 0., 0., 0., 0., 0., 0., 0., 0., 0., 0., 0., 0., 0.,
       0., 0., 0., 0., 0., 0., 0., 0., 0., 0., 0., 0., 0., 0., 0.]),
    'n_chan': 32
}

2025-06-08 23:45:19,756 kilosort.run_kilosort INFO      
2025-06-08 23:45:19,756 kilosort.run_kilosort INFO     Computing preprocessing variables.
2025-06-08 23:45:19,756 kilosort.run_kilosort INFO     ----------------------------------------
2025-06-08 23:45:19,758 kilosort.run_kilosort INFO     N samples: 150000
2025-06-08 23:45:19,758 kilosort.run_kilosort INFO     N seconds: 5.0
2025-06-08 23:45:19,759 kilosort.run_kilosort INFO     N batches: 3
2025-06-08 23:45:19,794 kilosort.run_kilosort INFO     Preprocessing filters computed in  0.04s; total  0.04s
2025-06-08 23:45:19,795 kilosort.run_kilosort DEBUG    hp_filter shape: torch.Size([30122])
2025-06-08 23:45:19,795 kilosort.run_kilosort DEBUG    whiten_mat shape: torch.Size([32, 32])
2025-06-08 23:45:19,795 kilosort.run_kilosort INFO      
2025-06-08 23:45:19,795 kilosort.run_kilosort INFO     Resource usage after preprocessing
2025-06-08 23:45:19,796 kilosort.run_kilosort INFO     ********************************************************
2025-06-08 23:45:19,796 kilosort.run_kilosort INFO     CPU usage:    22.30 %
2025-06-08 23:45:19,797 kilosort.run_kilosort INFO     Memory:        4.86 %     |     36.68   /   754.60 GB
2025-06-08 23:45:19,797 kilosort.run_kilosort INFO     ------------------------------------------------------
2025-06-08 23:45:19,797 kilosort.run_kilosort INFO     GPU usage:    `conda install pynvml` for GPU usage
2025-06-08 23:45:19,798 kilosort.run_kilosort INFO     GPU memory:    2.56 %     |      1.01   /    39.50 GB
2025-06-08 23:45:19,798 kilosort.run_kilosort INFO     Allocated:     0.02 %     |      0.01   /    39.50 GB
2025-06-08 23:45:19,799 kilosort.run_kilosort INFO     Max alloc:     0.75 %     |      0.30   /    39.50 GB
2025-06-08 23:45:19,799 kilosort.run_kilosort INFO     ********************************************************
2025-06-08 23:45:19,800 kilosort.run_kilosort INFO      
2025-06-08 23:45:19,800 kilosort.run_kilosort INFO     Computing drift correction.
2025-06-08 23:45:19,801 kilosort.run_kilosort INFO     ----------------------------------------
2025-06-08 23:45:19,801 kilosort.spikedetect INFO     Re-computing universal templates from data.
2025-06-08 23:45:19,831 kilosort.spikedetect INFO     Number of universal templates: 135
2025-06-08 23:45:19,834 kilosort.spikedetect INFO     Detecting spikes...
2025-06-08 23:45:19,836 kilosort.spikedetect DEBUG     
2025-06-08 23:45:19,836 kilosort.spikedetect DEBUG    Batch 0
2025-06-08 23:45:19,837 kilosort.spikedetect DEBUG    ********************************************************
2025-06-08 23:45:19,837 kilosort.spikedetect DEBUG    CPU usage:    39.20 %
2025-06-08 23:45:19,837 kilosort.spikedetect DEBUG    Memory:        4.86 %     |     36.70   /   754.60 GB
2025-06-08 23:45:19,837 kilosort.spikedetect DEBUG    ------------------------------------------------------
2025-06-08 23:45:19,837 kilosort.spikedetect DEBUG    GPU usage:    `conda install pynvml` for GPU usage
2025-06-08 23:45:19,837 kilosort.spikedetect DEBUG    GPU memory:    2.56 %     |      1.01   /    39.50 GB
2025-06-08 23:45:19,837 kilosort.spikedetect DEBUG    Allocated:     0.02 %     |      0.01   /    39.50 GB
2025-06-08 23:45:19,837 kilosort.spikedetect DEBUG    Max alloc:     0.75 %     |      0.30   /    39.50 GB
2025-06-08 23:45:19,837 kilosort.spikedetect DEBUG    ********************************************************
2025-06-08 23:45:19,963 kilosort.spikedetect DEBUG     
2025-06-08 23:45:19,963 kilosort.spikedetect DEBUG    Batch 2
2025-06-08 23:45:19,963 kilosort.spikedetect DEBUG    ********************************************************
2025-06-08 23:45:19,963 kilosort.spikedetect DEBUG    CPU usage:    25.20 %
2025-06-08 23:45:19,963 kilosort.spikedetect DEBUG    Memory:        4.87 %     |     36.78   /   754.60 GB
2025-06-08 23:45:19,963 kilosort.spikedetect DEBUG    ------------------------------------------------------
2025-06-08 23:45:19,963 kilosort.spikedetect DEBUG    GPU usage:    `conda install pynvml` for GPU usage
2025-06-08 23:45:19,964 kilosort.spikedetect DEBUG    GPU memory:    2.56 %     |      1.01   /    39.50 GB
2025-06-08 23:45:19,964 kilosort.spikedetect DEBUG    Allocated:     0.04 %     |      0.02   /    39.50 GB
2025-06-08 23:45:19,964 kilosort.spikedetect DEBUG    Max alloc:     0.75 %     |      0.30   /    39.50 GB
2025-06-08 23:45:19,964 kilosort.spikedetect DEBUG    ********************************************************
2025-06-08 23:45:20,038 kilosort.run_kilosort INFO     drift computed in  0.24s; total  0.28s
2025-06-08 23:45:20,042 kilosort.run_kilosort DEBUG    st shape: (543, 6)
2025-06-08 23:45:20,042 kilosort.run_kilosort DEBUG    yblk shape: (1,)
2025-06-08 23:45:20,042 kilosort.run_kilosort DEBUG    dshift shape: (3, 1)
2025-06-08 23:45:20,042 kilosort.run_kilosort DEBUG    iKxx shape: torch.Size([32, 32])
2025-06-08 23:45:20,042 kilosort.run_kilosort INFO      
2025-06-08 23:45:20,043 kilosort.run_kilosort INFO     Resource usage after drift correction
2025-06-08 23:45:20,043 kilosort.run_kilosort INFO     ********************************************************
2025-06-08 23:45:20,044 kilosort.run_kilosort INFO     CPU usage:    26.30 %
2025-06-08 23:45:20,044 kilosort.run_kilosort INFO     Memory:        4.88 %     |     36.83   /   754.60 GB
2025-06-08 23:45:20,045 kilosort.run_kilosort INFO     ------------------------------------------------------
2025-06-08 23:45:20,045 kilosort.run_kilosort INFO     GPU usage:    `conda install pynvml` for GPU usage
2025-06-08 23:45:20,046 kilosort.run_kilosort INFO     GPU memory:    2.56 %     |      1.01   /    39.50 GB
2025-06-08 23:45:20,046 kilosort.run_kilosort INFO     Allocated:     0.02 %     |      0.01   /    39.50 GB
2025-06-08 23:45:20,047 kilosort.run_kilosort INFO     Max alloc:     0.75 %     |      0.30   /    39.50 GB
2025-06-08 23:45:20,047 kilosort.run_kilosort INFO     ********************************************************
2025-06-08 23:45:20,048 kilosort.run_kilosort DEBUG    

|===========================================================================|
|                  PyTorch CUDA memory summary, device ID 0                 |
|---------------------------------------------------------------------------|
|            CUDA OOMs: 0            |        cudaMalloc retries: 0         |
|===========================================================================|
|        Metric         | Cur Usage  | Peak Usage | Tot Alloc  | Tot Freed  |
|---------------------------------------------------------------------------|
| Allocated memory      |   8867 KiB | 309982 KiB |  15241 GiB |  15241 GiB |
|---------------------------------------------------------------------------|
| Active memory         |   8867 KiB | 309982 KiB |  15241 GiB |  15241 GiB |
|---------------------------------------------------------------------------|
| Requested memory      |   8864 KiB | 309896 KiB |  15075 GiB |  15075 GiB |
|---------------------------------------------------------------------------|
| GPU reserved memory   | 481280 KiB | 481280 KiB | 481280 KiB |      0 B   |
|---------------------------------------------------------------------------|
| Non-releasable memory |  13660 KiB | 184425 KiB |   8237 GiB |   8237 GiB |
|---------------------------------------------------------------------------|
| Allocations           |      20    |      56    |    3258 K  |    3258 K  |
|---------------------------------------------------------------------------|
| Active allocs         |      20    |      56    |    3258 K  |    3258 K  |
|---------------------------------------------------------------------------|
| GPU reserved segments |      15    |      15    |      15    |       0    |
|---------------------------------------------------------------------------|
| Non-releasable allocs |      11    |      26    |    1323 K  |    1323 K  |
|---------------------------------------------------------------------------|
| Oversize allocations  |       0    |       0    |       0    |       0    |
|---------------------------------------------------------------------------|
| Oversize GPU segments |       0    |       0    |       0    |       0    |
|===========================================================================|


2025-06-08 23:45:20,054 kilosort.run_kilosort DEBUG    First batch min, max: (-19.737701, 10.214522)
2025-06-08 23:45:20,054 kilosort.run_kilosort INFO      
2025-06-08 23:45:20,055 kilosort.run_kilosort INFO     Extracting spikes using templates
2025-06-08 23:45:20,055 kilosort.run_kilosort INFO     ----------------------------------------
2025-06-08 23:45:20,055 kilosort.spikedetect INFO     Re-computing universal templates from data.
2025-06-08 23:45:20,085 kilosort.spikedetect INFO     Number of universal templates: 135
2025-06-08 23:45:20,091 kilosort.spikedetect INFO     Detecting spikes...
2025-06-08 23:45:20,092 kilosort.spikedetect DEBUG     
2025-06-08 23:45:20,092 kilosort.spikedetect DEBUG    Batch 0
2025-06-08 23:45:20,092 kilosort.spikedetect DEBUG    ********************************************************
2025-06-08 23:45:20,093 kilosort.spikedetect DEBUG    CPU usage:    36.60 %
2025-06-08 23:45:20,093 kilosort.spikedetect DEBUG    Memory:        4.87 %     |     36.78   /   754.60 GB
2025-06-08 23:45:20,093 kilosort.spikedetect DEBUG    ------------------------------------------------------
2025-06-08 23:45:20,093 kilosort.spikedetect DEBUG    GPU usage:    `conda install pynvml` for GPU usage
2025-06-08 23:45:20,093 kilosort.spikedetect DEBUG    GPU memory:    2.56 %     |      1.01   /    39.50 GB
2025-06-08 23:45:20,093 kilosort.spikedetect DEBUG    Allocated:     0.02 %     |      0.01   /    39.50 GB
2025-06-08 23:45:20,093 kilosort.spikedetect DEBUG    Max alloc:     0.75 %     |      0.30   /    39.50 GB
2025-06-08 23:45:20,093 kilosort.spikedetect DEBUG    ********************************************************
2025-06-08 23:45:20,205 kilosort.spikedetect DEBUG     
2025-06-08 23:45:20,205 kilosort.spikedetect DEBUG    Batch 2
2025-06-08 23:45:20,205 kilosort.spikedetect DEBUG    ********************************************************
2025-06-08 23:45:20,206 kilosort.spikedetect DEBUG    CPU usage:    25.10 %
2025-06-08 23:45:20,206 kilosort.spikedetect DEBUG    Memory:        4.86 %     |     36.68   /   754.60 GB
2025-06-08 23:45:20,206 kilosort.spikedetect DEBUG    ------------------------------------------------------
2025-06-08 23:45:20,206 kilosort.spikedetect DEBUG    GPU usage:    `conda install pynvml` for GPU usage
2025-06-08 23:45:20,206 kilosort.spikedetect DEBUG    GPU memory:    2.56 %     |      1.01   /    39.50 GB
2025-06-08 23:45:20,206 kilosort.spikedetect DEBUG    Allocated:     0.04 %     |      0.02   /    39.50 GB
2025-06-08 23:45:20,206 kilosort.spikedetect DEBUG    Max alloc:     0.75 %     |      0.30   /    39.50 GB
2025-06-08 23:45:20,206 kilosort.spikedetect DEBUG    ********************************************************
2025-06-08 23:45:20,206 kilosort.run_kilosort INFO     517 spikes extracted in  0.15s; total  0.45s
2025-06-08 23:45:20,207 kilosort.run_kilosort DEBUG    st0 shape: (517, 6)
2025-06-08 23:45:20,207 kilosort.run_kilosort DEBUG    tF shape: torch.Size([517, 10, 6])
2025-06-08 23:45:20,207 kilosort.run_kilosort INFO      
2025-06-08 23:45:20,207 kilosort.run_kilosort INFO     First clustering
2025-06-08 23:45:20,208 kilosort.run_kilosort INFO     ----------------------------------------
2025-06-08 23:45:20,217 kilosort.clustering_qr DEBUG     
2025-06-08 23:45:20,217 kilosort.clustering_qr DEBUG    Cluster center: 0 of 12
2025-06-08 23:45:20,217 kilosort.clustering_qr DEBUG    ********************************************************
2025-06-08 23:45:20,217 kilosort.clustering_qr DEBUG    CPU usage:    34.90 %
2025-06-08 23:45:20,217 kilosort.clustering_qr DEBUG    Memory:        4.86 %     |     36.68   /   754.60 GB
2025-06-08 23:45:20,217 kilosort.clustering_qr DEBUG    ------------------------------------------------------
2025-06-08 23:45:20,217 kilosort.clustering_qr DEBUG    GPU usage:    `conda install pynvml` for GPU usage
2025-06-08 23:45:20,217 kilosort.clustering_qr DEBUG    GPU memory:    2.56 %     |      1.01   /    39.50 GB
2025-06-08 23:45:20,218 kilosort.clustering_qr DEBUG    Allocated:     0.02 %     |      0.01   /    39.50 GB
2025-06-08 23:45:20,218 kilosort.clustering_qr DEBUG    Max alloc:     0.75 %     |      0.30   /    39.50 GB
2025-06-08 23:45:20,218 kilosort.clustering_qr DEBUG    ********************************************************
2025-06-08 23:45:20,220 kilosort.clustering_qr DEBUG    Center 0 | nsp: 86 | ntemp: 12
2025-06-08 23:45:20,222 kilosort.clustering_qr DEBUG    Center 1 | nsp: 19 | ntemp: 12
2025-06-08 23:45:20,224 kilosort.clustering_qr DEBUG    Center 2 | nsp: 40 | ntemp: 12
2025-06-08 23:45:20,226 kilosort.clustering_qr DEBUG    Center 3 | nsp: 51 | ntemp: 12
2025-06-08 23:45:20,228 kilosort.clustering_qr DEBUG    Center 4 | nsp: 24 | ntemp: 12
2025-06-08 23:45:20,230 kilosort.clustering_qr DEBUG    Center 5 | nsp: 16 | ntemp: 12
2025-06-08 23:45:20,232 kilosort.clustering_qr DEBUG    Center 6 | nsp: 58 | ntemp: 12
2025-06-08 23:45:20,234 kilosort.clustering_qr DEBUG    Center 7 | nsp: 130 | ntemp: 12
2025-06-08 23:45:20,236 kilosort.clustering_qr DEBUG    Center 8 | nsp: 19 | ntemp: 12
2025-06-08 23:45:20,238 kilosort.clustering_qr DEBUG    Center 9 | nsp: 52 | ntemp: 12
2025-06-08 23:45:20,238 kilosort.clustering_qr DEBUG     
2025-06-08 23:45:20,238 kilosort.clustering_qr DEBUG    Cluster center: 10 of 12
2025-06-08 23:45:20,239 kilosort.clustering_qr DEBUG    ********************************************************
2025-06-08 23:45:20,239 kilosort.clustering_qr DEBUG    CPU usage:    48.10 %
2025-06-08 23:45:20,239 kilosort.clustering_qr DEBUG    Memory:        4.86 %     |     36.68   /   754.60 GB
2025-06-08 23:45:20,239 kilosort.clustering_qr DEBUG    ------------------------------------------------------
2025-06-08 23:45:20,239 kilosort.clustering_qr DEBUG    GPU usage:    `conda install pynvml` for GPU usage
2025-06-08 23:45:20,239 kilosort.clustering_qr DEBUG    GPU memory:    2.56 %     |      1.01   /    39.50 GB
2025-06-08 23:45:20,239 kilosort.clustering_qr DEBUG    Allocated:     0.02 %     |      0.01   /    39.50 GB
2025-06-08 23:45:20,239 kilosort.clustering_qr DEBUG    Max alloc:     0.75 %     |      0.30   /    39.50 GB
2025-06-08 23:45:20,239 kilosort.clustering_qr DEBUG    ********************************************************
2025-06-08 23:45:20,241 kilosort.clustering_qr DEBUG    Center 10 | nsp: 8 | ntemp: 12
2025-06-08 23:45:20,242 kilosort.clustering_qr DEBUG    Center 11 | nsp: 14 | ntemp: 3
2025-06-08 23:45:20,257 kilosort.run_kilosort INFO     12 clusters found, in  0.05s; total  0.50s
2025-06-08 23:45:20,257 kilosort.run_kilosort DEBUG    clu shape: (517,)
2025-06-08 23:45:20,257 kilosort.run_kilosort DEBUG    Wall shape: torch.Size([12, 32, 6])
2025-06-08 23:45:20,257 kilosort.run_kilosort INFO      
2025-06-08 23:45:20,258 kilosort.run_kilosort INFO     Extracting spikes using cluster waveforms
2025-06-08 23:45:20,258 kilosort.run_kilosort INFO     ----------------------------------------
2025-06-08 23:45:20,275 kilosort.template_matching DEBUG     
2025-06-08 23:45:20,275 kilosort.template_matching DEBUG    Batch 0
2025-06-08 23:45:20,275 kilosort.template_matching DEBUG    ********************************************************
2025-06-08 23:45:20,276 kilosort.template_matching DEBUG    CPU usage:    36.10 %
2025-06-08 23:45:20,276 kilosort.template_matching DEBUG    Memory:        4.89 %     |     36.90   /   754.60 GB
2025-06-08 23:45:20,276 kilosort.template_matching DEBUG    ------------------------------------------------------
2025-06-08 23:45:20,276 kilosort.template_matching DEBUG    GPU usage:    `conda install pynvml` for GPU usage
2025-06-08 23:45:20,276 kilosort.template_matching DEBUG    GPU memory:    2.56 %     |      1.01   /    39.50 GB
2025-06-08 23:45:20,276 kilosort.template_matching DEBUG    Allocated:     0.02 %     |      0.01   /    39.50 GB
2025-06-08 23:45:20,277 kilosort.template_matching DEBUG    Max alloc:     0.75 %     |      0.30   /    39.50 GB
2025-06-08 23:45:20,277 kilosort.template_matching DEBUG    ********************************************************
2025-06-08 23:45:20,325 kilosort.template_matching DEBUG     
2025-06-08 23:45:20,325 kilosort.template_matching DEBUG    Batch 2
2025-06-08 23:45:20,325 kilosort.template_matching DEBUG    ********************************************************
2025-06-08 23:45:20,325 kilosort.template_matching DEBUG    CPU usage:    25.70 %
2025-06-08 23:45:20,325 kilosort.template_matching DEBUG    Memory:        4.89 %     |     36.90   /   754.60 GB
2025-06-08 23:45:20,325 kilosort.template_matching DEBUG    ------------------------------------------------------
2025-06-08 23:45:20,325 kilosort.template_matching DEBUG    GPU usage:    `conda install pynvml` for GPU usage
2025-06-08 23:45:20,326 kilosort.template_matching DEBUG    GPU memory:    2.56 %     |      1.01   /    39.50 GB
2025-06-08 23:45:20,326 kilosort.template_matching DEBUG    Allocated:     0.06 %     |      0.02   /    39.50 GB
2025-06-08 23:45:20,326 kilosort.template_matching DEBUG    Max alloc:     0.75 %     |      0.30   /    39.50 GB
2025-06-08 23:45:20,326 kilosort.template_matching DEBUG    ********************************************************
2025-06-08 23:45:20,327 kilosort.run_kilosort INFO     736 spikes extracted in  0.07s; total  0.57s
2025-06-08 23:45:20,331 kilosort.run_kilosort DEBUG    st shape: (736, 3)
2025-06-08 23:45:20,331 kilosort.run_kilosort DEBUG    tF shape: torch.Size([736, 10, 6])
2025-06-08 23:45:20,331 kilosort.run_kilosort DEBUG    iCC shape: torch.Size([10, 32])
2025-06-08 23:45:20,331 kilosort.run_kilosort DEBUG    iU shape: torch.Size([12])
2025-06-08 23:45:20,331 kilosort.run_kilosort INFO      
2025-06-08 23:45:20,331 kilosort.run_kilosort INFO     Resource usage after spike detection
2025-06-08 23:45:20,332 kilosort.run_kilosort INFO     ********************************************************
2025-06-08 23:45:20,332 kilosort.run_kilosort INFO     CPU usage:    37.50 %
2025-06-08 23:45:20,333 kilosort.run_kilosort INFO     Memory:        4.86 %     |     36.67   /   754.60 GB
2025-06-08 23:45:20,333 kilosort.run_kilosort INFO     ------------------------------------------------------
2025-06-08 23:45:20,333 kilosort.run_kilosort INFO     GPU usage:    `conda install pynvml` for GPU usage
2025-06-08 23:45:20,334 kilosort.run_kilosort INFO     GPU memory:    2.56 %     |      1.01   /    39.50 GB
2025-06-08 23:45:20,334 kilosort.run_kilosort INFO     Allocated:     0.02 %     |      0.01   /    39.50 GB
2025-06-08 23:45:20,335 kilosort.run_kilosort INFO     Max alloc:     0.75 %     |      0.30   /    39.50 GB
2025-06-08 23:45:20,335 kilosort.run_kilosort INFO     ********************************************************
2025-06-08 23:45:20,336 kilosort.run_kilosort DEBUG    

|===========================================================================|
|                  PyTorch CUDA memory summary, device ID 0                 |
|---------------------------------------------------------------------------|
|            CUDA OOMs: 0            |        cudaMalloc retries: 0         |
|===========================================================================|
|        Metric         | Cur Usage  | Peak Usage | Tot Alloc  | Tot Freed  |
|---------------------------------------------------------------------------|
| Allocated memory      |   8880 KiB | 309982 KiB |  15266 GiB |  15266 GiB |
|---------------------------------------------------------------------------|
| Active memory         |   8880 KiB | 309982 KiB |  15266 GiB |  15266 GiB |
|---------------------------------------------------------------------------|
| Requested memory      |   8876 KiB | 309896 KiB |  15099 GiB |  15099 GiB |
|---------------------------------------------------------------------------|
| GPU reserved memory   | 481280 KiB | 481280 KiB | 481280 KiB |      0 B   |
|---------------------------------------------------------------------------|
| Non-releasable memory |  13648 KiB | 184425 KiB |   8249 GiB |   8249 GiB |
|---------------------------------------------------------------------------|
| Allocations           |      24    |      56    |    3263 K  |    3263 K  |
|---------------------------------------------------------------------------|
| Active allocs         |      24    |      56    |    3263 K  |    3263 K  |
|---------------------------------------------------------------------------|
| GPU reserved segments |      15    |      15    |      15    |       0    |
|---------------------------------------------------------------------------|
| Non-releasable allocs |      11    |      26    |    1325 K  |    1325 K  |
|---------------------------------------------------------------------------|
| Oversize allocations  |       0    |       0    |       0    |       0    |
|---------------------------------------------------------------------------|
| Oversize GPU segments |       0    |       0    |       0    |       0    |
|===========================================================================|


2025-06-08 23:45:20,336 kilosort.run_kilosort INFO      
2025-06-08 23:45:20,336 kilosort.run_kilosort INFO     Final clustering
2025-06-08 23:45:20,337 kilosort.run_kilosort INFO     ----------------------------------------
2025-06-08 23:45:20,346 kilosort.clustering_qr DEBUG     
2025-06-08 23:45:20,346 kilosort.clustering_qr DEBUG    Cluster center: 0 of 12
2025-06-08 23:45:20,346 kilosort.clustering_qr DEBUG    ********************************************************
2025-06-08 23:45:20,347 kilosort.clustering_qr DEBUG    CPU usage:    32.70 %
2025-06-08 23:45:20,347 kilosort.clustering_qr DEBUG    Memory:        4.86 %     |     36.67   /   754.60 GB
2025-06-08 23:45:20,347 kilosort.clustering_qr DEBUG    ------------------------------------------------------
2025-06-08 23:45:20,347 kilosort.clustering_qr DEBUG    GPU usage:    `conda install pynvml` for GPU usage
2025-06-08 23:45:20,347 kilosort.clustering_qr DEBUG    GPU memory:    2.56 %     |      1.01   /    39.50 GB
2025-06-08 23:45:20,347 kilosort.clustering_qr DEBUG    Allocated:     0.02 %     |      0.01   /    39.50 GB
2025-06-08 23:45:20,347 kilosort.clustering_qr DEBUG    Max alloc:     0.75 %     |      0.30   /    39.50 GB
2025-06-08 23:45:20,347 kilosort.clustering_qr DEBUG    ********************************************************
2025-06-08 23:45:20,348 kilosort.clustering_qr DEBUG    Center 0 | nsp: 62 | ntemp: 1
2025-06-08 23:45:20,349 kilosort.clustering_qr DEBUG    Center 1 | nsp: 69 | ntemp: 1
2025-06-08 23:45:20,350 kilosort.clustering_qr DEBUG    Center 2 | nsp: 78 | ntemp: 1
2025-06-08 23:45:20,351 kilosort.clustering_qr DEBUG    Center 3 | nsp: 99 | ntemp: 1
2025-06-08 23:45:20,352 kilosort.clustering_qr DEBUG    Center 4 | nsp: 45 | ntemp: 1
2025-06-08 23:45:20,353 kilosort.clustering_qr DEBUG    Center 5 | nsp: 40 | ntemp: 1
2025-06-08 23:45:20,354 kilosort.clustering_qr DEBUG    Center 6 | nsp: 54 | ntemp: 1
2025-06-08 23:45:20,355 kilosort.clustering_qr DEBUG    Center 7 | nsp: 76 | ntemp: 1
2025-06-08 23:45:20,356 kilosort.clustering_qr DEBUG    Center 8 | nsp: 74 | ntemp: 1
2025-06-08 23:45:20,357 kilosort.clustering_qr DEBUG    Center 9 | nsp: 81 | ntemp: 2
2025-06-08 23:45:20,357 kilosort.clustering_qr DEBUG     
2025-06-08 23:45:20,357 kilosort.clustering_qr DEBUG    Cluster center: 10 of 12
2025-06-08 23:45:20,357 kilosort.clustering_qr DEBUG    ********************************************************
2025-06-08 23:45:20,357 kilosort.clustering_qr DEBUG    CPU usage:    47.40 %
2025-06-08 23:45:20,358 kilosort.clustering_qr DEBUG    Memory:        4.86 %     |     36.67   /   754.60 GB
2025-06-08 23:45:20,358 kilosort.clustering_qr DEBUG    ------------------------------------------------------
2025-06-08 23:45:20,358 kilosort.clustering_qr DEBUG    GPU usage:    `conda install pynvml` for GPU usage
2025-06-08 23:45:20,358 kilosort.clustering_qr DEBUG    GPU memory:    2.56 %     |      1.01   /    39.50 GB
2025-06-08 23:45:20,358 kilosort.clustering_qr DEBUG    Allocated:     0.02 %     |      0.01   /    39.50 GB
2025-06-08 23:45:20,358 kilosort.clustering_qr DEBUG    Max alloc:     0.75 %     |      0.30   /    39.50 GB
2025-06-08 23:45:20,358 kilosort.clustering_qr DEBUG    ********************************************************
2025-06-08 23:45:20,358 kilosort.clustering_qr DEBUG    Center 10 | nsp: 0 | ntemp: 0
2025-06-08 23:45:20,359 kilosort.clustering_qr DEBUG    Center 11 | nsp: 58 | ntemp: 1
2025-06-08 23:45:20,364 kilosort.run_kilosort INFO     11 clusters found, in  0.03s; total  0.61s
2025-06-08 23:45:20,365 kilosort.run_kilosort DEBUG    clu shape: (736,)
2025-06-08 23:45:20,365 kilosort.run_kilosort DEBUG    Wall shape: torch.Size([11, 32, 6])
2025-06-08 23:45:20,365 kilosort.run_kilosort INFO      
2025-06-08 23:45:20,365 kilosort.run_kilosort INFO     Merging clusters
2025-06-08 23:45:20,365 kilosort.run_kilosort INFO     ----------------------------------------
2025-06-08 23:45:20,372 kilosort.run_kilosort INFO     11 units found, in  0.01s; total  0.62s
2025-06-08 23:45:20,372 kilosort.run_kilosort DEBUG    clu shape: (736,)
2025-06-08 23:45:20,372 kilosort.run_kilosort DEBUG    Wall shape: torch.Size([11, 32, 6])
2025-06-08 23:45:20,372 kilosort.run_kilosort INFO      
2025-06-08 23:45:20,373 kilosort.run_kilosort INFO     Resource usage after clustering
2025-06-08 23:45:20,373 kilosort.run_kilosort INFO     ********************************************************
2025-06-08 23:45:20,374 kilosort.run_kilosort INFO     CPU usage:    34.50 %
2025-06-08 23:45:20,374 kilosort.run_kilosort INFO     Memory:        4.86 %     |     36.67   /   754.60 GB
2025-06-08 23:45:20,374 kilosort.run_kilosort INFO     ------------------------------------------------------
2025-06-08 23:45:20,375 kilosort.run_kilosort INFO     GPU usage:    `conda install pynvml` for GPU usage
2025-06-08 23:45:20,375 kilosort.run_kilosort INFO     GPU memory:    2.56 %     |      1.01   /    39.50 GB
2025-06-08 23:45:20,376 kilosort.run_kilosort INFO     Allocated:     0.02 %     |      0.01   /    39.50 GB
2025-06-08 23:45:20,376 kilosort.run_kilosort INFO     Max alloc:     0.75 %     |      0.30   /    39.50 GB
2025-06-08 23:45:20,377 kilosort.run_kilosort INFO     ********************************************************
2025-06-08 23:45:20,377 kilosort.run_kilosort DEBUG    

|===========================================================================|
|                  PyTorch CUDA memory summary, device ID 0                 |
|---------------------------------------------------------------------------|
|            CUDA OOMs: 0            |        cudaMalloc retries: 0         |
|===========================================================================|
|        Metric         | Cur Usage  | Peak Usage | Tot Alloc  | Tot Freed  |
|---------------------------------------------------------------------------|
| Allocated memory      |   8871 KiB | 309982 KiB |  15266 GiB |  15266 GiB |
|---------------------------------------------------------------------------|
| Active memory         |   8871 KiB | 309982 KiB |  15266 GiB |  15266 GiB |
|---------------------------------------------------------------------------|
| Requested memory      |   8867 KiB | 309896 KiB |  15099 GiB |  15099 GiB |
|---------------------------------------------------------------------------|
| GPU reserved memory   | 481280 KiB | 481280 KiB | 481280 KiB |      0 B   |
|---------------------------------------------------------------------------|
| Non-releasable memory |  13657 KiB | 184425 KiB |   8249 GiB |   8249 GiB |
|---------------------------------------------------------------------------|
| Allocations           |      23    |      56    |    3263 K  |    3263 K  |
|---------------------------------------------------------------------------|
| Active allocs         |      23    |      56    |    3263 K  |    3263 K  |
|---------------------------------------------------------------------------|
| GPU reserved segments |      15    |      15    |      15    |       0    |
|---------------------------------------------------------------------------|
| Non-releasable allocs |      11    |      26    |    1325 K  |    1325 K  |
|---------------------------------------------------------------------------|
| Oversize allocations  |       0    |       0    |       0    |       0    |
|---------------------------------------------------------------------------|
| Oversize GPU segments |       0    |       0    |       0    |       0    |
|===========================================================================|


2025-06-08 23:45:20,377 kilosort.run_kilosort INFO      
2025-06-08 23:45:20,378 kilosort.run_kilosort INFO     Saving to phy and computing refractory periods
2025-06-08 23:45:20,378 kilosort.run_kilosort INFO     ----------------------------------------
2025-06-08 23:45:20,477 kilosort.run_kilosort INFO     7 units found with good refractory periods
2025-06-08 23:45:20,477 kilosort.run_kilosort INFO     Total runtime: 0.72s = 00:00:1 h:m:s
2025-06-08 23:45:20,482 kilosort.run_kilosort INFO     Sorting output saved in: /home/lss72/palmer_scratch/spike_sort/kilosort4.
2025-06-08 23:45:20,483 kilosort.run_kilosort INFO      
2025-06-08 23:45:20,483 kilosort.run_kilosort INFO     Resource usage after saving
2025-06-08 23:45:20,483 kilosort.run_kilosort INFO     ********************************************************
2025-06-08 23:45:20,484 kilosort.run_kilosort INFO     CPU usage:    28.70 %
2025-06-08 23:45:20,485 kilosort.run_kilosort INFO     Memory:        4.86 %     |     36.71   /   754.60 GB
2025-06-08 23:45:20,485 kilosort.run_kilosort INFO     ------------------------------------------------------
2025-06-08 23:45:20,485 kilosort.run_kilosort INFO     GPU usage:    `conda install pynvml` for GPU usage
2025-06-08 23:45:20,486 kilosort.run_kilosort INFO     GPU memory:    2.56 %     |      1.01   /    39.50 GB
2025-06-08 23:45:20,486 kilosort.run_kilosort INFO     Allocated:     0.02 %     |      0.01   /    39.50 GB
2025-06-08 23:45:20,487 kilosort.run_kilosort INFO     Max alloc:     0.75 %     |      0.30   /    39.50 GB
2025-06-08 23:45:20,487 kilosort.run_kilosort INFO     ********************************************************
2025-06-08 23:45:20,488 kilosort.run_kilosort DEBUG    

|===========================================================================|
|                  PyTorch CUDA memory summary, device ID 0                 |
|---------------------------------------------------------------------------|
|            CUDA OOMs: 0            |        cudaMalloc retries: 0         |
|===========================================================================|
|        Metric         | Cur Usage  | Peak Usage | Tot Alloc  | Tot Freed  |
|---------------------------------------------------------------------------|
| Allocated memory      |   8871 KiB | 309982 KiB |  15266 GiB |  15266 GiB |
|---------------------------------------------------------------------------|
| Active memory         |   8871 KiB | 309982 KiB |  15266 GiB |  15266 GiB |
|---------------------------------------------------------------------------|
| Requested memory      |   8867 KiB | 309896 KiB |  15099 GiB |  15099 GiB |
|---------------------------------------------------------------------------|
| GPU reserved memory   | 481280 KiB | 481280 KiB | 481280 KiB |      0 B   |
|---------------------------------------------------------------------------|
| Non-releasable memory |  13657 KiB | 184425 KiB |   8249 GiB |   8249 GiB |
|---------------------------------------------------------------------------|
| Allocations           |      23    |      56    |    3263 K  |    3263 K  |
|---------------------------------------------------------------------------|
| Active allocs         |      23    |      56    |    3263 K  |    3263 K  |
|---------------------------------------------------------------------------|
| GPU reserved segments |      15    |      15    |      15    |       0    |
|---------------------------------------------------------------------------|
| Non-releasable allocs |      11    |      26    |    1325 K  |    1325 K  |
|---------------------------------------------------------------------------|
| Oversize allocations  |       0    |       0    |       0    |       0    |
|---------------------------------------------------------------------------|
| Oversize GPU segments |       0    |       0    |       0    |       0    |
|===========================================================================|


