2025-06-08 23:43:56,265 kilosort.run_kilosort INFO     Kilosort version 4.0.25
2025-06-08 23:43:56,270 kilosort.run_kilosort INFO     Python version 3.9.21
2025-06-08 23:43:56,270 kilosort.run_kilosort INFO     ----------------------------------------
2025-06-08 23:43:56,271 kilosort.run_kilosort INFO     System information:
2025-06-08 23:43:56,271 kilosort.run_kilosort INFO     Linux-4.18.0-477.74.1.el8_8.x86_64-x86_64-with-glibc2.28 x86_64
2025-06-08 23:43:56,271 kilosort.run_kilosort INFO     x86_64
2025-06-08 23:43:56,272 kilosort.run_kilosort INFO     Using GPU for PyTorch computations. Specify `device` to change this.
2025-06-08 23:43:56,272 kilosort.run_kilosort INFO     Using CUDA device: NVIDIA A100-PCIE-40GB 39.50GB
2025-06-08 23:43:56,273 kilosort.run_kilosort INFO     ----------------------------------------
2025-06-08 23:43:56,273 kilosort.run_kilosort INFO     Sorting /home/lss72/palmer_scratch/spike_sort/2014_03_26_Pair_2_0
2025-06-08 23:43:56,274 kilosort.run_kilosort DEBUG    Initial ops:

ops = {
    'n_chan_bin': 32,
    'fs': 30000,
    'batch_size': 60000,
    'nblocks': 1,
    'Th_universal': 9,
    'Th_learned': 8,
    'tmin': 0,
    'tmax': 60,
    'nt': 61,
    'shift': None,
    'scale': None,
    'artifact_threshold': inf,
    'nskip': 25,
    'whitening_range': 32,
    'highpass_cutoff': 300,
    'binning_depth': 5,
    'sig_interp': 20,
    'drift_smoothing': [0.5, 0.5, 0.5],
    'nt0min': 20,
    'dmin': None,
    'dminx': 32,
    'min_template_size': 10,
    'template_sizes': 5,
    'nearest_chans': 10,
    'nearest_templates': 100,
    'max_channel_distance': 32,
    'max_peels': 100,
    'templates_from_data': True,
    'n_templates': 6,
    'n_pcs': 6,
    'Th_single_ch': 6,
    'acg_threshold': 0.2,
    'ccg_threshold': 0.25,
    'cluster_downsampling': 20,
    'x_centers': None,
    'duplicate_spike_ms': 0.25,
    'position_limit': 100,
    'data_dir': PosixPath('/home/lss72/palmer_scratch/spike_sort'),
    'filename': PosixPath('/home/lss72/palmer_scratch/spike_sort/2014_03_26_Pair_2_0'),
    'data_dtype': dtype('float32'),
    'do_CAR': True,
    'invert_sign': False,
    'NTbuff': 60122,
    'Nchan': 32,
    'duplicate_spike_bins': 7,
    'torch_device': 'cuda',
    'save_preprocessed_copy': False
}

2025-06-08 23:43:56,276 kilosort.run_kilosort DEBUG    Probe dictionary:

probe = {
    'chanMap': np.array([ 0,  1,  2,  3,  4,  5,  6,  7,  8,  9, 10, 11, 12, 13, 14, 15, 16,
       17, 18, 19, 20, 21, 22, 23, 24, 25, 26, 27, 28, 29, 30, 31]),
    'xc': np.array([  0.,  18., -18.,   0.,  18., -18.,   0.,  18., -18.,   0.,  18.,
       -18.,   0.,  18., -18.,   0.,  18., -18.,   0.,  18., -18.,   0.,
        18., -18.,   0.,  18., -18.,   0.,  18., -18.,   0.,   0.],
      dtype=np.float32),
    'yc': np.array([  0. ,  12.5,  12.5,  25. ,  37.5,  37.5,  50. ,  62.5,  62.5,
        75. ,  87.5,  87.5, 100. , 112.5, 112.5, 125. , 137.5, 137.5,
       150. , 162.5, 162.5, 175. , 187.5, 187.5, 200. , 212.5, 212.5,
       225. , 237.5, 237.5, 250. , 275. ], dtype=np.float32),
    'kcoords': np.array([0., 0., 0., 0., 0., 0., 0., 0., 0., 0., 0., 0., 0., 0., 0., 0., 0.,
       0., 0., 0., 0., 0., 0., 0., 0., 0., 0., 0., 0., 0., 0., 0.]),
    'n_chan': 32
}

2025-06-08 23:43:56,276 kilosort.run_kilosort INFO      
2025-06-08 23:43:56,276 kilosort.run_kilosort INFO     Computing preprocessing variables.
2025-06-08 23:43:56,277 kilosort.run_kilosort INFO     ----------------------------------------
2025-06-08 23:43:56,279 kilosort.run_kilosort INFO     N samples: 1800000
2025-06-08 23:43:56,279 kilosort.run_kilosort INFO     N seconds: 60.0
2025-06-08 23:43:56,279 kilosort.run_kilosort INFO     N batches: 30
2025-06-08 23:43:56,318 kilosort.run_kilosort INFO     Preprocessing filters computed in  0.04s; total  0.04s
2025-06-08 23:43:56,318 kilosort.run_kilosort DEBUG    hp_filter shape: torch.Size([30122])
2025-06-08 23:43:56,318 kilosort.run_kilosort DEBUG    whiten_mat shape: torch.Size([32, 32])
2025-06-08 23:43:56,318 kilosort.run_kilosort INFO      
2025-06-08 23:43:56,319 kilosort.run_kilosort INFO     Resource usage after preprocessing
2025-06-08 23:43:56,319 kilosort.run_kilosort INFO     ********************************************************
2025-06-08 23:43:56,320 kilosort.run_kilosort INFO     CPU usage:    19.90 %
2025-06-08 23:43:56,320 kilosort.run_kilosort INFO     Memory:        4.90 %     |     36.95   /   754.60 GB
2025-06-08 23:43:56,320 kilosort.run_kilosort INFO     ------------------------------------------------------
2025-06-08 23:43:56,321 kilosort.run_kilosort INFO     GPU usage:    `conda install pynvml` for GPU usage
2025-06-08 23:43:56,321 kilosort.run_kilosort INFO     GPU memory:    2.56 %     |      1.01   /    39.50 GB
2025-06-08 23:43:56,322 kilosort.run_kilosort INFO     Allocated:     0.02 %     |      0.01   /    39.50 GB
2025-06-08 23:43:56,322 kilosort.run_kilosort INFO     Max alloc:     0.75 %     |      0.30   /    39.50 GB
2025-06-08 23:43:56,323 kilosort.run_kilosort INFO     ********************************************************
2025-06-08 23:43:56,323 kilosort.run_kilosort INFO      
2025-06-08 23:43:56,324 kilosort.run_kilosort INFO     Computing drift correction.
2025-06-08 23:43:56,324 kilosort.run_kilosort INFO     ----------------------------------------
2025-06-08 23:43:56,324 kilosort.spikedetect INFO     Re-computing universal templates from data.
2025-06-08 23:43:56,368 kilosort.spikedetect INFO     Number of universal templates: 135
2025-06-08 23:43:56,371 kilosort.spikedetect INFO     Detecting spikes...
2025-06-08 23:43:56,372 kilosort.spikedetect DEBUG     
2025-06-08 23:43:56,372 kilosort.spikedetect DEBUG    Batch 0
2025-06-08 23:43:56,372 kilosort.spikedetect DEBUG    ********************************************************
2025-06-08 23:43:56,372 kilosort.spikedetect DEBUG    CPU usage:    35.60 %
2025-06-08 23:43:56,373 kilosort.spikedetect DEBUG    Memory:        4.90 %     |     36.97   /   754.60 GB
2025-06-08 23:43:56,373 kilosort.spikedetect DEBUG    ------------------------------------------------------
2025-06-08 23:43:56,373 kilosort.spikedetect DEBUG    GPU usage:    `conda install pynvml` for GPU usage
2025-06-08 23:43:56,373 kilosort.spikedetect DEBUG    GPU memory:    2.56 %     |      1.01   /    39.50 GB
2025-06-08 23:43:56,373 kilosort.spikedetect DEBUG    Allocated:     0.02 %     |      0.01   /    39.50 GB
2025-06-08 23:43:56,373 kilosort.spikedetect DEBUG    Max alloc:     0.75 %     |      0.30   /    39.50 GB
2025-06-08 23:43:56,373 kilosort.spikedetect DEBUG    ********************************************************
2025-06-08 23:43:57,300 kilosort.spikedetect DEBUG     
2025-06-08 23:43:57,300 kilosort.spikedetect DEBUG    Batch 29
2025-06-08 23:43:57,300 kilosort.spikedetect DEBUG    ********************************************************
2025-06-08 23:43:57,300 kilosort.spikedetect DEBUG    CPU usage:    25.20 %
2025-06-08 23:43:57,300 kilosort.spikedetect DEBUG    Memory:        4.88 %     |     36.79   /   754.60 GB
2025-06-08 23:43:57,300 kilosort.spikedetect DEBUG    ------------------------------------------------------
2025-06-08 23:43:57,300 kilosort.spikedetect DEBUG    GPU usage:    `conda install pynvml` for GPU usage
2025-06-08 23:43:57,300 kilosort.spikedetect DEBUG    GPU memory:    2.56 %     |      1.01   /    39.50 GB
2025-06-08 23:43:57,301 kilosort.spikedetect DEBUG    Allocated:     0.04 %     |      0.02   /    39.50 GB
2025-06-08 23:43:57,301 kilosort.spikedetect DEBUG    Max alloc:     0.75 %     |      0.30   /    39.50 GB
2025-06-08 23:43:57,301 kilosort.spikedetect DEBUG    ********************************************************
2025-06-08 23:43:57,376 kilosort.run_kilosort INFO     drift computed in  1.05s; total  1.10s
2025-06-08 23:43:57,380 kilosort.run_kilosort DEBUG    st shape: (6584, 6)
2025-06-08 23:43:57,380 kilosort.run_kilosort DEBUG    yblk shape: (1,)
2025-06-08 23:43:57,380 kilosort.run_kilosort DEBUG    dshift shape: (30, 1)
2025-06-08 23:43:57,380 kilosort.run_kilosort DEBUG    iKxx shape: torch.Size([32, 32])
2025-06-08 23:43:57,380 kilosort.run_kilosort INFO      
2025-06-08 23:43:57,381 kilosort.run_kilosort INFO     Resource usage after drift correction
2025-06-08 23:43:57,381 kilosort.run_kilosort INFO     ********************************************************
2025-06-08 23:43:57,382 kilosort.run_kilosort INFO     CPU usage:    26.90 %
2025-06-08 23:43:57,382 kilosort.run_kilosort INFO     Memory:        4.88 %     |     36.83   /   754.60 GB
2025-06-08 23:43:57,382 kilosort.run_kilosort INFO     ------------------------------------------------------
2025-06-08 23:43:57,383 kilosort.run_kilosort INFO     GPU usage:    `conda install pynvml` for GPU usage
2025-06-08 23:43:57,383 kilosort.run_kilosort INFO     GPU memory:    2.56 %     |      1.01   /    39.50 GB
2025-06-08 23:43:57,384 kilosort.run_kilosort INFO     Allocated:     0.02 %     |      0.01   /    39.50 GB
2025-06-08 23:43:57,384 kilosort.run_kilosort INFO     Max alloc:     0.75 %     |      0.30   /    39.50 GB
2025-06-08 23:43:57,384 kilosort.run_kilosort INFO     ********************************************************
2025-06-08 23:43:57,385 kilosort.run_kilosort DEBUG    

|===========================================================================|
|                  PyTorch CUDA memory summary, device ID 0                 |
|---------------------------------------------------------------------------|
|            CUDA OOMs: 0            |        cudaMalloc retries: 0         |
|===========================================================================|
|        Metric         | Cur Usage  | Peak Usage | Tot Alloc  | Tot Freed  |
|---------------------------------------------------------------------------|
| Allocated memory      |   8867 KiB | 309982 KiB |  14144 GiB |  14144 GiB |
|---------------------------------------------------------------------------|
| Active memory         |   8867 KiB | 309982 KiB |  14144 GiB |  14144 GiB |
|---------------------------------------------------------------------------|
| Requested memory      |   8864 KiB | 309896 KiB |  13990 GiB |  13990 GiB |
|---------------------------------------------------------------------------|
| GPU reserved memory   | 481280 KiB | 481280 KiB | 481280 KiB |      0 B   |
|---------------------------------------------------------------------------|
| Non-releasable memory |  13660 KiB | 184425 KiB |   7674 GiB |   7674 GiB |
|---------------------------------------------------------------------------|
| Allocations           |      20    |      56    |    2962 K  |    2962 K  |
|---------------------------------------------------------------------------|
| Active allocs         |      20    |      56    |    2962 K  |    2962 K  |
|---------------------------------------------------------------------------|
| GPU reserved segments |      15    |      15    |      15    |       0    |
|---------------------------------------------------------------------------|
| Non-releasable allocs |      11    |      26    |    1189 K  |    1189 K  |
|---------------------------------------------------------------------------|
| Oversize allocations  |       0    |       0    |       0    |       0    |
|---------------------------------------------------------------------------|
| Oversize GPU segments |       0    |       0    |       0    |       0    |
|===========================================================================|


2025-06-08 23:43:57,391 kilosort.run_kilosort DEBUG    First batch min, max: (-19.062584, 10.4538965)
2025-06-08 23:43:57,391 kilosort.run_kilosort INFO      
2025-06-08 23:43:57,391 kilosort.run_kilosort INFO     Extracting spikes using templates
2025-06-08 23:43:57,392 kilosort.run_kilosort INFO     ----------------------------------------
2025-06-08 23:43:57,392 kilosort.spikedetect INFO     Re-computing universal templates from data.
2025-06-08 23:43:57,430 kilosort.spikedetect INFO     Number of universal templates: 135
2025-06-08 23:43:57,435 kilosort.spikedetect INFO     Detecting spikes...
2025-06-08 23:43:57,437 kilosort.spikedetect DEBUG     
2025-06-08 23:43:57,437 kilosort.spikedetect DEBUG    Batch 0
2025-06-08 23:43:57,437 kilosort.spikedetect DEBUG    ********************************************************
2025-06-08 23:43:57,437 kilosort.spikedetect DEBUG    CPU usage:    36.90 %
2025-06-08 23:43:57,437 kilosort.spikedetect DEBUG    Memory:        4.88 %     |     36.85   /   754.60 GB
2025-06-08 23:43:57,437 kilosort.spikedetect DEBUG    ------------------------------------------------------
2025-06-08 23:43:57,437 kilosort.spikedetect DEBUG    GPU usage:    `conda install pynvml` for GPU usage
2025-06-08 23:43:57,437 kilosort.spikedetect DEBUG    GPU memory:    2.56 %     |      1.01   /    39.50 GB
2025-06-08 23:43:57,437 kilosort.spikedetect DEBUG    Allocated:     0.02 %     |      0.01   /    39.50 GB
2025-06-08 23:43:57,438 kilosort.spikedetect DEBUG    Max alloc:     0.75 %     |      0.30   /    39.50 GB
2025-06-08 23:43:57,438 kilosort.spikedetect DEBUG    ********************************************************
2025-06-08 23:43:58,289 kilosort.spikedetect DEBUG     
2025-06-08 23:43:58,289 kilosort.spikedetect DEBUG    Batch 29
2025-06-08 23:43:58,289 kilosort.spikedetect DEBUG    ********************************************************
2025-06-08 23:43:58,289 kilosort.spikedetect DEBUG    CPU usage:    25.00 %
2025-06-08 23:43:58,289 kilosort.spikedetect DEBUG    Memory:        4.88 %     |     36.85   /   754.60 GB
2025-06-08 23:43:58,289 kilosort.spikedetect DEBUG    ------------------------------------------------------
2025-06-08 23:43:58,290 kilosort.spikedetect DEBUG    GPU usage:    `conda install pynvml` for GPU usage
2025-06-08 23:43:58,290 kilosort.spikedetect DEBUG    GPU memory:    2.56 %     |      1.01   /    39.50 GB
2025-06-08 23:43:58,290 kilosort.spikedetect DEBUG    Allocated:     0.04 %     |      0.02   /    39.50 GB
2025-06-08 23:43:58,290 kilosort.spikedetect DEBUG    Max alloc:     0.75 %     |      0.30   /    39.50 GB
2025-06-08 23:43:58,290 kilosort.spikedetect DEBUG    ********************************************************
2025-06-08 23:43:58,290 kilosort.run_kilosort INFO     6351 spikes extracted in  0.90s; total  2.02s
2025-06-08 23:43:58,291 kilosort.run_kilosort DEBUG    st0 shape: (6351, 6)
2025-06-08 23:43:58,291 kilosort.run_kilosort DEBUG    tF shape: torch.Size([6351, 10, 6])
2025-06-08 23:43:58,291 kilosort.run_kilosort INFO      
2025-06-08 23:43:58,291 kilosort.run_kilosort INFO     First clustering
2025-06-08 23:43:58,291 kilosort.run_kilosort INFO     ----------------------------------------
2025-06-08 23:43:58,301 kilosort.clustering_qr DEBUG     
2025-06-08 23:43:58,301 kilosort.clustering_qr DEBUG    Cluster center: 0 of 12
2025-06-08 23:43:58,301 kilosort.clustering_qr DEBUG    ********************************************************
2025-06-08 23:43:58,301 kilosort.clustering_qr DEBUG    CPU usage:    33.30 %
2025-06-08 23:43:58,301 kilosort.clustering_qr DEBUG    Memory:        4.88 %     |     36.85   /   754.60 GB
2025-06-08 23:43:58,301 kilosort.clustering_qr DEBUG    ------------------------------------------------------
2025-06-08 23:43:58,301 kilosort.clustering_qr DEBUG    GPU usage:    `conda install pynvml` for GPU usage
2025-06-08 23:43:58,301 kilosort.clustering_qr DEBUG    GPU memory:    2.56 %     |      1.01   /    39.50 GB
2025-06-08 23:43:58,302 kilosort.clustering_qr DEBUG    Allocated:     0.02 %     |      0.01   /    39.50 GB
2025-06-08 23:43:58,302 kilosort.clustering_qr DEBUG    Max alloc:     0.75 %     |      0.30   /    39.50 GB
2025-06-08 23:43:58,302 kilosort.clustering_qr DEBUG    ********************************************************
2025-06-08 23:43:58,304 kilosort.clustering_qr DEBUG    Center 0 | nsp: 1205 | ntemp: 12
2025-06-08 23:43:58,639 kilosort.clustering_qr DEBUG    Center 1 | nsp: 238 | ntemp: 12
2025-06-08 23:43:58,664 kilosort.clustering_qr DEBUG    Center 2 | nsp: 424 | ntemp: 12
2025-06-08 23:43:58,666 kilosort.clustering_qr DEBUG    Center 3 | nsp: 485 | ntemp: 12
2025-06-08 23:43:58,669 kilosort.clustering_qr DEBUG    Center 4 | nsp: 259 | ntemp: 12
2025-06-08 23:43:58,671 kilosort.clustering_qr DEBUG    Center 5 | nsp: 186 | ntemp: 12
2025-06-08 23:43:58,674 kilosort.clustering_qr DEBUG    Center 6 | nsp: 843 | ntemp: 12
2025-06-08 23:43:58,677 kilosort.clustering_qr DEBUG    Center 7 | nsp: 1637 | ntemp: 12
2025-06-08 23:43:59,073 kilosort.clustering_qr DEBUG    Center 8 | nsp: 226 | ntemp: 12
2025-06-08 23:43:59,076 kilosort.clustering_qr DEBUG    Center 9 | nsp: 613 | ntemp: 12
2025-06-08 23:43:59,076 kilosort.clustering_qr DEBUG     
2025-06-08 23:43:59,076 kilosort.clustering_qr DEBUG    Cluster center: 10 of 12
2025-06-08 23:43:59,076 kilosort.clustering_qr DEBUG    ********************************************************
2025-06-08 23:43:59,077 kilosort.clustering_qr DEBUG    CPU usage:    34.00 %
2025-06-08 23:43:59,077 kilosort.clustering_qr DEBUG    Memory:        4.89 %     |     36.92   /   754.60 GB
2025-06-08 23:43:59,077 kilosort.clustering_qr DEBUG    ------------------------------------------------------
2025-06-08 23:43:59,077 kilosort.clustering_qr DEBUG    GPU usage:    `conda install pynvml` for GPU usage
2025-06-08 23:43:59,077 kilosort.clustering_qr DEBUG    GPU memory:    2.56 %     |      1.01   /    39.50 GB
2025-06-08 23:43:59,077 kilosort.clustering_qr DEBUG    Allocated:     0.02 %     |      0.01   /    39.50 GB
2025-06-08 23:43:59,077 kilosort.clustering_qr DEBUG    Max alloc:     0.75 %     |      0.30   /    39.50 GB
2025-06-08 23:43:59,077 kilosort.clustering_qr DEBUG    ********************************************************
2025-06-08 23:43:59,079 kilosort.clustering_qr DEBUG    Center 10 | nsp: 126 | ntemp: 12
2025-06-08 23:43:59,081 kilosort.clustering_qr DEBUG    Center 11 | nsp: 109 | ntemp: 3
2025-06-08 23:43:59,099 kilosort.run_kilosort INFO     18 clusters found, in  0.81s; total  2.83s
2025-06-08 23:43:59,100 kilosort.run_kilosort DEBUG    clu shape: (6351,)
2025-06-08 23:43:59,100 kilosort.run_kilosort DEBUG    Wall shape: torch.Size([18, 32, 6])
2025-06-08 23:43:59,100 kilosort.run_kilosort INFO      
2025-06-08 23:43:59,101 kilosort.run_kilosort INFO     Extracting spikes using cluster waveforms
2025-06-08 23:43:59,101 kilosort.run_kilosort INFO     ----------------------------------------
2025-06-08 23:43:59,118 kilosort.template_matching DEBUG     
2025-06-08 23:43:59,118 kilosort.template_matching DEBUG    Batch 0
2025-06-08 23:43:59,118 kilosort.template_matching DEBUG    ********************************************************
2025-06-08 23:43:59,118 kilosort.template_matching DEBUG    CPU usage:    37.50 %
2025-06-08 23:43:59,118 kilosort.template_matching DEBUG    Memory:        4.92 %     |     37.15   /   754.60 GB
2025-06-08 23:43:59,118 kilosort.template_matching DEBUG    ------------------------------------------------------
2025-06-08 23:43:59,119 kilosort.template_matching DEBUG    GPU usage:    `conda install pynvml` for GPU usage
2025-06-08 23:43:59,119 kilosort.template_matching DEBUG    GPU memory:    2.56 %     |      1.01   /    39.50 GB
2025-06-08 23:43:59,119 kilosort.template_matching DEBUG    Allocated:     0.02 %     |      0.01   /    39.50 GB
2025-06-08 23:43:59,119 kilosort.template_matching DEBUG    Max alloc:     0.75 %     |      0.30   /    39.50 GB
2025-06-08 23:43:59,119 kilosort.template_matching DEBUG    ********************************************************
2025-06-08 23:43:59,685 kilosort.template_matching DEBUG     
2025-06-08 23:43:59,685 kilosort.template_matching DEBUG    Batch 29
2025-06-08 23:43:59,685 kilosort.template_matching DEBUG    ********************************************************
2025-06-08 23:43:59,685 kilosort.template_matching DEBUG    CPU usage:    25.30 %
2025-06-08 23:43:59,685 kilosort.template_matching DEBUG    Memory:        4.93 %     |     37.20   /   754.60 GB
2025-06-08 23:43:59,685 kilosort.template_matching DEBUG    ------------------------------------------------------
2025-06-08 23:43:59,685 kilosort.template_matching DEBUG    GPU usage:    `conda install pynvml` for GPU usage
2025-06-08 23:43:59,685 kilosort.template_matching DEBUG    GPU memory:    2.56 %     |      1.01   /    39.50 GB
2025-06-08 23:43:59,686 kilosort.template_matching DEBUG    Allocated:     0.06 %     |      0.02   /    39.50 GB
2025-06-08 23:43:59,686 kilosort.template_matching DEBUG    Max alloc:     0.75 %     |      0.30   /    39.50 GB
2025-06-08 23:43:59,686 kilosort.template_matching DEBUG    ********************************************************
2025-06-08 23:43:59,688 kilosort.run_kilosort INFO     12895 spikes extracted in  0.59s; total  3.41s
2025-06-08 23:43:59,691 kilosort.run_kilosort DEBUG    st shape: (12895, 3)
2025-06-08 23:43:59,691 kilosort.run_kilosort DEBUG    tF shape: torch.Size([12895, 10, 6])
2025-06-08 23:43:59,691 kilosort.run_kilosort DEBUG    iCC shape: torch.Size([10, 32])
2025-06-08 23:43:59,692 kilosort.run_kilosort DEBUG    iU shape: torch.Size([18])
2025-06-08 23:43:59,692 kilosort.run_kilosort INFO      
2025-06-08 23:43:59,692 kilosort.run_kilosort INFO     Resource usage after spike detection
2025-06-08 23:43:59,692 kilosort.run_kilosort INFO     ********************************************************
2025-06-08 23:43:59,693 kilosort.run_kilosort INFO     CPU usage:    41.40 %
2025-06-08 23:43:59,693 kilosort.run_kilosort INFO     Memory:        4.90 %     |     36.98   /   754.60 GB
2025-06-08 23:43:59,694 kilosort.run_kilosort INFO     ------------------------------------------------------
2025-06-08 23:43:59,694 kilosort.run_kilosort INFO     GPU usage:    `conda install pynvml` for GPU usage
2025-06-08 23:43:59,694 kilosort.run_kilosort INFO     GPU memory:    2.56 %     |      1.01   /    39.50 GB
2025-06-08 23:43:59,695 kilosort.run_kilosort INFO     Allocated:     0.02 %     |      0.01   /    39.50 GB
2025-06-08 23:43:59,695 kilosort.run_kilosort INFO     Max alloc:     0.75 %     |      0.30   /    39.50 GB
2025-06-08 23:43:59,696 kilosort.run_kilosort INFO     ********************************************************
2025-06-08 23:43:59,697 kilosort.run_kilosort DEBUG    

|===========================================================================|
|                  PyTorch CUDA memory summary, device ID 0                 |
|---------------------------------------------------------------------------|
|            CUDA OOMs: 0            |        cudaMalloc retries: 0         |
|===========================================================================|
|        Metric         | Cur Usage  | Peak Usage | Tot Alloc  | Tot Freed  |
|---------------------------------------------------------------------------|
| Allocated memory      |   8884 KiB | 309982 KiB |  14393 GiB |  14393 GiB |
|---------------------------------------------------------------------------|
| Active memory         |   8884 KiB | 309982 KiB |  14393 GiB |  14393 GiB |
|---------------------------------------------------------------------------|
| Requested memory      |   8881 KiB | 309896 KiB |  14236 GiB |  14236 GiB |
|---------------------------------------------------------------------------|
| GPU reserved memory   | 481280 KiB | 481280 KiB | 481280 KiB |      0 B   |
|---------------------------------------------------------------------------|
| Non-releasable memory |  13643 KiB | 184425 KiB |   7805 GiB |   7805 GiB |
|---------------------------------------------------------------------------|
| Allocations           |      24    |      56    |    3024 K  |    3024 K  |
|---------------------------------------------------------------------------|
| Active allocs         |      24    |      56    |    3024 K  |    3024 K  |
|---------------------------------------------------------------------------|
| GPU reserved segments |      15    |      15    |      15    |       0    |
|---------------------------------------------------------------------------|
| Non-releasable allocs |      11    |      26    |    1216 K  |    1216 K  |
|---------------------------------------------------------------------------|
| Oversize allocations  |       0    |       0    |       0    |       0    |
|---------------------------------------------------------------------------|
| Oversize GPU segments |       0    |       0    |       0    |       0    |
|===========================================================================|


2025-06-08 23:43:59,697 kilosort.run_kilosort INFO      
2025-06-08 23:43:59,697 kilosort.run_kilosort INFO     Final clustering
2025-06-08 23:43:59,697 kilosort.run_kilosort INFO     ----------------------------------------
2025-06-08 23:43:59,707 kilosort.clustering_qr DEBUG     
2025-06-08 23:43:59,707 kilosort.clustering_qr DEBUG    Cluster center: 0 of 12
2025-06-08 23:43:59,707 kilosort.clustering_qr DEBUG    ********************************************************
2025-06-08 23:43:59,707 kilosort.clustering_qr DEBUG    CPU usage:    32.70 %
2025-06-08 23:43:59,708 kilosort.clustering_qr DEBUG    Memory:        4.89 %     |     36.91   /   754.60 GB
2025-06-08 23:43:59,708 kilosort.clustering_qr DEBUG    ------------------------------------------------------
2025-06-08 23:43:59,708 kilosort.clustering_qr DEBUG    GPU usage:    `conda install pynvml` for GPU usage
2025-06-08 23:43:59,708 kilosort.clustering_qr DEBUG    GPU memory:    2.56 %     |      1.01   /    39.50 GB
2025-06-08 23:43:59,708 kilosort.clustering_qr DEBUG    Allocated:     0.02 %     |      0.01   /    39.50 GB
2025-06-08 23:43:59,708 kilosort.clustering_qr DEBUG    Max alloc:     0.75 %     |      0.30   /    39.50 GB
2025-06-08 23:43:59,708 kilosort.clustering_qr DEBUG    ********************************************************
2025-06-08 23:43:59,710 kilosort.clustering_qr DEBUG    Center 0 | nsp: 2971 | ntemp: 3
2025-06-08 23:44:00,081 kilosort.clustering_qr DEBUG    Center 1 | nsp: 1279 | ntemp: 2
2025-06-08 23:44:00,389 kilosort.clustering_qr DEBUG    Center 2 | nsp: 365 | ntemp: 1
2025-06-08 23:44:00,443 kilosort.clustering_qr DEBUG    Center 3 | nsp: 1172 | ntemp: 1
2025-06-08 23:44:00,759 kilosort.clustering_qr DEBUG    Center 4 | nsp: 536 | ntemp: 1
2025-06-08 23:44:00,806 kilosort.clustering_qr DEBUG    Center 5 | nsp: 685 | ntemp: 1
2025-06-08 23:44:00,808 kilosort.clustering_qr DEBUG    Center 6 | nsp: 748 | ntemp: 1
2025-06-08 23:44:00,809 kilosort.clustering_qr DEBUG    Center 7 | nsp: 1849 | ntemp: 3
2025-06-08 23:44:01,062 kilosort.clustering_qr DEBUG    Center 8 | nsp: 1474 | ntemp: 2
2025-06-08 23:44:01,315 kilosort.clustering_qr DEBUG    Center 9 | nsp: 1089 | ntemp: 2
2025-06-08 23:44:01,585 kilosort.clustering_qr DEBUG     
2025-06-08 23:44:01,585 kilosort.clustering_qr DEBUG    Cluster center: 10 of 12
2025-06-08 23:44:01,585 kilosort.clustering_qr DEBUG    ********************************************************
2025-06-08 23:44:01,586 kilosort.clustering_qr DEBUG    CPU usage:    30.20 %
2025-06-08 23:44:01,586 kilosort.clustering_qr DEBUG    Memory:        4.89 %     |     36.87   /   754.60 GB
2025-06-08 23:44:01,586 kilosort.clustering_qr DEBUG    ------------------------------------------------------
2025-06-08 23:44:01,586 kilosort.clustering_qr DEBUG    GPU usage:    `conda install pynvml` for GPU usage
2025-06-08 23:44:01,586 kilosort.clustering_qr DEBUG    GPU memory:    2.56 %     |      1.01   /    39.50 GB
2025-06-08 23:44:01,586 kilosort.clustering_qr DEBUG    Allocated:     0.02 %     |      0.01   /    39.50 GB
2025-06-08 23:44:01,586 kilosort.clustering_qr DEBUG    Max alloc:     0.75 %     |      0.30   /    39.50 GB
2025-06-08 23:44:01,586 kilosort.clustering_qr DEBUG    ********************************************************
2025-06-08 23:44:01,586 kilosort.clustering_qr DEBUG    Center 10 | nsp: 0 | ntemp: 0
2025-06-08 23:44:01,629 kilosort.clustering_qr DEBUG    Center 11 | nsp: 727 | ntemp: 1
2025-06-08 23:44:01,653 kilosort.run_kilosort INFO     24 clusters found, in  1.96s; total  5.38s
2025-06-08 23:44:01,653 kilosort.run_kilosort DEBUG    clu shape: (12895,)
2025-06-08 23:44:01,653 kilosort.run_kilosort DEBUG    Wall shape: torch.Size([24, 32, 6])
2025-06-08 23:44:01,653 kilosort.run_kilosort INFO      
2025-06-08 23:44:01,654 kilosort.run_kilosort INFO     Merging clusters
2025-06-08 23:44:01,654 kilosort.run_kilosort INFO     ----------------------------------------
2025-06-08 23:44:01,670 kilosort.run_kilosort INFO     23 units found, in  0.02s; total  5.40s
2025-06-08 23:44:01,670 kilosort.run_kilosort DEBUG    clu shape: (12895,)
2025-06-08 23:44:01,670 kilosort.run_kilosort DEBUG    Wall shape: torch.Size([23, 32, 6])
2025-06-08 23:44:01,671 kilosort.run_kilosort INFO      
2025-06-08 23:44:01,671 kilosort.run_kilosort INFO     Resource usage after clustering
2025-06-08 23:44:01,671 kilosort.run_kilosort INFO     ********************************************************
2025-06-08 23:44:01,672 kilosort.run_kilosort INFO     CPU usage:    46.20 %
2025-06-08 23:44:01,673 kilosort.run_kilosort INFO     Memory:        4.89 %     |     36.90   /   754.60 GB
2025-06-08 23:44:01,673 kilosort.run_kilosort INFO     ------------------------------------------------------
2025-06-08 23:44:01,673 kilosort.run_kilosort INFO     GPU usage:    `conda install pynvml` for GPU usage
2025-06-08 23:44:01,674 kilosort.run_kilosort INFO     GPU memory:    2.56 %     |      1.01   /    39.50 GB
2025-06-08 23:44:01,674 kilosort.run_kilosort INFO     Allocated:     0.02 %     |      0.01   /    39.50 GB
2025-06-08 23:44:01,675 kilosort.run_kilosort INFO     Max alloc:     0.75 %     |      0.30   /    39.50 GB
2025-06-08 23:44:01,675 kilosort.run_kilosort INFO     ********************************************************
2025-06-08 23:44:01,676 kilosort.run_kilosort DEBUG    

|===========================================================================|
|                  PyTorch CUDA memory summary, device ID 0                 |
|---------------------------------------------------------------------------|
|            CUDA OOMs: 0            |        cudaMalloc retries: 0         |
|===========================================================================|
|        Metric         | Cur Usage  | Peak Usage | Tot Alloc  | Tot Freed  |
|---------------------------------------------------------------------------|
| Allocated memory      |   8871 KiB | 309982 KiB |  14404 GiB |  14404 GiB |
|---------------------------------------------------------------------------|
| Active memory         |   8871 KiB | 309982 KiB |  14404 GiB |  14404 GiB |
|---------------------------------------------------------------------------|
| Requested memory      |   8867 KiB | 309896 KiB |  14247 GiB |  14247 GiB |
|---------------------------------------------------------------------------|
| GPU reserved memory   | 481280 KiB | 481280 KiB | 481280 KiB |      0 B   |
|---------------------------------------------------------------------------|
| Non-releasable memory |  13657 KiB | 184425 KiB |   7819 GiB |   7819 GiB |
|---------------------------------------------------------------------------|
| Allocations           |      23    |      56    |    3098 K  |    3098 K  |
|---------------------------------------------------------------------------|
| Active allocs         |      23    |      56    |    3098 K  |    3098 K  |
|---------------------------------------------------------------------------|
| GPU reserved segments |      15    |      15    |      15    |       0    |
|---------------------------------------------------------------------------|
| Non-releasable allocs |      11    |      26    |    1256 K  |    1256 K  |
|---------------------------------------------------------------------------|
| Oversize allocations  |       0    |       0    |       0    |       0    |
|---------------------------------------------------------------------------|
| Oversize GPU segments |       0    |       0    |       0    |       0    |
|===========================================================================|


2025-06-08 23:44:01,676 kilosort.run_kilosort INFO      
2025-06-08 23:44:01,676 kilosort.run_kilosort INFO     Saving to phy and computing refractory periods
2025-06-08 23:44:01,677 kilosort.run_kilosort INFO     ----------------------------------------
2025-06-08 23:44:01,828 kilosort.run_kilosort INFO     9 units found with good refractory periods
2025-06-08 23:44:01,829 kilosort.run_kilosort INFO     Total runtime: 5.56s = 00:00:6 h:m:s
2025-06-08 23:44:01,835 kilosort.run_kilosort INFO     Sorting output saved in: /home/lss72/palmer_scratch/spike_sort/kilosort4.
2025-06-08 23:44:01,835 kilosort.run_kilosort INFO      
2025-06-08 23:44:01,835 kilosort.run_kilosort INFO     Resource usage after saving
2025-06-08 23:44:01,836 kilosort.run_kilosort INFO     ********************************************************
2025-06-08 23:44:01,836 kilosort.run_kilosort INFO     CPU usage:    31.20 %
2025-06-08 23:44:01,837 kilosort.run_kilosort INFO     Memory:        4.88 %     |     36.86   /   754.60 GB
2025-06-08 23:44:01,837 kilosort.run_kilosort INFO     ------------------------------------------------------
2025-06-08 23:44:01,837 kilosort.run_kilosort INFO     GPU usage:    `conda install pynvml` for GPU usage
2025-06-08 23:44:01,838 kilosort.run_kilosort INFO     GPU memory:    2.56 %     |      1.01   /    39.50 GB
2025-06-08 23:44:01,839 kilosort.run_kilosort INFO     Allocated:     0.02 %     |      0.01   /    39.50 GB
2025-06-08 23:44:01,839 kilosort.run_kilosort INFO     Max alloc:     0.75 %     |      0.30   /    39.50 GB
2025-06-08 23:44:01,840 kilosort.run_kilosort INFO     ********************************************************
2025-06-08 23:44:01,841 kilosort.run_kilosort DEBUG    

|===========================================================================|
|                  PyTorch CUDA memory summary, device ID 0                 |
|---------------------------------------------------------------------------|
|            CUDA OOMs: 0            |        cudaMalloc retries: 0         |
|===========================================================================|
|        Metric         | Cur Usage  | Peak Usage | Tot Alloc  | Tot Freed  |
|---------------------------------------------------------------------------|
| Allocated memory      |   8871 KiB | 309982 KiB |  14404 GiB |  14404 GiB |
|---------------------------------------------------------------------------|
| Active memory         |   8871 KiB | 309982 KiB |  14404 GiB |  14404 GiB |
|---------------------------------------------------------------------------|
| Requested memory      |   8867 KiB | 309896 KiB |  14247 GiB |  14247 GiB |
|---------------------------------------------------------------------------|
| GPU reserved memory   | 481280 KiB | 481280 KiB | 481280 KiB |      0 B   |
|---------------------------------------------------------------------------|
| Non-releasable memory |  13657 KiB | 184425 KiB |   7819 GiB |   7819 GiB |
|---------------------------------------------------------------------------|
| Allocations           |      23    |      56    |    3099 K  |    3099 K  |
|---------------------------------------------------------------------------|
| Active allocs         |      23    |      56    |    3099 K  |    3099 K  |
|---------------------------------------------------------------------------|
| GPU reserved segments |      15    |      15    |      15    |       0    |
|---------------------------------------------------------------------------|
| Non-releasable allocs |      11    |      26    |    1256 K  |    1256 K  |
|---------------------------------------------------------------------------|
| Oversize allocations  |       0    |       0    |       0    |       0    |
|---------------------------------------------------------------------------|
| Oversize GPU segments |       0    |       0    |       0    |       0    |
|===========================================================================|


