2025-06-09 01:49:03,818 kilosort.run_kilosort INFO     Kilosort version 4.0.25
2025-06-09 01:49:03,821 kilosort.run_kilosort INFO     Python version 3.9.21
2025-06-09 01:49:03,822 kilosort.run_kilosort INFO     ----------------------------------------
2025-06-09 01:49:03,822 kilosort.run_kilosort INFO     System information:
2025-06-09 01:49:03,822 kilosort.run_kilosort INFO     Linux-4.18.0-477.74.1.el8_8.x86_64-x86_64-with-glibc2.28 x86_64
2025-06-09 01:49:03,823 kilosort.run_kilosort INFO     x86_64
2025-06-09 01:49:03,823 kilosort.run_kilosort INFO     Using GPU for PyTorch computations. Specify `device` to change this.
2025-06-09 01:49:03,824 kilosort.run_kilosort INFO     Using CUDA device: NVIDIA A100-PCIE-40GB 39.50GB
2025-06-09 01:49:03,824 kilosort.run_kilosort INFO     ----------------------------------------
2025-06-09 01:49:03,825 kilosort.run_kilosort INFO     Sorting /home/lss72/palmer_scratch/spike_sort/2014_11_25_Pair_3_0
2025-06-09 01:49:03,825 kilosort.run_kilosort DEBUG    Initial ops:

ops = {
    'n_chan_bin': 32,
    'fs': 30000,
    'batch_size': 60000,
    'nblocks': 1,
    'Th_universal': 9,
    'Th_learned': 8,
    'tmin': 0,
    'tmax': 15,
    'nt': 61,
    'shift': None,
    'scale': None,
    'artifact_threshold': inf,
    'nskip': 25,
    'whitening_range': 32,
    'highpass_cutoff': 300,
    'binning_depth': 5,
    'sig_interp': 20,
    'drift_smoothing': [0.5, 0.5, 0.5],
    'nt0min': 20,
    'dmin': None,
    'dminx': 32,
    'min_template_size': 10,
    'template_sizes': 5,
    'nearest_chans': 10,
    'nearest_templates': 100,
    'max_channel_distance': 32,
    'max_peels': 100,
    'templates_from_data': True,
    'n_templates': 6,
    'n_pcs': 6,
    'Th_single_ch': 6,
    'acg_threshold': 0.2,
    'ccg_threshold': 0.25,
    'cluster_downsampling': 20,
    'x_centers': None,
    'duplicate_spike_ms': 0.25,
    'position_limit': 100,
    'data_dir': PosixPath('/home/lss72/palmer_scratch/spike_sort'),
    'filename': PosixPath('/home/lss72/palmer_scratch/spike_sort/2014_11_25_Pair_3_0'),
    'data_dtype': dtype('uint16'),
    'do_CAR': True,
    'invert_sign': False,
    'NTbuff': 60122,
    'Nchan': 32,
    'duplicate_spike_bins': 7,
    'torch_device': 'cuda',
    'save_preprocessed_copy': False
}

2025-06-09 01:49:03,827 kilosort.run_kilosort DEBUG    Probe dictionary:

probe = {
    'chanMap': np.array([ 0,  1,  2,  3,  4,  5,  6,  7,  8,  9, 10, 11, 12, 13, 14, 15, 16,
       17, 18, 19, 20, 21, 22, 23, 24, 25, 26, 27, 28, 29, 30, 31]),
    'xc': np.array([  0.,   0.,  18.,  18.,  18.,  18.,  18.,  18.,   0.,   0.,  18.,
        18.,  18.,  18.,   0.,   0.,   0.,   0., -18., -18., -18., -18.,
         0.,   0., -18., -18., -18., -18., -18., -18.,   0.,   0.],
      dtype=np.float32),
    'yc': np.array([275. , 225. ,  12.5,  37.5,  87.5, 137.5, 187.5, 237.5,  75. ,
        25. , 212.5, 162.5, 112.5,  62.5, 125. , 175. , 150. , 100. ,
        62.5, 112.5, 162.5, 212.5,   0. ,  50. , 237.5, 187.5, 137.5,
        87.5,  37.5,  12.5, 200. , 250. ], dtype=np.float32),
    'kcoords': np.array([0., 0., 0., 0., 0., 0., 0., 0., 0., 0., 0., 0., 0., 0., 0., 0., 0.,
       0., 0., 0., 0., 0., 0., 0., 0., 0., 0., 0., 0., 0., 0., 0.]),
    'n_chan': 32
}

2025-06-09 01:49:03,827 kilosort.run_kilosort INFO      
2025-06-09 01:49:03,828 kilosort.run_kilosort INFO     Computing preprocessing variables.
2025-06-09 01:49:03,828 kilosort.run_kilosort INFO     ----------------------------------------
2025-06-09 01:49:03,830 kilosort.run_kilosort INFO     N samples: 450000
2025-06-09 01:49:03,830 kilosort.run_kilosort INFO     N seconds: 15.0
2025-06-09 01:49:03,830 kilosort.run_kilosort INFO     N batches: 8
2025-06-09 01:49:03,868 kilosort.run_kilosort INFO     Preprocessing filters computed in  0.04s; total  0.04s
2025-06-09 01:49:03,868 kilosort.run_kilosort DEBUG    hp_filter shape: torch.Size([30122])
2025-06-09 01:49:03,868 kilosort.run_kilosort DEBUG    whiten_mat shape: torch.Size([32, 32])
2025-06-09 01:49:03,868 kilosort.run_kilosort INFO      
2025-06-09 01:49:03,869 kilosort.run_kilosort INFO     Resource usage after preprocessing
2025-06-09 01:49:03,869 kilosort.run_kilosort INFO     ********************************************************
2025-06-09 01:49:03,870 kilosort.run_kilosort INFO     CPU usage:    33.40 %
2025-06-09 01:49:03,870 kilosort.run_kilosort INFO     Memory:        5.68 %     |     42.83   /   754.60 GB
2025-06-09 01:49:03,870 kilosort.run_kilosort INFO     ------------------------------------------------------
2025-06-09 01:49:03,871 kilosort.run_kilosort INFO     GPU usage:    `conda install pynvml` for GPU usage
2025-06-09 01:49:03,871 kilosort.run_kilosort INFO     GPU memory:   17.43 %     |      6.89   /    39.50 GB
2025-06-09 01:49:03,872 kilosort.run_kilosort INFO     Allocated:     0.02 %     |      0.01   /    39.50 GB
2025-06-09 01:49:03,872 kilosort.run_kilosort INFO     Max alloc:     0.75 %     |      0.30   /    39.50 GB
2025-06-09 01:49:03,873 kilosort.run_kilosort INFO     ********************************************************
2025-06-09 01:49:03,873 kilosort.run_kilosort INFO      
2025-06-09 01:49:03,874 kilosort.run_kilosort INFO     Computing drift correction.
2025-06-09 01:49:03,874 kilosort.run_kilosort INFO     ----------------------------------------
2025-06-09 01:49:03,875 kilosort.spikedetect INFO     Re-computing universal templates from data.
2025-06-09 01:49:03,908 kilosort.spikedetect INFO     Number of universal templates: 135
2025-06-09 01:49:03,910 kilosort.spikedetect INFO     Detecting spikes...
2025-06-09 01:49:03,913 kilosort.spikedetect DEBUG     
2025-06-09 01:49:03,913 kilosort.spikedetect DEBUG    Batch 0
2025-06-09 01:49:03,913 kilosort.spikedetect DEBUG    ********************************************************
2025-06-09 01:49:03,913 kilosort.spikedetect DEBUG    CPU usage:    50.30 %
2025-06-09 01:49:03,913 kilosort.spikedetect DEBUG    Memory:        5.68 %     |     42.83   /   754.60 GB
2025-06-09 01:49:03,913 kilosort.spikedetect DEBUG    ------------------------------------------------------
2025-06-09 01:49:03,913 kilosort.spikedetect DEBUG    GPU usage:    `conda install pynvml` for GPU usage
2025-06-09 01:49:03,913 kilosort.spikedetect DEBUG    GPU memory:   17.43 %     |      6.89   /    39.50 GB
2025-06-09 01:49:03,913 kilosort.spikedetect DEBUG    Allocated:     0.02 %     |      0.01   /    39.50 GB
2025-06-09 01:49:03,914 kilosort.spikedetect DEBUG    Max alloc:     0.75 %     |      0.30   /    39.50 GB
2025-06-09 01:49:03,914 kilosort.spikedetect DEBUG    ********************************************************
2025-06-09 01:49:04,207 kilosort.spikedetect DEBUG     
2025-06-09 01:49:04,208 kilosort.spikedetect DEBUG    Batch 7
2025-06-09 01:49:04,208 kilosort.spikedetect DEBUG    ********************************************************
2025-06-09 01:49:04,208 kilosort.spikedetect DEBUG    CPU usage:    36.20 %
2025-06-09 01:49:04,208 kilosort.spikedetect DEBUG    Memory:        5.68 %     |     42.84   /   754.60 GB
2025-06-09 01:49:04,208 kilosort.spikedetect DEBUG    ------------------------------------------------------
2025-06-09 01:49:04,208 kilosort.spikedetect DEBUG    GPU usage:    `conda install pynvml` for GPU usage
2025-06-09 01:49:04,208 kilosort.spikedetect DEBUG    GPU memory:   17.43 %     |      6.89   /    39.50 GB
2025-06-09 01:49:04,208 kilosort.spikedetect DEBUG    Allocated:     0.04 %     |      0.02   /    39.50 GB
2025-06-09 01:49:04,208 kilosort.spikedetect DEBUG    Max alloc:     0.75 %     |      0.30   /    39.50 GB
2025-06-09 01:49:04,209 kilosort.spikedetect DEBUG    ********************************************************
2025-06-09 01:49:04,280 kilosort.run_kilosort INFO     drift computed in  0.41s; total  0.46s
2025-06-09 01:49:04,284 kilosort.run_kilosort DEBUG    st shape: (1742, 6)
2025-06-09 01:49:04,284 kilosort.run_kilosort DEBUG    yblk shape: (1,)
2025-06-09 01:49:04,284 kilosort.run_kilosort DEBUG    dshift shape: (8, 1)
2025-06-09 01:49:04,284 kilosort.run_kilosort DEBUG    iKxx shape: torch.Size([32, 32])
2025-06-09 01:49:04,284 kilosort.run_kilosort INFO      
2025-06-09 01:49:04,285 kilosort.run_kilosort INFO     Resource usage after drift correction
2025-06-09 01:49:04,285 kilosort.run_kilosort INFO     ********************************************************
2025-06-09 01:49:04,286 kilosort.run_kilosort INFO     CPU usage:    37.50 %
2025-06-09 01:49:04,286 kilosort.run_kilosort INFO     Memory:        5.68 %     |     42.85   /   754.60 GB
2025-06-09 01:49:04,286 kilosort.run_kilosort INFO     ------------------------------------------------------
2025-06-09 01:49:04,287 kilosort.run_kilosort INFO     GPU usage:    `conda install pynvml` for GPU usage
2025-06-09 01:49:04,287 kilosort.run_kilosort INFO     GPU memory:   17.43 %     |      6.89   /    39.50 GB
2025-06-09 01:49:04,288 kilosort.run_kilosort INFO     Allocated:     0.02 %     |      0.01   /    39.50 GB
2025-06-09 01:49:04,288 kilosort.run_kilosort INFO     Max alloc:     0.75 %     |      0.30   /    39.50 GB
2025-06-09 01:49:04,289 kilosort.run_kilosort INFO     ********************************************************
2025-06-09 01:49:04,289 kilosort.run_kilosort DEBUG    

|===========================================================================|
|                  PyTorch CUDA memory summary, device ID 0                 |
|---------------------------------------------------------------------------|
|            CUDA OOMs: 0            |        cudaMalloc retries: 0         |
|===========================================================================|
|        Metric         | Cur Usage  | Peak Usage | Tot Alloc  | Tot Freed  |
|---------------------------------------------------------------------------|
| Allocated memory      |   9143 KiB | 310277 KiB |  30442 GiB |  30442 GiB |
|---------------------------------------------------------------------------|
| Active memory         |   9143 KiB | 310277 KiB |  30442 GiB |  30442 GiB |
|---------------------------------------------------------------------------|
| Requested memory      |   9138 KiB | 310188 KiB |  30107 GiB |  30107 GiB |
|---------------------------------------------------------------------------|
| GPU reserved memory   | 481280 KiB | 481280 KiB | 481280 KiB |      0 B   |
|---------------------------------------------------------------------------|
| Non-releasable memory |  13385 KiB | 184425 KiB |  16580 GiB |  16580 GiB |
|---------------------------------------------------------------------------|
| Allocations           |      31    |      67    |    6526 K  |    6526 K  |
|---------------------------------------------------------------------------|
| Active allocs         |      31    |      67    |    6526 K  |    6526 K  |
|---------------------------------------------------------------------------|
| GPU reserved segments |      15    |      15    |      15    |       0    |
|---------------------------------------------------------------------------|
| Non-releasable allocs |      14    |      27    |    2647 K  |    2647 K  |
|---------------------------------------------------------------------------|
| Oversize allocations  |       0    |       0    |       0    |       0    |
|---------------------------------------------------------------------------|
| Oversize GPU segments |       0    |       0    |       0    |       0    |
|===========================================================================|


2025-06-09 01:49:04,297 kilosort.run_kilosort DEBUG    First batch min, max: (-15.443226, 9.3623295)
2025-06-09 01:49:04,297 kilosort.run_kilosort INFO      
2025-06-09 01:49:04,298 kilosort.run_kilosort INFO     Extracting spikes using templates
2025-06-09 01:49:04,299 kilosort.run_kilosort INFO     ----------------------------------------
2025-06-09 01:49:04,299 kilosort.spikedetect INFO     Re-computing universal templates from data.
2025-06-09 01:49:04,331 kilosort.spikedetect INFO     Number of universal templates: 135
2025-06-09 01:49:04,335 kilosort.spikedetect INFO     Detecting spikes...
2025-06-09 01:49:04,336 kilosort.spikedetect DEBUG     
2025-06-09 01:49:04,336 kilosort.spikedetect DEBUG    Batch 0
2025-06-09 01:49:04,336 kilosort.spikedetect DEBUG    ********************************************************
2025-06-09 01:49:04,337 kilosort.spikedetect DEBUG    CPU usage:    48.10 %
2025-06-09 01:49:04,337 kilosort.spikedetect DEBUG    Memory:        5.68 %     |     42.86   /   754.60 GB
2025-06-09 01:49:04,337 kilosort.spikedetect DEBUG    ------------------------------------------------------
2025-06-09 01:49:04,337 kilosort.spikedetect DEBUG    GPU usage:    `conda install pynvml` for GPU usage
2025-06-09 01:49:04,337 kilosort.spikedetect DEBUG    GPU memory:   17.43 %     |      6.89   /    39.50 GB
2025-06-09 01:49:04,337 kilosort.spikedetect DEBUG    Allocated:     0.02 %     |      0.01   /    39.50 GB
2025-06-09 01:49:04,337 kilosort.spikedetect DEBUG    Max alloc:     0.75 %     |      0.30   /    39.50 GB
2025-06-09 01:49:04,337 kilosort.spikedetect DEBUG    ********************************************************
2025-06-09 01:49:04,582 kilosort.spikedetect DEBUG     
2025-06-09 01:49:04,582 kilosort.spikedetect DEBUG    Batch 7
2025-06-09 01:49:04,582 kilosort.spikedetect DEBUG    ********************************************************
2025-06-09 01:49:04,583 kilosort.spikedetect DEBUG    CPU usage:    36.10 %
2025-06-09 01:49:04,583 kilosort.spikedetect DEBUG    Memory:        5.68 %     |     42.90   /   754.60 GB
2025-06-09 01:49:04,583 kilosort.spikedetect DEBUG    ------------------------------------------------------
2025-06-09 01:49:04,583 kilosort.spikedetect DEBUG    GPU usage:    `conda install pynvml` for GPU usage
2025-06-09 01:49:04,583 kilosort.spikedetect DEBUG    GPU memory:   17.43 %     |      6.89   /    39.50 GB
2025-06-09 01:49:04,583 kilosort.spikedetect DEBUG    Allocated:     0.04 %     |      0.02   /    39.50 GB
2025-06-09 01:49:04,583 kilosort.spikedetect DEBUG    Max alloc:     0.75 %     |      0.30   /    39.50 GB
2025-06-09 01:49:04,583 kilosort.spikedetect DEBUG    ********************************************************
2025-06-09 01:49:04,583 kilosort.run_kilosort INFO     1734 spikes extracted in  0.29s; total  0.76s
2025-06-09 01:49:04,584 kilosort.run_kilosort DEBUG    st0 shape: (1734, 6)
2025-06-09 01:49:04,584 kilosort.run_kilosort DEBUG    tF shape: torch.Size([1734, 10, 6])
2025-06-09 01:49:04,584 kilosort.run_kilosort INFO      
2025-06-09 01:49:04,584 kilosort.run_kilosort INFO     First clustering
2025-06-09 01:49:04,584 kilosort.run_kilosort INFO     ----------------------------------------
2025-06-09 01:49:04,594 kilosort.clustering_qr DEBUG     
2025-06-09 01:49:04,594 kilosort.clustering_qr DEBUG    Cluster center: 0 of 12
2025-06-09 01:49:04,594 kilosort.clustering_qr DEBUG    ********************************************************
2025-06-09 01:49:04,595 kilosort.clustering_qr DEBUG    CPU usage:    46.50 %
2025-06-09 01:49:04,595 kilosort.clustering_qr DEBUG    Memory:        5.69 %     |     42.90   /   754.60 GB
2025-06-09 01:49:04,595 kilosort.clustering_qr DEBUG    ------------------------------------------------------
2025-06-09 01:49:04,595 kilosort.clustering_qr DEBUG    GPU usage:    `conda install pynvml` for GPU usage
2025-06-09 01:49:04,595 kilosort.clustering_qr DEBUG    GPU memory:   17.43 %     |      6.89   /    39.50 GB
2025-06-09 01:49:04,595 kilosort.clustering_qr DEBUG    Allocated:     0.02 %     |      0.01   /    39.50 GB
2025-06-09 01:49:04,595 kilosort.clustering_qr DEBUG    Max alloc:     0.75 %     |      0.30   /    39.50 GB
2025-06-09 01:49:04,595 kilosort.clustering_qr DEBUG    ********************************************************
2025-06-09 01:49:04,598 kilosort.clustering_qr DEBUG    Center 0 | nsp: 256 | ntemp: 12
2025-06-09 01:49:04,600 kilosort.clustering_qr DEBUG    Center 1 | nsp: 132 | ntemp: 12
2025-06-09 01:49:04,602 kilosort.clustering_qr DEBUG    Center 2 | nsp: 152 | ntemp: 12
2025-06-09 01:49:04,604 kilosort.clustering_qr DEBUG    Center 3 | nsp: 164 | ntemp: 12
2025-06-09 01:49:04,606 kilosort.clustering_qr DEBUG    Center 4 | nsp: 17 | ntemp: 12
2025-06-09 01:49:04,608 kilosort.clustering_qr DEBUG    Center 5 | nsp: 218 | ntemp: 12
2025-06-09 01:49:04,611 kilosort.clustering_qr DEBUG    Center 6 | nsp: 108 | ntemp: 12
2025-06-09 01:49:04,613 kilosort.clustering_qr DEBUG    Center 7 | nsp: 12 | ntemp: 12
2025-06-09 01:49:04,615 kilosort.clustering_qr DEBUG    Center 8 | nsp: 120 | ntemp: 12
2025-06-09 01:49:04,617 kilosort.clustering_qr DEBUG    Center 9 | nsp: 154 | ntemp: 12
2025-06-09 01:49:04,617 kilosort.clustering_qr DEBUG     
2025-06-09 01:49:04,617 kilosort.clustering_qr DEBUG    Cluster center: 10 of 12
2025-06-09 01:49:04,617 kilosort.clustering_qr DEBUG    ********************************************************
2025-06-09 01:49:04,618 kilosort.clustering_qr DEBUG    CPU usage:    59.50 %
2025-06-09 01:49:04,618 kilosort.clustering_qr DEBUG    Memory:        5.69 %     |     42.90   /   754.60 GB
2025-06-09 01:49:04,618 kilosort.clustering_qr DEBUG    ------------------------------------------------------
2025-06-09 01:49:04,618 kilosort.clustering_qr DEBUG    GPU usage:    `conda install pynvml` for GPU usage
2025-06-09 01:49:04,618 kilosort.clustering_qr DEBUG    GPU memory:   17.43 %     |      6.89   /    39.50 GB
2025-06-09 01:49:04,618 kilosort.clustering_qr DEBUG    Allocated:     0.02 %     |      0.01   /    39.50 GB
2025-06-09 01:49:04,618 kilosort.clustering_qr DEBUG    Max alloc:     0.75 %     |      0.30   /    39.50 GB
2025-06-09 01:49:04,618 kilosort.clustering_qr DEBUG    ********************************************************
2025-06-09 01:49:04,620 kilosort.clustering_qr DEBUG    Center 10 | nsp: 293 | ntemp: 12
2025-06-09 01:49:04,622 kilosort.clustering_qr DEBUG    Center 11 | nsp: 108 | ntemp: 3
2025-06-09 01:49:04,642 kilosort.run_kilosort INFO     12 clusters found, in  0.06s; total  0.82s
2025-06-09 01:49:04,642 kilosort.run_kilosort DEBUG    clu shape: (1734,)
2025-06-09 01:49:04,642 kilosort.run_kilosort DEBUG    Wall shape: torch.Size([12, 32, 6])
2025-06-09 01:49:04,642 kilosort.run_kilosort INFO      
2025-06-09 01:49:04,642 kilosort.run_kilosort INFO     Extracting spikes using cluster waveforms
2025-06-09 01:49:04,643 kilosort.run_kilosort INFO     ----------------------------------------
2025-06-09 01:49:04,669 kilosort.template_matching DEBUG     
2025-06-09 01:49:04,669 kilosort.template_matching DEBUG    Batch 0
2025-06-09 01:49:04,669 kilosort.template_matching DEBUG    ********************************************************
2025-06-09 01:49:04,669 kilosort.template_matching DEBUG    CPU usage:    47.00 %
2025-06-09 01:49:04,669 kilosort.template_matching DEBUG    Memory:        5.72 %     |     43.14   /   754.60 GB
2025-06-09 01:49:04,669 kilosort.template_matching DEBUG    ------------------------------------------------------
2025-06-09 01:49:04,669 kilosort.template_matching DEBUG    GPU usage:    `conda install pynvml` for GPU usage
2025-06-09 01:49:04,670 kilosort.template_matching DEBUG    GPU memory:   17.43 %     |      6.89   /    39.50 GB
2025-06-09 01:49:04,670 kilosort.template_matching DEBUG    Allocated:     0.02 %     |      0.01   /    39.50 GB
2025-06-09 01:49:04,670 kilosort.template_matching DEBUG    Max alloc:     0.75 %     |      0.30   /    39.50 GB
2025-06-09 01:49:04,670 kilosort.template_matching DEBUG    ********************************************************
2025-06-09 01:49:04,850 kilosort.template_matching DEBUG     
2025-06-09 01:49:04,850 kilosort.template_matching DEBUG    Batch 7
2025-06-09 01:49:04,850 kilosort.template_matching DEBUG    ********************************************************
2025-06-09 01:49:04,850 kilosort.template_matching DEBUG    CPU usage:    36.20 %
2025-06-09 01:49:04,851 kilosort.template_matching DEBUG    Memory:        5.71 %     |     43.06   /   754.60 GB
2025-06-09 01:49:04,851 kilosort.template_matching DEBUG    ------------------------------------------------------
2025-06-09 01:49:04,851 kilosort.template_matching DEBUG    GPU usage:    `conda install pynvml` for GPU usage
2025-06-09 01:49:04,851 kilosort.template_matching DEBUG    GPU memory:   17.43 %     |      6.89   /    39.50 GB
2025-06-09 01:49:04,851 kilosort.template_matching DEBUG    Allocated:     0.06 %     |      0.02   /    39.50 GB
2025-06-09 01:49:04,851 kilosort.template_matching DEBUG    Max alloc:     0.75 %     |      0.30   /    39.50 GB
2025-06-09 01:49:04,851 kilosort.template_matching DEBUG    ********************************************************
2025-06-09 01:49:04,852 kilosort.run_kilosort INFO     3082 spikes extracted in  0.21s; total  1.03s
2025-06-09 01:49:04,856 kilosort.run_kilosort DEBUG    st shape: (3082, 3)
2025-06-09 01:49:04,856 kilosort.run_kilosort DEBUG    tF shape: torch.Size([3082, 10, 6])
2025-06-09 01:49:04,856 kilosort.run_kilosort DEBUG    iCC shape: torch.Size([10, 32])
2025-06-09 01:49:04,856 kilosort.run_kilosort DEBUG    iU shape: torch.Size([10])
2025-06-09 01:49:04,856 kilosort.run_kilosort INFO      
2025-06-09 01:49:04,857 kilosort.run_kilosort INFO     Resource usage after spike detection
2025-06-09 01:49:04,857 kilosort.run_kilosort INFO     ********************************************************
2025-06-09 01:49:04,857 kilosort.run_kilosort INFO     CPU usage:    50.00 %
2025-06-09 01:49:04,858 kilosort.run_kilosort INFO     Memory:        5.68 %     |     42.84   /   754.60 GB
2025-06-09 01:49:04,858 kilosort.run_kilosort INFO     ------------------------------------------------------
2025-06-09 01:49:04,859 kilosort.run_kilosort INFO     GPU usage:    `conda install pynvml` for GPU usage
2025-06-09 01:49:04,859 kilosort.run_kilosort INFO     GPU memory:   17.43 %     |      6.89   /    39.50 GB
2025-06-09 01:49:04,860 kilosort.run_kilosort INFO     Allocated:     0.02 %     |      0.01   /    39.50 GB
2025-06-09 01:49:04,860 kilosort.run_kilosort INFO     Max alloc:     0.75 %     |      0.30   /    39.50 GB
2025-06-09 01:49:04,860 kilosort.run_kilosort INFO     ********************************************************
2025-06-09 01:49:04,861 kilosort.run_kilosort DEBUG    

|===========================================================================|
|                  PyTorch CUDA memory summary, device ID 0                 |
|---------------------------------------------------------------------------|
|            CUDA OOMs: 0            |        cudaMalloc retries: 0         |
|===========================================================================|
|        Metric         | Cur Usage  | Peak Usage | Tot Alloc  | Tot Freed  |
|---------------------------------------------------------------------------|
| Allocated memory      |   9154 KiB | 310277 KiB |  30507 GiB |  30507 GiB |
|---------------------------------------------------------------------------|
| Active memory         |   9154 KiB | 310277 KiB |  30507 GiB |  30507 GiB |
|---------------------------------------------------------------------------|
| Requested memory      |   9149 KiB | 310188 KiB |  30171 GiB |  30171 GiB |
|---------------------------------------------------------------------------|
| GPU reserved memory   | 481280 KiB | 481280 KiB | 481280 KiB |      0 B   |
|---------------------------------------------------------------------------|
| Non-releasable memory |  13374 KiB | 184425 KiB |  16613 GiB |  16613 GiB |
|---------------------------------------------------------------------------|
| Allocations           |      35    |      67    |    6537 K  |    6537 K  |
|---------------------------------------------------------------------------|
| Active allocs         |      35    |      67    |    6537 K  |    6537 K  |
|---------------------------------------------------------------------------|
| GPU reserved segments |      15    |      15    |      15    |       0    |
|---------------------------------------------------------------------------|
| Non-releasable allocs |      14    |      27    |    2652 K  |    2652 K  |
|---------------------------------------------------------------------------|
| Oversize allocations  |       0    |       0    |       0    |       0    |
|---------------------------------------------------------------------------|
| Oversize GPU segments |       0    |       0    |       0    |       0    |
|===========================================================================|


2025-06-09 01:49:04,861 kilosort.run_kilosort INFO      
2025-06-09 01:49:04,862 kilosort.run_kilosort INFO     Final clustering
2025-06-09 01:49:04,862 kilosort.run_kilosort INFO     ----------------------------------------
2025-06-09 01:49:04,872 kilosort.clustering_qr DEBUG     
2025-06-09 01:49:04,872 kilosort.clustering_qr DEBUG    Cluster center: 0 of 12
2025-06-09 01:49:04,872 kilosort.clustering_qr DEBUG    ********************************************************
2025-06-09 01:49:04,872 kilosort.clustering_qr DEBUG    CPU usage:    44.20 %
2025-06-09 01:49:04,872 kilosort.clustering_qr DEBUG    Memory:        5.68 %     |     42.84   /   754.60 GB
2025-06-09 01:49:04,872 kilosort.clustering_qr DEBUG    ------------------------------------------------------
2025-06-09 01:49:04,872 kilosort.clustering_qr DEBUG    GPU usage:    `conda install pynvml` for GPU usage
2025-06-09 01:49:04,872 kilosort.clustering_qr DEBUG    GPU memory:   17.43 %     |      6.89   /    39.50 GB
2025-06-09 01:49:04,872 kilosort.clustering_qr DEBUG    Allocated:     0.02 %     |      0.01   /    39.50 GB
2025-06-09 01:49:04,873 kilosort.clustering_qr DEBUG    Max alloc:     0.75 %     |      0.30   /    39.50 GB
2025-06-09 01:49:04,873 kilosort.clustering_qr DEBUG    ********************************************************
2025-06-09 01:49:04,874 kilosort.clustering_qr DEBUG    Center 0 | nsp: 483 | ntemp: 1
2025-06-09 01:49:04,874 kilosort.clustering_qr DEBUG    Center 1 | nsp: 0 | ntemp: 0
2025-06-09 01:49:04,875 kilosort.clustering_qr DEBUG    Center 2 | nsp: 569 | ntemp: 2
2025-06-09 01:49:04,875 kilosort.clustering_qr DEBUG    Center 3 | nsp: 0 | ntemp: 0
2025-06-09 01:49:04,876 kilosort.clustering_qr DEBUG    Center 4 | nsp: 151 | ntemp: 1
2025-06-09 01:49:04,876 kilosort.clustering_qr DEBUG    Center 5 | nsp: 0 | ntemp: 0
2025-06-09 01:49:04,877 kilosort.clustering_qr DEBUG    Center 6 | nsp: 444 | ntemp: 1
2025-06-09 01:49:04,877 kilosort.clustering_qr DEBUG    Center 7 | nsp: 0 | ntemp: 0
2025-06-09 01:49:04,878 kilosort.clustering_qr DEBUG    Center 8 | nsp: 80 | ntemp: 1
2025-06-09 01:49:04,879 kilosort.clustering_qr DEBUG    Center 9 | nsp: 597 | ntemp: 2
2025-06-09 01:49:04,880 kilosort.clustering_qr DEBUG     
2025-06-09 01:49:04,880 kilosort.clustering_qr DEBUG    Cluster center: 10 of 12
2025-06-09 01:49:04,880 kilosort.clustering_qr DEBUG    ********************************************************
2025-06-09 01:49:04,880 kilosort.clustering_qr DEBUG    CPU usage:    58.60 %
2025-06-09 01:49:04,880 kilosort.clustering_qr DEBUG    Memory:        5.68 %     |     42.84   /   754.60 GB
2025-06-09 01:49:04,880 kilosort.clustering_qr DEBUG    ------------------------------------------------------
2025-06-09 01:49:04,880 kilosort.clustering_qr DEBUG    GPU usage:    `conda install pynvml` for GPU usage
2025-06-09 01:49:04,880 kilosort.clustering_qr DEBUG    GPU memory:   17.43 %     |      6.89   /    39.50 GB
2025-06-09 01:49:04,880 kilosort.clustering_qr DEBUG    Allocated:     0.02 %     |      0.01   /    39.50 GB
2025-06-09 01:49:04,881 kilosort.clustering_qr DEBUG    Max alloc:     0.75 %     |      0.30   /    39.50 GB
2025-06-09 01:49:04,881 kilosort.clustering_qr DEBUG    ********************************************************
2025-06-09 01:49:04,881 kilosort.clustering_qr DEBUG    Center 10 | nsp: 0 | ntemp: 0
2025-06-09 01:49:04,882 kilosort.clustering_qr DEBUG    Center 11 | nsp: 758 | ntemp: 2
2025-06-09 01:49:04,887 kilosort.run_kilosort INFO     7 clusters found, in  0.03s; total  1.06s
2025-06-09 01:49:04,888 kilosort.run_kilosort DEBUG    clu shape: (3082,)
2025-06-09 01:49:04,888 kilosort.run_kilosort DEBUG    Wall shape: torch.Size([7, 32, 6])
2025-06-09 01:49:04,888 kilosort.run_kilosort INFO      
2025-06-09 01:49:04,888 kilosort.run_kilosort INFO     Merging clusters
2025-06-09 01:49:04,888 kilosort.run_kilosort INFO     ----------------------------------------
2025-06-09 01:49:04,892 kilosort.run_kilosort INFO     7 units found, in  0.00s; total  1.07s
2025-06-09 01:49:04,892 kilosort.run_kilosort DEBUG    clu shape: (3082,)
2025-06-09 01:49:04,892 kilosort.run_kilosort DEBUG    Wall shape: torch.Size([7, 32, 6])
2025-06-09 01:49:04,892 kilosort.run_kilosort INFO      
2025-06-09 01:49:04,892 kilosort.run_kilosort INFO     Resource usage after clustering
2025-06-09 01:49:04,893 kilosort.run_kilosort INFO     ********************************************************
2025-06-09 01:49:04,893 kilosort.run_kilosort INFO     CPU usage:    49.00 %
2025-06-09 01:49:04,894 kilosort.run_kilosort INFO     Memory:        5.68 %     |     42.84   /   754.60 GB
2025-06-09 01:49:04,894 kilosort.run_kilosort INFO     ------------------------------------------------------
2025-06-09 01:49:04,894 kilosort.run_kilosort INFO     GPU usage:    `conda install pynvml` for GPU usage
2025-06-09 01:49:04,895 kilosort.run_kilosort INFO     GPU memory:   17.43 %     |      6.89   /    39.50 GB
2025-06-09 01:49:04,895 kilosort.run_kilosort INFO     Allocated:     0.02 %     |      0.01   /    39.50 GB
2025-06-09 01:49:04,896 kilosort.run_kilosort INFO     Max alloc:     0.75 %     |      0.30   /    39.50 GB
2025-06-09 01:49:04,897 kilosort.run_kilosort INFO     ********************************************************
2025-06-09 01:49:04,897 kilosort.run_kilosort DEBUG    

|===========================================================================|
|                  PyTorch CUDA memory summary, device ID 0                 |
|---------------------------------------------------------------------------|
|            CUDA OOMs: 0            |        cudaMalloc retries: 0         |
|===========================================================================|
|        Metric         | Cur Usage  | Peak Usage | Tot Alloc  | Tot Freed  |
|---------------------------------------------------------------------------|
| Allocated memory      |   9146 KiB | 310277 KiB |  30507 GiB |  30507 GiB |
|---------------------------------------------------------------------------|
| Active memory         |   9146 KiB | 310277 KiB |  30507 GiB |  30507 GiB |
|---------------------------------------------------------------------------|
| Requested memory      |   9141 KiB | 310188 KiB |  30171 GiB |  30171 GiB |
|---------------------------------------------------------------------------|
| GPU reserved memory   | 481280 KiB | 481280 KiB | 481280 KiB |      0 B   |
|---------------------------------------------------------------------------|
| Non-releasable memory |  13381 KiB | 184425 KiB |  16613 GiB |  16613 GiB |
|---------------------------------------------------------------------------|
| Allocations           |      34    |      67    |    6537 K  |    6537 K  |
|---------------------------------------------------------------------------|
| Active allocs         |      34    |      67    |    6537 K  |    6537 K  |
|---------------------------------------------------------------------------|
| GPU reserved segments |      15    |      15    |      15    |       0    |
|---------------------------------------------------------------------------|
| Non-releasable allocs |      15    |      27    |    2652 K  |    2652 K  |
|---------------------------------------------------------------------------|
| Oversize allocations  |       0    |       0    |       0    |       0    |
|---------------------------------------------------------------------------|
| Oversize GPU segments |       0    |       0    |       0    |       0    |
|===========================================================================|


2025-06-09 01:49:04,897 kilosort.run_kilosort INFO      
2025-06-09 01:49:04,898 kilosort.run_kilosort INFO     Saving to phy and computing refractory periods
2025-06-09 01:49:04,898 kilosort.run_kilosort INFO     ----------------------------------------
2025-06-09 01:49:04,994 kilosort.run_kilosort INFO     0 units found with good refractory periods
2025-06-09 01:49:04,995 kilosort.run_kilosort INFO     Total runtime: 1.17s = 00:00:1 h:m:s
2025-06-09 01:49:05,000 kilosort.run_kilosort INFO     Sorting output saved in: /home/lss72/palmer_scratch/spike_sort/kilosort4.
2025-06-09 01:49:05,000 kilosort.run_kilosort INFO      
2025-06-09 01:49:05,001 kilosort.run_kilosort INFO     Resource usage after saving
2025-06-09 01:49:05,001 kilosort.run_kilosort INFO     ********************************************************
2025-06-09 01:49:05,002 kilosort.run_kilosort INFO     CPU usage:    39.60 %
2025-06-09 01:49:05,002 kilosort.run_kilosort INFO     Memory:        5.68 %     |     42.84   /   754.60 GB
2025-06-09 01:49:05,003 kilosort.run_kilosort INFO     ------------------------------------------------------
2025-06-09 01:49:05,003 kilosort.run_kilosort INFO     GPU usage:    `conda install pynvml` for GPU usage
2025-06-09 01:49:05,003 kilosort.run_kilosort INFO     GPU memory:   17.43 %     |      6.89   /    39.50 GB
2025-06-09 01:49:05,004 kilosort.run_kilosort INFO     Allocated:     0.02 %     |      0.01   /    39.50 GB
2025-06-09 01:49:05,005 kilosort.run_kilosort INFO     Max alloc:     0.75 %     |      0.30   /    39.50 GB
2025-06-09 01:49:05,005 kilosort.run_kilosort INFO     ********************************************************
2025-06-09 01:49:05,006 kilosort.run_kilosort DEBUG    

|===========================================================================|
|                  PyTorch CUDA memory summary, device ID 0                 |
|---------------------------------------------------------------------------|
|            CUDA OOMs: 0            |        cudaMalloc retries: 0         |
|===========================================================================|
|        Metric         | Cur Usage  | Peak Usage | Tot Alloc  | Tot Freed  |
|---------------------------------------------------------------------------|
| Allocated memory      |   9146 KiB | 310277 KiB |  30507 GiB |  30507 GiB |
|---------------------------------------------------------------------------|
| Active memory         |   9146 KiB | 310277 KiB |  30507 GiB |  30507 GiB |
|---------------------------------------------------------------------------|
| Requested memory      |   9141 KiB | 310188 KiB |  30171 GiB |  30171 GiB |
|---------------------------------------------------------------------------|
| GPU reserved memory   | 481280 KiB | 481280 KiB | 481280 KiB |      0 B   |
|---------------------------------------------------------------------------|
| Non-releasable memory |  13381 KiB | 184425 KiB |  16613 GiB |  16613 GiB |
|---------------------------------------------------------------------------|
| Allocations           |      34    |      67    |    6538 K  |    6538 K  |
|---------------------------------------------------------------------------|
| Active allocs         |      34    |      67    |    6538 K  |    6538 K  |
|---------------------------------------------------------------------------|
| GPU reserved segments |      15    |      15    |      15    |       0    |
|---------------------------------------------------------------------------|
| Non-releasable allocs |      15    |      27    |    2652 K  |    2652 K  |
|---------------------------------------------------------------------------|
| Oversize allocations  |       0    |       0    |       0    |       0    |
|---------------------------------------------------------------------------|
| Oversize GPU segments |       0    |       0    |       0    |       0    |
|===========================================================================|


