2025-06-09 01:17:06,664 kilosort.run_kilosort INFO     Kilosort version 4.0.25
2025-06-09 01:17:06,668 kilosort.run_kilosort INFO     Python version 3.9.21
2025-06-09 01:17:06,668 kilosort.run_kilosort INFO     ----------------------------------------
2025-06-09 01:17:06,669 kilosort.run_kilosort INFO     System information:
2025-06-09 01:17:06,669 kilosort.run_kilosort INFO     Linux-4.18.0-477.74.1.el8_8.x86_64-x86_64-with-glibc2.28 x86_64
2025-06-09 01:17:06,669 kilosort.run_kilosort INFO     x86_64
2025-06-09 01:17:06,670 kilosort.run_kilosort INFO     Using GPU for PyTorch computations. Specify `device` to change this.
2025-06-09 01:17:06,670 kilosort.run_kilosort INFO     Using CUDA device: NVIDIA A100-PCIE-40GB 39.50GB
2025-06-09 01:17:06,671 kilosort.run_kilosort INFO     ----------------------------------------
2025-06-09 01:17:06,671 kilosort.run_kilosort INFO     Sorting /home/lss72/palmer_scratch/spike_sort/2014_03_26_Pair_2_0
2025-06-09 01:17:06,672 kilosort.run_kilosort DEBUG    Initial ops:

ops = {
    'n_chan_bin': 32,
    'fs': 30000,
    'batch_size': 60000,
    'nblocks': 1,
    'Th_universal': 9,
    'Th_learned': 8,
    'tmin': 0,
    'tmax': 600,
    'nt': 61,
    'shift': None,
    'scale': None,
    'artifact_threshold': inf,
    'nskip': 25,
    'whitening_range': 32,
    'highpass_cutoff': 300,
    'binning_depth': 5,
    'sig_interp': 20,
    'drift_smoothing': [0.5, 0.5, 0.5],
    'nt0min': 20,
    'dmin': None,
    'dminx': 32,
    'min_template_size': 10,
    'template_sizes': 5,
    'nearest_chans': 10,
    'nearest_templates': 100,
    'max_channel_distance': 32,
    'max_peels': 100,
    'templates_from_data': True,
    'n_templates': 6,
    'n_pcs': 6,
    'Th_single_ch': 6,
    'acg_threshold': 0.2,
    'ccg_threshold': 0.25,
    'cluster_downsampling': 20,
    'x_centers': None,
    'duplicate_spike_ms': 0.25,
    'position_limit': 100,
    'data_dir': PosixPath('/home/lss72/palmer_scratch/spike_sort'),
    'filename': PosixPath('/home/lss72/palmer_scratch/spike_sort/2014_03_26_Pair_2_0'),
    'data_dtype': dtype('float32'),
    'do_CAR': True,
    'invert_sign': False,
    'NTbuff': 60122,
    'Nchan': 32,
    'duplicate_spike_bins': 7,
    'torch_device': 'cuda',
    'save_preprocessed_copy': False
}

2025-06-09 01:17:06,674 kilosort.run_kilosort DEBUG    Probe dictionary:

probe = {
    'chanMap': np.array([ 0,  1,  2,  3,  4,  5,  6,  7,  8,  9, 10, 11, 12, 13, 14, 15, 16,
       17, 18, 19, 20, 21, 22, 23, 24, 25, 26, 27, 28, 29, 30, 31]),
    'xc': np.array([  0.,   0.,  18.,  18.,  18.,  18.,  18.,  18.,   0.,   0.,  18.,
        18.,  18.,  18.,   0.,   0.,   0.,   0., -18., -18., -18., -18.,
         0.,   0., -18., -18., -18., -18., -18., -18.,   0.,   0.],
      dtype=np.float32),
    'yc': np.array([275. , 225. ,  12.5,  37.5,  87.5, 137.5, 187.5, 237.5,  75. ,
        25. , 212.5, 162.5, 112.5,  62.5, 125. , 175. , 150. , 100. ,
        62.5, 112.5, 162.5, 212.5,   0. ,  50. , 237.5, 187.5, 137.5,
        87.5,  37.5,  12.5, 200. , 250. ], dtype=np.float32),
    'kcoords': np.array([0., 0., 0., 0., 0., 0., 0., 0., 0., 0., 0., 0., 0., 0., 0., 0., 0.,
       0., 0., 0., 0., 0., 0., 0., 0., 0., 0., 0., 0., 0., 0., 0.]),
    'n_chan': 32
}

2025-06-09 01:17:06,674 kilosort.run_kilosort INFO      
2025-06-09 01:17:06,674 kilosort.run_kilosort INFO     Computing preprocessing variables.
2025-06-09 01:17:06,674 kilosort.run_kilosort INFO     ----------------------------------------
2025-06-09 01:17:06,676 kilosort.run_kilosort INFO     N samples: 9307200
2025-06-09 01:17:06,677 kilosort.run_kilosort INFO     N seconds: 310.24
2025-06-09 01:17:06,677 kilosort.run_kilosort INFO     N batches: 156
2025-06-09 01:17:06,730 kilosort.run_kilosort INFO     Preprocessing filters computed in  0.06s; total  0.06s
2025-06-09 01:17:06,731 kilosort.run_kilosort DEBUG    hp_filter shape: torch.Size([30122])
2025-06-09 01:17:06,731 kilosort.run_kilosort DEBUG    whiten_mat shape: torch.Size([32, 32])
2025-06-09 01:17:06,731 kilosort.run_kilosort INFO      
2025-06-09 01:17:06,731 kilosort.run_kilosort INFO     Resource usage after preprocessing
2025-06-09 01:17:06,731 kilosort.run_kilosort INFO     ********************************************************
2025-06-09 01:17:06,732 kilosort.run_kilosort INFO     CPU usage:    32.30 %
2025-06-09 01:17:06,733 kilosort.run_kilosort INFO     Memory:        5.20 %     |     39.25   /   754.60 GB
2025-06-09 01:17:06,733 kilosort.run_kilosort INFO     ------------------------------------------------------
2025-06-09 01:17:06,733 kilosort.run_kilosort INFO     GPU usage:    `conda install pynvml` for GPU usage
2025-06-09 01:17:06,734 kilosort.run_kilosort INFO     GPU memory:   17.43 %     |      6.89   /    39.50 GB
2025-06-09 01:17:06,734 kilosort.run_kilosort INFO     Allocated:     0.02 %     |      0.01   /    39.50 GB
2025-06-09 01:17:06,735 kilosort.run_kilosort INFO     Max alloc:     0.75 %     |      0.30   /    39.50 GB
2025-06-09 01:17:06,735 kilosort.run_kilosort INFO     ********************************************************
2025-06-09 01:17:06,743 kilosort.run_kilosort INFO      
2025-06-09 01:17:06,743 kilosort.run_kilosort INFO     Computing drift correction.
2025-06-09 01:17:06,744 kilosort.run_kilosort INFO     ----------------------------------------
2025-06-09 01:17:06,744 kilosort.spikedetect INFO     Re-computing universal templates from data.
2025-06-09 01:17:06,915 kilosort.spikedetect INFO     Number of universal templates: 135
2025-06-09 01:17:06,920 kilosort.spikedetect INFO     Detecting spikes...
2025-06-09 01:17:06,922 kilosort.spikedetect DEBUG     
2025-06-09 01:17:06,922 kilosort.spikedetect DEBUG    Batch 0
2025-06-09 01:17:06,922 kilosort.spikedetect DEBUG    ********************************************************
2025-06-09 01:17:06,922 kilosort.spikedetect DEBUG    CPU usage:    52.00 %
2025-06-09 01:17:06,922 kilosort.spikedetect DEBUG    Memory:        5.20 %     |     39.24   /   754.60 GB
2025-06-09 01:17:06,922 kilosort.spikedetect DEBUG    ------------------------------------------------------
2025-06-09 01:17:06,922 kilosort.spikedetect DEBUG    GPU usage:    `conda install pynvml` for GPU usage
2025-06-09 01:17:06,923 kilosort.spikedetect DEBUG    GPU memory:   17.43 %     |      6.89   /    39.50 GB
2025-06-09 01:17:06,923 kilosort.spikedetect DEBUG    Allocated:     0.02 %     |      0.01   /    39.50 GB
2025-06-09 01:17:06,923 kilosort.spikedetect DEBUG    Max alloc:     0.75 %     |      0.30   /    39.50 GB
2025-06-09 01:17:06,923 kilosort.spikedetect DEBUG    ********************************************************
2025-06-09 01:17:11,351 kilosort.spikedetect DEBUG     
2025-06-09 01:17:11,352 kilosort.spikedetect DEBUG    Batch 155
2025-06-09 01:17:11,352 kilosort.spikedetect DEBUG    ********************************************************
2025-06-09 01:17:11,352 kilosort.spikedetect DEBUG    CPU usage:    36.20 %
2025-06-09 01:17:11,352 kilosort.spikedetect DEBUG    Memory:        5.20 %     |     39.26   /   754.60 GB
2025-06-09 01:17:11,352 kilosort.spikedetect DEBUG    ------------------------------------------------------
2025-06-09 01:17:11,352 kilosort.spikedetect DEBUG    GPU usage:    `conda install pynvml` for GPU usage
2025-06-09 01:17:11,352 kilosort.spikedetect DEBUG    GPU memory:   17.43 %     |      6.89   /    39.50 GB
2025-06-09 01:17:11,352 kilosort.spikedetect DEBUG    Allocated:     0.04 %     |      0.02   /    39.50 GB
2025-06-09 01:17:11,353 kilosort.spikedetect DEBUG    Max alloc:     0.75 %     |      0.30   /    39.50 GB
2025-06-09 01:17:11,353 kilosort.spikedetect DEBUG    ********************************************************
2025-06-09 01:17:11,453 kilosort.run_kilosort INFO     drift computed in  4.71s; total  4.78s
2025-06-09 01:17:11,457 kilosort.run_kilosort DEBUG    st shape: (41174, 6)
2025-06-09 01:17:11,457 kilosort.run_kilosort DEBUG    yblk shape: (1,)
2025-06-09 01:17:11,457 kilosort.run_kilosort DEBUG    dshift shape: (156, 1)
2025-06-09 01:17:11,457 kilosort.run_kilosort DEBUG    iKxx shape: torch.Size([32, 32])
2025-06-09 01:17:11,457 kilosort.run_kilosort INFO      
2025-06-09 01:17:11,458 kilosort.run_kilosort INFO     Resource usage after drift correction
2025-06-09 01:17:11,458 kilosort.run_kilosort INFO     ********************************************************
2025-06-09 01:17:11,459 kilosort.run_kilosort INFO     CPU usage:    37.10 %
2025-06-09 01:17:11,459 kilosort.run_kilosort INFO     Memory:        5.19 %     |     39.14   /   754.60 GB
2025-06-09 01:17:11,460 kilosort.run_kilosort INFO     ------------------------------------------------------
2025-06-09 01:17:11,460 kilosort.run_kilosort INFO     GPU usage:    `conda install pynvml` for GPU usage
2025-06-09 01:17:11,460 kilosort.run_kilosort INFO     GPU memory:   17.43 %     |      6.89   /    39.50 GB
2025-06-09 01:17:11,461 kilosort.run_kilosort INFO     Allocated:     0.02 %     |      0.01   /    39.50 GB
2025-06-09 01:17:11,462 kilosort.run_kilosort INFO     Max alloc:     0.75 %     |      0.30   /    39.50 GB
2025-06-09 01:17:11,462 kilosort.run_kilosort INFO     ********************************************************
2025-06-09 01:17:11,462 kilosort.run_kilosort DEBUG    

|===========================================================================|
|                  PyTorch CUDA memory summary, device ID 0                 |
|---------------------------------------------------------------------------|
|            CUDA OOMs: 0            |        cudaMalloc retries: 0         |
|===========================================================================|
|        Metric         | Cur Usage  | Peak Usage | Tot Alloc  | Tot Freed  |
|---------------------------------------------------------------------------|
| Allocated memory      |   8867 KiB | 310044 KiB |  16466 GiB |  16466 GiB |
|---------------------------------------------------------------------------|
| Active memory         |   8867 KiB | 310044 KiB |  16466 GiB |  16466 GiB |
|---------------------------------------------------------------------------|
| Requested memory      |   8864 KiB | 309959 KiB |  16286 GiB |  16286 GiB |
|---------------------------------------------------------------------------|
| GPU reserved memory   | 481280 KiB | 481280 KiB | 481280 KiB |      0 B   |
|---------------------------------------------------------------------------|
| Non-releasable memory |  13660 KiB | 184425 KiB |   8831 GiB |   8831 GiB |
|---------------------------------------------------------------------------|
| Allocations           |      20    |      56    |    3371 K  |    3371 K  |
|---------------------------------------------------------------------------|
| Active allocs         |      20    |      56    |    3371 K  |    3371 K  |
|---------------------------------------------------------------------------|
| GPU reserved segments |      15    |      15    |      15    |       0    |
|---------------------------------------------------------------------------|
| Non-releasable allocs |      11    |      26    |    1363 K  |    1363 K  |
|---------------------------------------------------------------------------|
| Oversize allocations  |       0    |       0    |       0    |       0    |
|---------------------------------------------------------------------------|
| Oversize GPU segments |       0    |       0    |       0    |       0    |
|===========================================================================|


2025-06-09 01:17:11,469 kilosort.run_kilosort DEBUG    First batch min, max: (-19.26371, 11.6556835)
2025-06-09 01:17:11,469 kilosort.run_kilosort INFO      
2025-06-09 01:17:11,469 kilosort.run_kilosort INFO     Extracting spikes using templates
2025-06-09 01:17:11,469 kilosort.run_kilosort INFO     ----------------------------------------
2025-06-09 01:17:11,470 kilosort.spikedetect INFO     Re-computing universal templates from data.
2025-06-09 01:17:11,628 kilosort.spikedetect INFO     Number of universal templates: 135
2025-06-09 01:17:11,630 kilosort.spikedetect INFO     Detecting spikes...
2025-06-09 01:17:11,632 kilosort.spikedetect DEBUG     
2025-06-09 01:17:11,632 kilosort.spikedetect DEBUG    Batch 0
2025-06-09 01:17:11,632 kilosort.spikedetect DEBUG    ********************************************************
2025-06-09 01:17:11,632 kilosort.spikedetect DEBUG    CPU usage:    53.50 %
2025-06-09 01:17:11,632 kilosort.spikedetect DEBUG    Memory:        5.19 %     |     39.17   /   754.60 GB
2025-06-09 01:17:11,632 kilosort.spikedetect DEBUG    ------------------------------------------------------
2025-06-09 01:17:11,632 kilosort.spikedetect DEBUG    GPU usage:    `conda install pynvml` for GPU usage
2025-06-09 01:17:11,632 kilosort.spikedetect DEBUG    GPU memory:   17.43 %     |      6.89   /    39.50 GB
2025-06-09 01:17:11,632 kilosort.spikedetect DEBUG    Allocated:     0.02 %     |      0.01   /    39.50 GB
2025-06-09 01:17:11,633 kilosort.spikedetect DEBUG    Max alloc:     0.75 %     |      0.30   /    39.50 GB
2025-06-09 01:17:11,633 kilosort.spikedetect DEBUG    ********************************************************
2025-06-09 01:17:16,047 kilosort.spikedetect DEBUG     
2025-06-09 01:17:16,047 kilosort.spikedetect DEBUG    Batch 155
2025-06-09 01:17:16,048 kilosort.spikedetect DEBUG    ********************************************************
2025-06-09 01:17:16,048 kilosort.spikedetect DEBUG    CPU usage:    36.10 %
2025-06-09 01:17:16,048 kilosort.spikedetect DEBUG    Memory:        5.20 %     |     39.27   /   754.60 GB
2025-06-09 01:17:16,048 kilosort.spikedetect DEBUG    ------------------------------------------------------
2025-06-09 01:17:16,048 kilosort.spikedetect DEBUG    GPU usage:    `conda install pynvml` for GPU usage
2025-06-09 01:17:16,048 kilosort.spikedetect DEBUG    GPU memory:   17.43 %     |      6.89   /    39.50 GB
2025-06-09 01:17:16,048 kilosort.spikedetect DEBUG    Allocated:     0.04 %     |      0.02   /    39.50 GB
2025-06-09 01:17:16,048 kilosort.spikedetect DEBUG    Max alloc:     0.75 %     |      0.30   /    39.50 GB
2025-06-09 01:17:16,048 kilosort.spikedetect DEBUG    ********************************************************
2025-06-09 01:17:16,048 kilosort.run_kilosort INFO     40096 spikes extracted in  4.58s; total  9.38s
2025-06-09 01:17:16,049 kilosort.run_kilosort DEBUG    st0 shape: (40096, 6)
2025-06-09 01:17:16,049 kilosort.run_kilosort DEBUG    tF shape: torch.Size([40096, 10, 6])
2025-06-09 01:17:16,049 kilosort.run_kilosort INFO      
2025-06-09 01:17:16,049 kilosort.run_kilosort INFO     First clustering
2025-06-09 01:17:16,049 kilosort.run_kilosort INFO     ----------------------------------------
2025-06-09 01:17:16,059 kilosort.clustering_qr DEBUG     
2025-06-09 01:17:16,059 kilosort.clustering_qr DEBUG    Cluster center: 0 of 12
2025-06-09 01:17:16,059 kilosort.clustering_qr DEBUG    ********************************************************
2025-06-09 01:17:16,059 kilosort.clustering_qr DEBUG    CPU usage:    46.50 %
2025-06-09 01:17:16,059 kilosort.clustering_qr DEBUG    Memory:        5.20 %     |     39.27   /   754.60 GB
2025-06-09 01:17:16,060 kilosort.clustering_qr DEBUG    ------------------------------------------------------
2025-06-09 01:17:16,060 kilosort.clustering_qr DEBUG    GPU usage:    `conda install pynvml` for GPU usage
2025-06-09 01:17:16,060 kilosort.clustering_qr DEBUG    GPU memory:   17.43 %     |      6.89   /    39.50 GB
2025-06-09 01:17:16,060 kilosort.clustering_qr DEBUG    Allocated:     0.02 %     |      0.01   /    39.50 GB
2025-06-09 01:17:16,060 kilosort.clustering_qr DEBUG    Max alloc:     0.75 %     |      0.30   /    39.50 GB
2025-06-09 01:17:16,060 kilosort.clustering_qr DEBUG    ********************************************************
2025-06-09 01:17:16,064 kilosort.clustering_qr DEBUG    Center 0 | nsp: 7256 | ntemp: 12
2025-06-09 01:17:16,365 kilosort.clustering_qr DEBUG    Center 1 | nsp: 5024 | ntemp: 12
2025-06-09 01:17:16,768 kilosort.clustering_qr DEBUG    Center 2 | nsp: 2542 | ntemp: 12
2025-06-09 01:17:17,025 kilosort.clustering_qr DEBUG    Center 3 | nsp: 1918 | ntemp: 12
2025-06-09 01:17:17,424 kilosort.clustering_qr DEBUG    Center 4 | nsp: 2500 | ntemp: 12
2025-06-09 01:17:17,799 kilosort.clustering_qr DEBUG    Center 5 | nsp: 1718 | ntemp: 12
2025-06-09 01:17:18,051 kilosort.clustering_qr DEBUG    Center 6 | nsp: 4022 | ntemp: 12
2025-06-09 01:17:18,458 kilosort.clustering_qr DEBUG    Center 7 | nsp: 1681 | ntemp: 12
2025-06-09 01:17:18,837 kilosort.clustering_qr DEBUG    Center 8 | nsp: 3912 | ntemp: 12
2025-06-09 01:17:19,124 kilosort.clustering_qr DEBUG    Center 9 | nsp: 5072 | ntemp: 12
2025-06-09 01:17:19,586 kilosort.clustering_qr DEBUG     
2025-06-09 01:17:19,586 kilosort.clustering_qr DEBUG    Cluster center: 10 of 12
2025-06-09 01:17:19,586 kilosort.clustering_qr DEBUG    ********************************************************
2025-06-09 01:17:19,586 kilosort.clustering_qr DEBUG    CPU usage:    43.90 %
2025-06-09 01:17:19,586 kilosort.clustering_qr DEBUG    Memory:        5.21 %     |     39.28   /   754.60 GB
2025-06-09 01:17:19,586 kilosort.clustering_qr DEBUG    ------------------------------------------------------
2025-06-09 01:17:19,586 kilosort.clustering_qr DEBUG    GPU usage:    `conda install pynvml` for GPU usage
2025-06-09 01:17:19,586 kilosort.clustering_qr DEBUG    GPU memory:   17.43 %     |      6.89   /    39.50 GB
2025-06-09 01:17:19,587 kilosort.clustering_qr DEBUG    Allocated:     0.02 %     |      0.01   /    39.50 GB
2025-06-09 01:17:19,587 kilosort.clustering_qr DEBUG    Max alloc:     0.75 %     |      0.30   /    39.50 GB
2025-06-09 01:17:19,587 kilosort.clustering_qr DEBUG    ********************************************************
2025-06-09 01:17:19,590 kilosort.clustering_qr DEBUG    Center 10 | nsp: 3146 | ntemp: 12
2025-06-09 01:17:19,971 kilosort.clustering_qr DEBUG    Center 11 | nsp: 1305 | ntemp: 3
2025-06-09 01:17:20,378 kilosort.run_kilosort INFO     66 clusters found, in  4.33s; total  13.71s
2025-06-09 01:17:20,379 kilosort.run_kilosort DEBUG    clu shape: (40096,)
2025-06-09 01:17:20,379 kilosort.run_kilosort DEBUG    Wall shape: torch.Size([66, 32, 6])
2025-06-09 01:17:20,379 kilosort.run_kilosort INFO      
2025-06-09 01:17:20,379 kilosort.run_kilosort INFO     Extracting spikes using cluster waveforms
2025-06-09 01:17:20,380 kilosort.run_kilosort INFO     ----------------------------------------
2025-06-09 01:17:20,397 kilosort.template_matching DEBUG     
2025-06-09 01:17:20,397 kilosort.template_matching DEBUG    Batch 0
2025-06-09 01:17:20,397 kilosort.template_matching DEBUG    ********************************************************
2025-06-09 01:17:20,397 kilosort.template_matching DEBUG    CPU usage:    44.10 %
2025-06-09 01:17:20,398 kilosort.template_matching DEBUG    Memory:        5.23 %     |     39.50   /   754.60 GB
2025-06-09 01:17:20,398 kilosort.template_matching DEBUG    ------------------------------------------------------
2025-06-09 01:17:20,398 kilosort.template_matching DEBUG    GPU usage:    `conda install pynvml` for GPU usage
2025-06-09 01:17:20,398 kilosort.template_matching DEBUG    GPU memory:   17.43 %     |      6.89   /    39.50 GB
2025-06-09 01:17:20,398 kilosort.template_matching DEBUG    Allocated:     0.02 %     |      0.01   /    39.50 GB
2025-06-09 01:17:20,398 kilosort.template_matching DEBUG    Max alloc:     0.75 %     |      0.30   /    39.50 GB
2025-06-09 01:17:20,398 kilosort.template_matching DEBUG    ********************************************************
2025-06-09 01:17:22,812 kilosort.template_matching DEBUG     
2025-06-09 01:17:22,812 kilosort.template_matching DEBUG    Batch 100
2025-06-09 01:17:22,812 kilosort.template_matching DEBUG    ********************************************************
2025-06-09 01:17:22,812 kilosort.template_matching DEBUG    CPU usage:    36.20 %
2025-06-09 01:17:22,812 kilosort.template_matching DEBUG    Memory:        5.17 %     |     39.03   /   754.60 GB
2025-06-09 01:17:22,812 kilosort.template_matching DEBUG    ------------------------------------------------------
2025-06-09 01:17:22,812 kilosort.template_matching DEBUG    GPU usage:    `conda install pynvml` for GPU usage
2025-06-09 01:17:22,812 kilosort.template_matching DEBUG    GPU memory:   17.43 %     |      6.89   /    39.50 GB
2025-06-09 01:17:22,812 kilosort.template_matching DEBUG    Allocated:     0.06 %     |      0.02   /    39.50 GB
2025-06-09 01:17:22,813 kilosort.template_matching DEBUG    Max alloc:     0.75 %     |      0.30   /    39.50 GB
2025-06-09 01:17:22,813 kilosort.template_matching DEBUG    ********************************************************
2025-06-09 01:17:24,119 kilosort.template_matching DEBUG     
2025-06-09 01:17:24,119 kilosort.template_matching DEBUG    Batch 155
2025-06-09 01:17:24,119 kilosort.template_matching DEBUG    ********************************************************
2025-06-09 01:17:24,119 kilosort.template_matching DEBUG    CPU usage:    36.90 %
2025-06-09 01:17:24,119 kilosort.template_matching DEBUG    Memory:        5.23 %     |     39.45   /   754.60 GB
2025-06-09 01:17:24,119 kilosort.template_matching DEBUG    ------------------------------------------------------
2025-06-09 01:17:24,119 kilosort.template_matching DEBUG    GPU usage:    `conda install pynvml` for GPU usage
2025-06-09 01:17:24,120 kilosort.template_matching DEBUG    GPU memory:   17.43 %     |      6.89   /    39.50 GB
2025-06-09 01:17:24,120 kilosort.template_matching DEBUG    Allocated:     0.06 %     |      0.02   /    39.50 GB
2025-06-09 01:17:24,120 kilosort.template_matching DEBUG    Max alloc:     0.75 %     |      0.30   /    39.50 GB
2025-06-09 01:17:24,120 kilosort.template_matching DEBUG    ********************************************************
2025-06-09 01:17:24,125 kilosort.run_kilosort INFO     85504 spikes extracted in  3.75s; total  17.45s
2025-06-09 01:17:24,129 kilosort.run_kilosort DEBUG    st shape: (85504, 3)
2025-06-09 01:17:24,129 kilosort.run_kilosort DEBUG    tF shape: torch.Size([85504, 10, 6])
2025-06-09 01:17:24,129 kilosort.run_kilosort DEBUG    iCC shape: torch.Size([10, 32])
2025-06-09 01:17:24,129 kilosort.run_kilosort DEBUG    iU shape: torch.Size([52])
2025-06-09 01:17:24,129 kilosort.run_kilosort INFO      
2025-06-09 01:17:24,129 kilosort.run_kilosort INFO     Resource usage after spike detection
2025-06-09 01:17:24,130 kilosort.run_kilosort INFO     ********************************************************
2025-06-09 01:17:24,130 kilosort.run_kilosort INFO     CPU usage:    47.50 %
2025-06-09 01:17:24,131 kilosort.run_kilosort INFO     Memory:        5.20 %     |     39.22   /   754.60 GB
2025-06-09 01:17:24,132 kilosort.run_kilosort INFO     ------------------------------------------------------
2025-06-09 01:17:24,132 kilosort.run_kilosort INFO     GPU usage:    `conda install pynvml` for GPU usage
2025-06-09 01:17:24,132 kilosort.run_kilosort INFO     GPU memory:   17.43 %     |      6.89   /    39.50 GB
2025-06-09 01:17:24,133 kilosort.run_kilosort INFO     Allocated:     0.02 %     |      0.01   /    39.50 GB
2025-06-09 01:17:24,134 kilosort.run_kilosort INFO     Max alloc:     0.75 %     |      0.30   /    39.50 GB
2025-06-09 01:17:24,134 kilosort.run_kilosort INFO     ********************************************************
2025-06-09 01:17:24,134 kilosort.run_kilosort DEBUG    

|===========================================================================|
|                  PyTorch CUDA memory summary, device ID 0                 |
|---------------------------------------------------------------------------|
|            CUDA OOMs: 0            |        cudaMalloc retries: 0         |
|===========================================================================|
|        Metric         | Cur Usage  | Peak Usage | Tot Alloc  | Tot Freed  |
|---------------------------------------------------------------------------|
| Allocated memory      |   8910 KiB | 310170 KiB |  17860 GiB |  17860 GiB |
|---------------------------------------------------------------------------|
| Active memory         |   8910 KiB | 310170 KiB |  17860 GiB |  17860 GiB |
|---------------------------------------------------------------------------|
| Requested memory      |   8906 KiB | 310084 KiB |  17664 GiB |  17664 GiB |
|---------------------------------------------------------------------------|
| GPU reserved memory   | 481280 KiB | 481280 KiB | 481280 KiB |      0 B   |
|---------------------------------------------------------------------------|
| Non-releasable memory |  13618 KiB | 184425 KiB |   9631 GiB |   9631 GiB |
|---------------------------------------------------------------------------|
| Allocations           |      24    |      56    |    3729 K  |    3729 K  |
|---------------------------------------------------------------------------|
| Active allocs         |      24    |      56    |    3729 K  |    3729 K  |
|---------------------------------------------------------------------------|
| GPU reserved segments |      15    |      15    |      15    |       0    |
|---------------------------------------------------------------------------|
| Non-releasable allocs |      13    |      27    |    1512 K  |    1512 K  |
|---------------------------------------------------------------------------|
| Oversize allocations  |       0    |       0    |       0    |       0    |
|---------------------------------------------------------------------------|
| Oversize GPU segments |       0    |       0    |       0    |       0    |
|===========================================================================|


2025-06-09 01:17:24,135 kilosort.run_kilosort INFO      
2025-06-09 01:17:24,135 kilosort.run_kilosort INFO     Final clustering
2025-06-09 01:17:24,135 kilosort.run_kilosort INFO     ----------------------------------------
2025-06-09 01:17:24,145 kilosort.clustering_qr DEBUG     
2025-06-09 01:17:24,146 kilosort.clustering_qr DEBUG    Cluster center: 0 of 12
2025-06-09 01:17:24,146 kilosort.clustering_qr DEBUG    ********************************************************
2025-06-09 01:17:24,146 kilosort.clustering_qr DEBUG    CPU usage:    41.80 %
2025-06-09 01:17:24,146 kilosort.clustering_qr DEBUG    Memory:        5.20 %     |     39.24   /   754.60 GB
2025-06-09 01:17:24,146 kilosort.clustering_qr DEBUG    ------------------------------------------------------
2025-06-09 01:17:24,146 kilosort.clustering_qr DEBUG    GPU usage:    `conda install pynvml` for GPU usage
2025-06-09 01:17:24,146 kilosort.clustering_qr DEBUG    GPU memory:   17.43 %     |      6.89   /    39.50 GB
2025-06-09 01:17:24,146 kilosort.clustering_qr DEBUG    Allocated:     0.02 %     |      0.01   /    39.50 GB
2025-06-09 01:17:24,146 kilosort.clustering_qr DEBUG    Max alloc:     0.75 %     |      0.30   /    39.50 GB
2025-06-09 01:17:24,146 kilosort.clustering_qr DEBUG    ********************************************************
2025-06-09 01:17:24,153 kilosort.clustering_qr DEBUG    Center 0 | nsp: 18734 | ntemp: 11
2025-06-09 01:17:24,555 kilosort.clustering_qr DEBUG    Center 1 | nsp: 3976 | ntemp: 5
2025-06-09 01:17:24,829 kilosort.clustering_qr DEBUG    Center 2 | nsp: 4076 | ntemp: 4
2025-06-09 01:17:25,194 kilosort.clustering_qr DEBUG    Center 3 | nsp: 7106 | ntemp: 4
2025-06-09 01:17:25,481 kilosort.clustering_qr DEBUG    Center 4 | nsp: 3128 | ntemp: 2
2025-06-09 01:17:25,860 kilosort.clustering_qr DEBUG    Center 5 | nsp: 4523 | ntemp: 3
2025-06-09 01:17:26,226 kilosort.clustering_qr DEBUG    Center 6 | nsp: 7997 | ntemp: 4
2025-06-09 01:17:26,615 kilosort.clustering_qr DEBUG    Center 7 | nsp: 2053 | ntemp: 3
2025-06-09 01:17:27,002 kilosort.clustering_qr DEBUG    Center 8 | nsp: 7321 | ntemp: 5
2025-06-09 01:17:27,305 kilosort.clustering_qr DEBUG    Center 9 | nsp: 16117 | ntemp: 7
2025-06-09 01:17:27,766 kilosort.clustering_qr DEBUG     
2025-06-09 01:17:27,766 kilosort.clustering_qr DEBUG    Cluster center: 10 of 12
2025-06-09 01:17:27,766 kilosort.clustering_qr DEBUG    ********************************************************
2025-06-09 01:17:27,766 kilosort.clustering_qr DEBUG    CPU usage:    42.70 %
2025-06-09 01:17:27,767 kilosort.clustering_qr DEBUG    Memory:        5.19 %     |     39.14   /   754.60 GB
2025-06-09 01:17:27,767 kilosort.clustering_qr DEBUG    ------------------------------------------------------
2025-06-09 01:17:27,767 kilosort.clustering_qr DEBUG    GPU usage:    `conda install pynvml` for GPU usage
2025-06-09 01:17:27,767 kilosort.clustering_qr DEBUG    GPU memory:   17.43 %     |      6.89   /    39.50 GB
2025-06-09 01:17:27,767 kilosort.clustering_qr DEBUG    Allocated:     0.02 %     |      0.01   /    39.50 GB
2025-06-09 01:17:27,767 kilosort.clustering_qr DEBUG    Max alloc:     0.75 %     |      0.30   /    39.50 GB
2025-06-09 01:17:27,767 kilosort.clustering_qr DEBUG    ********************************************************
2025-06-09 01:17:27,768 kilosort.clustering_qr DEBUG    Center 10 | nsp: 415 | ntemp: 1
2025-06-09 01:17:27,771 kilosort.clustering_qr DEBUG    Center 11 | nsp: 10058 | ntemp: 3
2025-06-09 01:17:28,246 kilosort.run_kilosort INFO     60 clusters found, in  4.11s; total  21.57s
2025-06-09 01:17:28,247 kilosort.run_kilosort DEBUG    clu shape: (85504,)
2025-06-09 01:17:28,247 kilosort.run_kilosort DEBUG    Wall shape: torch.Size([60, 32, 6])
2025-06-09 01:17:28,247 kilosort.run_kilosort INFO      
2025-06-09 01:17:28,247 kilosort.run_kilosort INFO     Merging clusters
2025-06-09 01:17:28,248 kilosort.run_kilosort INFO     ----------------------------------------
2025-06-09 01:17:28,319 kilosort.run_kilosort INFO     55 units found, in  0.07s; total  21.65s
2025-06-09 01:17:28,320 kilosort.run_kilosort DEBUG    clu shape: (85504,)
2025-06-09 01:17:28,320 kilosort.run_kilosort DEBUG    Wall shape: torch.Size([55, 32, 6])
2025-06-09 01:17:28,320 kilosort.run_kilosort INFO      
2025-06-09 01:17:28,321 kilosort.run_kilosort INFO     Resource usage after clustering
2025-06-09 01:17:28,321 kilosort.run_kilosort INFO     ********************************************************
2025-06-09 01:17:28,322 kilosort.run_kilosort INFO     CPU usage:    46.00 %
2025-06-09 01:17:28,322 kilosort.run_kilosort INFO     Memory:        5.20 %     |     39.21   /   754.60 GB
2025-06-09 01:17:28,323 kilosort.run_kilosort INFO     ------------------------------------------------------
2025-06-09 01:17:28,323 kilosort.run_kilosort INFO     GPU usage:    `conda install pynvml` for GPU usage
2025-06-09 01:17:28,323 kilosort.run_kilosort INFO     GPU memory:   17.43 %     |      6.89   /    39.50 GB
2025-06-09 01:17:28,324 kilosort.run_kilosort INFO     Allocated:     0.02 %     |      0.01   /    39.50 GB
2025-06-09 01:17:28,324 kilosort.run_kilosort INFO     Max alloc:     0.75 %     |      0.30   /    39.50 GB
2025-06-09 01:17:28,325 kilosort.run_kilosort INFO     ********************************************************
2025-06-09 01:17:28,325 kilosort.run_kilosort DEBUG    

|===========================================================================|
|                  PyTorch CUDA memory summary, device ID 0                 |
|---------------------------------------------------------------------------|
|            CUDA OOMs: 0            |        cudaMalloc retries: 0         |
|===========================================================================|
|        Metric         | Cur Usage  | Peak Usage | Tot Alloc  | Tot Freed  |
|---------------------------------------------------------------------------|
| Allocated memory      |   8871 KiB | 310170 KiB |  17966 GiB |  17966 GiB |
|---------------------------------------------------------------------------|
| Active memory         |   8871 KiB | 310170 KiB |  17966 GiB |  17966 GiB |
|---------------------------------------------------------------------------|
| Requested memory      |   8867 KiB | 310084 KiB |  17768 GiB |  17768 GiB |
|---------------------------------------------------------------------------|
| GPU reserved memory   | 481280 KiB | 481280 KiB | 481280 KiB |      0 B   |
|---------------------------------------------------------------------------|
| Non-releasable memory |  13657 KiB | 184425 KiB |   9776 GiB |   9776 GiB |
|---------------------------------------------------------------------------|
| Allocations           |      23    |      56    |    3869 K  |    3869 K  |
|---------------------------------------------------------------------------|
| Active allocs         |      23    |      56    |    3869 K  |    3869 K  |
|---------------------------------------------------------------------------|
| GPU reserved segments |      15    |      15    |      15    |       0    |
|---------------------------------------------------------------------------|
| Non-releasable allocs |      12    |      27    |    1578 K  |    1578 K  |
|---------------------------------------------------------------------------|
| Oversize allocations  |       0    |       0    |       0    |       0    |
|---------------------------------------------------------------------------|
| Oversize GPU segments |       0    |       0    |       0    |       0    |
|===========================================================================|


2025-06-09 01:17:28,326 kilosort.run_kilosort INFO      
2025-06-09 01:17:28,326 kilosort.run_kilosort INFO     Saving to phy and computing refractory periods
2025-06-09 01:17:28,326 kilosort.run_kilosort INFO     ----------------------------------------
2025-06-09 01:17:28,741 kilosort.run_kilosort INFO     23 units found with good refractory periods
2025-06-09 01:17:28,742 kilosort.run_kilosort INFO     Total runtime: 22.07s = 00:00:22 h:m:s
2025-06-09 01:17:28,747 kilosort.run_kilosort INFO     Sorting output saved in: /home/lss72/palmer_scratch/spike_sort/kilosort4.
2025-06-09 01:17:28,748 kilosort.run_kilosort INFO      
2025-06-09 01:17:28,748 kilosort.run_kilosort INFO     Resource usage after saving
2025-06-09 01:17:28,748 kilosort.run_kilosort INFO     ********************************************************
2025-06-09 01:17:28,749 kilosort.run_kilosort INFO     CPU usage:    43.80 %
2025-06-09 01:17:28,749 kilosort.run_kilosort INFO     Memory:        5.20 %     |     39.21   /   754.60 GB
2025-06-09 01:17:28,750 kilosort.run_kilosort INFO     ------------------------------------------------------
2025-06-09 01:17:28,750 kilosort.run_kilosort INFO     GPU usage:    `conda install pynvml` for GPU usage
2025-06-09 01:17:28,751 kilosort.run_kilosort INFO     GPU memory:   17.43 %     |      6.89   /    39.50 GB
2025-06-09 01:17:28,751 kilosort.run_kilosort INFO     Allocated:     0.02 %     |      0.01   /    39.50 GB
2025-06-09 01:17:28,752 kilosort.run_kilosort INFO     Max alloc:     0.75 %     |      0.30   /    39.50 GB
2025-06-09 01:17:28,752 kilosort.run_kilosort INFO     ********************************************************
2025-06-09 01:17:28,752 kilosort.run_kilosort DEBUG    

|===========================================================================|
|                  PyTorch CUDA memory summary, device ID 0                 |
|---------------------------------------------------------------------------|
|            CUDA OOMs: 0            |        cudaMalloc retries: 0         |
|===========================================================================|
|        Metric         | Cur Usage  | Peak Usage | Tot Alloc  | Tot Freed  |
|---------------------------------------------------------------------------|
| Allocated memory      |   8871 KiB | 310170 KiB |  17966 GiB |  17966 GiB |
|---------------------------------------------------------------------------|
| Active memory         |   8871 KiB | 310170 KiB |  17966 GiB |  17966 GiB |
|---------------------------------------------------------------------------|
| Requested memory      |   8867 KiB | 310084 KiB |  17768 GiB |  17768 GiB |
|---------------------------------------------------------------------------|
| GPU reserved memory   | 481280 KiB | 481280 KiB | 481280 KiB |      0 B   |
|---------------------------------------------------------------------------|
| Non-releasable memory |  13657 KiB | 184425 KiB |   9776 GiB |   9776 GiB |
|---------------------------------------------------------------------------|
| Allocations           |      23    |      56    |    3870 K  |    3870 K  |
|---------------------------------------------------------------------------|
| Active allocs         |      23    |      56    |    3870 K  |    3870 K  |
|---------------------------------------------------------------------------|
| GPU reserved segments |      15    |      15    |      15    |       0    |
|---------------------------------------------------------------------------|
| Non-releasable allocs |      12    |      27    |    1579 K  |    1579 K  |
|---------------------------------------------------------------------------|
| Oversize allocations  |       0    |       0    |       0    |       0    |
|---------------------------------------------------------------------------|
| Oversize GPU segments |       0    |       0    |       0    |       0    |
|===========================================================================|


