2025-06-09 01:20:35,541 kilosort.run_kilosort INFO     Kilosort version 4.0.25
2025-06-09 01:20:35,546 kilosort.run_kilosort INFO     Python version 3.9.21
2025-06-09 01:20:35,547 kilosort.run_kilosort INFO     ----------------------------------------
2025-06-09 01:20:35,547 kilosort.run_kilosort INFO     System information:
2025-06-09 01:20:35,547 kilosort.run_kilosort INFO     Linux-4.18.0-477.74.1.el8_8.x86_64-x86_64-with-glibc2.28 x86_64
2025-06-09 01:20:35,548 kilosort.run_kilosort INFO     x86_64
2025-06-09 01:20:35,548 kilosort.run_kilosort INFO     Using GPU for PyTorch computations. Specify `device` to change this.
2025-06-09 01:20:35,548 kilosort.run_kilosort INFO     Using CUDA device: NVIDIA A100-PCIE-40GB 39.50GB
2025-06-09 01:20:35,549 kilosort.run_kilosort INFO     ----------------------------------------
2025-06-09 01:20:35,549 kilosort.run_kilosort INFO     Sorting /home/lss72/palmer_scratch/spike_sort/2014_03_26_Pair_2_0
2025-06-09 01:20:35,550 kilosort.run_kilosort DEBUG    Initial ops:

ops = {
    'n_chan_bin': 32,
    'fs': 30000,
    'batch_size': 60000,
    'nblocks': 1,
    'Th_universal': 9,
    'Th_learned': 8,
    'tmin': 0,
    'tmax': 10,
    'nt': 61,
    'shift': None,
    'scale': None,
    'artifact_threshold': inf,
    'nskip': 25,
    'whitening_range': 32,
    'highpass_cutoff': 300,
    'binning_depth': 5,
    'sig_interp': 20,
    'drift_smoothing': [0.5, 0.5, 0.5],
    'nt0min': 20,
    'dmin': None,
    'dminx': 32,
    'min_template_size': 10,
    'template_sizes': 5,
    'nearest_chans': 10,
    'nearest_templates': 100,
    'max_channel_distance': 32,
    'max_peels': 100,
    'templates_from_data': True,
    'n_templates': 6,
    'n_pcs': 6,
    'Th_single_ch': 6,
    'acg_threshold': 0.2,
    'ccg_threshold': 0.25,
    'cluster_downsampling': 20,
    'x_centers': None,
    'duplicate_spike_ms': 0.25,
    'position_limit': 100,
    'data_dir': PosixPath('/home/lss72/palmer_scratch/spike_sort'),
    'filename': PosixPath('/home/lss72/palmer_scratch/spike_sort/2014_03_26_Pair_2_0'),
    'data_dtype': dtype('float32'),
    'do_CAR': True,
    'invert_sign': False,
    'NTbuff': 60122,
    'Nchan': 32,
    'duplicate_spike_bins': 7,
    'torch_device': 'cuda',
    'save_preprocessed_copy': False
}

2025-06-09 01:20:35,551 kilosort.run_kilosort DEBUG    Probe dictionary:

probe = {
    'chanMap': np.array([ 0,  1,  2,  3,  4,  5,  6,  7,  8,  9, 10, 11, 12, 13, 14, 15, 16,
       17, 18, 19, 20, 21, 22, 23, 24, 25, 26, 27, 28, 29, 30, 31]),
    'xc': np.array([  0.,   0.,  18.,  18.,  18.,  18.,  18.,  18.,   0.,   0.,  18.,
        18.,  18.,  18.,   0.,   0.,   0.,   0., -18., -18., -18., -18.,
         0.,   0., -18., -18., -18., -18., -18., -18.,   0.,   0.],
      dtype=np.float32),
    'yc': np.array([275. , 225. ,  12.5,  37.5,  87.5, 137.5, 187.5, 237.5,  75. ,
        25. , 212.5, 162.5, 112.5,  62.5, 125. , 175. , 150. , 100. ,
        62.5, 112.5, 162.5, 212.5,   0. ,  50. , 237.5, 187.5, 137.5,
        87.5,  37.5,  12.5, 200. , 250. ], dtype=np.float32),
    'kcoords': np.array([0., 0., 0., 0., 0., 0., 0., 0., 0., 0., 0., 0., 0., 0., 0., 0., 0.,
       0., 0., 0., 0., 0., 0., 0., 0., 0., 0., 0., 0., 0., 0., 0.]),
    'n_chan': 32
}

2025-06-09 01:20:35,552 kilosort.run_kilosort INFO      
2025-06-09 01:20:35,552 kilosort.run_kilosort INFO     Computing preprocessing variables.
2025-06-09 01:20:35,553 kilosort.run_kilosort INFO     ----------------------------------------
2025-06-09 01:20:35,555 kilosort.run_kilosort INFO     N samples: 300000
2025-06-09 01:20:35,555 kilosort.run_kilosort INFO     N seconds: 10.0
2025-06-09 01:20:35,555 kilosort.run_kilosort INFO     N batches: 5
2025-06-09 01:20:35,591 kilosort.run_kilosort INFO     Preprocessing filters computed in  0.04s; total  0.04s
2025-06-09 01:20:35,592 kilosort.run_kilosort DEBUG    hp_filter shape: torch.Size([30122])
2025-06-09 01:20:35,592 kilosort.run_kilosort DEBUG    whiten_mat shape: torch.Size([32, 32])
2025-06-09 01:20:35,592 kilosort.run_kilosort INFO      
2025-06-09 01:20:35,592 kilosort.run_kilosort INFO     Resource usage after preprocessing
2025-06-09 01:20:35,592 kilosort.run_kilosort INFO     ********************************************************
2025-06-09 01:20:35,593 kilosort.run_kilosort INFO     CPU usage:    33.30 %
2025-06-09 01:20:35,594 kilosort.run_kilosort INFO     Memory:        5.20 %     |     39.22   /   754.60 GB
2025-06-09 01:20:35,594 kilosort.run_kilosort INFO     ------------------------------------------------------
2025-06-09 01:20:35,594 kilosort.run_kilosort INFO     GPU usage:    `conda install pynvml` for GPU usage
2025-06-09 01:20:35,595 kilosort.run_kilosort INFO     GPU memory:   17.43 %     |      6.89   /    39.50 GB
2025-06-09 01:20:35,595 kilosort.run_kilosort INFO     Allocated:     0.02 %     |      0.01   /    39.50 GB
2025-06-09 01:20:35,596 kilosort.run_kilosort INFO     Max alloc:     0.75 %     |      0.30   /    39.50 GB
2025-06-09 01:20:35,596 kilosort.run_kilosort INFO     ********************************************************
2025-06-09 01:20:35,597 kilosort.run_kilosort INFO      
2025-06-09 01:20:35,597 kilosort.run_kilosort INFO     Computing drift correction.
2025-06-09 01:20:35,598 kilosort.run_kilosort INFO     ----------------------------------------
2025-06-09 01:20:35,598 kilosort.spikedetect INFO     Re-computing universal templates from data.
2025-06-09 01:20:35,632 kilosort.spikedetect INFO     Number of universal templates: 135
2025-06-09 01:20:35,635 kilosort.spikedetect INFO     Detecting spikes...
2025-06-09 01:20:35,638 kilosort.spikedetect DEBUG     
2025-06-09 01:20:35,638 kilosort.spikedetect DEBUG    Batch 0
2025-06-09 01:20:35,638 kilosort.spikedetect DEBUG    ********************************************************
2025-06-09 01:20:35,638 kilosort.spikedetect DEBUG    CPU usage:    52.50 %
2025-06-09 01:20:35,638 kilosort.spikedetect DEBUG    Memory:        5.20 %     |     39.24   /   754.60 GB
2025-06-09 01:20:35,638 kilosort.spikedetect DEBUG    ------------------------------------------------------
2025-06-09 01:20:35,638 kilosort.spikedetect DEBUG    GPU usage:    `conda install pynvml` for GPU usage
2025-06-09 01:20:35,638 kilosort.spikedetect DEBUG    GPU memory:   17.43 %     |      6.89   /    39.50 GB
2025-06-09 01:20:35,638 kilosort.spikedetect DEBUG    Allocated:     0.02 %     |      0.01   /    39.50 GB
2025-06-09 01:20:35,639 kilosort.spikedetect DEBUG    Max alloc:     0.75 %     |      0.30   /    39.50 GB
2025-06-09 01:20:35,639 kilosort.spikedetect DEBUG    ********************************************************
2025-06-09 01:20:35,852 kilosort.spikedetect DEBUG     
2025-06-09 01:20:35,852 kilosort.spikedetect DEBUG    Batch 4
2025-06-09 01:20:35,852 kilosort.spikedetect DEBUG    ********************************************************
2025-06-09 01:20:35,853 kilosort.spikedetect DEBUG    CPU usage:    36.10 %
2025-06-09 01:20:35,853 kilosort.spikedetect DEBUG    Memory:        5.22 %     |     39.36   /   754.60 GB
2025-06-09 01:20:35,853 kilosort.spikedetect DEBUG    ------------------------------------------------------
2025-06-09 01:20:35,853 kilosort.spikedetect DEBUG    GPU usage:    `conda install pynvml` for GPU usage
2025-06-09 01:20:35,853 kilosort.spikedetect DEBUG    GPU memory:   17.43 %     |      6.89   /    39.50 GB
2025-06-09 01:20:35,853 kilosort.spikedetect DEBUG    Allocated:     0.04 %     |      0.02   /    39.50 GB
2025-06-09 01:20:35,853 kilosort.spikedetect DEBUG    Max alloc:     0.75 %     |      0.30   /    39.50 GB
2025-06-09 01:20:35,853 kilosort.spikedetect DEBUG    ********************************************************
2025-06-09 01:20:35,925 kilosort.run_kilosort INFO     drift computed in  0.33s; total  0.38s
2025-06-09 01:20:35,929 kilosort.run_kilosort DEBUG    st shape: (1320, 6)
2025-06-09 01:20:35,929 kilosort.run_kilosort DEBUG    yblk shape: (1,)
2025-06-09 01:20:35,929 kilosort.run_kilosort DEBUG    dshift shape: (5, 1)
2025-06-09 01:20:35,929 kilosort.run_kilosort DEBUG    iKxx shape: torch.Size([32, 32])
2025-06-09 01:20:35,929 kilosort.run_kilosort INFO      
2025-06-09 01:20:35,929 kilosort.run_kilosort INFO     Resource usage after drift correction
2025-06-09 01:20:35,930 kilosort.run_kilosort INFO     ********************************************************
2025-06-09 01:20:35,930 kilosort.run_kilosort INFO     CPU usage:    36.90 %
2025-06-09 01:20:35,931 kilosort.run_kilosort INFO     Memory:        5.20 %     |     39.22   /   754.60 GB
2025-06-09 01:20:35,931 kilosort.run_kilosort INFO     ------------------------------------------------------
2025-06-09 01:20:35,931 kilosort.run_kilosort INFO     GPU usage:    `conda install pynvml` for GPU usage
2025-06-09 01:20:35,932 kilosort.run_kilosort INFO     GPU memory:   17.43 %     |      6.89   /    39.50 GB
2025-06-09 01:20:35,932 kilosort.run_kilosort INFO     Allocated:     0.02 %     |      0.01   /    39.50 GB
2025-06-09 01:20:35,933 kilosort.run_kilosort INFO     Max alloc:     0.75 %     |      0.30   /    39.50 GB
2025-06-09 01:20:35,933 kilosort.run_kilosort INFO     ********************************************************
2025-06-09 01:20:35,934 kilosort.run_kilosort DEBUG    

|===========================================================================|
|                  PyTorch CUDA memory summary, device ID 0                 |
|---------------------------------------------------------------------------|
|            CUDA OOMs: 0            |        cudaMalloc retries: 0         |
|===========================================================================|
|        Metric         | Cur Usage  | Peak Usage | Tot Alloc  | Tot Freed  |
|---------------------------------------------------------------------------|
| Allocated memory      |   8867 KiB | 310173 KiB |  21806 GiB |  21806 GiB |
|---------------------------------------------------------------------------|
| Active memory         |   8867 KiB | 310173 KiB |  21806 GiB |  21806 GiB |
|---------------------------------------------------------------------------|
| Requested memory      |   8864 KiB | 310087 KiB |  21565 GiB |  21565 GiB |
|---------------------------------------------------------------------------|
| GPU reserved memory   | 481280 KiB | 481280 KiB | 481280 KiB |      0 B   |
|---------------------------------------------------------------------------|
| Non-releasable memory |  13660 KiB | 184425 KiB |  11847 GiB |  11847 GiB |
|---------------------------------------------------------------------------|
| Allocations           |      20    |      56    |    4724 K  |    4724 K  |
|---------------------------------------------------------------------------|
| Active allocs         |      20    |      56    |    4724 K  |    4724 K  |
|---------------------------------------------------------------------------|
| GPU reserved segments |      15    |      15    |      15    |       0    |
|---------------------------------------------------------------------------|
| Non-releasable allocs |      13    |      27    |    1931 K  |    1931 K  |
|---------------------------------------------------------------------------|
| Oversize allocations  |       0    |       0    |       0    |       0    |
|---------------------------------------------------------------------------|
| Oversize GPU segments |       0    |       0    |       0    |       0    |
|===========================================================================|


2025-06-09 01:20:35,940 kilosort.run_kilosort DEBUG    First batch min, max: (-19.73767, 10.214595)
2025-06-09 01:20:35,940 kilosort.run_kilosort INFO      
2025-06-09 01:20:35,940 kilosort.run_kilosort INFO     Extracting spikes using templates
2025-06-09 01:20:35,941 kilosort.run_kilosort INFO     ----------------------------------------
2025-06-09 01:20:35,941 kilosort.spikedetect INFO     Re-computing universal templates from data.
2025-06-09 01:20:35,971 kilosort.spikedetect INFO     Number of universal templates: 135
2025-06-09 01:20:35,976 kilosort.spikedetect INFO     Detecting spikes...
2025-06-09 01:20:35,977 kilosort.spikedetect DEBUG     
2025-06-09 01:20:35,977 kilosort.spikedetect DEBUG    Batch 0
2025-06-09 01:20:35,978 kilosort.spikedetect DEBUG    ********************************************************
2025-06-09 01:20:35,978 kilosort.spikedetect DEBUG    CPU usage:    43.60 %
2025-06-09 01:20:35,978 kilosort.spikedetect DEBUG    Memory:        5.20 %     |     39.24   /   754.60 GB
2025-06-09 01:20:35,978 kilosort.spikedetect DEBUG    ------------------------------------------------------
2025-06-09 01:20:35,978 kilosort.spikedetect DEBUG    GPU usage:    `conda install pynvml` for GPU usage
2025-06-09 01:20:35,978 kilosort.spikedetect DEBUG    GPU memory:   17.43 %     |      6.89   /    39.50 GB
2025-06-09 01:20:35,978 kilosort.spikedetect DEBUG    Allocated:     0.02 %     |      0.01   /    39.50 GB
2025-06-09 01:20:35,978 kilosort.spikedetect DEBUG    Max alloc:     0.75 %     |      0.30   /    39.50 GB
2025-06-09 01:20:35,978 kilosort.spikedetect DEBUG    ********************************************************
2025-06-09 01:20:36,121 kilosort.spikedetect DEBUG     
2025-06-09 01:20:36,121 kilosort.spikedetect DEBUG    Batch 4
2025-06-09 01:20:36,121 kilosort.spikedetect DEBUG    ********************************************************
2025-06-09 01:20:36,121 kilosort.spikedetect DEBUG    CPU usage:    30.80 %
2025-06-09 01:20:36,121 kilosort.spikedetect DEBUG    Memory:        5.21 %     |     39.29   /   754.60 GB
2025-06-09 01:20:36,121 kilosort.spikedetect DEBUG    ------------------------------------------------------
2025-06-09 01:20:36,122 kilosort.spikedetect DEBUG    GPU usage:    `conda install pynvml` for GPU usage
2025-06-09 01:20:36,122 kilosort.spikedetect DEBUG    GPU memory:   17.43 %     |      6.89   /    39.50 GB
2025-06-09 01:20:36,122 kilosort.spikedetect DEBUG    Allocated:     0.04 %     |      0.02   /    39.50 GB
2025-06-09 01:20:36,122 kilosort.spikedetect DEBUG    Max alloc:     0.75 %     |      0.30   /    39.50 GB
2025-06-09 01:20:36,122 kilosort.spikedetect DEBUG    ********************************************************
2025-06-09 01:20:36,122 kilosort.run_kilosort INFO     1295 spikes extracted in  0.18s; total  0.57s
2025-06-09 01:20:36,122 kilosort.run_kilosort DEBUG    st0 shape: (1295, 6)
2025-06-09 01:20:36,123 kilosort.run_kilosort DEBUG    tF shape: torch.Size([1295, 10, 6])
2025-06-09 01:20:36,123 kilosort.run_kilosort INFO      
2025-06-09 01:20:36,123 kilosort.run_kilosort INFO     First clustering
2025-06-09 01:20:36,123 kilosort.run_kilosort INFO     ----------------------------------------
2025-06-09 01:20:36,133 kilosort.clustering_qr DEBUG     
2025-06-09 01:20:36,133 kilosort.clustering_qr DEBUG    Cluster center: 0 of 12
2025-06-09 01:20:36,133 kilosort.clustering_qr DEBUG    ********************************************************
2025-06-09 01:20:36,133 kilosort.clustering_qr DEBUG    CPU usage:    39.50 %
2025-06-09 01:20:36,133 kilosort.clustering_qr DEBUG    Memory:        5.21 %     |     39.29   /   754.60 GB
2025-06-09 01:20:36,133 kilosort.clustering_qr DEBUG    ------------------------------------------------------
2025-06-09 01:20:36,133 kilosort.clustering_qr DEBUG    GPU usage:    `conda install pynvml` for GPU usage
2025-06-09 01:20:36,133 kilosort.clustering_qr DEBUG    GPU memory:   17.43 %     |      6.89   /    39.50 GB
2025-06-09 01:20:36,134 kilosort.clustering_qr DEBUG    Allocated:     0.02 %     |      0.01   /    39.50 GB
2025-06-09 01:20:36,134 kilosort.clustering_qr DEBUG    Max alloc:     0.75 %     |      0.30   /    39.50 GB
2025-06-09 01:20:36,134 kilosort.clustering_qr DEBUG    ********************************************************
2025-06-09 01:20:36,137 kilosort.clustering_qr DEBUG    Center 0 | nsp: 218 | ntemp: 12
2025-06-09 01:20:36,139 kilosort.clustering_qr DEBUG    Center 1 | nsp: 141 | ntemp: 12
2025-06-09 01:20:36,141 kilosort.clustering_qr DEBUG    Center 2 | nsp: 85 | ntemp: 12
2025-06-09 01:20:36,143 kilosort.clustering_qr DEBUG    Center 3 | nsp: 48 | ntemp: 12
2025-06-09 01:20:36,145 kilosort.clustering_qr DEBUG    Center 4 | nsp: 64 | ntemp: 12
2025-06-09 01:20:36,148 kilosort.clustering_qr DEBUG    Center 5 | nsp: 68 | ntemp: 12
2025-06-09 01:20:36,150 kilosort.clustering_qr DEBUG    Center 6 | nsp: 163 | ntemp: 12
2025-06-09 01:20:36,152 kilosort.clustering_qr DEBUG    Center 7 | nsp: 56 | ntemp: 12
2025-06-09 01:20:36,154 kilosort.clustering_qr DEBUG    Center 8 | nsp: 143 | ntemp: 12
2025-06-09 01:20:36,156 kilosort.clustering_qr DEBUG    Center 9 | nsp: 152 | ntemp: 12
2025-06-09 01:20:36,157 kilosort.clustering_qr DEBUG     
2025-06-09 01:20:36,157 kilosort.clustering_qr DEBUG    Cluster center: 10 of 12
2025-06-09 01:20:36,157 kilosort.clustering_qr DEBUG    ********************************************************
2025-06-09 01:20:36,157 kilosort.clustering_qr DEBUG    CPU usage:    53.60 %
2025-06-09 01:20:36,157 kilosort.clustering_qr DEBUG    Memory:        5.20 %     |     39.24   /   754.60 GB
2025-06-09 01:20:36,157 kilosort.clustering_qr DEBUG    ------------------------------------------------------
2025-06-09 01:20:36,157 kilosort.clustering_qr DEBUG    GPU usage:    `conda install pynvml` for GPU usage
2025-06-09 01:20:36,157 kilosort.clustering_qr DEBUG    GPU memory:   17.43 %     |      6.89   /    39.50 GB
2025-06-09 01:20:36,157 kilosort.clustering_qr DEBUG    Allocated:     0.02 %     |      0.01   /    39.50 GB
2025-06-09 01:20:36,158 kilosort.clustering_qr DEBUG    Max alloc:     0.75 %     |      0.30   /    39.50 GB
2025-06-09 01:20:36,158 kilosort.clustering_qr DEBUG    ********************************************************
2025-06-09 01:20:36,159 kilosort.clustering_qr DEBUG    Center 10 | nsp: 101 | ntemp: 12
2025-06-09 01:20:36,161 kilosort.clustering_qr DEBUG    Center 11 | nsp: 56 | ntemp: 3
2025-06-09 01:20:36,179 kilosort.run_kilosort INFO     12 clusters found, in  0.06s; total  0.63s
2025-06-09 01:20:36,180 kilosort.run_kilosort DEBUG    clu shape: (1295,)
2025-06-09 01:20:36,180 kilosort.run_kilosort DEBUG    Wall shape: torch.Size([12, 32, 6])
2025-06-09 01:20:36,180 kilosort.run_kilosort INFO      
2025-06-09 01:20:36,180 kilosort.run_kilosort INFO     Extracting spikes using cluster waveforms
2025-06-09 01:20:36,180 kilosort.run_kilosort INFO     ----------------------------------------
2025-06-09 01:20:36,197 kilosort.template_matching DEBUG     
2025-06-09 01:20:36,197 kilosort.template_matching DEBUG    Batch 0
2025-06-09 01:20:36,197 kilosort.template_matching DEBUG    ********************************************************
2025-06-09 01:20:36,198 kilosort.template_matching DEBUG    CPU usage:    41.90 %
2025-06-09 01:20:36,198 kilosort.template_matching DEBUG    Memory:        5.23 %     |     39.46   /   754.60 GB
2025-06-09 01:20:36,198 kilosort.template_matching DEBUG    ------------------------------------------------------
2025-06-09 01:20:36,198 kilosort.template_matching DEBUG    GPU usage:    `conda install pynvml` for GPU usage
2025-06-09 01:20:36,198 kilosort.template_matching DEBUG    GPU memory:   17.43 %     |      6.89   /    39.50 GB
2025-06-09 01:20:36,198 kilosort.template_matching DEBUG    Allocated:     0.02 %     |      0.01   /    39.50 GB
2025-06-09 01:20:36,198 kilosort.template_matching DEBUG    Max alloc:     0.75 %     |      0.30   /    39.50 GB
2025-06-09 01:20:36,199 kilosort.template_matching DEBUG    ********************************************************
2025-06-09 01:20:36,288 kilosort.template_matching DEBUG     
2025-06-09 01:20:36,288 kilosort.template_matching DEBUG    Batch 4
2025-06-09 01:20:36,288 kilosort.template_matching DEBUG    ********************************************************
2025-06-09 01:20:36,288 kilosort.template_matching DEBUG    CPU usage:    28.10 %
2025-06-09 01:20:36,288 kilosort.template_matching DEBUG    Memory:        5.22 %     |     39.42   /   754.60 GB
2025-06-09 01:20:36,288 kilosort.template_matching DEBUG    ------------------------------------------------------
2025-06-09 01:20:36,288 kilosort.template_matching DEBUG    GPU usage:    `conda install pynvml` for GPU usage
2025-06-09 01:20:36,288 kilosort.template_matching DEBUG    GPU memory:   17.43 %     |      6.89   /    39.50 GB
2025-06-09 01:20:36,289 kilosort.template_matching DEBUG    Allocated:     0.06 %     |      0.02   /    39.50 GB
2025-06-09 01:20:36,289 kilosort.template_matching DEBUG    Max alloc:     0.75 %     |      0.30   /    39.50 GB
2025-06-09 01:20:36,289 kilosort.template_matching DEBUG    ********************************************************
2025-06-09 01:20:36,290 kilosort.run_kilosort INFO     1628 spikes extracted in  0.11s; total  0.74s
2025-06-09 01:20:36,294 kilosort.run_kilosort DEBUG    st shape: (1628, 3)
2025-06-09 01:20:36,294 kilosort.run_kilosort DEBUG    tF shape: torch.Size([1628, 10, 6])
2025-06-09 01:20:36,294 kilosort.run_kilosort DEBUG    iCC shape: torch.Size([10, 32])
2025-06-09 01:20:36,294 kilosort.run_kilosort DEBUG    iU shape: torch.Size([12])
2025-06-09 01:20:36,294 kilosort.run_kilosort INFO      
2025-06-09 01:20:36,294 kilosort.run_kilosort INFO     Resource usage after spike detection
2025-06-09 01:20:36,295 kilosort.run_kilosort INFO     ********************************************************
2025-06-09 01:20:36,295 kilosort.run_kilosort INFO     CPU usage:    41.70 %
2025-06-09 01:20:36,296 kilosort.run_kilosort INFO     Memory:        5.19 %     |     39.20   /   754.60 GB
2025-06-09 01:20:36,296 kilosort.run_kilosort INFO     ------------------------------------------------------
2025-06-09 01:20:36,296 kilosort.run_kilosort INFO     GPU usage:    `conda install pynvml` for GPU usage
2025-06-09 01:20:36,297 kilosort.run_kilosort INFO     GPU memory:   17.43 %     |      6.89   /    39.50 GB
2025-06-09 01:20:36,297 kilosort.run_kilosort INFO     Allocated:     0.02 %     |      0.01   /    39.50 GB
2025-06-09 01:20:36,298 kilosort.run_kilosort INFO     Max alloc:     0.75 %     |      0.30   /    39.50 GB
2025-06-09 01:20:36,298 kilosort.run_kilosort INFO     ********************************************************
2025-06-09 01:20:36,299 kilosort.run_kilosort DEBUG    

|===========================================================================|
|                  PyTorch CUDA memory summary, device ID 0                 |
|---------------------------------------------------------------------------|
|            CUDA OOMs: 0            |        cudaMalloc retries: 0         |
|===========================================================================|
|        Metric         | Cur Usage  | Peak Usage | Tot Alloc  | Tot Freed  |
|---------------------------------------------------------------------------|
| Allocated memory      |   8880 KiB | 310173 KiB |  21847 GiB |  21847 GiB |
|---------------------------------------------------------------------------|
| Active memory         |   8880 KiB | 310173 KiB |  21847 GiB |  21847 GiB |
|---------------------------------------------------------------------------|
| Requested memory      |   8876 KiB | 310087 KiB |  21606 GiB |  21606 GiB |
|---------------------------------------------------------------------------|
| GPU reserved memory   | 481280 KiB | 481280 KiB | 481280 KiB |      0 B   |
|---------------------------------------------------------------------------|
| Non-releasable memory |  13648 KiB | 184425 KiB |  11867 GiB |  11867 GiB |
|---------------------------------------------------------------------------|
| Allocations           |      24    |      56    |    4731 K  |    4731 K  |
|---------------------------------------------------------------------------|
| Active allocs         |      24    |      56    |    4731 K  |    4731 K  |
|---------------------------------------------------------------------------|
| GPU reserved segments |      15    |      15    |      15    |       0    |
|---------------------------------------------------------------------------|
| Non-releasable allocs |      11    |      27    |    1934 K  |    1934 K  |
|---------------------------------------------------------------------------|
| Oversize allocations  |       0    |       0    |       0    |       0    |
|---------------------------------------------------------------------------|
| Oversize GPU segments |       0    |       0    |       0    |       0    |
|===========================================================================|


2025-06-09 01:20:36,299 kilosort.run_kilosort INFO      
2025-06-09 01:20:36,299 kilosort.run_kilosort INFO     Final clustering
2025-06-09 01:20:36,300 kilosort.run_kilosort INFO     ----------------------------------------
2025-06-09 01:20:36,309 kilosort.clustering_qr DEBUG     
2025-06-09 01:20:36,309 kilosort.clustering_qr DEBUG    Cluster center: 0 of 12
2025-06-09 01:20:36,310 kilosort.clustering_qr DEBUG    ********************************************************
2025-06-09 01:20:36,310 kilosort.clustering_qr DEBUG    CPU usage:    35.80 %
2025-06-09 01:20:36,310 kilosort.clustering_qr DEBUG    Memory:        5.19 %     |     39.20   /   754.60 GB
2025-06-09 01:20:36,310 kilosort.clustering_qr DEBUG    ------------------------------------------------------
2025-06-09 01:20:36,310 kilosort.clustering_qr DEBUG    GPU usage:    `conda install pynvml` for GPU usage
2025-06-09 01:20:36,310 kilosort.clustering_qr DEBUG    GPU memory:   17.43 %     |      6.89   /    39.50 GB
2025-06-09 01:20:36,310 kilosort.clustering_qr DEBUG    Allocated:     0.02 %     |      0.01   /    39.50 GB
2025-06-09 01:20:36,310 kilosort.clustering_qr DEBUG    Max alloc:     0.75 %     |      0.30   /    39.50 GB
2025-06-09 01:20:36,310 kilosort.clustering_qr DEBUG    ********************************************************
2025-06-09 01:20:36,311 kilosort.clustering_qr DEBUG    Center 0 | nsp: 264 | ntemp: 1
2025-06-09 01:20:36,312 kilosort.clustering_qr DEBUG    Center 1 | nsp: 99 | ntemp: 1
2025-06-09 01:20:36,313 kilosort.clustering_qr DEBUG    Center 2 | nsp: 52 | ntemp: 1
2025-06-09 01:20:36,314 kilosort.clustering_qr DEBUG    Center 3 | nsp: 112 | ntemp: 1
2025-06-09 01:20:36,315 kilosort.clustering_qr DEBUG    Center 4 | nsp: 65 | ntemp: 1
2025-06-09 01:20:36,316 kilosort.clustering_qr DEBUG    Center 5 | nsp: 88 | ntemp: 1
2025-06-09 01:20:36,317 kilosort.clustering_qr DEBUG    Center 6 | nsp: 159 | ntemp: 1
2025-06-09 01:20:36,318 kilosort.clustering_qr DEBUG    Center 7 | nsp: 86 | ntemp: 1
2025-06-09 01:20:36,319 kilosort.clustering_qr DEBUG    Center 8 | nsp: 146 | ntemp: 1
2025-06-09 01:20:36,320 kilosort.clustering_qr DEBUG    Center 9 | nsp: 139 | ntemp: 1
2025-06-09 01:20:36,320 kilosort.clustering_qr DEBUG     
2025-06-09 01:20:36,320 kilosort.clustering_qr DEBUG    Cluster center: 10 of 12
2025-06-09 01:20:36,320 kilosort.clustering_qr DEBUG    ********************************************************
2025-06-09 01:20:36,321 kilosort.clustering_qr DEBUG    CPU usage:    47.40 %
2025-06-09 01:20:36,321 kilosort.clustering_qr DEBUG    Memory:        5.20 %     |     39.20   /   754.60 GB
2025-06-09 01:20:36,321 kilosort.clustering_qr DEBUG    ------------------------------------------------------
2025-06-09 01:20:36,321 kilosort.clustering_qr DEBUG    GPU usage:    `conda install pynvml` for GPU usage
2025-06-09 01:20:36,321 kilosort.clustering_qr DEBUG    GPU memory:   17.43 %     |      6.89   /    39.50 GB
2025-06-09 01:20:36,321 kilosort.clustering_qr DEBUG    Allocated:     0.02 %     |      0.01   /    39.50 GB
2025-06-09 01:20:36,321 kilosort.clustering_qr DEBUG    Max alloc:     0.75 %     |      0.30   /    39.50 GB
2025-06-09 01:20:36,321 kilosort.clustering_qr DEBUG    ********************************************************
2025-06-09 01:20:36,321 kilosort.clustering_qr DEBUG    Center 10 | nsp: 0 | ntemp: 0
2025-06-09 01:20:36,322 kilosort.clustering_qr DEBUG    Center 11 | nsp: 418 | ntemp: 2
2025-06-09 01:20:36,328 kilosort.run_kilosort INFO     11 clusters found, in  0.03s; total  0.78s
2025-06-09 01:20:36,328 kilosort.run_kilosort DEBUG    clu shape: (1628,)
2025-06-09 01:20:36,328 kilosort.run_kilosort DEBUG    Wall shape: torch.Size([11, 32, 6])
2025-06-09 01:20:36,329 kilosort.run_kilosort INFO      
2025-06-09 01:20:36,329 kilosort.run_kilosort INFO     Merging clusters
2025-06-09 01:20:36,329 kilosort.run_kilosort INFO     ----------------------------------------
2025-06-09 01:20:36,334 kilosort.run_kilosort INFO     11 units found, in  0.00s; total  0.78s
2025-06-09 01:20:36,334 kilosort.run_kilosort DEBUG    clu shape: (1628,)
2025-06-09 01:20:36,334 kilosort.run_kilosort DEBUG    Wall shape: torch.Size([11, 32, 6])
2025-06-09 01:20:36,334 kilosort.run_kilosort INFO      
2025-06-09 01:20:36,334 kilosort.run_kilosort INFO     Resource usage after clustering
2025-06-09 01:20:36,335 kilosort.run_kilosort INFO     ********************************************************
2025-06-09 01:20:36,335 kilosort.run_kilosort INFO     CPU usage:    37.70 %
2025-06-09 01:20:36,336 kilosort.run_kilosort INFO     Memory:        5.20 %     |     39.21   /   754.60 GB
2025-06-09 01:20:36,336 kilosort.run_kilosort INFO     ------------------------------------------------------
2025-06-09 01:20:36,336 kilosort.run_kilosort INFO     GPU usage:    `conda install pynvml` for GPU usage
2025-06-09 01:20:36,337 kilosort.run_kilosort INFO     GPU memory:   17.43 %     |      6.89   /    39.50 GB
2025-06-09 01:20:36,338 kilosort.run_kilosort INFO     Allocated:     0.02 %     |      0.01   /    39.50 GB
2025-06-09 01:20:36,338 kilosort.run_kilosort INFO     Max alloc:     0.75 %     |      0.30   /    39.50 GB
2025-06-09 01:20:36,338 kilosort.run_kilosort INFO     ********************************************************
2025-06-09 01:20:36,339 kilosort.run_kilosort DEBUG    

|===========================================================================|
|                  PyTorch CUDA memory summary, device ID 0                 |
|---------------------------------------------------------------------------|
|            CUDA OOMs: 0            |        cudaMalloc retries: 0         |
|===========================================================================|
|        Metric         | Cur Usage  | Peak Usage | Tot Alloc  | Tot Freed  |
|---------------------------------------------------------------------------|
| Allocated memory      |   8871 KiB | 310173 KiB |  21847 GiB |  21847 GiB |
|---------------------------------------------------------------------------|
| Active memory         |   8871 KiB | 310173 KiB |  21847 GiB |  21847 GiB |
|---------------------------------------------------------------------------|
| Requested memory      |   8867 KiB | 310087 KiB |  21606 GiB |  21606 GiB |
|---------------------------------------------------------------------------|
| GPU reserved memory   | 481280 KiB | 481280 KiB | 481280 KiB |      0 B   |
|---------------------------------------------------------------------------|
| Non-releasable memory |  13657 KiB | 184425 KiB |  11867 GiB |  11867 GiB |
|---------------------------------------------------------------------------|
| Allocations           |      23    |      56    |    4732 K  |    4732 K  |
|---------------------------------------------------------------------------|
| Active allocs         |      23    |      56    |    4732 K  |    4732 K  |
|---------------------------------------------------------------------------|
| GPU reserved segments |      15    |      15    |      15    |       0    |
|---------------------------------------------------------------------------|
| Non-releasable allocs |      11    |      27    |    1934 K  |    1934 K  |
|---------------------------------------------------------------------------|
| Oversize allocations  |       0    |       0    |       0    |       0    |
|---------------------------------------------------------------------------|
| Oversize GPU segments |       0    |       0    |       0    |       0    |
|===========================================================================|


2025-06-09 01:20:36,339 kilosort.run_kilosort INFO      
2025-06-09 01:20:36,339 kilosort.run_kilosort INFO     Saving to phy and computing refractory periods
2025-06-09 01:20:36,340 kilosort.run_kilosort INFO     ----------------------------------------
2025-06-09 01:20:36,441 kilosort.run_kilosort INFO     2 units found with good refractory periods
2025-06-09 01:20:36,442 kilosort.run_kilosort INFO     Total runtime: 0.89s = 00:00:1 h:m:s
2025-06-09 01:20:36,448 kilosort.run_kilosort INFO     Sorting output saved in: /home/lss72/palmer_scratch/spike_sort/kilosort4.
2025-06-09 01:20:36,448 kilosort.run_kilosort INFO      
2025-06-09 01:20:36,448 kilosort.run_kilosort INFO     Resource usage after saving
2025-06-09 01:20:36,449 kilosort.run_kilosort INFO     ********************************************************
2025-06-09 01:20:36,449 kilosort.run_kilosort INFO     CPU usage:    31.70 %
2025-06-09 01:20:36,450 kilosort.run_kilosort INFO     Memory:        5.20 %     |     39.25   /   754.60 GB
2025-06-09 01:20:36,450 kilosort.run_kilosort INFO     ------------------------------------------------------
2025-06-09 01:20:36,451 kilosort.run_kilosort INFO     GPU usage:    `conda install pynvml` for GPU usage
2025-06-09 01:20:36,451 kilosort.run_kilosort INFO     GPU memory:   17.43 %     |      6.89   /    39.50 GB
2025-06-09 01:20:36,452 kilosort.run_kilosort INFO     Allocated:     0.02 %     |      0.01   /    39.50 GB
2025-06-09 01:20:36,452 kilosort.run_kilosort INFO     Max alloc:     0.75 %     |      0.30   /    39.50 GB
2025-06-09 01:20:36,453 kilosort.run_kilosort INFO     ********************************************************
2025-06-09 01:20:36,454 kilosort.run_kilosort DEBUG    

|===========================================================================|
|                  PyTorch CUDA memory summary, device ID 0                 |
|---------------------------------------------------------------------------|
|            CUDA OOMs: 0            |        cudaMalloc retries: 0         |
|===========================================================================|
|        Metric         | Cur Usage  | Peak Usage | Tot Alloc  | Tot Freed  |
|---------------------------------------------------------------------------|
| Allocated memory      |   8871 KiB | 310173 KiB |  21847 GiB |  21847 GiB |
|---------------------------------------------------------------------------|
| Active memory         |   8871 KiB | 310173 KiB |  21847 GiB |  21847 GiB |
|---------------------------------------------------------------------------|
| Requested memory      |   8867 KiB | 310087 KiB |  21606 GiB |  21606 GiB |
|---------------------------------------------------------------------------|
| GPU reserved memory   | 481280 KiB | 481280 KiB | 481280 KiB |      0 B   |
|---------------------------------------------------------------------------|
| Non-releasable memory |  13657 KiB | 184425 KiB |  11867 GiB |  11867 GiB |
|---------------------------------------------------------------------------|
| Allocations           |      23    |      56    |    4732 K  |    4732 K  |
|---------------------------------------------------------------------------|
| Active allocs         |      23    |      56    |    4732 K  |    4732 K  |
|---------------------------------------------------------------------------|
| GPU reserved segments |      15    |      15    |      15    |       0    |
|---------------------------------------------------------------------------|
| Non-releasable allocs |      11    |      27    |    1934 K  |    1934 K  |
|---------------------------------------------------------------------------|
| Oversize allocations  |       0    |       0    |       0    |       0    |
|---------------------------------------------------------------------------|
| Oversize GPU segments |       0    |       0    |       0    |       0    |
|===========================================================================|


