2025-06-09 01:20:48,583 kilosort.run_kilosort INFO     Kilosort version 4.0.25
2025-06-09 01:20:48,587 kilosort.run_kilosort INFO     Python version 3.9.21
2025-06-09 01:20:48,588 kilosort.run_kilosort INFO     ----------------------------------------
2025-06-09 01:20:48,588 kilosort.run_kilosort INFO     System information:
2025-06-09 01:20:48,588 kilosort.run_kilosort INFO     Linux-4.18.0-477.74.1.el8_8.x86_64-x86_64-with-glibc2.28 x86_64
2025-06-09 01:20:48,589 kilosort.run_kilosort INFO     x86_64
2025-06-09 01:20:48,589 kilosort.run_kilosort INFO     Using GPU for PyTorch computations. Specify `device` to change this.
2025-06-09 01:20:48,589 kilosort.run_kilosort INFO     Using CUDA device: NVIDIA A100-PCIE-40GB 39.50GB
2025-06-09 01:20:48,590 kilosort.run_kilosort INFO     ----------------------------------------
2025-06-09 01:20:48,590 kilosort.run_kilosort INFO     Sorting /home/lss72/palmer_scratch/spike_sort/2014_03_26_Pair_2_0
2025-06-09 01:20:48,591 kilosort.run_kilosort DEBUG    Initial ops:

ops = {
    'n_chan_bin': 32,
    'fs': 30000,
    'batch_size': 60000,
    'nblocks': 1,
    'Th_universal': 9,
    'Th_learned': 8,
    'tmin': 0,
    'tmax': 5,
    'nt': 61,
    'shift': None,
    'scale': None,
    'artifact_threshold': inf,
    'nskip': 25,
    'whitening_range': 32,
    'highpass_cutoff': 300,
    'binning_depth': 5,
    'sig_interp': 20,
    'drift_smoothing': [0.5, 0.5, 0.5],
    'nt0min': 20,
    'dmin': None,
    'dminx': 32,
    'min_template_size': 10,
    'template_sizes': 5,
    'nearest_chans': 10,
    'nearest_templates': 100,
    'max_channel_distance': 32,
    'max_peels': 100,
    'templates_from_data': True,
    'n_templates': 6,
    'n_pcs': 6,
    'Th_single_ch': 6,
    'acg_threshold': 0.2,
    'ccg_threshold': 0.25,
    'cluster_downsampling': 20,
    'x_centers': None,
    'duplicate_spike_ms': 0.25,
    'position_limit': 100,
    'data_dir': PosixPath('/home/lss72/palmer_scratch/spike_sort'),
    'filename': PosixPath('/home/lss72/palmer_scratch/spike_sort/2014_03_26_Pair_2_0'),
    'data_dtype': dtype('float32'),
    'do_CAR': True,
    'invert_sign': False,
    'NTbuff': 60122,
    'Nchan': 32,
    'duplicate_spike_bins': 7,
    'torch_device': 'cuda',
    'save_preprocessed_copy': False
}

2025-06-09 01:20:48,593 kilosort.run_kilosort DEBUG    Probe dictionary:

probe = {
    'chanMap': np.array([ 0,  1,  2,  3,  4,  5,  6,  7,  8,  9, 10, 11, 12, 13, 14, 15, 16,
       17, 18, 19, 20, 21, 22, 23, 24, 25, 26, 27, 28, 29, 30, 31]),
    'xc': np.array([  0.,   0.,  18.,  18.,  18.,  18.,  18.,  18.,   0.,   0.,  18.,
        18.,  18.,  18.,   0.,   0.,   0.,   0., -18., -18., -18., -18.,
         0.,   0., -18., -18., -18., -18., -18., -18.,   0.,   0.],
      dtype=np.float32),
    'yc': np.array([275. , 225. ,  12.5,  37.5,  87.5, 137.5, 187.5, 237.5,  75. ,
        25. , 212.5, 162.5, 112.5,  62.5, 125. , 175. , 150. , 100. ,
        62.5, 112.5, 162.5, 212.5,   0. ,  50. , 237.5, 187.5, 137.5,
        87.5,  37.5,  12.5, 200. , 250. ], dtype=np.float32),
    'kcoords': np.array([0., 0., 0., 0., 0., 0., 0., 0., 0., 0., 0., 0., 0., 0., 0., 0., 0.,
       0., 0., 0., 0., 0., 0., 0., 0., 0., 0., 0., 0., 0., 0., 0.]),
    'n_chan': 32
}

2025-06-09 01:20:48,593 kilosort.run_kilosort INFO      
2025-06-09 01:20:48,594 kilosort.run_kilosort INFO     Computing preprocessing variables.
2025-06-09 01:20:48,594 kilosort.run_kilosort INFO     ----------------------------------------
2025-06-09 01:20:48,596 kilosort.run_kilosort INFO     N samples: 150000
2025-06-09 01:20:48,596 kilosort.run_kilosort INFO     N seconds: 5.0
2025-06-09 01:20:48,597 kilosort.run_kilosort INFO     N batches: 3
2025-06-09 01:20:48,633 kilosort.run_kilosort INFO     Preprocessing filters computed in  0.04s; total  0.04s
2025-06-09 01:20:48,633 kilosort.run_kilosort DEBUG    hp_filter shape: torch.Size([30122])
2025-06-09 01:20:48,633 kilosort.run_kilosort DEBUG    whiten_mat shape: torch.Size([32, 32])
2025-06-09 01:20:48,633 kilosort.run_kilosort INFO      
2025-06-09 01:20:48,634 kilosort.run_kilosort INFO     Resource usage after preprocessing
2025-06-09 01:20:48,634 kilosort.run_kilosort INFO     ********************************************************
2025-06-09 01:20:48,635 kilosort.run_kilosort INFO     CPU usage:    33.10 %
2025-06-09 01:20:48,635 kilosort.run_kilosort INFO     Memory:        5.19 %     |     39.20   /   754.60 GB
2025-06-09 01:20:48,636 kilosort.run_kilosort INFO     ------------------------------------------------------
2025-06-09 01:20:48,636 kilosort.run_kilosort INFO     GPU usage:    `conda install pynvml` for GPU usage
2025-06-09 01:20:48,637 kilosort.run_kilosort INFO     GPU memory:   17.43 %     |      6.89   /    39.50 GB
2025-06-09 01:20:48,637 kilosort.run_kilosort INFO     Allocated:     0.02 %     |      0.01   /    39.50 GB
2025-06-09 01:20:48,638 kilosort.run_kilosort INFO     Max alloc:     0.75 %     |      0.30   /    39.50 GB
2025-06-09 01:20:48,638 kilosort.run_kilosort INFO     ********************************************************
2025-06-09 01:20:48,639 kilosort.run_kilosort INFO      
2025-06-09 01:20:48,639 kilosort.run_kilosort INFO     Computing drift correction.
2025-06-09 01:20:48,640 kilosort.run_kilosort INFO     ----------------------------------------
2025-06-09 01:20:48,640 kilosort.spikedetect INFO     Re-computing universal templates from data.
2025-06-09 01:20:48,671 kilosort.spikedetect INFO     Number of universal templates: 135
2025-06-09 01:20:48,674 kilosort.spikedetect INFO     Detecting spikes...
2025-06-09 01:20:48,676 kilosort.spikedetect DEBUG     
2025-06-09 01:20:48,676 kilosort.spikedetect DEBUG    Batch 0
2025-06-09 01:20:48,676 kilosort.spikedetect DEBUG    ********************************************************
2025-06-09 01:20:48,676 kilosort.spikedetect DEBUG    CPU usage:    51.00 %
2025-06-09 01:20:48,676 kilosort.spikedetect DEBUG    Memory:        5.20 %     |     39.23   /   754.60 GB
2025-06-09 01:20:48,676 kilosort.spikedetect DEBUG    ------------------------------------------------------
2025-06-09 01:20:48,676 kilosort.spikedetect DEBUG    GPU usage:    `conda install pynvml` for GPU usage
2025-06-09 01:20:48,676 kilosort.spikedetect DEBUG    GPU memory:   17.43 %     |      6.89   /    39.50 GB
2025-06-09 01:20:48,677 kilosort.spikedetect DEBUG    Allocated:     0.02 %     |      0.01   /    39.50 GB
2025-06-09 01:20:48,677 kilosort.spikedetect DEBUG    Max alloc:     0.75 %     |      0.30   /    39.50 GB
2025-06-09 01:20:48,677 kilosort.spikedetect DEBUG    ********************************************************
2025-06-09 01:20:48,804 kilosort.spikedetect DEBUG     
2025-06-09 01:20:48,804 kilosort.spikedetect DEBUG    Batch 2
2025-06-09 01:20:48,804 kilosort.spikedetect DEBUG    ********************************************************
2025-06-09 01:20:48,805 kilosort.spikedetect DEBUG    CPU usage:    36.10 %
2025-06-09 01:20:48,805 kilosort.spikedetect DEBUG    Memory:        5.20 %     |     39.22   /   754.60 GB
2025-06-09 01:20:48,805 kilosort.spikedetect DEBUG    ------------------------------------------------------
2025-06-09 01:20:48,805 kilosort.spikedetect DEBUG    GPU usage:    `conda install pynvml` for GPU usage
2025-06-09 01:20:48,805 kilosort.spikedetect DEBUG    GPU memory:   17.43 %     |      6.89   /    39.50 GB
2025-06-09 01:20:48,805 kilosort.spikedetect DEBUG    Allocated:     0.04 %     |      0.02   /    39.50 GB
2025-06-09 01:20:48,806 kilosort.spikedetect DEBUG    Max alloc:     0.75 %     |      0.30   /    39.50 GB
2025-06-09 01:20:48,806 kilosort.spikedetect DEBUG    ********************************************************
2025-06-09 01:20:48,880 kilosort.run_kilosort INFO     drift computed in  0.24s; total  0.29s
2025-06-09 01:20:48,884 kilosort.run_kilosort DEBUG    st shape: (653, 6)
2025-06-09 01:20:48,884 kilosort.run_kilosort DEBUG    yblk shape: (1,)
2025-06-09 01:20:48,884 kilosort.run_kilosort DEBUG    dshift shape: (3, 1)
2025-06-09 01:20:48,884 kilosort.run_kilosort DEBUG    iKxx shape: torch.Size([32, 32])
2025-06-09 01:20:48,884 kilosort.run_kilosort INFO      
2025-06-09 01:20:48,885 kilosort.run_kilosort INFO     Resource usage after drift correction
2025-06-09 01:20:48,885 kilosort.run_kilosort INFO     ********************************************************
2025-06-09 01:20:48,886 kilosort.run_kilosort INFO     CPU usage:    37.70 %
2025-06-09 01:20:48,886 kilosort.run_kilosort INFO     Memory:        5.20 %     |     39.22   /   754.60 GB
2025-06-09 01:20:48,887 kilosort.run_kilosort INFO     ------------------------------------------------------
2025-06-09 01:20:48,887 kilosort.run_kilosort INFO     GPU usage:    `conda install pynvml` for GPU usage
2025-06-09 01:20:48,887 kilosort.run_kilosort INFO     GPU memory:   17.43 %     |      6.89   /    39.50 GB
2025-06-09 01:20:48,888 kilosort.run_kilosort INFO     Allocated:     0.02 %     |      0.01   /    39.50 GB
2025-06-09 01:20:48,889 kilosort.run_kilosort INFO     Max alloc:     0.75 %     |      0.30   /    39.50 GB
2025-06-09 01:20:48,889 kilosort.run_kilosort INFO     ********************************************************
2025-06-09 01:20:48,889 kilosort.run_kilosort DEBUG    

|===========================================================================|
|                  PyTorch CUDA memory summary, device ID 0                 |
|---------------------------------------------------------------------------|
|            CUDA OOMs: 0            |        cudaMalloc retries: 0         |
|===========================================================================|
|        Metric         | Cur Usage  | Peak Usage | Tot Alloc  | Tot Freed  |
|---------------------------------------------------------------------------|
| Allocated memory      |   8867 KiB | 310173 KiB |  21870 GiB |  21870 GiB |
|---------------------------------------------------------------------------|
| Active memory         |   8867 KiB | 310173 KiB |  21870 GiB |  21870 GiB |
|---------------------------------------------------------------------------|
| Requested memory      |   8864 KiB | 310087 KiB |  21629 GiB |  21629 GiB |
|---------------------------------------------------------------------------|
| GPU reserved memory   | 481280 KiB | 481280 KiB | 481280 KiB |      0 B   |
|---------------------------------------------------------------------------|
| Non-releasable memory |  13660 KiB | 184425 KiB |  11879 GiB |  11879 GiB |
|---------------------------------------------------------------------------|
| Allocations           |      20    |      56    |    4738 K  |    4738 K  |
|---------------------------------------------------------------------------|
| Active allocs         |      20    |      56    |    4738 K  |    4738 K  |
|---------------------------------------------------------------------------|
| GPU reserved segments |      15    |      15    |      15    |       0    |
|---------------------------------------------------------------------------|
| Non-releasable allocs |      11    |      27    |    1936 K  |    1936 K  |
|---------------------------------------------------------------------------|
| Oversize allocations  |       0    |       0    |       0    |       0    |
|---------------------------------------------------------------------------|
| Oversize GPU segments |       0    |       0    |       0    |       0    |
|===========================================================================|


2025-06-09 01:20:48,896 kilosort.run_kilosort DEBUG    First batch min, max: (-19.73767, 10.214595)
2025-06-09 01:20:48,896 kilosort.run_kilosort INFO      
2025-06-09 01:20:48,897 kilosort.run_kilosort INFO     Extracting spikes using templates
2025-06-09 01:20:48,897 kilosort.run_kilosort INFO     ----------------------------------------
2025-06-09 01:20:48,897 kilosort.spikedetect INFO     Re-computing universal templates from data.
2025-06-09 01:20:48,929 kilosort.spikedetect INFO     Number of universal templates: 135
2025-06-09 01:20:48,933 kilosort.spikedetect INFO     Detecting spikes...
2025-06-09 01:20:48,934 kilosort.spikedetect DEBUG     
2025-06-09 01:20:48,934 kilosort.spikedetect DEBUG    Batch 0
2025-06-09 01:20:48,934 kilosort.spikedetect DEBUG    ********************************************************
2025-06-09 01:20:48,935 kilosort.spikedetect DEBUG    CPU usage:    48.60 %
2025-06-09 01:20:48,935 kilosort.spikedetect DEBUG    Memory:        5.20 %     |     39.25   /   754.60 GB
2025-06-09 01:20:48,935 kilosort.spikedetect DEBUG    ------------------------------------------------------
2025-06-09 01:20:48,935 kilosort.spikedetect DEBUG    GPU usage:    `conda install pynvml` for GPU usage
2025-06-09 01:20:48,935 kilosort.spikedetect DEBUG    GPU memory:   17.43 %     |      6.89   /    39.50 GB
2025-06-09 01:20:48,935 kilosort.spikedetect DEBUG    Allocated:     0.02 %     |      0.01   /    39.50 GB
2025-06-09 01:20:48,935 kilosort.spikedetect DEBUG    Max alloc:     0.75 %     |      0.30   /    39.50 GB
2025-06-09 01:20:48,935 kilosort.spikedetect DEBUG    ********************************************************
2025-06-09 01:20:49,043 kilosort.spikedetect DEBUG     
2025-06-09 01:20:49,044 kilosort.spikedetect DEBUG    Batch 2
2025-06-09 01:20:49,044 kilosort.spikedetect DEBUG    ********************************************************
2025-06-09 01:20:49,044 kilosort.spikedetect DEBUG    CPU usage:    37.20 %
2025-06-09 01:20:49,044 kilosort.spikedetect DEBUG    Memory:        5.18 %     |     39.12   /   754.60 GB
2025-06-09 01:20:49,044 kilosort.spikedetect DEBUG    ------------------------------------------------------
2025-06-09 01:20:49,044 kilosort.spikedetect DEBUG    GPU usage:    `conda install pynvml` for GPU usage
2025-06-09 01:20:49,044 kilosort.spikedetect DEBUG    GPU memory:   17.43 %     |      6.89   /    39.50 GB
2025-06-09 01:20:49,044 kilosort.spikedetect DEBUG    Allocated:     0.04 %     |      0.02   /    39.50 GB
2025-06-09 01:20:49,045 kilosort.spikedetect DEBUG    Max alloc:     0.75 %     |      0.30   /    39.50 GB
2025-06-09 01:20:49,045 kilosort.spikedetect DEBUG    ********************************************************
2025-06-09 01:20:49,045 kilosort.run_kilosort INFO     637 spikes extracted in  0.15s; total  0.45s
2025-06-09 01:20:49,045 kilosort.run_kilosort DEBUG    st0 shape: (637, 6)
2025-06-09 01:20:49,045 kilosort.run_kilosort DEBUG    tF shape: torch.Size([637, 10, 6])
2025-06-09 01:20:49,045 kilosort.run_kilosort INFO      
2025-06-09 01:20:49,045 kilosort.run_kilosort INFO     First clustering
2025-06-09 01:20:49,046 kilosort.run_kilosort INFO     ----------------------------------------
2025-06-09 01:20:49,056 kilosort.clustering_qr DEBUG     
2025-06-09 01:20:49,056 kilosort.clustering_qr DEBUG    Cluster center: 0 of 12
2025-06-09 01:20:49,056 kilosort.clustering_qr DEBUG    ********************************************************
2025-06-09 01:20:49,056 kilosort.clustering_qr DEBUG    CPU usage:    47.60 %
2025-06-09 01:20:49,056 kilosort.clustering_qr DEBUG    Memory:        5.18 %     |     39.12   /   754.60 GB
2025-06-09 01:20:49,056 kilosort.clustering_qr DEBUG    ------------------------------------------------------
2025-06-09 01:20:49,056 kilosort.clustering_qr DEBUG    GPU usage:    `conda install pynvml` for GPU usage
2025-06-09 01:20:49,056 kilosort.clustering_qr DEBUG    GPU memory:   17.43 %     |      6.89   /    39.50 GB
2025-06-09 01:20:49,056 kilosort.clustering_qr DEBUG    Allocated:     0.02 %     |      0.01   /    39.50 GB
2025-06-09 01:20:49,057 kilosort.clustering_qr DEBUG    Max alloc:     0.75 %     |      0.30   /    39.50 GB
2025-06-09 01:20:49,057 kilosort.clustering_qr DEBUG    ********************************************************
2025-06-09 01:20:49,059 kilosort.clustering_qr DEBUG    Center 0 | nsp: 122 | ntemp: 12
2025-06-09 01:20:49,061 kilosort.clustering_qr DEBUG    Center 1 | nsp: 70 | ntemp: 12
2025-06-09 01:20:49,063 kilosort.clustering_qr DEBUG    Center 2 | nsp: 44 | ntemp: 12
2025-06-09 01:20:49,065 kilosort.clustering_qr DEBUG    Center 3 | nsp: 25 | ntemp: 12
2025-06-09 01:20:49,067 kilosort.clustering_qr DEBUG    Center 4 | nsp: 27 | ntemp: 12
2025-06-09 01:20:49,069 kilosort.clustering_qr DEBUG    Center 5 | nsp: 33 | ntemp: 12
2025-06-09 01:20:49,071 kilosort.clustering_qr DEBUG    Center 6 | nsp: 75 | ntemp: 12
2025-06-09 01:20:49,073 kilosort.clustering_qr DEBUG    Center 7 | nsp: 27 | ntemp: 12
2025-06-09 01:20:49,075 kilosort.clustering_qr DEBUG    Center 8 | nsp: 62 | ntemp: 12
2025-06-09 01:20:49,078 kilosort.clustering_qr DEBUG    Center 9 | nsp: 71 | ntemp: 12
2025-06-09 01:20:49,078 kilosort.clustering_qr DEBUG     
2025-06-09 01:20:49,078 kilosort.clustering_qr DEBUG    Cluster center: 10 of 12
2025-06-09 01:20:49,078 kilosort.clustering_qr DEBUG    ********************************************************
2025-06-09 01:20:49,078 kilosort.clustering_qr DEBUG    CPU usage:    63.90 %
2025-06-09 01:20:49,078 kilosort.clustering_qr DEBUG    Memory:        5.18 %     |     39.07   /   754.60 GB
2025-06-09 01:20:49,078 kilosort.clustering_qr DEBUG    ------------------------------------------------------
2025-06-09 01:20:49,078 kilosort.clustering_qr DEBUG    GPU usage:    `conda install pynvml` for GPU usage
2025-06-09 01:20:49,078 kilosort.clustering_qr DEBUG    GPU memory:   17.43 %     |      6.89   /    39.50 GB
2025-06-09 01:20:49,079 kilosort.clustering_qr DEBUG    Allocated:     0.02 %     |      0.01   /    39.50 GB
2025-06-09 01:20:49,079 kilosort.clustering_qr DEBUG    Max alloc:     0.75 %     |      0.30   /    39.50 GB
2025-06-09 01:20:49,079 kilosort.clustering_qr DEBUG    ********************************************************
2025-06-09 01:20:49,081 kilosort.clustering_qr DEBUG    Center 10 | nsp: 55 | ntemp: 12
2025-06-09 01:20:49,082 kilosort.clustering_qr DEBUG    Center 11 | nsp: 26 | ntemp: 3
2025-06-09 01:20:49,101 kilosort.run_kilosort INFO     12 clusters found, in  0.06s; total  0.51s
2025-06-09 01:20:49,101 kilosort.run_kilosort DEBUG    clu shape: (637,)
2025-06-09 01:20:49,101 kilosort.run_kilosort DEBUG    Wall shape: torch.Size([12, 32, 6])
2025-06-09 01:20:49,101 kilosort.run_kilosort INFO      
2025-06-09 01:20:49,102 kilosort.run_kilosort INFO     Extracting spikes using cluster waveforms
2025-06-09 01:20:49,102 kilosort.run_kilosort INFO     ----------------------------------------
2025-06-09 01:20:49,119 kilosort.template_matching DEBUG     
2025-06-09 01:20:49,119 kilosort.template_matching DEBUG    Batch 0
2025-06-09 01:20:49,119 kilosort.template_matching DEBUG    ********************************************************
2025-06-09 01:20:49,119 kilosort.template_matching DEBUG    CPU usage:    50.30 %
2025-06-09 01:20:49,119 kilosort.template_matching DEBUG    Memory:        5.21 %     |     39.30   /   754.60 GB
2025-06-09 01:20:49,119 kilosort.template_matching DEBUG    ------------------------------------------------------
2025-06-09 01:20:49,119 kilosort.template_matching DEBUG    GPU usage:    `conda install pynvml` for GPU usage
2025-06-09 01:20:49,119 kilosort.template_matching DEBUG    GPU memory:   17.43 %     |      6.89   /    39.50 GB
2025-06-09 01:20:49,120 kilosort.template_matching DEBUG    Allocated:     0.02 %     |      0.01   /    39.50 GB
2025-06-09 01:20:49,120 kilosort.template_matching DEBUG    Max alloc:     0.75 %     |      0.30   /    39.50 GB
2025-06-09 01:20:49,121 kilosort.template_matching DEBUG    ********************************************************
2025-06-09 01:20:49,171 kilosort.template_matching DEBUG     
2025-06-09 01:20:49,172 kilosort.template_matching DEBUG    Batch 2
2025-06-09 01:20:49,172 kilosort.template_matching DEBUG    ********************************************************
2025-06-09 01:20:49,172 kilosort.template_matching DEBUG    CPU usage:    38.30 %
2025-06-09 01:20:49,172 kilosort.template_matching DEBUG    Memory:        5.21 %     |     39.32   /   754.60 GB
2025-06-09 01:20:49,172 kilosort.template_matching DEBUG    ------------------------------------------------------
2025-06-09 01:20:49,172 kilosort.template_matching DEBUG    GPU usage:    `conda install pynvml` for GPU usage
2025-06-09 01:20:49,172 kilosort.template_matching DEBUG    GPU memory:   17.43 %     |      6.89   /    39.50 GB
2025-06-09 01:20:49,173 kilosort.template_matching DEBUG    Allocated:     0.06 %     |      0.02   /    39.50 GB
2025-06-09 01:20:49,173 kilosort.template_matching DEBUG    Max alloc:     0.75 %     |      0.30   /    39.50 GB
2025-06-09 01:20:49,173 kilosort.template_matching DEBUG    ********************************************************
2025-06-09 01:20:49,174 kilosort.run_kilosort INFO     796 spikes extracted in  0.07s; total  0.58s
2025-06-09 01:20:49,178 kilosort.run_kilosort DEBUG    st shape: (796, 3)
2025-06-09 01:20:49,178 kilosort.run_kilosort DEBUG    tF shape: torch.Size([796, 10, 6])
2025-06-09 01:20:49,178 kilosort.run_kilosort DEBUG    iCC shape: torch.Size([10, 32])
2025-06-09 01:20:49,178 kilosort.run_kilosort DEBUG    iU shape: torch.Size([12])
2025-06-09 01:20:49,178 kilosort.run_kilosort INFO      
2025-06-09 01:20:49,178 kilosort.run_kilosort INFO     Resource usage after spike detection
2025-06-09 01:20:49,178 kilosort.run_kilosort INFO     ********************************************************
2025-06-09 01:20:49,179 kilosort.run_kilosort INFO     CPU usage:    56.00 %
2025-06-09 01:20:49,180 kilosort.run_kilosort INFO     Memory:        5.18 %     |     39.10   /   754.60 GB
2025-06-09 01:20:49,180 kilosort.run_kilosort INFO     ------------------------------------------------------
2025-06-09 01:20:49,180 kilosort.run_kilosort INFO     GPU usage:    `conda install pynvml` for GPU usage
2025-06-09 01:20:49,181 kilosort.run_kilosort INFO     GPU memory:   17.43 %     |      6.89   /    39.50 GB
2025-06-09 01:20:49,181 kilosort.run_kilosort INFO     Allocated:     0.02 %     |      0.01   /    39.50 GB
2025-06-09 01:20:49,182 kilosort.run_kilosort INFO     Max alloc:     0.75 %     |      0.30   /    39.50 GB
2025-06-09 01:20:49,182 kilosort.run_kilosort INFO     ********************************************************
2025-06-09 01:20:49,182 kilosort.run_kilosort DEBUG    

|===========================================================================|
|                  PyTorch CUDA memory summary, device ID 0                 |
|---------------------------------------------------------------------------|
|            CUDA OOMs: 0            |        cudaMalloc retries: 0         |
|===========================================================================|
|        Metric         | Cur Usage  | Peak Usage | Tot Alloc  | Tot Freed  |
|---------------------------------------------------------------------------|
| Allocated memory      |   8880 KiB | 310173 KiB |  21895 GiB |  21895 GiB |
|---------------------------------------------------------------------------|
| Active memory         |   8880 KiB | 310173 KiB |  21895 GiB |  21895 GiB |
|---------------------------------------------------------------------------|
| Requested memory      |   8876 KiB | 310087 KiB |  21653 GiB |  21653 GiB |
|---------------------------------------------------------------------------|
| GPU reserved memory   | 481280 KiB | 481280 KiB | 481280 KiB |      0 B   |
|---------------------------------------------------------------------------|
| Non-releasable memory |  13648 KiB | 184425 KiB |  11891 GiB |  11891 GiB |
|---------------------------------------------------------------------------|
| Allocations           |      24    |      56    |    4743 K  |    4743 K  |
|---------------------------------------------------------------------------|
| Active allocs         |      24    |      56    |    4743 K  |    4743 K  |
|---------------------------------------------------------------------------|
| GPU reserved segments |      15    |      15    |      15    |       0    |
|---------------------------------------------------------------------------|
| Non-releasable allocs |      12    |      27    |    1938 K  |    1938 K  |
|---------------------------------------------------------------------------|
| Oversize allocations  |       0    |       0    |       0    |       0    |
|---------------------------------------------------------------------------|
| Oversize GPU segments |       0    |       0    |       0    |       0    |
|===========================================================================|


2025-06-09 01:20:49,183 kilosort.run_kilosort INFO      
2025-06-09 01:20:49,183 kilosort.run_kilosort INFO     Final clustering
2025-06-09 01:20:49,183 kilosort.run_kilosort INFO     ----------------------------------------
2025-06-09 01:20:49,193 kilosort.clustering_qr DEBUG     
2025-06-09 01:20:49,193 kilosort.clustering_qr DEBUG    Cluster center: 0 of 12
2025-06-09 01:20:49,193 kilosort.clustering_qr DEBUG    ********************************************************
2025-06-09 01:20:49,194 kilosort.clustering_qr DEBUG    CPU usage:    47.20 %
2025-06-09 01:20:49,194 kilosort.clustering_qr DEBUG    Memory:        5.18 %     |     39.11   /   754.60 GB
2025-06-09 01:20:49,194 kilosort.clustering_qr DEBUG    ------------------------------------------------------
2025-06-09 01:20:49,194 kilosort.clustering_qr DEBUG    GPU usage:    `conda install pynvml` for GPU usage
2025-06-09 01:20:49,194 kilosort.clustering_qr DEBUG    GPU memory:   17.43 %     |      6.89   /    39.50 GB
2025-06-09 01:20:49,194 kilosort.clustering_qr DEBUG    Allocated:     0.02 %     |      0.01   /    39.50 GB
2025-06-09 01:20:49,194 kilosort.clustering_qr DEBUG    Max alloc:     0.75 %     |      0.30   /    39.50 GB
2025-06-09 01:20:49,194 kilosort.clustering_qr DEBUG    ********************************************************
2025-06-09 01:20:49,195 kilosort.clustering_qr DEBUG    Center 0 | nsp: 143 | ntemp: 1
2025-06-09 01:20:49,196 kilosort.clustering_qr DEBUG    Center 1 | nsp: 43 | ntemp: 1
2025-06-09 01:20:49,197 kilosort.clustering_qr DEBUG    Center 2 | nsp: 25 | ntemp: 1
2025-06-09 01:20:49,198 kilosort.clustering_qr DEBUG    Center 3 | nsp: 60 | ntemp: 1
2025-06-09 01:20:49,199 kilosort.clustering_qr DEBUG    Center 4 | nsp: 30 | ntemp: 1
2025-06-09 01:20:49,200 kilosort.clustering_qr DEBUG    Center 5 | nsp: 60 | ntemp: 1
2025-06-09 01:20:49,201 kilosort.clustering_qr DEBUG    Center 6 | nsp: 80 | ntemp: 1
2025-06-09 01:20:49,202 kilosort.clustering_qr DEBUG    Center 7 | nsp: 37 | ntemp: 1
2025-06-09 01:20:49,203 kilosort.clustering_qr DEBUG    Center 8 | nsp: 64 | ntemp: 1
2025-06-09 01:20:49,203 kilosort.clustering_qr DEBUG    Center 9 | nsp: 64 | ntemp: 1
2025-06-09 01:20:49,204 kilosort.clustering_qr DEBUG     
2025-06-09 01:20:49,204 kilosort.clustering_qr DEBUG    Cluster center: 10 of 12
2025-06-09 01:20:49,204 kilosort.clustering_qr DEBUG    ********************************************************
2025-06-09 01:20:49,204 kilosort.clustering_qr DEBUG    CPU usage:    61.10 %
2025-06-09 01:20:49,204 kilosort.clustering_qr DEBUG    Memory:        5.18 %     |     39.11   /   754.60 GB
2025-06-09 01:20:49,204 kilosort.clustering_qr DEBUG    ------------------------------------------------------
2025-06-09 01:20:49,204 kilosort.clustering_qr DEBUG    GPU usage:    `conda install pynvml` for GPU usage
2025-06-09 01:20:49,204 kilosort.clustering_qr DEBUG    GPU memory:   17.43 %     |      6.89   /    39.50 GB
2025-06-09 01:20:49,205 kilosort.clustering_qr DEBUG    Allocated:     0.02 %     |      0.01   /    39.50 GB
2025-06-09 01:20:49,205 kilosort.clustering_qr DEBUG    Max alloc:     0.75 %     |      0.30   /    39.50 GB
2025-06-09 01:20:49,205 kilosort.clustering_qr DEBUG    ********************************************************
2025-06-09 01:20:49,205 kilosort.clustering_qr DEBUG    Center 10 | nsp: 0 | ntemp: 0
2025-06-09 01:20:49,206 kilosort.clustering_qr DEBUG    Center 11 | nsp: 190 | ntemp: 2
2025-06-09 01:20:49,211 kilosort.run_kilosort INFO     11 clusters found, in  0.03s; total  0.62s
2025-06-09 01:20:49,212 kilosort.run_kilosort DEBUG    clu shape: (796,)
2025-06-09 01:20:49,212 kilosort.run_kilosort DEBUG    Wall shape: torch.Size([11, 32, 6])
2025-06-09 01:20:49,212 kilosort.run_kilosort INFO      
2025-06-09 01:20:49,212 kilosort.run_kilosort INFO     Merging clusters
2025-06-09 01:20:49,213 kilosort.run_kilosort INFO     ----------------------------------------
2025-06-09 01:20:49,217 kilosort.run_kilosort INFO     11 units found, in  0.01s; total  0.63s
2025-06-09 01:20:49,217 kilosort.run_kilosort DEBUG    clu shape: (796,)
2025-06-09 01:20:49,217 kilosort.run_kilosort DEBUG    Wall shape: torch.Size([11, 32, 6])
2025-06-09 01:20:49,217 kilosort.run_kilosort INFO      
2025-06-09 01:20:49,218 kilosort.run_kilosort INFO     Resource usage after clustering
2025-06-09 01:20:49,218 kilosort.run_kilosort INFO     ********************************************************
2025-06-09 01:20:49,219 kilosort.run_kilosort INFO     CPU usage:    52.70 %
2025-06-09 01:20:49,219 kilosort.run_kilosort INFO     Memory:        5.18 %     |     39.12   /   754.60 GB
2025-06-09 01:20:49,219 kilosort.run_kilosort INFO     ------------------------------------------------------
2025-06-09 01:20:49,220 kilosort.run_kilosort INFO     GPU usage:    `conda install pynvml` for GPU usage
2025-06-09 01:20:49,220 kilosort.run_kilosort INFO     GPU memory:   17.43 %     |      6.89   /    39.50 GB
2025-06-09 01:20:49,221 kilosort.run_kilosort INFO     Allocated:     0.02 %     |      0.01   /    39.50 GB
2025-06-09 01:20:49,221 kilosort.run_kilosort INFO     Max alloc:     0.75 %     |      0.30   /    39.50 GB
2025-06-09 01:20:49,221 kilosort.run_kilosort INFO     ********************************************************
2025-06-09 01:20:49,222 kilosort.run_kilosort DEBUG    

|===========================================================================|
|                  PyTorch CUDA memory summary, device ID 0                 |
|---------------------------------------------------------------------------|
|            CUDA OOMs: 0            |        cudaMalloc retries: 0         |
|===========================================================================|
|        Metric         | Cur Usage  | Peak Usage | Tot Alloc  | Tot Freed  |
|---------------------------------------------------------------------------|
| Allocated memory      |   8871 KiB | 310173 KiB |  21895 GiB |  21895 GiB |
|---------------------------------------------------------------------------|
| Active memory         |   8871 KiB | 310173 KiB |  21895 GiB |  21895 GiB |
|---------------------------------------------------------------------------|
| Requested memory      |   8867 KiB | 310087 KiB |  21653 GiB |  21653 GiB |
|---------------------------------------------------------------------------|
| GPU reserved memory   | 481280 KiB | 481280 KiB | 481280 KiB |      0 B   |
|---------------------------------------------------------------------------|
| Non-releasable memory |  13657 KiB | 184425 KiB |  11891 GiB |  11891 GiB |
|---------------------------------------------------------------------------|
| Allocations           |      23    |      56    |    4743 K  |    4743 K  |
|---------------------------------------------------------------------------|
| Active allocs         |      23    |      56    |    4743 K  |    4743 K  |
|---------------------------------------------------------------------------|
| GPU reserved segments |      15    |      15    |      15    |       0    |
|---------------------------------------------------------------------------|
| Non-releasable allocs |      12    |      27    |    1938 K  |    1938 K  |
|---------------------------------------------------------------------------|
| Oversize allocations  |       0    |       0    |       0    |       0    |
|---------------------------------------------------------------------------|
| Oversize GPU segments |       0    |       0    |       0    |       0    |
|===========================================================================|


2025-06-09 01:20:49,222 kilosort.run_kilosort INFO      
2025-06-09 01:20:49,222 kilosort.run_kilosort INFO     Saving to phy and computing refractory periods
2025-06-09 01:20:49,223 kilosort.run_kilosort INFO     ----------------------------------------
2025-06-09 01:20:49,488 kilosort.run_kilosort INFO     2 units found with good refractory periods
2025-06-09 01:20:49,489 kilosort.run_kilosort INFO     Total runtime: 0.90s = 00:00:1 h:m:s
2025-06-09 01:20:49,495 kilosort.run_kilosort INFO     Sorting output saved in: /home/lss72/palmer_scratch/spike_sort/kilosort4.
2025-06-09 01:20:49,495 kilosort.run_kilosort INFO      
2025-06-09 01:20:49,496 kilosort.run_kilosort INFO     Resource usage after saving
2025-06-09 01:20:49,496 kilosort.run_kilosort INFO     ********************************************************
2025-06-09 01:20:49,497 kilosort.run_kilosort INFO     CPU usage:    52.10 %
2025-06-09 01:20:49,497 kilosort.run_kilosort INFO     Memory:        5.21 %     |     39.33   /   754.60 GB
2025-06-09 01:20:49,497 kilosort.run_kilosort INFO     ------------------------------------------------------
2025-06-09 01:20:49,498 kilosort.run_kilosort INFO     GPU usage:    `conda install pynvml` for GPU usage
2025-06-09 01:20:49,499 kilosort.run_kilosort INFO     GPU memory:   17.43 %     |      6.89   /    39.50 GB
2025-06-09 01:20:49,499 kilosort.run_kilosort INFO     Allocated:     0.02 %     |      0.01   /    39.50 GB
2025-06-09 01:20:49,500 kilosort.run_kilosort INFO     Max alloc:     0.75 %     |      0.30   /    39.50 GB
2025-06-09 01:20:49,500 kilosort.run_kilosort INFO     ********************************************************
2025-06-09 01:20:49,501 kilosort.run_kilosort DEBUG    

|===========================================================================|
|                  PyTorch CUDA memory summary, device ID 0                 |
|---------------------------------------------------------------------------|
|            CUDA OOMs: 0            |        cudaMalloc retries: 0         |
|===========================================================================|
|        Metric         | Cur Usage  | Peak Usage | Tot Alloc  | Tot Freed  |
|---------------------------------------------------------------------------|
| Allocated memory      |   8871 KiB | 310173 KiB |  21895 GiB |  21895 GiB |
|---------------------------------------------------------------------------|
| Active memory         |   8871 KiB | 310173 KiB |  21895 GiB |  21895 GiB |
|---------------------------------------------------------------------------|
| Requested memory      |   8867 KiB | 310087 KiB |  21653 GiB |  21653 GiB |
|---------------------------------------------------------------------------|
| GPU reserved memory   | 481280 KiB | 481280 KiB | 481280 KiB |      0 B   |
|---------------------------------------------------------------------------|
| Non-releasable memory |  13657 KiB | 184425 KiB |  11891 GiB |  11891 GiB |
|---------------------------------------------------------------------------|
| Allocations           |      23    |      56    |    4743 K  |    4743 K  |
|---------------------------------------------------------------------------|
| Active allocs         |      23    |      56    |    4743 K  |    4743 K  |
|---------------------------------------------------------------------------|
| GPU reserved segments |      15    |      15    |      15    |       0    |
|---------------------------------------------------------------------------|
| Non-releasable allocs |      12    |      27    |    1938 K  |    1938 K  |
|---------------------------------------------------------------------------|
| Oversize allocations  |       0    |       0    |       0    |       0    |
|---------------------------------------------------------------------------|
| Oversize GPU segments |       0    |       0    |       0    |       0    |
|===========================================================================|


