2025-06-09 01:19:02,651 kilosort.run_kilosort INFO     Kilosort version 4.0.25
2025-06-09 01:19:02,656 kilosort.run_kilosort INFO     Python version 3.9.21
2025-06-09 01:19:02,657 kilosort.run_kilosort INFO     ----------------------------------------
2025-06-09 01:19:02,657 kilosort.run_kilosort INFO     System information:
2025-06-09 01:19:02,657 kilosort.run_kilosort INFO     Linux-4.18.0-477.74.1.el8_8.x86_64-x86_64-with-glibc2.28 x86_64
2025-06-09 01:19:02,657 kilosort.run_kilosort INFO     x86_64
2025-06-09 01:19:02,658 kilosort.run_kilosort INFO     Using GPU for PyTorch computations. Specify `device` to change this.
2025-06-09 01:19:02,658 kilosort.run_kilosort INFO     Using CUDA device: NVIDIA A100-PCIE-40GB 39.50GB
2025-06-09 01:19:02,659 kilosort.run_kilosort INFO     ----------------------------------------
2025-06-09 01:19:02,659 kilosort.run_kilosort INFO     Sorting /home/lss72/palmer_scratch/spike_sort/2014_03_26_Pair_2_0
2025-06-09 01:19:02,660 kilosort.run_kilosort DEBUG    Initial ops:

ops = {
    'n_chan_bin': 32,
    'fs': 30000,
    'batch_size': 60000,
    'nblocks': 1,
    'Th_universal': 9,
    'Th_learned': 8,
    'tmin': 0,
    'tmax': 300,
    'nt': 61,
    'shift': None,
    'scale': None,
    'artifact_threshold': inf,
    'nskip': 25,
    'whitening_range': 32,
    'highpass_cutoff': 300,
    'binning_depth': 5,
    'sig_interp': 20,
    'drift_smoothing': [0.5, 0.5, 0.5],
    'nt0min': 20,
    'dmin': None,
    'dminx': 32,
    'min_template_size': 10,
    'template_sizes': 5,
    'nearest_chans': 10,
    'nearest_templates': 100,
    'max_channel_distance': 32,
    'max_peels': 100,
    'templates_from_data': True,
    'n_templates': 6,
    'n_pcs': 6,
    'Th_single_ch': 6,
    'acg_threshold': 0.2,
    'ccg_threshold': 0.25,
    'cluster_downsampling': 20,
    'x_centers': None,
    'duplicate_spike_ms': 0.25,
    'position_limit': 100,
    'data_dir': PosixPath('/home/lss72/palmer_scratch/spike_sort'),
    'filename': PosixPath('/home/lss72/palmer_scratch/spike_sort/2014_03_26_Pair_2_0'),
    'data_dtype': dtype('float32'),
    'do_CAR': True,
    'invert_sign': False,
    'NTbuff': 60122,
    'Nchan': 32,
    'duplicate_spike_bins': 7,
    'torch_device': 'cuda',
    'save_preprocessed_copy': False
}

2025-06-09 01:19:02,662 kilosort.run_kilosort DEBUG    Probe dictionary:

probe = {
    'chanMap': np.array([ 0,  1,  2,  3,  4,  5,  6,  7,  8,  9, 10, 11, 12, 13, 14, 15, 16,
       17, 18, 19, 20, 21, 22, 23, 24, 25, 26, 27, 28, 29, 30, 31]),
    'xc': np.array([  0.,   0.,  18.,  18.,  18.,  18.,  18.,  18.,   0.,   0.,  18.,
        18.,  18.,  18.,   0.,   0.,   0.,   0., -18., -18., -18., -18.,
         0.,   0., -18., -18., -18., -18., -18., -18.,   0.,   0.],
      dtype=np.float32),
    'yc': np.array([275. , 225. ,  12.5,  37.5,  87.5, 137.5, 187.5, 237.5,  75. ,
        25. , 212.5, 162.5, 112.5,  62.5, 125. , 175. , 150. , 100. ,
        62.5, 112.5, 162.5, 212.5,   0. ,  50. , 237.5, 187.5, 137.5,
        87.5,  37.5,  12.5, 200. , 250. ], dtype=np.float32),
    'kcoords': np.array([0., 0., 0., 0., 0., 0., 0., 0., 0., 0., 0., 0., 0., 0., 0., 0., 0.,
       0., 0., 0., 0., 0., 0., 0., 0., 0., 0., 0., 0., 0., 0., 0.]),
    'n_chan': 32
}

2025-06-09 01:19:02,662 kilosort.run_kilosort INFO      
2025-06-09 01:19:02,663 kilosort.run_kilosort INFO     Computing preprocessing variables.
2025-06-09 01:19:02,663 kilosort.run_kilosort INFO     ----------------------------------------
2025-06-09 01:19:02,665 kilosort.run_kilosort INFO     N samples: 9000000
2025-06-09 01:19:02,665 kilosort.run_kilosort INFO     N seconds: 300.0
2025-06-09 01:19:02,665 kilosort.run_kilosort INFO     N batches: 150
2025-06-09 01:19:02,715 kilosort.run_kilosort INFO     Preprocessing filters computed in  0.05s; total  0.06s
2025-06-09 01:19:02,716 kilosort.run_kilosort DEBUG    hp_filter shape: torch.Size([30122])
2025-06-09 01:19:02,716 kilosort.run_kilosort DEBUG    whiten_mat shape: torch.Size([32, 32])
2025-06-09 01:19:02,716 kilosort.run_kilosort INFO      
2025-06-09 01:19:02,716 kilosort.run_kilosort INFO     Resource usage after preprocessing
2025-06-09 01:19:02,717 kilosort.run_kilosort INFO     ********************************************************
2025-06-09 01:19:02,717 kilosort.run_kilosort INFO     CPU usage:    33.10 %
2025-06-09 01:19:02,718 kilosort.run_kilosort INFO     Memory:        5.18 %     |     39.08   /   754.60 GB
2025-06-09 01:19:02,718 kilosort.run_kilosort INFO     ------------------------------------------------------
2025-06-09 01:19:02,719 kilosort.run_kilosort INFO     GPU usage:    `conda install pynvml` for GPU usage
2025-06-09 01:19:02,719 kilosort.run_kilosort INFO     GPU memory:   17.43 %     |      6.89   /    39.50 GB
2025-06-09 01:19:02,720 kilosort.run_kilosort INFO     Allocated:     0.02 %     |      0.01   /    39.50 GB
2025-06-09 01:19:02,720 kilosort.run_kilosort INFO     Max alloc:     0.75 %     |      0.30   /    39.50 GB
2025-06-09 01:19:02,720 kilosort.run_kilosort INFO     ********************************************************
2025-06-09 01:19:02,734 kilosort.run_kilosort INFO      
2025-06-09 01:19:02,734 kilosort.run_kilosort INFO     Computing drift correction.
2025-06-09 01:19:02,735 kilosort.run_kilosort INFO     ----------------------------------------
2025-06-09 01:19:02,735 kilosort.spikedetect INFO     Re-computing universal templates from data.
2025-06-09 01:19:02,903 kilosort.spikedetect INFO     Number of universal templates: 135
2025-06-09 01:19:02,909 kilosort.spikedetect INFO     Detecting spikes...
2025-06-09 01:19:02,911 kilosort.spikedetect DEBUG     
2025-06-09 01:19:02,911 kilosort.spikedetect DEBUG    Batch 0
2025-06-09 01:19:02,911 kilosort.spikedetect DEBUG    ********************************************************
2025-06-09 01:19:02,911 kilosort.spikedetect DEBUG    CPU usage:    51.10 %
2025-06-09 01:19:02,912 kilosort.spikedetect DEBUG    Memory:        5.19 %     |     39.16   /   754.60 GB
2025-06-09 01:19:02,912 kilosort.spikedetect DEBUG    ------------------------------------------------------
2025-06-09 01:19:02,912 kilosort.spikedetect DEBUG    GPU usage:    `conda install pynvml` for GPU usage
2025-06-09 01:19:02,912 kilosort.spikedetect DEBUG    GPU memory:   17.43 %     |      6.89   /    39.50 GB
2025-06-09 01:19:02,912 kilosort.spikedetect DEBUG    Allocated:     0.02 %     |      0.01   /    39.50 GB
2025-06-09 01:19:02,912 kilosort.spikedetect DEBUG    Max alloc:     0.75 %     |      0.30   /    39.50 GB
2025-06-09 01:19:02,912 kilosort.spikedetect DEBUG    ********************************************************
2025-06-09 01:19:07,196 kilosort.spikedetect DEBUG     
2025-06-09 01:19:07,196 kilosort.spikedetect DEBUG    Batch 149
2025-06-09 01:19:07,196 kilosort.spikedetect DEBUG    ********************************************************
2025-06-09 01:19:07,197 kilosort.spikedetect DEBUG    CPU usage:    36.20 %
2025-06-09 01:19:07,197 kilosort.spikedetect DEBUG    Memory:        5.20 %     |     39.22   /   754.60 GB
2025-06-09 01:19:07,197 kilosort.spikedetect DEBUG    ------------------------------------------------------
2025-06-09 01:19:07,197 kilosort.spikedetect DEBUG    GPU usage:    `conda install pynvml` for GPU usage
2025-06-09 01:19:07,197 kilosort.spikedetect DEBUG    GPU memory:   17.43 %     |      6.89   /    39.50 GB
2025-06-09 01:19:07,197 kilosort.spikedetect DEBUG    Allocated:     0.04 %     |      0.02   /    39.50 GB
2025-06-09 01:19:07,197 kilosort.spikedetect DEBUG    Max alloc:     0.75 %     |      0.30   /    39.50 GB
2025-06-09 01:19:07,197 kilosort.spikedetect DEBUG    ********************************************************
2025-06-09 01:19:07,295 kilosort.run_kilosort INFO     drift computed in  4.56s; total  4.64s
2025-06-09 01:19:07,299 kilosort.run_kilosort DEBUG    st shape: (39374, 6)
2025-06-09 01:19:07,299 kilosort.run_kilosort DEBUG    yblk shape: (1,)
2025-06-09 01:19:07,299 kilosort.run_kilosort DEBUG    dshift shape: (150, 1)
2025-06-09 01:19:07,299 kilosort.run_kilosort DEBUG    iKxx shape: torch.Size([32, 32])
2025-06-09 01:19:07,299 kilosort.run_kilosort INFO      
2025-06-09 01:19:07,299 kilosort.run_kilosort INFO     Resource usage after drift correction
2025-06-09 01:19:07,300 kilosort.run_kilosort INFO     ********************************************************
2025-06-09 01:19:07,300 kilosort.run_kilosort INFO     CPU usage:    37.50 %
2025-06-09 01:19:07,301 kilosort.run_kilosort INFO     Memory:        5.18 %     |     39.09   /   754.60 GB
2025-06-09 01:19:07,301 kilosort.run_kilosort INFO     ------------------------------------------------------
2025-06-09 01:19:07,301 kilosort.run_kilosort INFO     GPU usage:    `conda install pynvml` for GPU usage
2025-06-09 01:19:07,302 kilosort.run_kilosort INFO     GPU memory:   17.43 %     |      6.89   /    39.50 GB
2025-06-09 01:19:07,302 kilosort.run_kilosort INFO     Allocated:     0.02 %     |      0.01   /    39.50 GB
2025-06-09 01:19:07,303 kilosort.run_kilosort INFO     Max alloc:     0.75 %     |      0.30   /    39.50 GB
2025-06-09 01:19:07,303 kilosort.run_kilosort INFO     ********************************************************
2025-06-09 01:19:07,304 kilosort.run_kilosort DEBUG    

|===========================================================================|
|                  PyTorch CUDA memory summary, device ID 0                 |
|---------------------------------------------------------------------------|
|            CUDA OOMs: 0            |        cudaMalloc retries: 0         |
|===========================================================================|
|        Metric         | Cur Usage  | Peak Usage | Tot Alloc  | Tot Freed  |
|---------------------------------------------------------------------------|
| Allocated memory      |   8867 KiB | 310170 KiB |  19119 GiB |  19119 GiB |
|---------------------------------------------------------------------------|
| Active memory         |   8867 KiB | 310170 KiB |  19119 GiB |  19119 GiB |
|---------------------------------------------------------------------------|
| Requested memory      |   8865 KiB | 310084 KiB |  18909 GiB |  18909 GiB |
|---------------------------------------------------------------------------|
| GPU reserved memory   | 481280 KiB | 481280 KiB | 481280 KiB |      0 B   |
|---------------------------------------------------------------------------|
| Non-releasable memory |  13660 KiB | 184425 KiB |  10335 GiB |  10335 GiB |
|---------------------------------------------------------------------------|
| Allocations           |      20    |      56    |    3974 K  |    3974 K  |
|---------------------------------------------------------------------------|
| Active allocs         |      20    |      56    |    3974 K  |    3974 K  |
|---------------------------------------------------------------------------|
| GPU reserved segments |      15    |      15    |      15    |       0    |
|---------------------------------------------------------------------------|
| Non-releasable allocs |      11    |      27    |    1616 K  |    1616 K  |
|---------------------------------------------------------------------------|
| Oversize allocations  |       0    |       0    |       0    |       0    |
|---------------------------------------------------------------------------|
| Oversize GPU segments |       0    |       0    |       0    |       0    |
|===========================================================================|


2025-06-09 01:19:07,310 kilosort.run_kilosort DEBUG    First batch min, max: (-18.760757, 11.392244)
2025-06-09 01:19:07,310 kilosort.run_kilosort INFO      
2025-06-09 01:19:07,310 kilosort.run_kilosort INFO     Extracting spikes using templates
2025-06-09 01:19:07,311 kilosort.run_kilosort INFO     ----------------------------------------
2025-06-09 01:19:07,311 kilosort.spikedetect INFO     Re-computing universal templates from data.
2025-06-09 01:19:07,465 kilosort.spikedetect INFO     Number of universal templates: 135
2025-06-09 01:19:07,468 kilosort.spikedetect INFO     Detecting spikes...
2025-06-09 01:19:07,469 kilosort.spikedetect DEBUG     
2025-06-09 01:19:07,469 kilosort.spikedetect DEBUG    Batch 0
2025-06-09 01:19:07,469 kilosort.spikedetect DEBUG    ********************************************************
2025-06-09 01:19:07,470 kilosort.spikedetect DEBUG    CPU usage:    53.40 %
2025-06-09 01:19:07,470 kilosort.spikedetect DEBUG    Memory:        5.18 %     |     39.11   /   754.60 GB
2025-06-09 01:19:07,470 kilosort.spikedetect DEBUG    ------------------------------------------------------
2025-06-09 01:19:07,470 kilosort.spikedetect DEBUG    GPU usage:    `conda install pynvml` for GPU usage
2025-06-09 01:19:07,470 kilosort.spikedetect DEBUG    GPU memory:   17.43 %     |      6.89   /    39.50 GB
2025-06-09 01:19:07,470 kilosort.spikedetect DEBUG    Allocated:     0.02 %     |      0.01   /    39.50 GB
2025-06-09 01:19:07,470 kilosort.spikedetect DEBUG    Max alloc:     0.75 %     |      0.30   /    39.50 GB
2025-06-09 01:19:07,470 kilosort.spikedetect DEBUG    ********************************************************
2025-06-09 01:19:11,720 kilosort.spikedetect DEBUG     
2025-06-09 01:19:11,721 kilosort.spikedetect DEBUG    Batch 149
2025-06-09 01:19:11,721 kilosort.spikedetect DEBUG    ********************************************************
2025-06-09 01:19:11,721 kilosort.spikedetect DEBUG    CPU usage:    36.20 %
2025-06-09 01:19:11,721 kilosort.spikedetect DEBUG    Memory:        5.20 %     |     39.27   /   754.60 GB
2025-06-09 01:19:11,721 kilosort.spikedetect DEBUG    ------------------------------------------------------
2025-06-09 01:19:11,721 kilosort.spikedetect DEBUG    GPU usage:    `conda install pynvml` for GPU usage
2025-06-09 01:19:11,721 kilosort.spikedetect DEBUG    GPU memory:   17.43 %     |      6.89   /    39.50 GB
2025-06-09 01:19:11,721 kilosort.spikedetect DEBUG    Allocated:     0.04 %     |      0.02   /    39.50 GB
2025-06-09 01:19:11,722 kilosort.spikedetect DEBUG    Max alloc:     0.75 %     |      0.30   /    39.50 GB
2025-06-09 01:19:11,722 kilosort.spikedetect DEBUG    ********************************************************
2025-06-09 01:19:11,722 kilosort.run_kilosort INFO     38513 spikes extracted in  4.41s; total  9.06s
2025-06-09 01:19:11,722 kilosort.run_kilosort DEBUG    st0 shape: (38513, 6)
2025-06-09 01:19:11,722 kilosort.run_kilosort DEBUG    tF shape: torch.Size([38513, 10, 6])
2025-06-09 01:19:11,722 kilosort.run_kilosort INFO      
2025-06-09 01:19:11,722 kilosort.run_kilosort INFO     First clustering
2025-06-09 01:19:11,723 kilosort.run_kilosort INFO     ----------------------------------------
2025-06-09 01:19:11,733 kilosort.clustering_qr DEBUG     
2025-06-09 01:19:11,733 kilosort.clustering_qr DEBUG    Cluster center: 0 of 12
2025-06-09 01:19:11,733 kilosort.clustering_qr DEBUG    ********************************************************
2025-06-09 01:19:11,733 kilosort.clustering_qr DEBUG    CPU usage:    44.20 %
2025-06-09 01:19:11,733 kilosort.clustering_qr DEBUG    Memory:        5.20 %     |     39.25   /   754.60 GB
2025-06-09 01:19:11,733 kilosort.clustering_qr DEBUG    ------------------------------------------------------
2025-06-09 01:19:11,733 kilosort.clustering_qr DEBUG    GPU usage:    `conda install pynvml` for GPU usage
2025-06-09 01:19:11,733 kilosort.clustering_qr DEBUG    GPU memory:   17.43 %     |      6.89   /    39.50 GB
2025-06-09 01:19:11,733 kilosort.clustering_qr DEBUG    Allocated:     0.02 %     |      0.01   /    39.50 GB
2025-06-09 01:19:11,734 kilosort.clustering_qr DEBUG    Max alloc:     0.75 %     |      0.30   /    39.50 GB
2025-06-09 01:19:11,734 kilosort.clustering_qr DEBUG    ********************************************************
2025-06-09 01:19:11,737 kilosort.clustering_qr DEBUG    Center 0 | nsp: 6891 | ntemp: 12
2025-06-09 01:19:12,131 kilosort.clustering_qr DEBUG    Center 1 | nsp: 4863 | ntemp: 12
2025-06-09 01:19:12,409 kilosort.clustering_qr DEBUG    Center 2 | nsp: 2457 | ntemp: 12
2025-06-09 01:19:12,777 kilosort.clustering_qr DEBUG    Center 3 | nsp: 1859 | ntemp: 12
2025-06-09 01:19:13,142 kilosort.clustering_qr DEBUG    Center 4 | nsp: 2375 | ntemp: 12
2025-06-09 01:19:13,520 kilosort.clustering_qr DEBUG    Center 5 | nsp: 1574 | ntemp: 12
2025-06-09 01:19:13,893 kilosort.clustering_qr DEBUG    Center 6 | nsp: 3900 | ntemp: 12
2025-06-09 01:19:14,261 kilosort.clustering_qr DEBUG    Center 7 | nsp: 1604 | ntemp: 12
2025-06-09 01:19:14,641 kilosort.clustering_qr DEBUG    Center 8 | nsp: 3968 | ntemp: 12
2025-06-09 01:19:15,028 kilosort.clustering_qr DEBUG    Center 9 | nsp: 4795 | ntemp: 12
2025-06-09 01:19:15,320 kilosort.clustering_qr DEBUG     
2025-06-09 01:19:15,320 kilosort.clustering_qr DEBUG    Cluster center: 10 of 12
2025-06-09 01:19:15,320 kilosort.clustering_qr DEBUG    ********************************************************
2025-06-09 01:19:15,321 kilosort.clustering_qr DEBUG    CPU usage:    44.40 %
2025-06-09 01:19:15,321 kilosort.clustering_qr DEBUG    Memory:        5.20 %     |     39.26   /   754.60 GB
2025-06-09 01:19:15,321 kilosort.clustering_qr DEBUG    ------------------------------------------------------
2025-06-09 01:19:15,321 kilosort.clustering_qr DEBUG    GPU usage:    `conda install pynvml` for GPU usage
2025-06-09 01:19:15,321 kilosort.clustering_qr DEBUG    GPU memory:   17.43 %     |      6.89   /    39.50 GB
2025-06-09 01:19:15,321 kilosort.clustering_qr DEBUG    Allocated:     0.02 %     |      0.01   /    39.50 GB
2025-06-09 01:19:15,321 kilosort.clustering_qr DEBUG    Max alloc:     0.75 %     |      0.30   /    39.50 GB
2025-06-09 01:19:15,321 kilosort.clustering_qr DEBUG    ********************************************************
2025-06-09 01:19:15,324 kilosort.clustering_qr DEBUG    Center 10 | nsp: 2941 | ntemp: 12
2025-06-09 01:19:15,700 kilosort.clustering_qr DEBUG    Center 11 | nsp: 1286 | ntemp: 3
2025-06-09 01:19:16,090 kilosort.run_kilosort INFO     55 clusters found, in  4.37s; total  13.43s
2025-06-09 01:19:16,090 kilosort.run_kilosort DEBUG    clu shape: (38513,)
2025-06-09 01:19:16,090 kilosort.run_kilosort DEBUG    Wall shape: torch.Size([55, 32, 6])
2025-06-09 01:19:16,090 kilosort.run_kilosort INFO      
2025-06-09 01:19:16,091 kilosort.run_kilosort INFO     Extracting spikes using cluster waveforms
2025-06-09 01:19:16,091 kilosort.run_kilosort INFO     ----------------------------------------
2025-06-09 01:19:16,118 kilosort.template_matching DEBUG     
2025-06-09 01:19:16,118 kilosort.template_matching DEBUG    Batch 0
2025-06-09 01:19:16,118 kilosort.template_matching DEBUG    ********************************************************
2025-06-09 01:19:16,119 kilosort.template_matching DEBUG    CPU usage:    47.00 %
2025-06-09 01:19:16,119 kilosort.template_matching DEBUG    Memory:        5.22 %     |     39.39   /   754.60 GB
2025-06-09 01:19:16,119 kilosort.template_matching DEBUG    ------------------------------------------------------
2025-06-09 01:19:16,119 kilosort.template_matching DEBUG    GPU usage:    `conda install pynvml` for GPU usage
2025-06-09 01:19:16,119 kilosort.template_matching DEBUG    GPU memory:   17.43 %     |      6.89   /    39.50 GB
2025-06-09 01:19:16,119 kilosort.template_matching DEBUG    Allocated:     0.02 %     |      0.01   /    39.50 GB
2025-06-09 01:19:16,119 kilosort.template_matching DEBUG    Max alloc:     0.75 %     |      0.30   /    39.50 GB
2025-06-09 01:19:16,119 kilosort.template_matching DEBUG    ********************************************************
2025-06-09 01:19:18,526 kilosort.template_matching DEBUG     
2025-06-09 01:19:18,527 kilosort.template_matching DEBUG    Batch 100
2025-06-09 01:19:18,527 kilosort.template_matching DEBUG    ********************************************************
2025-06-09 01:19:18,527 kilosort.template_matching DEBUG    CPU usage:    38.20 %
2025-06-09 01:19:18,527 kilosort.template_matching DEBUG    Memory:        5.23 %     |     39.49   /   754.60 GB
2025-06-09 01:19:18,527 kilosort.template_matching DEBUG    ------------------------------------------------------
2025-06-09 01:19:18,527 kilosort.template_matching DEBUG    GPU usage:    `conda install pynvml` for GPU usage
2025-06-09 01:19:18,527 kilosort.template_matching DEBUG    GPU memory:   17.43 %     |      6.89   /    39.50 GB
2025-06-09 01:19:18,527 kilosort.template_matching DEBUG    Allocated:     0.06 %     |      0.02   /    39.50 GB
2025-06-09 01:19:18,527 kilosort.template_matching DEBUG    Max alloc:     0.75 %     |      0.30   /    39.50 GB
2025-06-09 01:19:18,527 kilosort.template_matching DEBUG    ********************************************************
2025-06-09 01:19:19,680 kilosort.template_matching DEBUG     
2025-06-09 01:19:19,680 kilosort.template_matching DEBUG    Batch 149
2025-06-09 01:19:19,680 kilosort.template_matching DEBUG    ********************************************************
2025-06-09 01:19:19,680 kilosort.template_matching DEBUG    CPU usage:    37.90 %
2025-06-09 01:19:19,680 kilosort.template_matching DEBUG    Memory:        5.24 %     |     39.57   /   754.60 GB
2025-06-09 01:19:19,680 kilosort.template_matching DEBUG    ------------------------------------------------------
2025-06-09 01:19:19,680 kilosort.template_matching DEBUG    GPU usage:    `conda install pynvml` for GPU usage
2025-06-09 01:19:19,680 kilosort.template_matching DEBUG    GPU memory:   17.43 %     |      6.89   /    39.50 GB
2025-06-09 01:19:19,681 kilosort.template_matching DEBUG    Allocated:     0.06 %     |      0.02   /    39.50 GB
2025-06-09 01:19:19,681 kilosort.template_matching DEBUG    Max alloc:     0.75 %     |      0.30   /    39.50 GB
2025-06-09 01:19:19,681 kilosort.template_matching DEBUG    ********************************************************
2025-06-09 01:19:19,686 kilosort.run_kilosort INFO     80736 spikes extracted in  3.60s; total  17.03s
2025-06-09 01:19:19,690 kilosort.run_kilosort DEBUG    st shape: (80736, 3)
2025-06-09 01:19:19,690 kilosort.run_kilosort DEBUG    tF shape: torch.Size([80736, 10, 6])
2025-06-09 01:19:19,690 kilosort.run_kilosort DEBUG    iCC shape: torch.Size([10, 32])
2025-06-09 01:19:19,690 kilosort.run_kilosort DEBUG    iU shape: torch.Size([44])
2025-06-09 01:19:19,690 kilosort.run_kilosort INFO      
2025-06-09 01:19:19,690 kilosort.run_kilosort INFO     Resource usage after spike detection
2025-06-09 01:19:19,690 kilosort.run_kilosort INFO     ********************************************************
2025-06-09 01:19:19,691 kilosort.run_kilosort INFO     CPU usage:    46.20 %
2025-06-09 01:19:19,692 kilosort.run_kilosort INFO     Memory:        5.21 %     |     39.35   /   754.60 GB
2025-06-09 01:19:19,692 kilosort.run_kilosort INFO     ------------------------------------------------------
2025-06-09 01:19:19,692 kilosort.run_kilosort INFO     GPU usage:    `conda install pynvml` for GPU usage
2025-06-09 01:19:19,693 kilosort.run_kilosort INFO     GPU memory:   17.43 %     |      6.89   /    39.50 GB
2025-06-09 01:19:19,693 kilosort.run_kilosort INFO     Allocated:     0.02 %     |      0.01   /    39.50 GB
2025-06-09 01:19:19,694 kilosort.run_kilosort INFO     Max alloc:     0.75 %     |      0.30   /    39.50 GB
2025-06-09 01:19:19,694 kilosort.run_kilosort INFO     ********************************************************
2025-06-09 01:19:19,695 kilosort.run_kilosort DEBUG    

|===========================================================================|
|                  PyTorch CUDA memory summary, device ID 0                 |
|---------------------------------------------------------------------------|
|            CUDA OOMs: 0            |        cudaMalloc retries: 0         |
|===========================================================================|
|        Metric         | Cur Usage  | Peak Usage | Tot Alloc  | Tot Freed  |
|---------------------------------------------------------------------------|
| Allocated memory      |   8904 KiB | 310173 KiB |  20444 GiB |  20444 GiB |
|---------------------------------------------------------------------------|
| Active memory         |   8904 KiB | 310173 KiB |  20444 GiB |  20444 GiB |
|---------------------------------------------------------------------------|
| Requested memory      |   8901 KiB | 310087 KiB |  20220 GiB |  20220 GiB |
|---------------------------------------------------------------------------|
| GPU reserved memory   | 481280 KiB | 481280 KiB | 481280 KiB |      0 B   |
|---------------------------------------------------------------------------|
| Non-releasable memory |  13624 KiB | 184425 KiB |  11069 GiB |  11069 GiB |
|---------------------------------------------------------------------------|
| Allocations           |      24    |      56    |    4324 K  |    4324 K  |
|---------------------------------------------------------------------------|
| Active allocs         |      24    |      56    |    4324 K  |    4324 K  |
|---------------------------------------------------------------------------|
| GPU reserved segments |      15    |      15    |      15    |       0    |
|---------------------------------------------------------------------------|
| Non-releasable allocs |      11    |      27    |    1762 K  |    1762 K  |
|---------------------------------------------------------------------------|
| Oversize allocations  |       0    |       0    |       0    |       0    |
|---------------------------------------------------------------------------|
| Oversize GPU segments |       0    |       0    |       0    |       0    |
|===========================================================================|


2025-06-09 01:19:19,695 kilosort.run_kilosort INFO      
2025-06-09 01:19:19,695 kilosort.run_kilosort INFO     Final clustering
2025-06-09 01:19:19,696 kilosort.run_kilosort INFO     ----------------------------------------
2025-06-09 01:19:19,706 kilosort.clustering_qr DEBUG     
2025-06-09 01:19:19,706 kilosort.clustering_qr DEBUG    Cluster center: 0 of 12
2025-06-09 01:19:19,706 kilosort.clustering_qr DEBUG    ********************************************************
2025-06-09 01:19:19,707 kilosort.clustering_qr DEBUG    CPU usage:    42.90 %
2025-06-09 01:19:19,707 kilosort.clustering_qr DEBUG    Memory:        5.22 %     |     39.36   /   754.60 GB
2025-06-09 01:19:19,707 kilosort.clustering_qr DEBUG    ------------------------------------------------------
2025-06-09 01:19:19,707 kilosort.clustering_qr DEBUG    GPU usage:    `conda install pynvml` for GPU usage
2025-06-09 01:19:19,707 kilosort.clustering_qr DEBUG    GPU memory:   17.43 %     |      6.89   /    39.50 GB
2025-06-09 01:19:19,707 kilosort.clustering_qr DEBUG    Allocated:     0.02 %     |      0.01   /    39.50 GB
2025-06-09 01:19:19,707 kilosort.clustering_qr DEBUG    Max alloc:     0.75 %     |      0.30   /    39.50 GB
2025-06-09 01:19:19,707 kilosort.clustering_qr DEBUG    ********************************************************
2025-06-09 01:19:19,712 kilosort.clustering_qr DEBUG    Center 0 | nsp: 14853 | ntemp: 7
2025-06-09 01:19:20,173 kilosort.clustering_qr DEBUG    Center 1 | nsp: 5457 | ntemp: 4
2025-06-09 01:19:20,456 kilosort.clustering_qr DEBUG    Center 2 | nsp: 3465 | ntemp: 3
2025-06-09 01:19:20,817 kilosort.clustering_qr DEBUG    Center 3 | nsp: 7607 | ntemp: 4
2025-06-09 01:19:21,105 kilosort.clustering_qr DEBUG    Center 4 | nsp: 2875 | ntemp: 2
2025-06-09 01:19:21,462 kilosort.clustering_qr DEBUG    Center 5 | nsp: 3031 | ntemp: 2
2025-06-09 01:19:21,720 kilosort.clustering_qr DEBUG    Center 6 | nsp: 9561 | ntemp: 4
2025-06-09 01:19:22,113 kilosort.clustering_qr DEBUG    Center 7 | nsp: 2137 | ntemp: 3
2025-06-09 01:19:22,506 kilosort.clustering_qr DEBUG    Center 8 | nsp: 7513 | ntemp: 6
2025-06-09 01:19:22,832 kilosort.clustering_qr DEBUG    Center 9 | nsp: 14153 | ntemp: 6
2025-06-09 01:19:23,235 kilosort.clustering_qr DEBUG     
2025-06-09 01:19:23,235 kilosort.clustering_qr DEBUG    Cluster center: 10 of 12
2025-06-09 01:19:23,235 kilosort.clustering_qr DEBUG    ********************************************************
2025-06-09 01:19:23,235 kilosort.clustering_qr DEBUG    CPU usage:    41.30 %
2025-06-09 01:19:23,236 kilosort.clustering_qr DEBUG    Memory:        5.18 %     |     39.10   /   754.60 GB
2025-06-09 01:19:23,236 kilosort.clustering_qr DEBUG    ------------------------------------------------------
2025-06-09 01:19:23,236 kilosort.clustering_qr DEBUG    GPU usage:    `conda install pynvml` for GPU usage
2025-06-09 01:19:23,236 kilosort.clustering_qr DEBUG    GPU memory:   17.43 %     |      6.89   /    39.50 GB
2025-06-09 01:19:23,236 kilosort.clustering_qr DEBUG    Allocated:     0.02 %     |      0.01   /    39.50 GB
2025-06-09 01:19:23,236 kilosort.clustering_qr DEBUG    Max alloc:     0.75 %     |      0.30   /    39.50 GB
2025-06-09 01:19:23,236 kilosort.clustering_qr DEBUG    ********************************************************
2025-06-09 01:19:23,237 kilosort.clustering_qr DEBUG    Center 10 | nsp: 392 | ntemp: 1
2025-06-09 01:19:23,240 kilosort.clustering_qr DEBUG    Center 11 | nsp: 9692 | ntemp: 2
2025-06-09 01:19:23,610 kilosort.run_kilosort INFO     56 clusters found, in  3.91s; total  20.95s
2025-06-09 01:19:23,610 kilosort.run_kilosort DEBUG    clu shape: (80736,)
2025-06-09 01:19:23,610 kilosort.run_kilosort DEBUG    Wall shape: torch.Size([56, 32, 6])
2025-06-09 01:19:23,610 kilosort.run_kilosort INFO      
2025-06-09 01:19:23,611 kilosort.run_kilosort INFO     Merging clusters
2025-06-09 01:19:23,611 kilosort.run_kilosort INFO     ----------------------------------------
2025-06-09 01:19:23,684 kilosort.run_kilosort INFO     53 units found, in  0.07s; total  21.02s
2025-06-09 01:19:23,684 kilosort.run_kilosort DEBUG    clu shape: (80736,)
2025-06-09 01:19:23,685 kilosort.run_kilosort DEBUG    Wall shape: torch.Size([53, 32, 6])
2025-06-09 01:19:23,685 kilosort.run_kilosort INFO      
2025-06-09 01:19:23,685 kilosort.run_kilosort INFO     Resource usage after clustering
2025-06-09 01:19:23,685 kilosort.run_kilosort INFO     ********************************************************
2025-06-09 01:19:23,686 kilosort.run_kilosort INFO     CPU usage:    42.20 %
2025-06-09 01:19:23,686 kilosort.run_kilosort INFO     Memory:        5.19 %     |     39.18   /   754.60 GB
2025-06-09 01:19:23,687 kilosort.run_kilosort INFO     ------------------------------------------------------
2025-06-09 01:19:23,687 kilosort.run_kilosort INFO     GPU usage:    `conda install pynvml` for GPU usage
2025-06-09 01:19:23,688 kilosort.run_kilosort INFO     GPU memory:   17.43 %     |      6.89   /    39.50 GB
2025-06-09 01:19:23,688 kilosort.run_kilosort INFO     Allocated:     0.02 %     |      0.01   /    39.50 GB
2025-06-09 01:19:23,689 kilosort.run_kilosort INFO     Max alloc:     0.75 %     |      0.30   /    39.50 GB
2025-06-09 01:19:23,689 kilosort.run_kilosort INFO     ********************************************************
2025-06-09 01:19:23,690 kilosort.run_kilosort DEBUG    

|===========================================================================|
|                  PyTorch CUDA memory summary, device ID 0                 |
|---------------------------------------------------------------------------|
|            CUDA OOMs: 0            |        cudaMalloc retries: 0         |
|===========================================================================|
|        Metric         | Cur Usage  | Peak Usage | Tot Alloc  | Tot Freed  |
|---------------------------------------------------------------------------|
| Allocated memory      |   8871 KiB | 310173 KiB |  20544 GiB |  20544 GiB |
|---------------------------------------------------------------------------|
| Active memory         |   8871 KiB | 310173 KiB |  20544 GiB |  20544 GiB |
|---------------------------------------------------------------------------|
| Requested memory      |   8868 KiB | 310087 KiB |  20318 GiB |  20318 GiB |
|---------------------------------------------------------------------------|
| GPU reserved memory   | 481280 KiB | 481280 KiB | 481280 KiB |      0 B   |
|---------------------------------------------------------------------------|
| Non-releasable memory |  13657 KiB | 184425 KiB |  11207 GiB |  11207 GiB |
|---------------------------------------------------------------------------|
| Allocations           |      23    |      56    |    4463 K  |    4463 K  |
|---------------------------------------------------------------------------|
| Active allocs         |      23    |      56    |    4463 K  |    4463 K  |
|---------------------------------------------------------------------------|
| GPU reserved segments |      15    |      15    |      15    |       0    |
|---------------------------------------------------------------------------|
| Non-releasable allocs |      11    |      27    |    1827 K  |    1826 K  |
|---------------------------------------------------------------------------|
| Oversize allocations  |       0    |       0    |       0    |       0    |
|---------------------------------------------------------------------------|
| Oversize GPU segments |       0    |       0    |       0    |       0    |
|===========================================================================|


2025-06-09 01:19:23,690 kilosort.run_kilosort INFO      
2025-06-09 01:19:23,690 kilosort.run_kilosort INFO     Saving to phy and computing refractory periods
2025-06-09 01:19:23,690 kilosort.run_kilosort INFO     ----------------------------------------
2025-06-09 01:19:24,127 kilosort.run_kilosort INFO     23 units found with good refractory periods
2025-06-09 01:19:24,128 kilosort.run_kilosort INFO     Total runtime: 21.47s = 00:00:21 h:m:s
2025-06-09 01:19:24,133 kilosort.run_kilosort INFO     Sorting output saved in: /home/lss72/palmer_scratch/spike_sort/kilosort4.
2025-06-09 01:19:24,133 kilosort.run_kilosort INFO      
2025-06-09 01:19:24,134 kilosort.run_kilosort INFO     Resource usage after saving
2025-06-09 01:19:24,134 kilosort.run_kilosort INFO     ********************************************************
2025-06-09 01:19:24,135 kilosort.run_kilosort INFO     CPU usage:    44.30 %
2025-06-09 01:19:24,135 kilosort.run_kilosort INFO     Memory:        5.19 %     |     39.17   /   754.60 GB
2025-06-09 01:19:24,136 kilosort.run_kilosort INFO     ------------------------------------------------------
2025-06-09 01:19:24,136 kilosort.run_kilosort INFO     GPU usage:    `conda install pynvml` for GPU usage
2025-06-09 01:19:24,136 kilosort.run_kilosort INFO     GPU memory:   17.43 %     |      6.89   /    39.50 GB
2025-06-09 01:19:24,137 kilosort.run_kilosort INFO     Allocated:     0.02 %     |      0.01   /    39.50 GB
2025-06-09 01:19:24,138 kilosort.run_kilosort INFO     Max alloc:     0.75 %     |      0.30   /    39.50 GB
2025-06-09 01:19:24,138 kilosort.run_kilosort INFO     ********************************************************
2025-06-09 01:19:24,138 kilosort.run_kilosort DEBUG    

|===========================================================================|
|                  PyTorch CUDA memory summary, device ID 0                 |
|---------------------------------------------------------------------------|
|            CUDA OOMs: 0            |        cudaMalloc retries: 0         |
|===========================================================================|
|        Metric         | Cur Usage  | Peak Usage | Tot Alloc  | Tot Freed  |
|---------------------------------------------------------------------------|
| Allocated memory      |   8871 KiB | 310173 KiB |  20544 GiB |  20544 GiB |
|---------------------------------------------------------------------------|
| Active memory         |   8871 KiB | 310173 KiB |  20544 GiB |  20544 GiB |
|---------------------------------------------------------------------------|
| Requested memory      |   8868 KiB | 310087 KiB |  20318 GiB |  20318 GiB |
|---------------------------------------------------------------------------|
| GPU reserved memory   | 481280 KiB | 481280 KiB | 481280 KiB |      0 B   |
|---------------------------------------------------------------------------|
| Non-releasable memory |  13657 KiB | 184425 KiB |  11207 GiB |  11207 GiB |
|---------------------------------------------------------------------------|
| Allocations           |      23    |      56    |    4464 K  |    4464 K  |
|---------------------------------------------------------------------------|
| Active allocs         |      23    |      56    |    4464 K  |    4464 K  |
|---------------------------------------------------------------------------|
| GPU reserved segments |      15    |      15    |      15    |       0    |
|---------------------------------------------------------------------------|
| Non-releasable allocs |      11    |      27    |    1827 K  |    1827 K  |
|---------------------------------------------------------------------------|
| Oversize allocations  |       0    |       0    |       0    |       0    |
|---------------------------------------------------------------------------|
| Oversize GPU segments |       0    |       0    |       0    |       0    |
|===========================================================================|


