2025-06-09 01:52:29,245 kilosort.run_kilosort INFO     Kilosort version 4.0.25
2025-06-09 01:52:29,248 kilosort.run_kilosort INFO     Python version 3.9.21
2025-06-09 01:52:29,248 kilosort.run_kilosort INFO     ----------------------------------------
2025-06-09 01:52:29,249 kilosort.run_kilosort INFO     System information:
2025-06-09 01:52:29,249 kilosort.run_kilosort INFO     Linux-4.18.0-477.74.1.el8_8.x86_64-x86_64-with-glibc2.28 x86_64
2025-06-09 01:52:29,249 kilosort.run_kilosort INFO     x86_64
2025-06-09 01:52:29,249 kilosort.run_kilosort INFO     Using GPU for PyTorch computations. Specify `device` to change this.
2025-06-09 01:52:29,250 kilosort.run_kilosort INFO     Using CUDA device: NVIDIA A100-PCIE-40GB 39.50GB
2025-06-09 01:52:29,250 kilosort.run_kilosort INFO     ----------------------------------------
2025-06-09 01:52:29,250 kilosort.run_kilosort INFO     Sorting /home/lss72/palmer_scratch/spike_sort/2014_11_25_Pair_3_0
2025-06-09 01:52:29,251 kilosort.run_kilosort DEBUG    Initial ops:

ops = {
    'n_chan_bin': 32,
    'fs': 30000,
    'batch_size': 60000,
    'nblocks': 1,
    'Th_universal': 9,
    'Th_learned': 8,
    'tmin': 0,
    'tmax': 600,
    'nt': 61,
    'shift': None,
    'scale': None,
    'artifact_threshold': inf,
    'nskip': 25,
    'whitening_range': 32,
    'highpass_cutoff': 300,
    'binning_depth': 5,
    'sig_interp': 20,
    'drift_smoothing': [0.5, 0.5, 0.5],
    'nt0min': 20,
    'dmin': None,
    'dminx': 32,
    'min_template_size': 10,
    'template_sizes': 5,
    'nearest_chans': 10,
    'nearest_templates': 100,
    'max_channel_distance': 32,
    'max_peels': 100,
    'templates_from_data': True,
    'n_templates': 6,
    'n_pcs': 6,
    'Th_single_ch': 6,
    'acg_threshold': 0.2,
    'ccg_threshold': 0.25,
    'cluster_downsampling': 20,
    'x_centers': None,
    'duplicate_spike_ms': 0.25,
    'position_limit': 100,
    'data_dir': PosixPath('/home/lss72/palmer_scratch/spike_sort'),
    'filename': PosixPath('/home/lss72/palmer_scratch/spike_sort/2014_11_25_Pair_3_0'),
    'data_dtype': dtype('uint16'),
    'do_CAR': True,
    'invert_sign': False,
    'NTbuff': 60122,
    'Nchan': 32,
    'duplicate_spike_bins': 7,
    'torch_device': 'cuda',
    'save_preprocessed_copy': False
}

2025-06-09 01:52:29,254 kilosort.run_kilosort DEBUG    Probe dictionary:

probe = {
    'chanMap': np.array([ 0,  1,  2,  3,  4,  5,  6,  7,  8,  9, 10, 11, 12, 13, 14, 15, 16,
       17, 18, 19, 20, 21, 22, 23, 24, 25, 26, 27, 28, 29, 30, 31]),
    'xc': np.array([  0.,   0.,  18.,  18.,  18.,  18.,  18.,  18.,   0.,   0.,  18.,
        18.,  18.,  18.,   0.,   0.,   0.,   0., -18., -18., -18., -18.,
         0.,   0., -18., -18., -18., -18., -18., -18.,   0.,   0.],
      dtype=np.float32),
    'yc': np.array([275. , 225. ,  12.5,  37.5,  87.5, 137.5, 187.5, 237.5,  75. ,
        25. , 212.5, 162.5, 112.5,  62.5, 125. , 175. , 150. , 100. ,
        62.5, 112.5, 162.5, 212.5,   0. ,  50. , 237.5, 187.5, 137.5,
        87.5,  37.5,  12.5, 200. , 250. ], dtype=np.float32),
    'kcoords': np.array([0., 0., 0., 0., 0., 0., 0., 0., 0., 0., 0., 0., 0., 0., 0., 0., 0.,
       0., 0., 0., 0., 0., 0., 0., 0., 0., 0., 0., 0., 0., 0., 0.]),
    'n_chan': 32
}

2025-06-09 01:52:29,254 kilosort.run_kilosort INFO      
2025-06-09 01:52:29,254 kilosort.run_kilosort INFO     Computing preprocessing variables.
2025-06-09 01:52:29,254 kilosort.run_kilosort INFO     ----------------------------------------
2025-06-09 01:52:29,256 kilosort.run_kilosort INFO     N samples: 16716540
2025-06-09 01:52:29,257 kilosort.run_kilosort INFO     N seconds: 557.218
2025-06-09 01:52:29,257 kilosort.run_kilosort INFO     N batches: 279
2025-06-09 01:52:29,353 kilosort.run_kilosort INFO     Preprocessing filters computed in  0.10s; total  0.10s
2025-06-09 01:52:29,354 kilosort.run_kilosort DEBUG    hp_filter shape: torch.Size([30122])
2025-06-09 01:52:29,354 kilosort.run_kilosort DEBUG    whiten_mat shape: torch.Size([32, 32])
2025-06-09 01:52:29,354 kilosort.run_kilosort INFO      
2025-06-09 01:52:29,354 kilosort.run_kilosort INFO     Resource usage after preprocessing
2025-06-09 01:52:29,355 kilosort.run_kilosort INFO     ********************************************************
2025-06-09 01:52:29,355 kilosort.run_kilosort INFO     CPU usage:    33.70 %
2025-06-09 01:52:29,356 kilosort.run_kilosort INFO     Memory:        5.88 %     |     44.33   /   754.60 GB
2025-06-09 01:52:29,356 kilosort.run_kilosort INFO     ------------------------------------------------------
2025-06-09 01:52:29,356 kilosort.run_kilosort INFO     GPU usage:    `conda install pynvml` for GPU usage
2025-06-09 01:52:29,357 kilosort.run_kilosort INFO     GPU memory:   17.43 %     |      6.89   /    39.50 GB
2025-06-09 01:52:29,357 kilosort.run_kilosort INFO     Allocated:     0.02 %     |      0.01   /    39.50 GB
2025-06-09 01:52:29,358 kilosort.run_kilosort INFO     Max alloc:     0.75 %     |      0.30   /    39.50 GB
2025-06-09 01:52:29,358 kilosort.run_kilosort INFO     ********************************************************
2025-06-09 01:52:29,366 kilosort.run_kilosort INFO      
2025-06-09 01:52:29,366 kilosort.run_kilosort INFO     Computing drift correction.
2025-06-09 01:52:29,367 kilosort.run_kilosort INFO     ----------------------------------------
2025-06-09 01:52:29,367 kilosort.spikedetect INFO     Re-computing universal templates from data.
2025-06-09 01:52:29,598 kilosort.spikedetect INFO     Number of universal templates: 135
2025-06-09 01:52:29,600 kilosort.spikedetect INFO     Detecting spikes...
2025-06-09 01:52:29,602 kilosort.spikedetect DEBUG     
2025-06-09 01:52:29,602 kilosort.spikedetect DEBUG    Batch 0
2025-06-09 01:52:29,602 kilosort.spikedetect DEBUG    ********************************************************
2025-06-09 01:52:29,602 kilosort.spikedetect DEBUG    CPU usage:    49.00 %
2025-06-09 01:52:29,602 kilosort.spikedetect DEBUG    Memory:        5.88 %     |     44.39   /   754.60 GB
2025-06-09 01:52:29,603 kilosort.spikedetect DEBUG    ------------------------------------------------------
2025-06-09 01:52:29,603 kilosort.spikedetect DEBUG    GPU usage:    `conda install pynvml` for GPU usage
2025-06-09 01:52:29,603 kilosort.spikedetect DEBUG    GPU memory:   17.43 %     |      6.89   /    39.50 GB
2025-06-09 01:52:29,603 kilosort.spikedetect DEBUG    Allocated:     0.02 %     |      0.01   /    39.50 GB
2025-06-09 01:52:29,603 kilosort.spikedetect DEBUG    Max alloc:     0.75 %     |      0.30   /    39.50 GB
2025-06-09 01:52:29,603 kilosort.spikedetect DEBUG    ********************************************************
2025-06-09 01:52:38,193 kilosort.spikedetect DEBUG     
2025-06-09 01:52:38,193 kilosort.spikedetect DEBUG    Batch 278
2025-06-09 01:52:38,193 kilosort.spikedetect DEBUG    ********************************************************
2025-06-09 01:52:38,193 kilosort.spikedetect DEBUG    CPU usage:    36.20 %
2025-06-09 01:52:38,193 kilosort.spikedetect DEBUG    Memory:        5.88 %     |     44.40   /   754.60 GB
2025-06-09 01:52:38,193 kilosort.spikedetect DEBUG    ------------------------------------------------------
2025-06-09 01:52:38,193 kilosort.spikedetect DEBUG    GPU usage:    `conda install pynvml` for GPU usage
2025-06-09 01:52:38,194 kilosort.spikedetect DEBUG    GPU memory:   17.43 %     |      6.89   /    39.50 GB
2025-06-09 01:52:38,194 kilosort.spikedetect DEBUG    Allocated:     0.04 %     |      0.02   /    39.50 GB
2025-06-09 01:52:38,195 kilosort.spikedetect DEBUG    Max alloc:     0.75 %     |      0.30   /    39.50 GB
2025-06-09 01:52:38,195 kilosort.spikedetect DEBUG    ********************************************************
2025-06-09 01:52:38,319 kilosort.run_kilosort INFO     drift computed in  8.95s; total  9.07s
2025-06-09 01:52:38,323 kilosort.run_kilosort DEBUG    st shape: (65055, 6)
2025-06-09 01:52:38,323 kilosort.run_kilosort DEBUG    yblk shape: (1,)
2025-06-09 01:52:38,323 kilosort.run_kilosort DEBUG    dshift shape: (279, 1)
2025-06-09 01:52:38,323 kilosort.run_kilosort DEBUG    iKxx shape: torch.Size([32, 32])
2025-06-09 01:52:38,323 kilosort.run_kilosort INFO      
2025-06-09 01:52:38,323 kilosort.run_kilosort INFO     Resource usage after drift correction
2025-06-09 01:52:38,324 kilosort.run_kilosort INFO     ********************************************************
2025-06-09 01:52:38,324 kilosort.run_kilosort INFO     CPU usage:    37.40 %
2025-06-09 01:52:38,325 kilosort.run_kilosort INFO     Memory:        5.89 %     |     44.43   /   754.60 GB
2025-06-09 01:52:38,325 kilosort.run_kilosort INFO     ------------------------------------------------------
2025-06-09 01:52:38,325 kilosort.run_kilosort INFO     GPU usage:    `conda install pynvml` for GPU usage
2025-06-09 01:52:38,326 kilosort.run_kilosort INFO     GPU memory:   17.43 %     |      6.89   /    39.50 GB
2025-06-09 01:52:38,326 kilosort.run_kilosort INFO     Allocated:     0.02 %     |      0.01   /    39.50 GB
2025-06-09 01:52:38,327 kilosort.run_kilosort INFO     Max alloc:     0.75 %     |      0.30   /    39.50 GB
2025-06-09 01:52:38,327 kilosort.run_kilosort INFO     ********************************************************
2025-06-09 01:52:38,328 kilosort.run_kilosort DEBUG    

|===========================================================================|
|                  PyTorch CUDA memory summary, device ID 0                 |
|---------------------------------------------------------------------------|
|            CUDA OOMs: 0            |        cudaMalloc retries: 0         |
|===========================================================================|
|        Metric         | Cur Usage  | Peak Usage | Tot Alloc  | Tot Freed  |
|---------------------------------------------------------------------------|
| Allocated memory      |   9143 KiB | 310277 KiB |  32782 GiB |  32782 GiB |
|---------------------------------------------------------------------------|
| Active memory         |   9143 KiB | 310277 KiB |  32782 GiB |  32782 GiB |
|---------------------------------------------------------------------------|
| Requested memory      |   9138 KiB | 310188 KiB |  32420 GiB |  32420 GiB |
|---------------------------------------------------------------------------|
| GPU reserved memory   | 481280 KiB | 481280 KiB | 481280 KiB |      0 B   |
|---------------------------------------------------------------------------|
| Non-releasable memory |  13385 KiB | 184425 KiB |  17718 GiB |  17718 GiB |
|---------------------------------------------------------------------------|
| Allocations           |      31    |      67    |    6755 K  |    6755 K  |
|---------------------------------------------------------------------------|
| Active allocs         |      31    |      67    |    6755 K  |    6755 K  |
|---------------------------------------------------------------------------|
| GPU reserved segments |      15    |      15    |      15    |       0    |
|---------------------------------------------------------------------------|
| Non-releasable allocs |      14    |      27    |    2729 K  |    2729 K  |
|---------------------------------------------------------------------------|
| Oversize allocations  |       0    |       0    |       0    |       0    |
|---------------------------------------------------------------------------|
| Oversize GPU segments |       0    |       0    |       0    |       0    |
|===========================================================================|


2025-06-09 01:52:38,336 kilosort.run_kilosort DEBUG    First batch min, max: (-17.162348, 9.988154)
2025-06-09 01:52:38,336 kilosort.run_kilosort INFO      
2025-06-09 01:52:38,337 kilosort.run_kilosort INFO     Extracting spikes using templates
2025-06-09 01:52:38,337 kilosort.run_kilosort INFO     ----------------------------------------
2025-06-09 01:52:38,337 kilosort.spikedetect INFO     Re-computing universal templates from data.
2025-06-09 01:52:38,556 kilosort.spikedetect INFO     Number of universal templates: 135
2025-06-09 01:52:38,558 kilosort.spikedetect INFO     Detecting spikes...
2025-06-09 01:52:38,560 kilosort.spikedetect DEBUG     
2025-06-09 01:52:38,560 kilosort.spikedetect DEBUG    Batch 0
2025-06-09 01:52:38,560 kilosort.spikedetect DEBUG    ********************************************************
2025-06-09 01:52:38,560 kilosort.spikedetect DEBUG    CPU usage:    49.50 %
2025-06-09 01:52:38,560 kilosort.spikedetect DEBUG    Memory:        5.89 %     |     44.42   /   754.60 GB
2025-06-09 01:52:38,560 kilosort.spikedetect DEBUG    ------------------------------------------------------
2025-06-09 01:52:38,560 kilosort.spikedetect DEBUG    GPU usage:    `conda install pynvml` for GPU usage
2025-06-09 01:52:38,560 kilosort.spikedetect DEBUG    GPU memory:   17.43 %     |      6.89   /    39.50 GB
2025-06-09 01:52:38,560 kilosort.spikedetect DEBUG    Allocated:     0.02 %     |      0.01   /    39.50 GB
2025-06-09 01:52:38,561 kilosort.spikedetect DEBUG    Max alloc:     0.75 %     |      0.30   /    39.50 GB
2025-06-09 01:52:38,561 kilosort.spikedetect DEBUG    ********************************************************
2025-06-09 01:52:47,125 kilosort.spikedetect DEBUG     
2025-06-09 01:52:47,125 kilosort.spikedetect DEBUG    Batch 278
2025-06-09 01:52:47,125 kilosort.spikedetect DEBUG    ********************************************************
2025-06-09 01:52:47,125 kilosort.spikedetect DEBUG    CPU usage:    36.30 %
2025-06-09 01:52:47,125 kilosort.spikedetect DEBUG    Memory:        5.88 %     |     44.39   /   754.60 GB
2025-06-09 01:52:47,125 kilosort.spikedetect DEBUG    ------------------------------------------------------
2025-06-09 01:52:47,126 kilosort.spikedetect DEBUG    GPU usage:    `conda install pynvml` for GPU usage
2025-06-09 01:52:47,126 kilosort.spikedetect DEBUG    GPU memory:   17.43 %     |      6.89   /    39.50 GB
2025-06-09 01:52:47,126 kilosort.spikedetect DEBUG    Allocated:     0.04 %     |      0.02   /    39.50 GB
2025-06-09 01:52:47,126 kilosort.spikedetect DEBUG    Max alloc:     0.75 %     |      0.30   /    39.50 GB
2025-06-09 01:52:47,126 kilosort.spikedetect DEBUG    ********************************************************
2025-06-09 01:52:47,126 kilosort.run_kilosort INFO     63932 spikes extracted in  8.79s; total  17.88s
2025-06-09 01:52:47,126 kilosort.run_kilosort DEBUG    st0 shape: (63932, 6)
2025-06-09 01:52:47,127 kilosort.run_kilosort DEBUG    tF shape: torch.Size([63932, 10, 6])
2025-06-09 01:52:47,127 kilosort.run_kilosort INFO      
2025-06-09 01:52:47,127 kilosort.run_kilosort INFO     First clustering
2025-06-09 01:52:47,127 kilosort.run_kilosort INFO     ----------------------------------------
2025-06-09 01:52:47,138 kilosort.clustering_qr DEBUG     
2025-06-09 01:52:47,138 kilosort.clustering_qr DEBUG    Cluster center: 0 of 12
2025-06-09 01:52:47,138 kilosort.clustering_qr DEBUG    ********************************************************
2025-06-09 01:52:47,138 kilosort.clustering_qr DEBUG    CPU usage:    45.50 %
2025-06-09 01:52:47,138 kilosort.clustering_qr DEBUG    Memory:        5.88 %     |     44.39   /   754.60 GB
2025-06-09 01:52:47,138 kilosort.clustering_qr DEBUG    ------------------------------------------------------
2025-06-09 01:52:47,138 kilosort.clustering_qr DEBUG    GPU usage:    `conda install pynvml` for GPU usage
2025-06-09 01:52:47,138 kilosort.clustering_qr DEBUG    GPU memory:   17.43 %     |      6.89   /    39.50 GB
2025-06-09 01:52:47,139 kilosort.clustering_qr DEBUG    Allocated:     0.02 %     |      0.01   /    39.50 GB
2025-06-09 01:52:47,139 kilosort.clustering_qr DEBUG    Max alloc:     0.75 %     |      0.30   /    39.50 GB
2025-06-09 01:52:47,139 kilosort.clustering_qr DEBUG    ********************************************************
2025-06-09 01:52:47,143 kilosort.clustering_qr DEBUG    Center 0 | nsp: 10723 | ntemp: 12
2025-06-09 01:52:47,453 kilosort.clustering_qr DEBUG    Center 1 | nsp: 5229 | ntemp: 12
2025-06-09 01:52:47,733 kilosort.clustering_qr DEBUG    Center 2 | nsp: 4179 | ntemp: 12
2025-06-09 01:52:48,002 kilosort.clustering_qr DEBUG    Center 3 | nsp: 5840 | ntemp: 12
2025-06-09 01:52:48,383 kilosort.clustering_qr DEBUG    Center 4 | nsp: 1280 | ntemp: 12
2025-06-09 01:52:48,629 kilosort.clustering_qr DEBUG    Center 5 | nsp: 8053 | ntemp: 12
2025-06-09 01:52:49,060 kilosort.clustering_qr DEBUG    Center 6 | nsp: 4695 | ntemp: 12
2025-06-09 01:52:49,440 kilosort.clustering_qr DEBUG    Center 7 | nsp: 956 | ntemp: 12
2025-06-09 01:52:49,443 kilosort.clustering_qr DEBUG    Center 8 | nsp: 3850 | ntemp: 12
2025-06-09 01:52:49,713 kilosort.clustering_qr DEBUG    Center 9 | nsp: 6527 | ntemp: 12
2025-06-09 01:52:50,189 kilosort.clustering_qr DEBUG     
2025-06-09 01:52:50,189 kilosort.clustering_qr DEBUG    Cluster center: 10 of 12
2025-06-09 01:52:50,189 kilosort.clustering_qr DEBUG    ********************************************************
2025-06-09 01:52:50,189 kilosort.clustering_qr DEBUG    CPU usage:    44.80 %
2025-06-09 01:52:50,189 kilosort.clustering_qr DEBUG    Memory:        5.89 %     |     44.42   /   754.60 GB
2025-06-09 01:52:50,189 kilosort.clustering_qr DEBUG    ------------------------------------------------------
2025-06-09 01:52:50,189 kilosort.clustering_qr DEBUG    GPU usage:    `conda install pynvml` for GPU usage
2025-06-09 01:52:50,189 kilosort.clustering_qr DEBUG    GPU memory:   17.43 %     |      6.89   /    39.50 GB
2025-06-09 01:52:50,190 kilosort.clustering_qr DEBUG    Allocated:     0.02 %     |      0.01   /    39.50 GB
2025-06-09 01:52:50,190 kilosort.clustering_qr DEBUG    Max alloc:     0.75 %     |      0.30   /    39.50 GB
2025-06-09 01:52:50,190 kilosort.clustering_qr DEBUG    ********************************************************
2025-06-09 01:52:50,194 kilosort.clustering_qr DEBUG    Center 10 | nsp: 9757 | ntemp: 12
2025-06-09 01:52:50,607 kilosort.clustering_qr DEBUG    Center 11 | nsp: 2843 | ntemp: 3
2025-06-09 01:52:51,016 kilosort.run_kilosort INFO     49 clusters found, in  3.89s; total  21.76s
2025-06-09 01:52:51,016 kilosort.run_kilosort DEBUG    clu shape: (63932,)
2025-06-09 01:52:51,016 kilosort.run_kilosort DEBUG    Wall shape: torch.Size([49, 32, 6])
2025-06-09 01:52:51,016 kilosort.run_kilosort INFO      
2025-06-09 01:52:51,017 kilosort.run_kilosort INFO     Extracting spikes using cluster waveforms
2025-06-09 01:52:51,017 kilosort.run_kilosort INFO     ----------------------------------------
2025-06-09 01:52:51,034 kilosort.template_matching DEBUG     
2025-06-09 01:52:51,034 kilosort.template_matching DEBUG    Batch 0
2025-06-09 01:52:51,034 kilosort.template_matching DEBUG    ********************************************************
2025-06-09 01:52:51,034 kilosort.template_matching DEBUG    CPU usage:    44.40 %
2025-06-09 01:52:51,035 kilosort.template_matching DEBUG    Memory:        5.92 %     |     44.71   /   754.60 GB
2025-06-09 01:52:51,035 kilosort.template_matching DEBUG    ------------------------------------------------------
2025-06-09 01:52:51,035 kilosort.template_matching DEBUG    GPU usage:    `conda install pynvml` for GPU usage
2025-06-09 01:52:51,035 kilosort.template_matching DEBUG    GPU memory:   17.43 %     |      6.89   /    39.50 GB
2025-06-09 01:52:51,035 kilosort.template_matching DEBUG    Allocated:     0.02 %     |      0.01   /    39.50 GB
2025-06-09 01:52:51,035 kilosort.template_matching DEBUG    Max alloc:     0.75 %     |      0.30   /    39.50 GB
2025-06-09 01:52:51,035 kilosort.template_matching DEBUG    ********************************************************
2025-06-09 01:52:54,204 kilosort.template_matching DEBUG     
2025-06-09 01:52:54,204 kilosort.template_matching DEBUG    Batch 100
2025-06-09 01:52:54,204 kilosort.template_matching DEBUG    ********************************************************
2025-06-09 01:52:54,204 kilosort.template_matching DEBUG    CPU usage:    38.10 %
2025-06-09 01:52:54,204 kilosort.template_matching DEBUG    Memory:        5.94 %     |     44.80   /   754.60 GB
2025-06-09 01:52:54,204 kilosort.template_matching DEBUG    ------------------------------------------------------
2025-06-09 01:52:54,204 kilosort.template_matching DEBUG    GPU usage:    `conda install pynvml` for GPU usage
2025-06-09 01:52:54,205 kilosort.template_matching DEBUG    GPU memory:   17.43 %     |      6.89   /    39.50 GB
2025-06-09 01:52:54,205 kilosort.template_matching DEBUG    Allocated:     0.06 %     |      0.02   /    39.50 GB
2025-06-09 01:52:54,205 kilosort.template_matching DEBUG    Max alloc:     0.75 %     |      0.30   /    39.50 GB
2025-06-09 01:52:54,205 kilosort.template_matching DEBUG    ********************************************************
2025-06-09 01:52:57,378 kilosort.template_matching DEBUG     
2025-06-09 01:52:57,378 kilosort.template_matching DEBUG    Batch 200
2025-06-09 01:52:57,378 kilosort.template_matching DEBUG    ********************************************************
2025-06-09 01:52:57,378 kilosort.template_matching DEBUG    CPU usage:    37.90 %
2025-06-09 01:52:57,378 kilosort.template_matching DEBUG    Memory:        5.94 %     |     44.79   /   754.60 GB
2025-06-09 01:52:57,378 kilosort.template_matching DEBUG    ------------------------------------------------------
2025-06-09 01:52:57,378 kilosort.template_matching DEBUG    GPU usage:    `conda install pynvml` for GPU usage
2025-06-09 01:52:57,378 kilosort.template_matching DEBUG    GPU memory:   17.43 %     |      6.89   /    39.50 GB
2025-06-09 01:52:57,379 kilosort.template_matching DEBUG    Allocated:     0.06 %     |      0.02   /    39.50 GB
2025-06-09 01:52:57,379 kilosort.template_matching DEBUG    Max alloc:     0.75 %     |      0.30   /    39.50 GB
2025-06-09 01:52:57,379 kilosort.template_matching DEBUG    ********************************************************
2025-06-09 01:52:59,880 kilosort.template_matching DEBUG     
2025-06-09 01:52:59,880 kilosort.template_matching DEBUG    Batch 278
2025-06-09 01:52:59,880 kilosort.template_matching DEBUG    ********************************************************
2025-06-09 01:52:59,881 kilosort.template_matching DEBUG    CPU usage:    38.40 %
2025-06-09 01:52:59,881 kilosort.template_matching DEBUG    Memory:        5.93 %     |     44.78   /   754.60 GB
2025-06-09 01:52:59,881 kilosort.template_matching DEBUG    ------------------------------------------------------
2025-06-09 01:52:59,881 kilosort.template_matching DEBUG    GPU usage:    `conda install pynvml` for GPU usage
2025-06-09 01:52:59,881 kilosort.template_matching DEBUG    GPU memory:   17.43 %     |      6.89   /    39.50 GB
2025-06-09 01:52:59,881 kilosort.template_matching DEBUG    Allocated:     0.06 %     |      0.02   /    39.50 GB
2025-06-09 01:52:59,881 kilosort.template_matching DEBUG    Max alloc:     0.75 %     |      0.30   /    39.50 GB
2025-06-09 01:52:59,881 kilosort.template_matching DEBUG    ********************************************************
2025-06-09 01:52:59,892 kilosort.run_kilosort INFO     159449 spikes extracted in  8.88s; total  30.64s
2025-06-09 01:52:59,896 kilosort.run_kilosort DEBUG    st shape: (159449, 3)
2025-06-09 01:52:59,896 kilosort.run_kilosort DEBUG    tF shape: torch.Size([159449, 10, 6])
2025-06-09 01:52:59,896 kilosort.run_kilosort DEBUG    iCC shape: torch.Size([10, 32])
2025-06-09 01:52:59,896 kilosort.run_kilosort DEBUG    iU shape: torch.Size([36])
2025-06-09 01:52:59,896 kilosort.run_kilosort INFO      
2025-06-09 01:52:59,896 kilosort.run_kilosort INFO     Resource usage after spike detection
2025-06-09 01:52:59,896 kilosort.run_kilosort INFO     ********************************************************
2025-06-09 01:52:59,897 kilosort.run_kilosort INFO     CPU usage:    46.60 %
2025-06-09 01:52:59,898 kilosort.run_kilosort INFO     Memory:        5.91 %     |     44.58   /   754.60 GB
2025-06-09 01:52:59,898 kilosort.run_kilosort INFO     ------------------------------------------------------
2025-06-09 01:52:59,898 kilosort.run_kilosort INFO     GPU usage:    `conda install pynvml` for GPU usage
2025-06-09 01:52:59,899 kilosort.run_kilosort INFO     GPU memory:   17.43 %     |      6.89   /    39.50 GB
2025-06-09 01:52:59,900 kilosort.run_kilosort INFO     Allocated:     0.02 %     |      0.01   /    39.50 GB
2025-06-09 01:52:59,900 kilosort.run_kilosort INFO     Max alloc:     0.75 %     |      0.30   /    39.50 GB
2025-06-09 01:52:59,901 kilosort.run_kilosort INFO     ********************************************************
2025-06-09 01:52:59,901 kilosort.run_kilosort DEBUG    

|===========================================================================|
|                  PyTorch CUDA memory summary, device ID 0                 |
|---------------------------------------------------------------------------|
|            CUDA OOMs: 0            |        cudaMalloc retries: 0         |
|===========================================================================|
|        Metric         | Cur Usage  | Peak Usage | Tot Alloc  | Tot Freed  |
|---------------------------------------------------------------------------|
| Allocated memory      |   9173 KiB | 310347 KiB |  35242 GiB |  35242 GiB |
|---------------------------------------------------------------------------|
| Active memory         |   9173 KiB | 310347 KiB |  35242 GiB |  35242 GiB |
|---------------------------------------------------------------------------|
| Requested memory      |   9168 KiB | 310258 KiB |  34854 GiB |  34854 GiB |
|---------------------------------------------------------------------------|
| GPU reserved memory   | 481280 KiB | 481280 KiB | 481280 KiB |      0 B   |
|---------------------------------------------------------------------------|
| Non-releasable memory |  13354 KiB | 184425 KiB |  19117 GiB |  19117 GiB |
|---------------------------------------------------------------------------|
| Allocations           |      35    |      67    |    7309 K  |    7309 K  |
|---------------------------------------------------------------------------|
| Active allocs         |      35    |      67    |    7309 K  |    7309 K  |
|---------------------------------------------------------------------------|
| GPU reserved segments |      15    |      15    |      15    |       0    |
|---------------------------------------------------------------------------|
| Non-releasable allocs |      15    |      28    |    2949 K  |    2949 K  |
|---------------------------------------------------------------------------|
| Oversize allocations  |       0    |       0    |       0    |       0    |
|---------------------------------------------------------------------------|
| Oversize GPU segments |       0    |       0    |       0    |       0    |
|===========================================================================|


2025-06-09 01:52:59,902 kilosort.run_kilosort INFO      
2025-06-09 01:52:59,902 kilosort.run_kilosort INFO     Final clustering
2025-06-09 01:52:59,902 kilosort.run_kilosort INFO     ----------------------------------------
2025-06-09 01:52:59,913 kilosort.clustering_qr DEBUG     
2025-06-09 01:52:59,913 kilosort.clustering_qr DEBUG    Cluster center: 0 of 12
2025-06-09 01:52:59,913 kilosort.clustering_qr DEBUG    ********************************************************
2025-06-09 01:52:59,913 kilosort.clustering_qr DEBUG    CPU usage:    42.10 %
2025-06-09 01:52:59,913 kilosort.clustering_qr DEBUG    Memory:        5.91 %     |     44.58   /   754.60 GB
2025-06-09 01:52:59,913 kilosort.clustering_qr DEBUG    ------------------------------------------------------
2025-06-09 01:52:59,913 kilosort.clustering_qr DEBUG    GPU usage:    `conda install pynvml` for GPU usage
2025-06-09 01:52:59,913 kilosort.clustering_qr DEBUG    GPU memory:   17.43 %     |      6.89   /    39.50 GB
2025-06-09 01:52:59,913 kilosort.clustering_qr DEBUG    Allocated:     0.02 %     |      0.01   /    39.50 GB
2025-06-09 01:52:59,914 kilosort.clustering_qr DEBUG    Max alloc:     0.75 %     |      0.30   /    39.50 GB
2025-06-09 01:52:59,914 kilosort.clustering_qr DEBUG    ********************************************************
2025-06-09 01:52:59,921 kilosort.clustering_qr DEBUG    Center 0 | nsp: 34875 | ntemp: 5
2025-06-09 01:53:00,559 kilosort.clustering_qr DEBUG    Center 1 | nsp: 4604 | ntemp: 1
2025-06-09 01:53:00,934 kilosort.clustering_qr DEBUG    Center 2 | nsp: 20364 | ntemp: 7
2025-06-09 01:53:01,460 kilosort.clustering_qr DEBUG    Center 3 | nsp: 4254 | ntemp: 3
2025-06-09 01:53:01,847 kilosort.clustering_qr DEBUG    Center 4 | nsp: 7687 | ntemp: 3
2025-06-09 01:53:02,153 kilosort.clustering_qr DEBUG    Center 5 | nsp: 11293 | ntemp: 3
2025-06-09 01:53:02,551 kilosort.clustering_qr DEBUG    Center 6 | nsp: 19391 | ntemp: 3
2025-06-09 01:53:02,995 kilosort.clustering_qr DEBUG    Center 7 | nsp: 0 | ntemp: 0
2025-06-09 01:53:02,997 kilosort.clustering_qr DEBUG    Center 8 | nsp: 7948 | ntemp: 2
2025-06-09 01:53:03,481 kilosort.clustering_qr DEBUG    Center 9 | nsp: 28585 | ntemp: 4
2025-06-09 01:53:04,209 kilosort.clustering_qr DEBUG     
2025-06-09 01:53:04,209 kilosort.clustering_qr DEBUG    Cluster center: 10 of 12
2025-06-09 01:53:04,209 kilosort.clustering_qr DEBUG    ********************************************************
2025-06-09 01:53:04,210 kilosort.clustering_qr DEBUG    CPU usage:    44.90 %
2025-06-09 01:53:04,210 kilosort.clustering_qr DEBUG    Memory:        5.93 %     |     44.73   /   754.60 GB
2025-06-09 01:53:04,210 kilosort.clustering_qr DEBUG    ------------------------------------------------------
2025-06-09 01:53:04,210 kilosort.clustering_qr DEBUG    GPU usage:    `conda install pynvml` for GPU usage
2025-06-09 01:53:04,210 kilosort.clustering_qr DEBUG    GPU memory:   17.43 %     |      6.89   /    39.50 GB
2025-06-09 01:53:04,210 kilosort.clustering_qr DEBUG    Allocated:     0.02 %     |      0.01   /    39.50 GB
2025-06-09 01:53:04,210 kilosort.clustering_qr DEBUG    Max alloc:     0.75 %     |      0.30   /    39.50 GB
2025-06-09 01:53:04,210 kilosort.clustering_qr DEBUG    ********************************************************
2025-06-09 01:53:04,210 kilosort.clustering_qr DEBUG    Center 10 | nsp: 0 | ntemp: 0
2025-06-09 01:53:04,216 kilosort.clustering_qr DEBUG    Center 11 | nsp: 20448 | ntemp: 5
2025-06-09 01:53:04,622 kilosort.run_kilosort INFO     44 clusters found, in  4.72s; total  35.37s
2025-06-09 01:53:04,623 kilosort.run_kilosort DEBUG    clu shape: (159449,)
2025-06-09 01:53:04,623 kilosort.run_kilosort DEBUG    Wall shape: torch.Size([44, 32, 6])
2025-06-09 01:53:04,623 kilosort.run_kilosort INFO      
2025-06-09 01:53:04,624 kilosort.run_kilosort INFO     Merging clusters
2025-06-09 01:53:04,625 kilosort.run_kilosort INFO     ----------------------------------------
2025-06-09 01:53:04,697 kilosort.run_kilosort INFO     44 units found, in  0.07s; total  35.45s
2025-06-09 01:53:04,699 kilosort.run_kilosort DEBUG    clu shape: (159449,)
2025-06-09 01:53:04,699 kilosort.run_kilosort DEBUG    Wall shape: torch.Size([44, 32, 6])
2025-06-09 01:53:04,699 kilosort.run_kilosort INFO      
2025-06-09 01:53:04,700 kilosort.run_kilosort INFO     Resource usage after clustering
2025-06-09 01:53:04,701 kilosort.run_kilosort INFO     ********************************************************
2025-06-09 01:53:04,702 kilosort.run_kilosort INFO     CPU usage:    43.90 %
2025-06-09 01:53:04,703 kilosort.run_kilosort INFO     Memory:        5.93 %     |     44.74   /   754.60 GB
2025-06-09 01:53:04,704 kilosort.run_kilosort INFO     ------------------------------------------------------
2025-06-09 01:53:04,705 kilosort.run_kilosort INFO     GPU usage:    `conda install pynvml` for GPU usage
2025-06-09 01:53:04,706 kilosort.run_kilosort INFO     GPU memory:   17.43 %     |      6.89   /    39.50 GB
2025-06-09 01:53:04,708 kilosort.run_kilosort INFO     Allocated:     0.02 %     |      0.01   /    39.50 GB
2025-06-09 01:53:04,709 kilosort.run_kilosort INFO     Max alloc:     0.75 %     |      0.30   /    39.50 GB
2025-06-09 01:53:04,710 kilosort.run_kilosort INFO     ********************************************************
2025-06-09 01:53:04,710 kilosort.run_kilosort DEBUG    

|===========================================================================|
|                  PyTorch CUDA memory summary, device ID 0                 |
|---------------------------------------------------------------------------|
|            CUDA OOMs: 0            |        cudaMalloc retries: 0         |
|===========================================================================|
|        Metric         | Cur Usage  | Peak Usage | Tot Alloc  | Tot Freed  |
|---------------------------------------------------------------------------|
| Allocated memory      |   9146 KiB | 310347 KiB |  35439 GiB |  35439 GiB |
|---------------------------------------------------------------------------|
| Active memory         |   9146 KiB | 310347 KiB |  35439 GiB |  35439 GiB |
|---------------------------------------------------------------------------|
| Requested memory      |   9141 KiB | 310258 KiB |  35049 GiB |  35049 GiB |
|---------------------------------------------------------------------------|
| GPU reserved memory   | 481280 KiB | 481280 KiB | 481280 KiB |      0 B   |
|---------------------------------------------------------------------------|
| Non-releasable memory |  13381 KiB | 184425 KiB |  19336 GiB |  19336 GiB |
|---------------------------------------------------------------------------|
| Allocations           |      34    |      67    |    7443 K  |    7443 K  |
|---------------------------------------------------------------------------|
| Active allocs         |      34    |      67    |    7443 K  |    7443 K  |
|---------------------------------------------------------------------------|
| GPU reserved segments |      15    |      15    |      15    |       0    |
|---------------------------------------------------------------------------|
| Non-releasable allocs |      15    |      28    |    3019 K  |    3019 K  |
|---------------------------------------------------------------------------|
| Oversize allocations  |       0    |       0    |       0    |       0    |
|---------------------------------------------------------------------------|
| Oversize GPU segments |       0    |       0    |       0    |       0    |
|===========================================================================|


2025-06-09 01:53:04,711 kilosort.run_kilosort INFO      
2025-06-09 01:53:04,711 kilosort.run_kilosort INFO     Saving to phy and computing refractory periods
2025-06-09 01:53:04,711 kilosort.run_kilosort INFO     ----------------------------------------
2025-06-09 01:53:05,336 kilosort.run_kilosort INFO     11 units found with good refractory periods
2025-06-09 01:53:05,336 kilosort.run_kilosort INFO     Total runtime: 36.09s = 00:00:36 h:m:s
2025-06-09 01:53:05,342 kilosort.run_kilosort INFO     Sorting output saved in: /home/lss72/palmer_scratch/spike_sort/kilosort4.
2025-06-09 01:53:05,342 kilosort.run_kilosort INFO      
2025-06-09 01:53:05,343 kilosort.run_kilosort INFO     Resource usage after saving
2025-06-09 01:53:05,343 kilosort.run_kilosort INFO     ********************************************************
2025-06-09 01:53:05,344 kilosort.run_kilosort INFO     CPU usage:    43.10 %
2025-06-09 01:53:05,344 kilosort.run_kilosort INFO     Memory:        5.90 %     |     44.54   /   754.60 GB
2025-06-09 01:53:05,345 kilosort.run_kilosort INFO     ------------------------------------------------------
2025-06-09 01:53:05,345 kilosort.run_kilosort INFO     GPU usage:    `conda install pynvml` for GPU usage
2025-06-09 01:53:05,345 kilosort.run_kilosort INFO     GPU memory:   17.43 %     |      6.89   /    39.50 GB
2025-06-09 01:53:05,346 kilosort.run_kilosort INFO     Allocated:     0.02 %     |      0.01   /    39.50 GB
2025-06-09 01:53:05,346 kilosort.run_kilosort INFO     Max alloc:     0.75 %     |      0.30   /    39.50 GB
2025-06-09 01:53:05,347 kilosort.run_kilosort INFO     ********************************************************
2025-06-09 01:53:05,347 kilosort.run_kilosort DEBUG    

|===========================================================================|
|                  PyTorch CUDA memory summary, device ID 0                 |
|---------------------------------------------------------------------------|
|            CUDA OOMs: 0            |        cudaMalloc retries: 0         |
|===========================================================================|
|        Metric         | Cur Usage  | Peak Usage | Tot Alloc  | Tot Freed  |
|---------------------------------------------------------------------------|
| Allocated memory      |   9146 KiB | 310347 KiB |  35439 GiB |  35439 GiB |
|---------------------------------------------------------------------------|
| Active memory         |   9146 KiB | 310347 KiB |  35439 GiB |  35439 GiB |
|---------------------------------------------------------------------------|
| Requested memory      |   9141 KiB | 310258 KiB |  35049 GiB |  35049 GiB |
|---------------------------------------------------------------------------|
| GPU reserved memory   | 481280 KiB | 481280 KiB | 481280 KiB |      0 B   |
|---------------------------------------------------------------------------|
| Non-releasable memory |  13381 KiB | 184425 KiB |  19336 GiB |  19336 GiB |
|---------------------------------------------------------------------------|
| Allocations           |      34    |      67    |    7444 K  |    7444 K  |
|---------------------------------------------------------------------------|
| Active allocs         |      34    |      67    |    7444 K  |    7444 K  |
|---------------------------------------------------------------------------|
| GPU reserved segments |      15    |      15    |      15    |       0    |
|---------------------------------------------------------------------------|
| Non-releasable allocs |      15    |      28    |    3020 K  |    3020 K  |
|---------------------------------------------------------------------------|
| Oversize allocations  |       0    |       0    |       0    |       0    |
|---------------------------------------------------------------------------|
| Oversize GPU segments |       0    |       0    |       0    |       0    |
|===========================================================================|


