2025-06-08 23:37:31,025 kilosort.run_kilosort INFO     Kilosort version 4.0.25
2025-06-08 23:37:31,028 kilosort.run_kilosort INFO     Python version 3.9.21
2025-06-08 23:37:31,029 kilosort.run_kilosort INFO     ----------------------------------------
2025-06-08 23:37:31,029 kilosort.run_kilosort INFO     System information:
2025-06-08 23:37:31,029 kilosort.run_kilosort INFO     Linux-4.18.0-477.74.1.el8_8.x86_64-x86_64-with-glibc2.28 x86_64
2025-06-08 23:37:31,030 kilosort.run_kilosort INFO     x86_64
2025-06-08 23:37:31,030 kilosort.run_kilosort INFO     Using GPU for PyTorch computations. Specify `device` to change this.
2025-06-08 23:37:31,031 kilosort.run_kilosort INFO     Using CUDA device: NVIDIA A100-PCIE-40GB 39.50GB
2025-06-08 23:37:31,031 kilosort.run_kilosort INFO     ----------------------------------------
2025-06-08 23:37:31,032 kilosort.run_kilosort INFO     Sorting /home/lss72/palmer_scratch/spike_sort/2014_11_25_Pair_3_0
2025-06-08 23:37:31,032 kilosort.run_kilosort DEBUG    Initial ops:

ops = {
    'n_chan_bin': 32,
    'fs': 30000,
    'batch_size': 60000,
    'nblocks': 1,
    'Th_universal': 9,
    'Th_learned': 8,
    'tmin': 0,
    'tmax': 5,
    'nt': 61,
    'shift': None,
    'scale': None,
    'artifact_threshold': inf,
    'nskip': 25,
    'whitening_range': 32,
    'highpass_cutoff': 300,
    'binning_depth': 5,
    'sig_interp': 20,
    'drift_smoothing': [0.5, 0.5, 0.5],
    'nt0min': 20,
    'dmin': None,
    'dminx': 32,
    'min_template_size': 10,
    'template_sizes': 5,
    'nearest_chans': 10,
    'nearest_templates': 100,
    'max_channel_distance': 32,
    'max_peels': 100,
    'templates_from_data': True,
    'n_templates': 6,
    'n_pcs': 6,
    'Th_single_ch': 6,
    'acg_threshold': 0.2,
    'ccg_threshold': 0.25,
    'cluster_downsampling': 20,
    'x_centers': None,
    'duplicate_spike_ms': 0.25,
    'position_limit': 100,
    'data_dir': PosixPath('/home/lss72/palmer_scratch/spike_sort'),
    'filename': PosixPath('/home/lss72/palmer_scratch/spike_sort/2014_11_25_Pair_3_0'),
    'data_dtype': dtype('uint16'),
    'do_CAR': True,
    'invert_sign': False,
    'NTbuff': 60122,
    'Nchan': 32,
    'duplicate_spike_bins': 7,
    'torch_device': 'cuda',
    'save_preprocessed_copy': False
}

2025-06-08 23:37:31,034 kilosort.run_kilosort DEBUG    Probe dictionary:

probe = {
    'chanMap': np.array([ 0,  1,  2,  3,  4,  5,  6,  7,  8,  9, 10, 11, 12, 13, 14, 15, 16,
       17, 18, 19, 20, 21, 22, 23, 24, 25, 26, 27, 28, 29, 30, 31]),
    'xc': np.array([  0.,  18., -18.,   0.,  18., -18.,   0.,  18., -18.,   0.,  18.,
       -18.,   0.,  18., -18.,   0.,  18., -18.,   0.,  18., -18.,   0.,
        18., -18.,   0.,  18., -18.,   0.,  18., -18.,   0.,   0.],
      dtype=np.float32),
    'yc': np.array([  0. ,  12.5,  12.5,  25. ,  37.5,  37.5,  50. ,  62.5,  62.5,
        75. ,  87.5,  87.5, 100. , 112.5, 112.5, 125. , 137.5, 137.5,
       150. , 162.5, 162.5, 175. , 187.5, 187.5, 200. , 212.5, 212.5,
       225. , 237.5, 237.5, 250. , 275. ], dtype=np.float32),
    'kcoords': np.array([0., 0., 0., 0., 0., 0., 0., 0., 0., 0., 0., 0., 0., 0., 0., 0., 0.,
       0., 0., 0., 0., 0., 0., 0., 0., 0., 0., 0., 0., 0., 0., 0.]),
    'n_chan': 32
}

2025-06-08 23:37:31,034 kilosort.run_kilosort INFO      
2025-06-08 23:37:31,035 kilosort.run_kilosort INFO     Computing preprocessing variables.
2025-06-08 23:37:31,035 kilosort.run_kilosort INFO     ----------------------------------------
2025-06-08 23:37:31,037 kilosort.run_kilosort INFO     N samples: 150000
2025-06-08 23:37:31,037 kilosort.run_kilosort INFO     N seconds: 5.0
2025-06-08 23:37:31,037 kilosort.run_kilosort INFO     N batches: 3
2025-06-08 23:37:31,074 kilosort.run_kilosort INFO     Preprocessing filters computed in  0.04s; total  0.04s
2025-06-08 23:37:31,075 kilosort.run_kilosort DEBUG    hp_filter shape: torch.Size([30122])
2025-06-08 23:37:31,075 kilosort.run_kilosort DEBUG    whiten_mat shape: torch.Size([32, 32])
2025-06-08 23:37:31,075 kilosort.run_kilosort INFO      
2025-06-08 23:37:31,075 kilosort.run_kilosort INFO     Resource usage after preprocessing
2025-06-08 23:37:31,076 kilosort.run_kilosort INFO     ********************************************************
2025-06-08 23:37:31,076 kilosort.run_kilosort INFO     CPU usage:    22.30 %
2025-06-08 23:37:31,077 kilosort.run_kilosort INFO     Memory:        4.89 %     |     36.89   /   754.60 GB
2025-06-08 23:37:31,077 kilosort.run_kilosort INFO     ------------------------------------------------------
2025-06-08 23:37:31,077 kilosort.run_kilosort INFO     GPU usage:    `conda install pynvml` for GPU usage
2025-06-08 23:37:31,078 kilosort.run_kilosort INFO     GPU memory:    2.56 %     |      1.01   /    39.50 GB
2025-06-08 23:37:31,078 kilosort.run_kilosort INFO     Allocated:     0.02 %     |      0.01   /    39.50 GB
2025-06-08 23:37:31,079 kilosort.run_kilosort INFO     Max alloc:     0.75 %     |      0.30   /    39.50 GB
2025-06-08 23:37:31,079 kilosort.run_kilosort INFO     ********************************************************
2025-06-08 23:37:31,080 kilosort.run_kilosort INFO      
2025-06-08 23:37:31,080 kilosort.run_kilosort INFO     Computing drift correction.
2025-06-08 23:37:31,081 kilosort.run_kilosort INFO     ----------------------------------------
2025-06-08 23:37:31,081 kilosort.spikedetect INFO     Re-computing universal templates from data.
2025-06-08 23:37:31,114 kilosort.spikedetect INFO     Number of universal templates: 135
2025-06-08 23:37:31,117 kilosort.spikedetect INFO     Detecting spikes...
2025-06-08 23:37:31,119 kilosort.spikedetect DEBUG     
2025-06-08 23:37:31,119 kilosort.spikedetect DEBUG    Batch 0
2025-06-08 23:37:31,119 kilosort.spikedetect DEBUG    ********************************************************
2025-06-08 23:37:31,120 kilosort.spikedetect DEBUG    CPU usage:    38.50 %
2025-06-08 23:37:31,120 kilosort.spikedetect DEBUG    Memory:        4.89 %     |     36.91   /   754.60 GB
2025-06-08 23:37:31,120 kilosort.spikedetect DEBUG    ------------------------------------------------------
2025-06-08 23:37:31,120 kilosort.spikedetect DEBUG    GPU usage:    `conda install pynvml` for GPU usage
2025-06-08 23:37:31,120 kilosort.spikedetect DEBUG    GPU memory:    2.56 %     |      1.01   /    39.50 GB
2025-06-08 23:37:31,120 kilosort.spikedetect DEBUG    Allocated:     0.02 %     |      0.01   /    39.50 GB
2025-06-08 23:37:31,120 kilosort.spikedetect DEBUG    Max alloc:     0.75 %     |      0.30   /    39.50 GB
2025-06-08 23:37:31,120 kilosort.spikedetect DEBUG    ********************************************************
2025-06-08 23:37:31,253 kilosort.spikedetect DEBUG     
2025-06-08 23:37:31,253 kilosort.spikedetect DEBUG    Batch 2
2025-06-08 23:37:31,253 kilosort.spikedetect DEBUG    ********************************************************
2025-06-08 23:37:31,254 kilosort.spikedetect DEBUG    CPU usage:    25.10 %
2025-06-08 23:37:31,254 kilosort.spikedetect DEBUG    Memory:        4.90 %     |     36.95   /   754.60 GB
2025-06-08 23:37:31,254 kilosort.spikedetect DEBUG    ------------------------------------------------------
2025-06-08 23:37:31,254 kilosort.spikedetect DEBUG    GPU usage:    `conda install pynvml` for GPU usage
2025-06-08 23:37:31,254 kilosort.spikedetect DEBUG    GPU memory:    2.56 %     |      1.01   /    39.50 GB
2025-06-08 23:37:31,254 kilosort.spikedetect DEBUG    Allocated:     0.04 %     |      0.02   /    39.50 GB
2025-06-08 23:37:31,254 kilosort.spikedetect DEBUG    Max alloc:     0.75 %     |      0.30   /    39.50 GB
2025-06-08 23:37:31,254 kilosort.spikedetect DEBUG    ********************************************************
2025-06-08 23:37:31,329 kilosort.run_kilosort INFO     drift computed in  0.25s; total  0.30s
2025-06-08 23:37:31,332 kilosort.run_kilosort DEBUG    st shape: (419, 6)
2025-06-08 23:37:31,332 kilosort.run_kilosort DEBUG    yblk shape: (1,)
2025-06-08 23:37:31,333 kilosort.run_kilosort DEBUG    dshift shape: (3, 1)
2025-06-08 23:37:31,333 kilosort.run_kilosort DEBUG    iKxx shape: torch.Size([32, 32])
2025-06-08 23:37:31,333 kilosort.run_kilosort INFO      
2025-06-08 23:37:31,333 kilosort.run_kilosort INFO     Resource usage after drift correction
2025-06-08 23:37:31,333 kilosort.run_kilosort INFO     ********************************************************
2025-06-08 23:37:31,334 kilosort.run_kilosort INFO     CPU usage:    26.40 %
2025-06-08 23:37:31,335 kilosort.run_kilosort INFO     Memory:        4.90 %     |     36.97   /   754.60 GB
2025-06-08 23:37:31,335 kilosort.run_kilosort INFO     ------------------------------------------------------
2025-06-08 23:37:31,335 kilosort.run_kilosort INFO     GPU usage:    `conda install pynvml` for GPU usage
2025-06-08 23:37:31,336 kilosort.run_kilosort INFO     GPU memory:    2.56 %     |      1.01   /    39.50 GB
2025-06-08 23:37:31,336 kilosort.run_kilosort INFO     Allocated:     0.02 %     |      0.01   /    39.50 GB
2025-06-08 23:37:31,337 kilosort.run_kilosort INFO     Max alloc:     0.75 %     |      0.30   /    39.50 GB
2025-06-08 23:37:31,337 kilosort.run_kilosort INFO     ********************************************************
2025-06-08 23:37:31,338 kilosort.run_kilosort DEBUG    

|===========================================================================|
|                  PyTorch CUDA memory summary, device ID 0                 |
|---------------------------------------------------------------------------|
|            CUDA OOMs: 0            |        cudaMalloc retries: 0         |
|===========================================================================|
|        Metric         | Cur Usage  | Peak Usage | Tot Alloc  | Tot Freed  |
|---------------------------------------------------------------------------|
| Allocated memory      |   8867 KiB | 309834 KiB |   8642 GiB |   8642 GiB |
|---------------------------------------------------------------------------|
| Active memory         |   8867 KiB | 309834 KiB |   8642 GiB |   8642 GiB |
|---------------------------------------------------------------------------|
| Requested memory      |   8864 KiB | 309748 KiB |   8548 GiB |   8548 GiB |
|---------------------------------------------------------------------------|
| GPU reserved memory   | 479232 KiB | 479232 KiB | 479232 KiB |      0 B   |
|---------------------------------------------------------------------------|
| Non-releasable memory |  13660 KiB | 184425 KiB |   4678 GiB |   4678 GiB |
|---------------------------------------------------------------------------|
| Allocations           |      20    |      56    |    1763 K  |    1763 K  |
|---------------------------------------------------------------------------|
| Active allocs         |      20    |      56    |    1763 K  |    1763 K  |
|---------------------------------------------------------------------------|
| GPU reserved segments |      14    |      14    |      14    |       0    |
|---------------------------------------------------------------------------|
| Non-releasable allocs |       9    |      25    |  690374    |  690365    |
|---------------------------------------------------------------------------|
| Oversize allocations  |       0    |       0    |       0    |       0    |
|---------------------------------------------------------------------------|
| Oversize GPU segments |       0    |       0    |       0    |       0    |
|===========================================================================|


2025-06-08 23:37:31,347 kilosort.run_kilosort DEBUG    First batch min, max: (-15.443307, 9.362338)
2025-06-08 23:37:31,347 kilosort.run_kilosort INFO      
2025-06-08 23:37:31,348 kilosort.run_kilosort INFO     Extracting spikes using templates
2025-06-08 23:37:31,348 kilosort.run_kilosort INFO     ----------------------------------------
2025-06-08 23:37:31,348 kilosort.spikedetect INFO     Re-computing universal templates from data.
2025-06-08 23:37:31,382 kilosort.spikedetect INFO     Number of universal templates: 135
2025-06-08 23:37:31,385 kilosort.spikedetect INFO     Detecting spikes...
2025-06-08 23:37:31,387 kilosort.spikedetect DEBUG     
2025-06-08 23:37:31,387 kilosort.spikedetect DEBUG    Batch 0
2025-06-08 23:37:31,387 kilosort.spikedetect DEBUG    ********************************************************
2025-06-08 23:37:31,387 kilosort.spikedetect DEBUG    CPU usage:    36.80 %
2025-06-08 23:37:31,388 kilosort.spikedetect DEBUG    Memory:        4.89 %     |     36.87   /   754.60 GB
2025-06-08 23:37:31,388 kilosort.spikedetect DEBUG    ------------------------------------------------------
2025-06-08 23:37:31,388 kilosort.spikedetect DEBUG    GPU usage:    `conda install pynvml` for GPU usage
2025-06-08 23:37:31,388 kilosort.spikedetect DEBUG    GPU memory:    2.56 %     |      1.01   /    39.50 GB
2025-06-08 23:37:31,388 kilosort.spikedetect DEBUG    Allocated:     0.02 %     |      0.01   /    39.50 GB
2025-06-08 23:37:31,388 kilosort.spikedetect DEBUG    Max alloc:     0.75 %     |      0.30   /    39.50 GB
2025-06-08 23:37:31,388 kilosort.spikedetect DEBUG    ********************************************************
2025-06-08 23:37:31,507 kilosort.spikedetect DEBUG     
2025-06-08 23:37:31,507 kilosort.spikedetect DEBUG    Batch 2
2025-06-08 23:37:31,508 kilosort.spikedetect DEBUG    ********************************************************
2025-06-08 23:37:31,508 kilosort.spikedetect DEBUG    CPU usage:    24.90 %
2025-06-08 23:37:31,508 kilosort.spikedetect DEBUG    Memory:        4.89 %     |     36.90   /   754.60 GB
2025-06-08 23:37:31,508 kilosort.spikedetect DEBUG    ------------------------------------------------------
2025-06-08 23:37:31,508 kilosort.spikedetect DEBUG    GPU usage:    `conda install pynvml` for GPU usage
2025-06-08 23:37:31,508 kilosort.spikedetect DEBUG    GPU memory:    2.56 %     |      1.01   /    39.50 GB
2025-06-08 23:37:31,508 kilosort.spikedetect DEBUG    Allocated:     0.04 %     |      0.02   /    39.50 GB
2025-06-08 23:37:31,508 kilosort.spikedetect DEBUG    Max alloc:     0.75 %     |      0.30   /    39.50 GB
2025-06-08 23:37:31,508 kilosort.spikedetect DEBUG    ********************************************************
2025-06-08 23:37:31,508 kilosort.run_kilosort INFO     405 spikes extracted in  0.16s; total  0.48s
2025-06-08 23:37:31,509 kilosort.run_kilosort DEBUG    st0 shape: (405, 6)
2025-06-08 23:37:31,509 kilosort.run_kilosort DEBUG    tF shape: torch.Size([405, 10, 6])
2025-06-08 23:37:31,509 kilosort.run_kilosort INFO      
2025-06-08 23:37:31,509 kilosort.run_kilosort INFO     First clustering
2025-06-08 23:37:31,509 kilosort.run_kilosort INFO     ----------------------------------------
2025-06-08 23:37:31,519 kilosort.clustering_qr DEBUG     
2025-06-08 23:37:31,519 kilosort.clustering_qr DEBUG    Cluster center: 0 of 12
2025-06-08 23:37:31,519 kilosort.clustering_qr DEBUG    ********************************************************
2025-06-08 23:37:31,519 kilosort.clustering_qr DEBUG    CPU usage:    35.70 %
2025-06-08 23:37:31,519 kilosort.clustering_qr DEBUG    Memory:        4.89 %     |     36.90   /   754.60 GB
2025-06-08 23:37:31,519 kilosort.clustering_qr DEBUG    ------------------------------------------------------
2025-06-08 23:37:31,519 kilosort.clustering_qr DEBUG    GPU usage:    `conda install pynvml` for GPU usage
2025-06-08 23:37:31,520 kilosort.clustering_qr DEBUG    GPU memory:    2.56 %     |      1.01   /    39.50 GB
2025-06-08 23:37:31,520 kilosort.clustering_qr DEBUG    Allocated:     0.02 %     |      0.01   /    39.50 GB
2025-06-08 23:37:31,520 kilosort.clustering_qr DEBUG    Max alloc:     0.75 %     |      0.30   /    39.50 GB
2025-06-08 23:37:31,520 kilosort.clustering_qr DEBUG    ********************************************************
2025-06-08 23:37:31,522 kilosort.clustering_qr DEBUG    Center 0 | nsp: 81 | ntemp: 12
2025-06-08 23:37:31,524 kilosort.clustering_qr DEBUG    Center 1 | nsp: 7 | ntemp: 12
2025-06-08 23:37:31,525 kilosort.clustering_qr DEBUG    Center 2 | nsp: 3 | ntemp: 12
2025-06-08 23:37:31,527 kilosort.clustering_qr DEBUG    Center 3 | nsp: 4 | ntemp: 12
2025-06-08 23:37:31,529 kilosort.clustering_qr DEBUG    Center 4 | nsp: 10 | ntemp: 12
2025-06-08 23:37:31,530 kilosort.clustering_qr DEBUG    Center 5 | nsp: 32 | ntemp: 12
2025-06-08 23:37:31,532 kilosort.clustering_qr DEBUG    Center 6 | nsp: 21 | ntemp: 12
2025-06-08 23:37:31,534 kilosort.clustering_qr DEBUG    Center 7 | nsp: 130 | ntemp: 12
2025-06-08 23:37:31,536 kilosort.clustering_qr DEBUG    Center 8 | nsp: 62 | ntemp: 12
2025-06-08 23:37:31,538 kilosort.clustering_qr DEBUG    Center 9 | nsp: 39 | ntemp: 12
2025-06-08 23:37:31,539 kilosort.clustering_qr DEBUG     
2025-06-08 23:37:31,539 kilosort.clustering_qr DEBUG    Cluster center: 10 of 12
2025-06-08 23:37:31,539 kilosort.clustering_qr DEBUG    ********************************************************
2025-06-08 23:37:31,539 kilosort.clustering_qr DEBUG    CPU usage:    40.80 %
2025-06-08 23:37:31,539 kilosort.clustering_qr DEBUG    Memory:        4.89 %     |     36.90   /   754.60 GB
2025-06-08 23:37:31,539 kilosort.clustering_qr DEBUG    ------------------------------------------------------
2025-06-08 23:37:31,539 kilosort.clustering_qr DEBUG    GPU usage:    `conda install pynvml` for GPU usage
2025-06-08 23:37:31,539 kilosort.clustering_qr DEBUG    GPU memory:    2.56 %     |      1.01   /    39.50 GB
2025-06-08 23:37:31,539 kilosort.clustering_qr DEBUG    Allocated:     0.02 %     |      0.01   /    39.50 GB
2025-06-08 23:37:31,540 kilosort.clustering_qr DEBUG    Max alloc:     0.75 %     |      0.30   /    39.50 GB
2025-06-08 23:37:31,540 kilosort.clustering_qr DEBUG    ********************************************************
2025-06-08 23:37:31,541 kilosort.clustering_qr DEBUG    Center 10 | nsp: 4 | ntemp: 12
2025-06-08 23:37:31,542 kilosort.clustering_qr DEBUG    Center 11 | nsp: 12 | ntemp: 3
2025-06-08 23:37:31,557 kilosort.run_kilosort INFO     12 clusters found, in  0.05s; total  0.53s
2025-06-08 23:37:31,557 kilosort.run_kilosort DEBUG    clu shape: (405,)
2025-06-08 23:37:31,558 kilosort.run_kilosort DEBUG    Wall shape: torch.Size([12, 32, 6])
2025-06-08 23:37:31,558 kilosort.run_kilosort INFO      
2025-06-08 23:37:31,558 kilosort.run_kilosort INFO     Extracting spikes using cluster waveforms
2025-06-08 23:37:31,558 kilosort.run_kilosort INFO     ----------------------------------------
2025-06-08 23:37:31,575 kilosort.template_matching DEBUG     
2025-06-08 23:37:31,575 kilosort.template_matching DEBUG    Batch 0
2025-06-08 23:37:31,575 kilosort.template_matching DEBUG    ********************************************************
2025-06-08 23:37:31,576 kilosort.template_matching DEBUG    CPU usage:    35.30 %
2025-06-08 23:37:31,576 kilosort.template_matching DEBUG    Memory:        4.92 %     |     37.13   /   754.60 GB
2025-06-08 23:37:31,576 kilosort.template_matching DEBUG    ------------------------------------------------------
2025-06-08 23:37:31,576 kilosort.template_matching DEBUG    GPU usage:    `conda install pynvml` for GPU usage
2025-06-08 23:37:31,576 kilosort.template_matching DEBUG    GPU memory:    2.56 %     |      1.01   /    39.50 GB
2025-06-08 23:37:31,576 kilosort.template_matching DEBUG    Allocated:     0.02 %     |      0.01   /    39.50 GB
2025-06-08 23:37:31,576 kilosort.template_matching DEBUG    Max alloc:     0.75 %     |      0.30   /    39.50 GB
2025-06-08 23:37:31,576 kilosort.template_matching DEBUG    ********************************************************
2025-06-08 23:37:31,636 kilosort.template_matching DEBUG     
2025-06-08 23:37:31,636 kilosort.template_matching DEBUG    Batch 2
2025-06-08 23:37:31,636 kilosort.template_matching DEBUG    ********************************************************
2025-06-08 23:37:31,637 kilosort.template_matching DEBUG    CPU usage:    25.00 %
2025-06-08 23:37:31,637 kilosort.template_matching DEBUG    Memory:        4.92 %     |     37.14   /   754.60 GB
2025-06-08 23:37:31,637 kilosort.template_matching DEBUG    ------------------------------------------------------
2025-06-08 23:37:31,637 kilosort.template_matching DEBUG    GPU usage:    `conda install pynvml` for GPU usage
2025-06-08 23:37:31,637 kilosort.template_matching DEBUG    GPU memory:    2.56 %     |      1.01   /    39.50 GB
2025-06-08 23:37:31,637 kilosort.template_matching DEBUG    Allocated:     0.06 %     |      0.02   /    39.50 GB
2025-06-08 23:37:31,637 kilosort.template_matching DEBUG    Max alloc:     0.75 %     |      0.30   /    39.50 GB
2025-06-08 23:37:31,637 kilosort.template_matching DEBUG    ********************************************************
2025-06-08 23:37:31,638 kilosort.run_kilosort INFO     853 spikes extracted in  0.08s; total  0.61s
2025-06-08 23:37:31,642 kilosort.run_kilosort DEBUG    st shape: (853, 3)
2025-06-08 23:37:31,642 kilosort.run_kilosort DEBUG    tF shape: torch.Size([853, 10, 6])
2025-06-08 23:37:31,642 kilosort.run_kilosort DEBUG    iCC shape: torch.Size([10, 32])
2025-06-08 23:37:31,642 kilosort.run_kilosort DEBUG    iU shape: torch.Size([12])
2025-06-08 23:37:31,642 kilosort.run_kilosort INFO      
2025-06-08 23:37:31,643 kilosort.run_kilosort INFO     Resource usage after spike detection
2025-06-08 23:37:31,643 kilosort.run_kilosort INFO     ********************************************************
2025-06-08 23:37:31,644 kilosort.run_kilosort INFO     CPU usage:    40.00 %
2025-06-08 23:37:31,644 kilosort.run_kilosort INFO     Memory:        4.89 %     |     36.91   /   754.60 GB
2025-06-08 23:37:31,644 kilosort.run_kilosort INFO     ------------------------------------------------------
2025-06-08 23:37:31,645 kilosort.run_kilosort INFO     GPU usage:    `conda install pynvml` for GPU usage
2025-06-08 23:37:31,645 kilosort.run_kilosort INFO     GPU memory:    2.56 %     |      1.01   /    39.50 GB
2025-06-08 23:37:31,646 kilosort.run_kilosort INFO     Allocated:     0.02 %     |      0.01   /    39.50 GB
2025-06-08 23:37:31,646 kilosort.run_kilosort INFO     Max alloc:     0.75 %     |      0.30   /    39.50 GB
2025-06-08 23:37:31,646 kilosort.run_kilosort INFO     ********************************************************
2025-06-08 23:37:31,647 kilosort.run_kilosort DEBUG    

|===========================================================================|
|                  PyTorch CUDA memory summary, device ID 0                 |
|---------------------------------------------------------------------------|
|            CUDA OOMs: 0            |        cudaMalloc retries: 0         |
|===========================================================================|
|        Metric         | Cur Usage  | Peak Usage | Tot Alloc  | Tot Freed  |
|---------------------------------------------------------------------------|
| Allocated memory      |   8880 KiB | 309834 KiB |   8666 GiB |   8666 GiB |
|---------------------------------------------------------------------------|
| Active memory         |   8880 KiB | 309834 KiB |   8666 GiB |   8666 GiB |
|---------------------------------------------------------------------------|
| Requested memory      |   8876 KiB | 309748 KiB |   8573 GiB |   8573 GiB |
|---------------------------------------------------------------------------|
| GPU reserved memory   | 479232 KiB | 479232 KiB | 479232 KiB |      0 B   |
|---------------------------------------------------------------------------|
| Non-releasable memory |  13648 KiB | 184425 KiB |   4691 GiB |   4691 GiB |
|---------------------------------------------------------------------------|
| Allocations           |      24    |      56    |    1768 K  |    1768 K  |
|---------------------------------------------------------------------------|
| Active allocs         |      24    |      56    |    1768 K  |    1768 K  |
|---------------------------------------------------------------------------|
| GPU reserved segments |      14    |      14    |      14    |       0    |
|---------------------------------------------------------------------------|
| Non-releasable allocs |      11    |      25    |  692212    |  692201    |
|---------------------------------------------------------------------------|
| Oversize allocations  |       0    |       0    |       0    |       0    |
|---------------------------------------------------------------------------|
| Oversize GPU segments |       0    |       0    |       0    |       0    |
|===========================================================================|


2025-06-08 23:37:31,647 kilosort.run_kilosort INFO      
2025-06-08 23:37:31,648 kilosort.run_kilosort INFO     Final clustering
2025-06-08 23:37:31,648 kilosort.run_kilosort INFO     ----------------------------------------
2025-06-08 23:37:31,658 kilosort.clustering_qr DEBUG     
2025-06-08 23:37:31,658 kilosort.clustering_qr DEBUG    Cluster center: 0 of 12
2025-06-08 23:37:31,658 kilosort.clustering_qr DEBUG    ********************************************************
2025-06-08 23:37:31,658 kilosort.clustering_qr DEBUG    CPU usage:    32.70 %
2025-06-08 23:37:31,658 kilosort.clustering_qr DEBUG    Memory:        4.89 %     |     36.88   /   754.60 GB
2025-06-08 23:37:31,658 kilosort.clustering_qr DEBUG    ------------------------------------------------------
2025-06-08 23:37:31,658 kilosort.clustering_qr DEBUG    GPU usage:    `conda install pynvml` for GPU usage
2025-06-08 23:37:31,658 kilosort.clustering_qr DEBUG    GPU memory:    2.56 %     |      1.01   /    39.50 GB
2025-06-08 23:37:31,659 kilosort.clustering_qr DEBUG    Allocated:     0.02 %     |      0.01   /    39.50 GB
2025-06-08 23:37:31,659 kilosort.clustering_qr DEBUG    Max alloc:     0.75 %     |      0.30   /    39.50 GB
2025-06-08 23:37:31,659 kilosort.clustering_qr DEBUG    ********************************************************
2025-06-08 23:37:31,660 kilosort.clustering_qr DEBUG    Center 0 | nsp: 145 | ntemp: 1
2025-06-08 23:37:31,661 kilosort.clustering_qr DEBUG    Center 1 | nsp: 90 | ntemp: 1
2025-06-08 23:37:31,662 kilosort.clustering_qr DEBUG    Center 2 | nsp: 22 | ntemp: 1
2025-06-08 23:37:31,663 kilosort.clustering_qr DEBUG    Center 3 | nsp: 37 | ntemp: 1
2025-06-08 23:37:31,663 kilosort.clustering_qr DEBUG    Center 4 | nsp: 0 | ntemp: 0
2025-06-08 23:37:31,664 kilosort.clustering_qr DEBUG    Center 5 | nsp: 88 | ntemp: 1
2025-06-08 23:37:31,665 kilosort.clustering_qr DEBUG    Center 6 | nsp: 78 | ntemp: 2
2025-06-08 23:37:31,665 kilosort.clustering_qr DEBUG    Center 7 | nsp: 0 | ntemp: 0
2025-06-08 23:37:31,666 kilosort.clustering_qr DEBUG    Center 8 | nsp: 223 | ntemp: 2
2025-06-08 23:37:31,667 kilosort.clustering_qr DEBUG    Center 9 | nsp: 121 | ntemp: 1
2025-06-08 23:37:31,667 kilosort.clustering_qr DEBUG     
2025-06-08 23:37:31,667 kilosort.clustering_qr DEBUG    Cluster center: 10 of 12
2025-06-08 23:37:31,667 kilosort.clustering_qr DEBUG    ********************************************************
2025-06-08 23:37:31,667 kilosort.clustering_qr DEBUG    CPU usage:    45.50 %
2025-06-08 23:37:31,667 kilosort.clustering_qr DEBUG    Memory:        4.88 %     |     36.80   /   754.60 GB
2025-06-08 23:37:31,667 kilosort.clustering_qr DEBUG    ------------------------------------------------------
2025-06-08 23:37:31,668 kilosort.clustering_qr DEBUG    GPU usage:    `conda install pynvml` for GPU usage
2025-06-08 23:37:31,668 kilosort.clustering_qr DEBUG    GPU memory:    2.56 %     |      1.01   /    39.50 GB
2025-06-08 23:37:31,668 kilosort.clustering_qr DEBUG    Allocated:     0.02 %     |      0.01   /    39.50 GB
2025-06-08 23:37:31,668 kilosort.clustering_qr DEBUG    Max alloc:     0.75 %     |      0.30   /    39.50 GB
2025-06-08 23:37:31,668 kilosort.clustering_qr DEBUG    ********************************************************
2025-06-08 23:37:31,668 kilosort.clustering_qr DEBUG    Center 10 | nsp: 0 | ntemp: 0
2025-06-08 23:37:31,669 kilosort.clustering_qr DEBUG    Center 11 | nsp: 49 | ntemp: 2
2025-06-08 23:37:31,672 kilosort.run_kilosort INFO     9 clusters found, in  0.02s; total  0.64s
2025-06-08 23:37:31,673 kilosort.run_kilosort DEBUG    clu shape: (853,)
2025-06-08 23:37:31,673 kilosort.run_kilosort DEBUG    Wall shape: torch.Size([9, 32, 6])
2025-06-08 23:37:31,673 kilosort.run_kilosort INFO      
2025-06-08 23:37:31,673 kilosort.run_kilosort INFO     Merging clusters
2025-06-08 23:37:31,673 kilosort.run_kilosort INFO     ----------------------------------------
2025-06-08 23:37:31,676 kilosort.run_kilosort INFO     9 units found, in  0.00s; total  0.64s
2025-06-08 23:37:31,677 kilosort.run_kilosort DEBUG    clu shape: (853,)
2025-06-08 23:37:31,677 kilosort.run_kilosort DEBUG    Wall shape: torch.Size([9, 32, 6])
2025-06-08 23:37:31,677 kilosort.run_kilosort INFO      
2025-06-08 23:37:31,677 kilosort.run_kilosort INFO     Resource usage after clustering
2025-06-08 23:37:31,677 kilosort.run_kilosort INFO     ********************************************************
2025-06-08 23:37:31,678 kilosort.run_kilosort INFO     CPU usage:    35.10 %
2025-06-08 23:37:31,678 kilosort.run_kilosort INFO     Memory:        4.88 %     |     36.80   /   754.60 GB
2025-06-08 23:37:31,679 kilosort.run_kilosort INFO     ------------------------------------------------------
2025-06-08 23:37:31,679 kilosort.run_kilosort INFO     GPU usage:    `conda install pynvml` for GPU usage
2025-06-08 23:37:31,680 kilosort.run_kilosort INFO     GPU memory:    2.56 %     |      1.01   /    39.50 GB
2025-06-08 23:37:31,681 kilosort.run_kilosort INFO     Allocated:     0.02 %     |      0.01   /    39.50 GB
2025-06-08 23:37:31,681 kilosort.run_kilosort INFO     Max alloc:     0.75 %     |      0.30   /    39.50 GB
2025-06-08 23:37:31,682 kilosort.run_kilosort INFO     ********************************************************
2025-06-08 23:37:31,682 kilosort.run_kilosort DEBUG    

|===========================================================================|
|                  PyTorch CUDA memory summary, device ID 0                 |
|---------------------------------------------------------------------------|
|            CUDA OOMs: 0            |        cudaMalloc retries: 0         |
|===========================================================================|
|        Metric         | Cur Usage  | Peak Usage | Tot Alloc  | Tot Freed  |
|---------------------------------------------------------------------------|
| Allocated memory      |   8871 KiB | 309834 KiB |   8666 GiB |   8666 GiB |
|---------------------------------------------------------------------------|
| Active memory         |   8871 KiB | 309834 KiB |   8666 GiB |   8666 GiB |
|---------------------------------------------------------------------------|
| Requested memory      |   8867 KiB | 309748 KiB |   8573 GiB |   8573 GiB |
|---------------------------------------------------------------------------|
| GPU reserved memory   | 479232 KiB | 479232 KiB | 479232 KiB |      0 B   |
|---------------------------------------------------------------------------|
| Non-releasable memory |  13657 KiB | 184425 KiB |   4691 GiB |   4691 GiB |
|---------------------------------------------------------------------------|
| Allocations           |      23    |      56    |    1768 K  |    1768 K  |
|---------------------------------------------------------------------------|
| Active allocs         |      23    |      56    |    1768 K  |    1768 K  |
|---------------------------------------------------------------------------|
| GPU reserved segments |      14    |      14    |      14    |       0    |
|---------------------------------------------------------------------------|
| Non-releasable allocs |      11    |      25    |  692286    |  692275    |
|---------------------------------------------------------------------------|
| Oversize allocations  |       0    |       0    |       0    |       0    |
|---------------------------------------------------------------------------|
| Oversize GPU segments |       0    |       0    |       0    |       0    |
|===========================================================================|


2025-06-08 23:37:31,682 kilosort.run_kilosort INFO      
2025-06-08 23:37:31,683 kilosort.run_kilosort INFO     Saving to phy and computing refractory periods
2025-06-08 23:37:31,683 kilosort.run_kilosort INFO     ----------------------------------------
2025-06-08 23:37:31,773 kilosort.run_kilosort INFO     0 units found with good refractory periods
2025-06-08 23:37:31,774 kilosort.run_kilosort INFO     Total runtime: 0.74s = 00:00:1 h:m:s
2025-06-08 23:37:31,779 kilosort.run_kilosort INFO     Sorting output saved in: /home/lss72/palmer_scratch/spike_sort/kilosort4.
2025-06-08 23:37:31,779 kilosort.run_kilosort INFO      
2025-06-08 23:37:31,779 kilosort.run_kilosort INFO     Resource usage after saving
2025-06-08 23:37:31,780 kilosort.run_kilosort INFO     ********************************************************
2025-06-08 23:37:31,780 kilosort.run_kilosort INFO     CPU usage:    28.80 %
2025-06-08 23:37:31,781 kilosort.run_kilosort INFO     Memory:        4.88 %     |     36.82   /   754.60 GB
2025-06-08 23:37:31,781 kilosort.run_kilosort INFO     ------------------------------------------------------
2025-06-08 23:37:31,781 kilosort.run_kilosort INFO     GPU usage:    `conda install pynvml` for GPU usage
2025-06-08 23:37:31,782 kilosort.run_kilosort INFO     GPU memory:    2.56 %     |      1.01   /    39.50 GB
2025-06-08 23:37:31,782 kilosort.run_kilosort INFO     Allocated:     0.02 %     |      0.01   /    39.50 GB
2025-06-08 23:37:31,783 kilosort.run_kilosort INFO     Max alloc:     0.75 %     |      0.30   /    39.50 GB
2025-06-08 23:37:31,783 kilosort.run_kilosort INFO     ********************************************************
2025-06-08 23:37:31,784 kilosort.run_kilosort DEBUG    

|===========================================================================|
|                  PyTorch CUDA memory summary, device ID 0                 |
|---------------------------------------------------------------------------|
|            CUDA OOMs: 0            |        cudaMalloc retries: 0         |
|===========================================================================|
|        Metric         | Cur Usage  | Peak Usage | Tot Alloc  | Tot Freed  |
|---------------------------------------------------------------------------|
| Allocated memory      |   8871 KiB | 309834 KiB |   8666 GiB |   8666 GiB |
|---------------------------------------------------------------------------|
| Active memory         |   8871 KiB | 309834 KiB |   8666 GiB |   8666 GiB |
|---------------------------------------------------------------------------|
| Requested memory      |   8867 KiB | 309748 KiB |   8573 GiB |   8573 GiB |
|---------------------------------------------------------------------------|
| GPU reserved memory   | 479232 KiB | 479232 KiB | 479232 KiB |      0 B   |
|---------------------------------------------------------------------------|
| Non-releasable memory |  13657 KiB | 184425 KiB |   4691 GiB |   4691 GiB |
|---------------------------------------------------------------------------|
| Allocations           |      23    |      56    |    1768 K  |    1768 K  |
|---------------------------------------------------------------------------|
| Active allocs         |      23    |      56    |    1768 K  |    1768 K  |
|---------------------------------------------------------------------------|
| GPU reserved segments |      14    |      14    |      14    |       0    |
|---------------------------------------------------------------------------|
| Non-releasable allocs |      11    |      25    |  692360    |  692349    |
|---------------------------------------------------------------------------|
| Oversize allocations  |       0    |       0    |       0    |       0    |
|---------------------------------------------------------------------------|
| Oversize GPU segments |       0    |       0    |       0    |       0    |
|===========================================================================|


