2025-06-08 23:43:23,411 kilosort.run_kilosort INFO     Kilosort version 4.0.25
2025-06-08 23:43:23,415 kilosort.run_kilosort INFO     Python version 3.9.21
2025-06-08 23:43:23,415 kilosort.run_kilosort INFO     ----------------------------------------
2025-06-08 23:43:23,416 kilosort.run_kilosort INFO     System information:
2025-06-08 23:43:23,416 kilosort.run_kilosort INFO     Linux-4.18.0-477.74.1.el8_8.x86_64-x86_64-with-glibc2.28 x86_64
2025-06-08 23:43:23,416 kilosort.run_kilosort INFO     x86_64
2025-06-08 23:43:23,417 kilosort.run_kilosort INFO     Using GPU for PyTorch computations. Specify `device` to change this.
2025-06-08 23:43:23,417 kilosort.run_kilosort INFO     Using CUDA device: NVIDIA A100-PCIE-40GB 39.50GB
2025-06-08 23:43:23,417 kilosort.run_kilosort INFO     ----------------------------------------
2025-06-08 23:43:23,418 kilosort.run_kilosort INFO     Sorting /home/lss72/palmer_scratch/spike_sort/2014_03_26_Pair_2_0
2025-06-08 23:43:23,418 kilosort.run_kilosort DEBUG    Initial ops:

ops = {
    'n_chan_bin': 32,
    'fs': 30000,
    'batch_size': 60000,
    'nblocks': 1,
    'Th_universal': 9,
    'Th_learned': 8,
    'tmin': 0,
    'tmax': 300,
    'nt': 61,
    'shift': None,
    'scale': None,
    'artifact_threshold': inf,
    'nskip': 25,
    'whitening_range': 32,
    'highpass_cutoff': 300,
    'binning_depth': 5,
    'sig_interp': 20,
    'drift_smoothing': [0.5, 0.5, 0.5],
    'nt0min': 20,
    'dmin': None,
    'dminx': 32,
    'min_template_size': 10,
    'template_sizes': 5,
    'nearest_chans': 10,
    'nearest_templates': 100,
    'max_channel_distance': 32,
    'max_peels': 100,
    'templates_from_data': True,
    'n_templates': 6,
    'n_pcs': 6,
    'Th_single_ch': 6,
    'acg_threshold': 0.2,
    'ccg_threshold': 0.25,
    'cluster_downsampling': 20,
    'x_centers': None,
    'duplicate_spike_ms': 0.25,
    'position_limit': 100,
    'data_dir': PosixPath('/home/lss72/palmer_scratch/spike_sort'),
    'filename': PosixPath('/home/lss72/palmer_scratch/spike_sort/2014_03_26_Pair_2_0'),
    'data_dtype': dtype('float32'),
    'do_CAR': True,
    'invert_sign': False,
    'NTbuff': 60122,
    'Nchan': 32,
    'duplicate_spike_bins': 7,
    'torch_device': 'cuda',
    'save_preprocessed_copy': False
}

2025-06-08 23:43:23,420 kilosort.run_kilosort DEBUG    Probe dictionary:

probe = {
    'chanMap': np.array([ 0,  1,  2,  3,  4,  5,  6,  7,  8,  9, 10, 11, 12, 13, 14, 15, 16,
       17, 18, 19, 20, 21, 22, 23, 24, 25, 26, 27, 28, 29, 30, 31]),
    'xc': np.array([  0.,  18., -18.,   0.,  18., -18.,   0.,  18., -18.,   0.,  18.,
       -18.,   0.,  18., -18.,   0.,  18., -18.,   0.,  18., -18.,   0.,
        18., -18.,   0.,  18., -18.,   0.,  18., -18.,   0.,   0.],
      dtype=np.float32),
    'yc': np.array([  0. ,  12.5,  12.5,  25. ,  37.5,  37.5,  50. ,  62.5,  62.5,
        75. ,  87.5,  87.5, 100. , 112.5, 112.5, 125. , 137.5, 137.5,
       150. , 162.5, 162.5, 175. , 187.5, 187.5, 200. , 212.5, 212.5,
       225. , 237.5, 237.5, 250. , 275. ], dtype=np.float32),
    'kcoords': np.array([0., 0., 0., 0., 0., 0., 0., 0., 0., 0., 0., 0., 0., 0., 0., 0., 0.,
       0., 0., 0., 0., 0., 0., 0., 0., 0., 0., 0., 0., 0., 0., 0.]),
    'n_chan': 32
}

2025-06-08 23:43:23,421 kilosort.run_kilosort INFO      
2025-06-08 23:43:23,421 kilosort.run_kilosort INFO     Computing preprocessing variables.
2025-06-08 23:43:23,421 kilosort.run_kilosort INFO     ----------------------------------------
2025-06-08 23:43:23,423 kilosort.run_kilosort INFO     N samples: 9000000
2025-06-08 23:43:23,424 kilosort.run_kilosort INFO     N seconds: 300.0
2025-06-08 23:43:23,424 kilosort.run_kilosort INFO     N batches: 150
2025-06-08 23:43:23,474 kilosort.run_kilosort INFO     Preprocessing filters computed in  0.05s; total  0.06s
2025-06-08 23:43:23,475 kilosort.run_kilosort DEBUG    hp_filter shape: torch.Size([30122])
2025-06-08 23:43:23,475 kilosort.run_kilosort DEBUG    whiten_mat shape: torch.Size([32, 32])
2025-06-08 23:43:23,475 kilosort.run_kilosort INFO      
2025-06-08 23:43:23,475 kilosort.run_kilosort INFO     Resource usage after preprocessing
2025-06-08 23:43:23,475 kilosort.run_kilosort INFO     ********************************************************
2025-06-08 23:43:23,476 kilosort.run_kilosort INFO     CPU usage:    22.30 %
2025-06-08 23:43:23,476 kilosort.run_kilosort INFO     Memory:        4.95 %     |     37.38   /   754.60 GB
2025-06-08 23:43:23,477 kilosort.run_kilosort INFO     ------------------------------------------------------
2025-06-08 23:43:23,477 kilosort.run_kilosort INFO     GPU usage:    `conda install pynvml` for GPU usage
2025-06-08 23:43:23,478 kilosort.run_kilosort INFO     GPU memory:    2.56 %     |      1.01   /    39.50 GB
2025-06-08 23:43:23,478 kilosort.run_kilosort INFO     Allocated:     0.02 %     |      0.01   /    39.50 GB
2025-06-08 23:43:23,479 kilosort.run_kilosort INFO     Max alloc:     0.75 %     |      0.30   /    39.50 GB
2025-06-08 23:43:23,479 kilosort.run_kilosort INFO     ********************************************************
2025-06-08 23:43:23,487 kilosort.run_kilosort INFO      
2025-06-08 23:43:23,487 kilosort.run_kilosort INFO     Computing drift correction.
2025-06-08 23:43:23,488 kilosort.run_kilosort INFO     ----------------------------------------
2025-06-08 23:43:23,488 kilosort.spikedetect INFO     Re-computing universal templates from data.
2025-06-08 23:43:23,659 kilosort.spikedetect INFO     Number of universal templates: 135
2025-06-08 23:43:23,661 kilosort.spikedetect INFO     Detecting spikes...
2025-06-08 23:43:23,663 kilosort.spikedetect DEBUG     
2025-06-08 23:43:23,663 kilosort.spikedetect DEBUG    Batch 0
2025-06-08 23:43:23,663 kilosort.spikedetect DEBUG    ********************************************************
2025-06-08 23:43:23,663 kilosort.spikedetect DEBUG    CPU usage:    40.10 %
2025-06-08 23:43:23,664 kilosort.spikedetect DEBUG    Memory:        4.92 %     |     37.12   /   754.60 GB
2025-06-08 23:43:23,664 kilosort.spikedetect DEBUG    ------------------------------------------------------
2025-06-08 23:43:23,664 kilosort.spikedetect DEBUG    GPU usage:    `conda install pynvml` for GPU usage
2025-06-08 23:43:23,664 kilosort.spikedetect DEBUG    GPU memory:    2.56 %     |      1.01   /    39.50 GB
2025-06-08 23:43:23,664 kilosort.spikedetect DEBUG    Allocated:     0.02 %     |      0.01   /    39.50 GB
2025-06-08 23:43:23,664 kilosort.spikedetect DEBUG    Max alloc:     0.75 %     |      0.30   /    39.50 GB
2025-06-08 23:43:23,664 kilosort.spikedetect DEBUG    ********************************************************
2025-06-08 23:43:27,927 kilosort.spikedetect DEBUG     
2025-06-08 23:43:27,927 kilosort.spikedetect DEBUG    Batch 149
2025-06-08 23:43:27,927 kilosort.spikedetect DEBUG    ********************************************************
2025-06-08 23:43:27,927 kilosort.spikedetect DEBUG    CPU usage:    25.10 %
2025-06-08 23:43:27,927 kilosort.spikedetect DEBUG    Memory:        4.91 %     |     37.04   /   754.60 GB
2025-06-08 23:43:27,927 kilosort.spikedetect DEBUG    ------------------------------------------------------
2025-06-08 23:43:27,927 kilosort.spikedetect DEBUG    GPU usage:    `conda install pynvml` for GPU usage
2025-06-08 23:43:27,927 kilosort.spikedetect DEBUG    GPU memory:    2.56 %     |      1.01   /    39.50 GB
2025-06-08 23:43:27,928 kilosort.spikedetect DEBUG    Allocated:     0.04 %     |      0.02   /    39.50 GB
2025-06-08 23:43:27,928 kilosort.spikedetect DEBUG    Max alloc:     0.75 %     |      0.30   /    39.50 GB
2025-06-08 23:43:27,928 kilosort.spikedetect DEBUG    ********************************************************
2025-06-08 23:43:28,024 kilosort.run_kilosort INFO     drift computed in  4.54s; total  4.61s
2025-06-08 23:43:28,029 kilosort.run_kilosort DEBUG    st shape: (32451, 6)
2025-06-08 23:43:28,029 kilosort.run_kilosort DEBUG    yblk shape: (1,)
2025-06-08 23:43:28,029 kilosort.run_kilosort DEBUG    dshift shape: (150, 1)
2025-06-08 23:43:28,029 kilosort.run_kilosort DEBUG    iKxx shape: torch.Size([32, 32])
2025-06-08 23:43:28,029 kilosort.run_kilosort INFO      
2025-06-08 23:43:28,029 kilosort.run_kilosort INFO     Resource usage after drift correction
2025-06-08 23:43:28,030 kilosort.run_kilosort INFO     ********************************************************
2025-06-08 23:43:28,030 kilosort.run_kilosort INFO     CPU usage:    26.60 %
2025-06-08 23:43:28,031 kilosort.run_kilosort INFO     Memory:        4.91 %     |     37.06   /   754.60 GB
2025-06-08 23:43:28,031 kilosort.run_kilosort INFO     ------------------------------------------------------
2025-06-08 23:43:28,031 kilosort.run_kilosort INFO     GPU usage:    `conda install pynvml` for GPU usage
2025-06-08 23:43:28,032 kilosort.run_kilosort INFO     GPU memory:    2.56 %     |      1.01   /    39.50 GB
2025-06-08 23:43:28,032 kilosort.run_kilosort INFO     Allocated:     0.02 %     |      0.01   /    39.50 GB
2025-06-08 23:43:28,033 kilosort.run_kilosort INFO     Max alloc:     0.75 %     |      0.30   /    39.50 GB
2025-06-08 23:43:28,033 kilosort.run_kilosort INFO     ********************************************************
2025-06-08 23:43:28,034 kilosort.run_kilosort DEBUG    

|===========================================================================|
|                  PyTorch CUDA memory summary, device ID 0                 |
|---------------------------------------------------------------------------|
|            CUDA OOMs: 0            |        cudaMalloc retries: 0         |
|===========================================================================|
|        Metric         | Cur Usage  | Peak Usage | Tot Alloc  | Tot Freed  |
|---------------------------------------------------------------------------|
| Allocated memory      |   8867 KiB | 309982 KiB |  12495 GiB |  12495 GiB |
|---------------------------------------------------------------------------|
| Active memory         |   8867 KiB | 309982 KiB |  12495 GiB |  12495 GiB |
|---------------------------------------------------------------------------|
| Requested memory      |   8864 KiB | 309896 KiB |  12359 GiB |  12359 GiB |
|---------------------------------------------------------------------------|
| GPU reserved memory   | 481280 KiB | 481280 KiB | 481280 KiB |      0 B   |
|---------------------------------------------------------------------------|
| Non-releasable memory |  13660 KiB | 184425 KiB |   6717 GiB |   6717 GiB |
|---------------------------------------------------------------------------|
| Allocations           |      20    |      56    |    2464 K  |    2464 K  |
|---------------------------------------------------------------------------|
| Active allocs         |      20    |      56    |    2464 K  |    2464 K  |
|---------------------------------------------------------------------------|
| GPU reserved segments |      15    |      15    |      15    |       0    |
|---------------------------------------------------------------------------|
| Non-releasable allocs |      10    |      25    |     978 K  |     978 K  |
|---------------------------------------------------------------------------|
| Oversize allocations  |       0    |       0    |       0    |       0    |
|---------------------------------------------------------------------------|
| Oversize GPU segments |       0    |       0    |       0    |       0    |
|===========================================================================|


2025-06-08 23:43:28,040 kilosort.run_kilosort DEBUG    First batch min, max: (-18.76077, 11.392231)
2025-06-08 23:43:28,040 kilosort.run_kilosort INFO      
2025-06-08 23:43:28,040 kilosort.run_kilosort INFO     Extracting spikes using templates
2025-06-08 23:43:28,041 kilosort.run_kilosort INFO     ----------------------------------------
2025-06-08 23:43:28,041 kilosort.spikedetect INFO     Re-computing universal templates from data.
2025-06-08 23:43:28,198 kilosort.spikedetect INFO     Number of universal templates: 135
2025-06-08 23:43:28,200 kilosort.spikedetect INFO     Detecting spikes...
2025-06-08 23:43:28,201 kilosort.spikedetect DEBUG     
2025-06-08 23:43:28,201 kilosort.spikedetect DEBUG    Batch 0
2025-06-08 23:43:28,201 kilosort.spikedetect DEBUG    ********************************************************
2025-06-08 23:43:28,202 kilosort.spikedetect DEBUG    CPU usage:    41.80 %
2025-06-08 23:43:28,202 kilosort.spikedetect DEBUG    Memory:        4.92 %     |     37.10   /   754.60 GB
2025-06-08 23:43:28,202 kilosort.spikedetect DEBUG    ------------------------------------------------------
2025-06-08 23:43:28,202 kilosort.spikedetect DEBUG    GPU usage:    `conda install pynvml` for GPU usage
2025-06-08 23:43:28,202 kilosort.spikedetect DEBUG    GPU memory:    2.56 %     |      1.01   /    39.50 GB
2025-06-08 23:43:28,202 kilosort.spikedetect DEBUG    Allocated:     0.02 %     |      0.01   /    39.50 GB
2025-06-08 23:43:28,202 kilosort.spikedetect DEBUG    Max alloc:     0.75 %     |      0.30   /    39.50 GB
2025-06-08 23:43:28,202 kilosort.spikedetect DEBUG    ********************************************************
2025-06-08 23:43:32,457 kilosort.spikedetect DEBUG     
2025-06-08 23:43:32,457 kilosort.spikedetect DEBUG    Batch 149
2025-06-08 23:43:32,457 kilosort.spikedetect DEBUG    ********************************************************
2025-06-08 23:43:32,458 kilosort.spikedetect DEBUG    CPU usage:    25.10 %
2025-06-08 23:43:32,458 kilosort.spikedetect DEBUG    Memory:        4.92 %     |     37.16   /   754.60 GB
2025-06-08 23:43:32,458 kilosort.spikedetect DEBUG    ------------------------------------------------------
2025-06-08 23:43:32,458 kilosort.spikedetect DEBUG    GPU usage:    `conda install pynvml` for GPU usage
2025-06-08 23:43:32,458 kilosort.spikedetect DEBUG    GPU memory:    2.56 %     |      1.01   /    39.50 GB
2025-06-08 23:43:32,458 kilosort.spikedetect DEBUG    Allocated:     0.04 %     |      0.02   /    39.50 GB
2025-06-08 23:43:32,458 kilosort.spikedetect DEBUG    Max alloc:     0.75 %     |      0.30   /    39.50 GB
2025-06-08 23:43:32,458 kilosort.spikedetect DEBUG    ********************************************************
2025-06-08 23:43:32,458 kilosort.run_kilosort INFO     31181 spikes extracted in  4.42s; total  9.04s
2025-06-08 23:43:32,459 kilosort.run_kilosort DEBUG    st0 shape: (31181, 6)
2025-06-08 23:43:32,459 kilosort.run_kilosort DEBUG    tF shape: torch.Size([31181, 10, 6])
2025-06-08 23:43:32,459 kilosort.run_kilosort INFO      
2025-06-08 23:43:32,459 kilosort.run_kilosort INFO     First clustering
2025-06-08 23:43:32,459 kilosort.run_kilosort INFO     ----------------------------------------
2025-06-08 23:43:32,469 kilosort.clustering_qr DEBUG     
2025-06-08 23:43:32,469 kilosort.clustering_qr DEBUG    Cluster center: 0 of 12
2025-06-08 23:43:32,469 kilosort.clustering_qr DEBUG    ********************************************************
2025-06-08 23:43:32,469 kilosort.clustering_qr DEBUG    CPU usage:    33.30 %
2025-06-08 23:43:32,470 kilosort.clustering_qr DEBUG    Memory:        4.93 %     |     37.17   /   754.60 GB
2025-06-08 23:43:32,470 kilosort.clustering_qr DEBUG    ------------------------------------------------------
2025-06-08 23:43:32,470 kilosort.clustering_qr DEBUG    GPU usage:    `conda install pynvml` for GPU usage
2025-06-08 23:43:32,470 kilosort.clustering_qr DEBUG    GPU memory:    2.56 %     |      1.01   /    39.50 GB
2025-06-08 23:43:32,470 kilosort.clustering_qr DEBUG    Allocated:     0.02 %     |      0.01   /    39.50 GB
2025-06-08 23:43:32,470 kilosort.clustering_qr DEBUG    Max alloc:     0.75 %     |      0.30   /    39.50 GB
2025-06-08 23:43:32,470 kilosort.clustering_qr DEBUG    ********************************************************
2025-06-08 23:43:32,473 kilosort.clustering_qr DEBUG    Center 0 | nsp: 5873 | ntemp: 12
2025-06-08 23:43:32,850 kilosort.clustering_qr DEBUG    Center 1 | nsp: 1362 | ntemp: 12
2025-06-08 23:43:33,247 kilosort.clustering_qr DEBUG    Center 2 | nsp: 2351 | ntemp: 12
2025-06-08 23:43:33,633 kilosort.clustering_qr DEBUG    Center 3 | nsp: 1964 | ntemp: 12
2025-06-08 23:43:33,988 kilosort.clustering_qr DEBUG    Center 4 | nsp: 1180 | ntemp: 12
2025-06-08 23:43:34,414 kilosort.clustering_qr DEBUG    Center 5 | nsp: 1071 | ntemp: 12
2025-06-08 23:43:34,771 kilosort.clustering_qr DEBUG    Center 6 | nsp: 4079 | ntemp: 12
2025-06-08 23:43:35,143 kilosort.clustering_qr DEBUG    Center 7 | nsp: 7982 | ntemp: 12
2025-06-08 23:43:35,492 kilosort.clustering_qr DEBUG    Center 8 | nsp: 1261 | ntemp: 12
2025-06-08 23:43:35,849 kilosort.clustering_qr DEBUG    Center 9 | nsp: 2892 | ntemp: 12
2025-06-08 23:43:36,158 kilosort.clustering_qr DEBUG     
2025-06-08 23:43:36,158 kilosort.clustering_qr DEBUG    Cluster center: 10 of 12
2025-06-08 23:43:36,158 kilosort.clustering_qr DEBUG    ********************************************************
2025-06-08 23:43:36,158 kilosort.clustering_qr DEBUG    CPU usage:    33.60 %
2025-06-08 23:43:36,158 kilosort.clustering_qr DEBUG    Memory:        4.88 %     |     36.85   /   754.60 GB
2025-06-08 23:43:36,158 kilosort.clustering_qr DEBUG    ------------------------------------------------------
2025-06-08 23:43:36,158 kilosort.clustering_qr DEBUG    GPU usage:    `conda install pynvml` for GPU usage
2025-06-08 23:43:36,158 kilosort.clustering_qr DEBUG    GPU memory:    2.56 %     |      1.01   /    39.50 GB
2025-06-08 23:43:36,159 kilosort.clustering_qr DEBUG    Allocated:     0.02 %     |      0.01   /    39.50 GB
2025-06-08 23:43:36,159 kilosort.clustering_qr DEBUG    Max alloc:     0.75 %     |      0.30   /    39.50 GB
2025-06-08 23:43:36,159 kilosort.clustering_qr DEBUG    ********************************************************
2025-06-08 23:43:36,226 kilosort.clustering_qr DEBUG    Center 10 | nsp: 706 | ntemp: 12
2025-06-08 23:43:36,227 kilosort.clustering_qr DEBUG    Center 11 | nsp: 460 | ntemp: 3
2025-06-08 23:43:36,262 kilosort.run_kilosort INFO     48 clusters found, in  3.80s; total  12.84s
2025-06-08 23:43:36,263 kilosort.run_kilosort DEBUG    clu shape: (31181,)
2025-06-08 23:43:36,263 kilosort.run_kilosort DEBUG    Wall shape: torch.Size([48, 32, 6])
2025-06-08 23:43:36,263 kilosort.run_kilosort INFO      
2025-06-08 23:43:36,263 kilosort.run_kilosort INFO     Extracting spikes using cluster waveforms
2025-06-08 23:43:36,264 kilosort.run_kilosort INFO     ----------------------------------------
2025-06-08 23:43:36,280 kilosort.template_matching DEBUG     
2025-06-08 23:43:36,280 kilosort.template_matching DEBUG    Batch 0
2025-06-08 23:43:36,280 kilosort.template_matching DEBUG    ********************************************************
2025-06-08 23:43:36,280 kilosort.template_matching DEBUG    CPU usage:    42.00 %
2025-06-08 23:43:36,280 kilosort.template_matching DEBUG    Memory:        4.92 %     |     37.10   /   754.60 GB
2025-06-08 23:43:36,280 kilosort.template_matching DEBUG    ------------------------------------------------------
2025-06-08 23:43:36,281 kilosort.template_matching DEBUG    GPU usage:    `conda install pynvml` for GPU usage
2025-06-08 23:43:36,281 kilosort.template_matching DEBUG    GPU memory:    2.56 %     |      1.01   /    39.50 GB
2025-06-08 23:43:36,281 kilosort.template_matching DEBUG    Allocated:     0.02 %     |      0.01   /    39.50 GB
2025-06-08 23:43:36,281 kilosort.template_matching DEBUG    Max alloc:     0.75 %     |      0.30   /    39.50 GB
2025-06-08 23:43:36,281 kilosort.template_matching DEBUG    ********************************************************
2025-06-08 23:43:38,916 kilosort.template_matching DEBUG     
2025-06-08 23:43:38,916 kilosort.template_matching DEBUG    Batch 100
2025-06-08 23:43:38,916 kilosort.template_matching DEBUG    ********************************************************
2025-06-08 23:43:38,916 kilosort.template_matching DEBUG    CPU usage:    27.40 %
2025-06-08 23:43:38,916 kilosort.template_matching DEBUG    Memory:        4.94 %     |     37.24   /   754.60 GB
2025-06-08 23:43:38,916 kilosort.template_matching DEBUG    ------------------------------------------------------
2025-06-08 23:43:38,916 kilosort.template_matching DEBUG    GPU usage:    `conda install pynvml` for GPU usage
2025-06-08 23:43:38,916 kilosort.template_matching DEBUG    GPU memory:    2.56 %     |      1.01   /    39.50 GB
2025-06-08 23:43:38,917 kilosort.template_matching DEBUG    Allocated:     0.06 %     |      0.02   /    39.50 GB
2025-06-08 23:43:38,917 kilosort.template_matching DEBUG    Max alloc:     0.75 %     |      0.30   /    39.50 GB
2025-06-08 23:43:38,917 kilosort.template_matching DEBUG    ********************************************************
2025-06-08 23:43:40,184 kilosort.template_matching DEBUG     
2025-06-08 23:43:40,184 kilosort.template_matching DEBUG    Batch 149
2025-06-08 23:43:40,184 kilosort.template_matching DEBUG    ********************************************************
2025-06-08 23:43:40,184 kilosort.template_matching DEBUG    CPU usage:    27.00 %
2025-06-08 23:43:40,184 kilosort.template_matching DEBUG    Memory:        4.93 %     |     37.21   /   754.60 GB
2025-06-08 23:43:40,184 kilosort.template_matching DEBUG    ------------------------------------------------------
2025-06-08 23:43:40,184 kilosort.template_matching DEBUG    GPU usage:    `conda install pynvml` for GPU usage
2025-06-08 23:43:40,184 kilosort.template_matching DEBUG    GPU memory:    2.56 %     |      1.01   /    39.50 GB
2025-06-08 23:43:40,185 kilosort.template_matching DEBUG    Allocated:     0.06 %     |      0.02   /    39.50 GB
2025-06-08 23:43:40,185 kilosort.template_matching DEBUG    Max alloc:     0.75 %     |      0.30   /    39.50 GB
2025-06-08 23:43:40,185 kilosort.template_matching DEBUG    ********************************************************
2025-06-08 23:43:40,190 kilosort.run_kilosort INFO     84628 spikes extracted in  3.93s; total  16.77s
2025-06-08 23:43:40,194 kilosort.run_kilosort DEBUG    st shape: (84628, 3)
2025-06-08 23:43:40,194 kilosort.run_kilosort DEBUG    tF shape: torch.Size([84628, 10, 6])
2025-06-08 23:43:40,194 kilosort.run_kilosort DEBUG    iCC shape: torch.Size([10, 32])
2025-06-08 23:43:40,194 kilosort.run_kilosort DEBUG    iU shape: torch.Size([44])
2025-06-08 23:43:40,194 kilosort.run_kilosort INFO      
2025-06-08 23:43:40,194 kilosort.run_kilosort INFO     Resource usage after spike detection
2025-06-08 23:43:40,195 kilosort.run_kilosort INFO     ********************************************************
2025-06-08 23:43:40,195 kilosort.run_kilosort INFO     CPU usage:    35.00 %
2025-06-08 23:43:40,196 kilosort.run_kilosort INFO     Memory:        4.90 %     |     36.98   /   754.60 GB
2025-06-08 23:43:40,196 kilosort.run_kilosort INFO     ------------------------------------------------------
2025-06-08 23:43:40,197 kilosort.run_kilosort INFO     GPU usage:    `conda install pynvml` for GPU usage
2025-06-08 23:43:40,197 kilosort.run_kilosort INFO     GPU memory:    2.56 %     |      1.01   /    39.50 GB
2025-06-08 23:43:40,198 kilosort.run_kilosort INFO     Allocated:     0.02 %     |      0.01   /    39.50 GB
2025-06-08 23:43:40,198 kilosort.run_kilosort INFO     Max alloc:     0.75 %     |      0.30   /    39.50 GB
2025-06-08 23:43:40,198 kilosort.run_kilosort INFO     ********************************************************
2025-06-08 23:43:40,199 kilosort.run_kilosort DEBUG    

|===========================================================================|
|                  PyTorch CUDA memory summary, device ID 0                 |
|---------------------------------------------------------------------------|
|            CUDA OOMs: 0            |        cudaMalloc retries: 0         |
|===========================================================================|
|        Metric         | Cur Usage  | Peak Usage | Tot Alloc  | Tot Freed  |
|---------------------------------------------------------------------------|
| Allocated memory      |   8904 KiB | 309982 KiB |  13815 GiB |  13815 GiB |
|---------------------------------------------------------------------------|
| Active memory         |   8904 KiB | 309982 KiB |  13815 GiB |  13815 GiB |
|---------------------------------------------------------------------------|
| Requested memory      |   8901 KiB | 309896 KiB |  13664 GiB |  13664 GiB |
|---------------------------------------------------------------------------|
| GPU reserved memory   | 481280 KiB | 481280 KiB | 481280 KiB |      0 B   |
|---------------------------------------------------------------------------|
| Non-releasable memory |  13624 KiB | 184425 KiB |   7440 GiB |   7440 GiB |
|---------------------------------------------------------------------------|
| Allocations           |      24    |      56    |    2797 K  |    2797 K  |
|---------------------------------------------------------------------------|
| Active allocs         |      24    |      56    |    2797 K  |    2797 K  |
|---------------------------------------------------------------------------|
| GPU reserved segments |      15    |      15    |      15    |       0    |
|---------------------------------------------------------------------------|
| Non-releasable allocs |      12    |      26    |    1114 K  |    1114 K  |
|---------------------------------------------------------------------------|
| Oversize allocations  |       0    |       0    |       0    |       0    |
|---------------------------------------------------------------------------|
| Oversize GPU segments |       0    |       0    |       0    |       0    |
|===========================================================================|


2025-06-08 23:43:40,199 kilosort.run_kilosort INFO      
2025-06-08 23:43:40,200 kilosort.run_kilosort INFO     Final clustering
2025-06-08 23:43:40,200 kilosort.run_kilosort INFO     ----------------------------------------
2025-06-08 23:43:40,210 kilosort.clustering_qr DEBUG     
2025-06-08 23:43:40,210 kilosort.clustering_qr DEBUG    Cluster center: 0 of 12
2025-06-08 23:43:40,210 kilosort.clustering_qr DEBUG    ********************************************************
2025-06-08 23:43:40,210 kilosort.clustering_qr DEBUG    CPU usage:    33.30 %
2025-06-08 23:43:40,210 kilosort.clustering_qr DEBUG    Memory:        4.90 %     |     36.98   /   754.60 GB
2025-06-08 23:43:40,210 kilosort.clustering_qr DEBUG    ------------------------------------------------------
2025-06-08 23:43:40,210 kilosort.clustering_qr DEBUG    GPU usage:    `conda install pynvml` for GPU usage
2025-06-08 23:43:40,211 kilosort.clustering_qr DEBUG    GPU memory:    2.56 %     |      1.01   /    39.50 GB
2025-06-08 23:43:40,211 kilosort.clustering_qr DEBUG    Allocated:     0.02 %     |      0.01   /    39.50 GB
2025-06-08 23:43:40,212 kilosort.clustering_qr DEBUG    Max alloc:     0.75 %     |      0.30   /    39.50 GB
2025-06-08 23:43:40,212 kilosort.clustering_qr DEBUG    ********************************************************
2025-06-08 23:43:40,216 kilosort.clustering_qr DEBUG    Center 0 | nsp: 18911 | ntemp: 5
2025-06-08 23:43:40,656 kilosort.clustering_qr DEBUG    Center 1 | nsp: 3418 | ntemp: 3
2025-06-08 23:43:40,911 kilosort.clustering_qr DEBUG    Center 2 | nsp: 4406 | ntemp: 6
2025-06-08 23:43:41,280 kilosort.clustering_qr DEBUG    Center 3 | nsp: 10353 | ntemp: 5
2025-06-08 23:43:41,666 kilosort.clustering_qr DEBUG    Center 4 | nsp: 5394 | ntemp: 3
2025-06-08 23:43:42,036 kilosort.clustering_qr DEBUG    Center 5 | nsp: 4690 | ntemp: 2
2025-06-08 23:43:42,295 kilosort.clustering_qr DEBUG    Center 6 | nsp: 5917 | ntemp: 5
2025-06-08 23:43:42,675 kilosort.clustering_qr DEBUG    Center 7 | nsp: 8508 | ntemp: 7
2025-06-08 23:43:43,058 kilosort.clustering_qr DEBUG    Center 8 | nsp: 12534 | ntemp: 3
2025-06-08 23:43:43,450 kilosort.clustering_qr DEBUG    Center 9 | nsp: 6624 | ntemp: 4
2025-06-08 23:43:43,797 kilosort.clustering_qr DEBUG     
2025-06-08 23:43:43,797 kilosort.clustering_qr DEBUG    Cluster center: 10 of 12
2025-06-08 23:43:43,797 kilosort.clustering_qr DEBUG    ********************************************************
2025-06-08 23:43:43,797 kilosort.clustering_qr DEBUG    CPU usage:    32.20 %
2025-06-08 23:43:43,797 kilosort.clustering_qr DEBUG    Memory:        4.91 %     |     37.05   /   754.60 GB
2025-06-08 23:43:43,797 kilosort.clustering_qr DEBUG    ------------------------------------------------------
2025-06-08 23:43:43,797 kilosort.clustering_qr DEBUG    GPU usage:    `conda install pynvml` for GPU usage
2025-06-08 23:43:43,798 kilosort.clustering_qr DEBUG    GPU memory:    2.56 %     |      1.01   /    39.50 GB
2025-06-08 23:43:43,798 kilosort.clustering_qr DEBUG    Allocated:     0.02 %     |      0.01   /    39.50 GB
2025-06-08 23:43:43,798 kilosort.clustering_qr DEBUG    Max alloc:     0.75 %     |      0.30   /    39.50 GB
2025-06-08 23:43:43,798 kilosort.clustering_qr DEBUG    ********************************************************
2025-06-08 23:43:43,798 kilosort.clustering_qr DEBUG    Center 10 | nsp: 0 | ntemp: 0
2025-06-08 23:43:43,841 kilosort.clustering_qr DEBUG    Center 11 | nsp: 3873 | ntemp: 1
2025-06-08 23:43:44,137 kilosort.run_kilosort INFO     59 clusters found, in  3.94s; total  20.72s
2025-06-08 23:43:44,137 kilosort.run_kilosort DEBUG    clu shape: (84628,)
2025-06-08 23:43:44,138 kilosort.run_kilosort DEBUG    Wall shape: torch.Size([59, 32, 6])
2025-06-08 23:43:44,138 kilosort.run_kilosort INFO      
2025-06-08 23:43:44,138 kilosort.run_kilosort INFO     Merging clusters
2025-06-08 23:43:44,138 kilosort.run_kilosort INFO     ----------------------------------------
2025-06-08 23:43:44,211 kilosort.run_kilosort INFO     55 units found, in  0.07s; total  20.79s
2025-06-08 23:43:44,212 kilosort.run_kilosort DEBUG    clu shape: (84628,)
2025-06-08 23:43:44,212 kilosort.run_kilosort DEBUG    Wall shape: torch.Size([55, 32, 6])
2025-06-08 23:43:44,212 kilosort.run_kilosort INFO      
2025-06-08 23:43:44,212 kilosort.run_kilosort INFO     Resource usage after clustering
2025-06-08 23:43:44,213 kilosort.run_kilosort INFO     ********************************************************
2025-06-08 23:43:44,213 kilosort.run_kilosort INFO     CPU usage:    31.50 %
2025-06-08 23:43:44,214 kilosort.run_kilosort INFO     Memory:        4.88 %     |     36.81   /   754.60 GB
2025-06-08 23:43:44,214 kilosort.run_kilosort INFO     ------------------------------------------------------
2025-06-08 23:43:44,214 kilosort.run_kilosort INFO     GPU usage:    `conda install pynvml` for GPU usage
2025-06-08 23:43:44,215 kilosort.run_kilosort INFO     GPU memory:    2.56 %     |      1.01   /    39.50 GB
2025-06-08 23:43:44,215 kilosort.run_kilosort INFO     Allocated:     0.02 %     |      0.01   /    39.50 GB
2025-06-08 23:43:44,216 kilosort.run_kilosort INFO     Max alloc:     0.75 %     |      0.30   /    39.50 GB
2025-06-08 23:43:44,216 kilosort.run_kilosort INFO     ********************************************************
2025-06-08 23:43:44,217 kilosort.run_kilosort DEBUG    

|===========================================================================|
|                  PyTorch CUDA memory summary, device ID 0                 |
|---------------------------------------------------------------------------|
|            CUDA OOMs: 0            |        cudaMalloc retries: 0         |
|===========================================================================|
|        Metric         | Cur Usage  | Peak Usage | Tot Alloc  | Tot Freed  |
|---------------------------------------------------------------------------|
| Allocated memory      |   8871 KiB | 309982 KiB |  13913 GiB |  13913 GiB |
|---------------------------------------------------------------------------|
| Active memory         |   8871 KiB | 309982 KiB |  13913 GiB |  13913 GiB |
|---------------------------------------------------------------------------|
| Requested memory      |   8868 KiB | 309896 KiB |  13761 GiB |  13761 GiB |
|---------------------------------------------------------------------------|
| GPU reserved memory   | 481280 KiB | 481280 KiB | 481280 KiB |      0 B   |
|---------------------------------------------------------------------------|
| Non-releasable memory |  13657 KiB | 184425 KiB |   7562 GiB |   7562 GiB |
|---------------------------------------------------------------------------|
| Allocations           |      23    |      56    |    2937 K  |    2937 K  |
|---------------------------------------------------------------------------|
| Active allocs         |      23    |      56    |    2937 K  |    2937 K  |
|---------------------------------------------------------------------------|
| GPU reserved segments |      15    |      15    |      15    |       0    |
|---------------------------------------------------------------------------|
| Non-releasable allocs |      11    |      26    |    1179 K  |    1179 K  |
|---------------------------------------------------------------------------|
| Oversize allocations  |       0    |       0    |       0    |       0    |
|---------------------------------------------------------------------------|
| Oversize GPU segments |       0    |       0    |       0    |       0    |
|===========================================================================|


2025-06-08 23:43:44,217 kilosort.run_kilosort INFO      
2025-06-08 23:43:44,218 kilosort.run_kilosort INFO     Saving to phy and computing refractory periods
2025-06-08 23:43:44,218 kilosort.run_kilosort INFO     ----------------------------------------
2025-06-08 23:43:44,661 kilosort.run_kilosort INFO     28 units found with good refractory periods
2025-06-08 23:43:44,662 kilosort.run_kilosort INFO     Total runtime: 21.24s = 00:00:21 h:m:s
2025-06-08 23:43:44,670 kilosort.run_kilosort INFO     Sorting output saved in: /home/lss72/palmer_scratch/spike_sort/kilosort4.
2025-06-08 23:43:44,670 kilosort.run_kilosort INFO      
2025-06-08 23:43:44,671 kilosort.run_kilosort INFO     Resource usage after saving
2025-06-08 23:43:44,671 kilosort.run_kilosort INFO     ********************************************************
2025-06-08 23:43:44,672 kilosort.run_kilosort INFO     CPU usage:    31.80 %
2025-06-08 23:43:44,672 kilosort.run_kilosort INFO     Memory:        4.90 %     |     36.96   /   754.60 GB
2025-06-08 23:43:44,672 kilosort.run_kilosort INFO     ------------------------------------------------------
2025-06-08 23:43:44,673 kilosort.run_kilosort INFO     GPU usage:    `conda install pynvml` for GPU usage
2025-06-08 23:43:44,673 kilosort.run_kilosort INFO     GPU memory:    2.56 %     |      1.01   /    39.50 GB
2025-06-08 23:43:44,674 kilosort.run_kilosort INFO     Allocated:     0.02 %     |      0.01   /    39.50 GB
2025-06-08 23:43:44,674 kilosort.run_kilosort INFO     Max alloc:     0.75 %     |      0.30   /    39.50 GB
2025-06-08 23:43:44,675 kilosort.run_kilosort INFO     ********************************************************
2025-06-08 23:43:44,675 kilosort.run_kilosort DEBUG    

|===========================================================================|
|                  PyTorch CUDA memory summary, device ID 0                 |
|---------------------------------------------------------------------------|
|            CUDA OOMs: 0            |        cudaMalloc retries: 0         |
|===========================================================================|
|        Metric         | Cur Usage  | Peak Usage | Tot Alloc  | Tot Freed  |
|---------------------------------------------------------------------------|
| Allocated memory      |   8871 KiB | 309982 KiB |  13913 GiB |  13913 GiB |
|---------------------------------------------------------------------------|
| Active memory         |   8871 KiB | 309982 KiB |  13913 GiB |  13913 GiB |
|---------------------------------------------------------------------------|
| Requested memory      |   8868 KiB | 309896 KiB |  13761 GiB |  13761 GiB |
|---------------------------------------------------------------------------|
| GPU reserved memory   | 481280 KiB | 481280 KiB | 481280 KiB |      0 B   |
|---------------------------------------------------------------------------|
| Non-releasable memory |  13657 KiB | 184425 KiB |   7562 GiB |   7562 GiB |
|---------------------------------------------------------------------------|
| Allocations           |      23    |      56    |    2938 K  |    2938 K  |
|---------------------------------------------------------------------------|
| Active allocs         |      23    |      56    |    2938 K  |    2938 K  |
|---------------------------------------------------------------------------|
| GPU reserved segments |      15    |      15    |      15    |       0    |
|---------------------------------------------------------------------------|
| Non-releasable allocs |      11    |      26    |    1180 K  |    1180 K  |
|---------------------------------------------------------------------------|
| Oversize allocations  |       0    |       0    |       0    |       0    |
|---------------------------------------------------------------------------|
| Oversize GPU segments |       0    |       0    |       0    |       0    |
|===========================================================================|


