2025-06-08 23:36:34,701 kilosort.run_kilosort INFO     Kilosort version 4.0.25
2025-06-08 23:36:34,705 kilosort.run_kilosort INFO     Python version 3.9.21
2025-06-08 23:36:34,705 kilosort.run_kilosort INFO     ----------------------------------------
2025-06-08 23:36:34,705 kilosort.run_kilosort INFO     System information:
2025-06-08 23:36:34,706 kilosort.run_kilosort INFO     Linux-4.18.0-477.74.1.el8_8.x86_64-x86_64-with-glibc2.28 x86_64
2025-06-08 23:36:34,706 kilosort.run_kilosort INFO     x86_64
2025-06-08 23:36:34,706 kilosort.run_kilosort INFO     Using GPU for PyTorch computations. Specify `device` to change this.
2025-06-08 23:36:34,707 kilosort.run_kilosort INFO     Using CUDA device: NVIDIA A100-PCIE-40GB 39.50GB
2025-06-08 23:36:34,707 kilosort.run_kilosort INFO     ----------------------------------------
2025-06-08 23:36:34,708 kilosort.run_kilosort INFO     Sorting /home/lss72/palmer_scratch/spike_sort/2014_11_25_Pair_3_0
2025-06-08 23:36:34,708 kilosort.run_kilosort DEBUG    Initial ops:

ops = {
    'n_chan_bin': 32,
    'fs': 30000,
    'batch_size': 60000,
    'nblocks': 1,
    'Th_universal': 9,
    'Th_learned': 8,
    'tmin': 0,
    'tmax': 30,
    'nt': 61,
    'shift': None,
    'scale': None,
    'artifact_threshold': inf,
    'nskip': 25,
    'whitening_range': 32,
    'highpass_cutoff': 300,
    'binning_depth': 5,
    'sig_interp': 20,
    'drift_smoothing': [0.5, 0.5, 0.5],
    'nt0min': 20,
    'dmin': None,
    'dminx': 32,
    'min_template_size': 10,
    'template_sizes': 5,
    'nearest_chans': 10,
    'nearest_templates': 100,
    'max_channel_distance': 32,
    'max_peels': 100,
    'templates_from_data': True,
    'n_templates': 6,
    'n_pcs': 6,
    'Th_single_ch': 6,
    'acg_threshold': 0.2,
    'ccg_threshold': 0.25,
    'cluster_downsampling': 20,
    'x_centers': None,
    'duplicate_spike_ms': 0.25,
    'position_limit': 100,
    'data_dir': PosixPath('/home/lss72/palmer_scratch/spike_sort'),
    'filename': PosixPath('/home/lss72/palmer_scratch/spike_sort/2014_11_25_Pair_3_0'),
    'data_dtype': dtype('uint16'),
    'do_CAR': True,
    'invert_sign': False,
    'NTbuff': 60122,
    'Nchan': 32,
    'duplicate_spike_bins': 7,
    'torch_device': 'cuda',
    'save_preprocessed_copy': False
}

2025-06-08 23:36:34,710 kilosort.run_kilosort DEBUG    Probe dictionary:

probe = {
    'chanMap': np.array([ 0,  1,  2,  3,  4,  5,  6,  7,  8,  9, 10, 11, 12, 13, 14, 15, 16,
       17, 18, 19, 20, 21, 22, 23, 24, 25, 26, 27, 28, 29, 30, 31]),
    'xc': np.array([  0.,  18., -18.,   0.,  18., -18.,   0.,  18., -18.,   0.,  18.,
       -18.,   0.,  18., -18.,   0.,  18., -18.,   0.,  18., -18.,   0.,
        18., -18.,   0.,  18., -18.,   0.,  18., -18.,   0.,   0.],
      dtype=np.float32),
    'yc': np.array([  0. ,  12.5,  12.5,  25. ,  37.5,  37.5,  50. ,  62.5,  62.5,
        75. ,  87.5,  87.5, 100. , 112.5, 112.5, 125. , 137.5, 137.5,
       150. , 162.5, 162.5, 175. , 187.5, 187.5, 200. , 212.5, 212.5,
       225. , 237.5, 237.5, 250. , 275. ], dtype=np.float32),
    'kcoords': np.array([0., 0., 0., 0., 0., 0., 0., 0., 0., 0., 0., 0., 0., 0., 0., 0., 0.,
       0., 0., 0., 0., 0., 0., 0., 0., 0., 0., 0., 0., 0., 0., 0.]),
    'n_chan': 32
}

2025-06-08 23:36:34,710 kilosort.run_kilosort INFO      
2025-06-08 23:36:34,711 kilosort.run_kilosort INFO     Computing preprocessing variables.
2025-06-08 23:36:34,711 kilosort.run_kilosort INFO     ----------------------------------------
2025-06-08 23:36:34,713 kilosort.run_kilosort INFO     N samples: 900000
2025-06-08 23:36:34,713 kilosort.run_kilosort INFO     N seconds: 30.0
2025-06-08 23:36:34,714 kilosort.run_kilosort INFO     N batches: 15
2025-06-08 23:36:34,750 kilosort.run_kilosort INFO     Preprocessing filters computed in  0.04s; total  0.04s
2025-06-08 23:36:34,751 kilosort.run_kilosort DEBUG    hp_filter shape: torch.Size([30122])
2025-06-08 23:36:34,751 kilosort.run_kilosort DEBUG    whiten_mat shape: torch.Size([32, 32])
2025-06-08 23:36:34,751 kilosort.run_kilosort INFO      
2025-06-08 23:36:34,751 kilosort.run_kilosort INFO     Resource usage after preprocessing
2025-06-08 23:36:34,752 kilosort.run_kilosort INFO     ********************************************************
2025-06-08 23:36:34,752 kilosort.run_kilosort INFO     CPU usage:    22.30 %
2025-06-08 23:36:34,753 kilosort.run_kilosort INFO     Memory:        4.90 %     |     36.95   /   754.60 GB
2025-06-08 23:36:34,753 kilosort.run_kilosort INFO     ------------------------------------------------------
2025-06-08 23:36:34,754 kilosort.run_kilosort INFO     GPU usage:    `conda install pynvml` for GPU usage
2025-06-08 23:36:34,754 kilosort.run_kilosort INFO     GPU memory:    2.56 %     |      1.01   /    39.50 GB
2025-06-08 23:36:34,755 kilosort.run_kilosort INFO     Allocated:     0.02 %     |      0.01   /    39.50 GB
2025-06-08 23:36:34,755 kilosort.run_kilosort INFO     Max alloc:     0.75 %     |      0.30   /    39.50 GB
2025-06-08 23:36:34,755 kilosort.run_kilosort INFO     ********************************************************
2025-06-08 23:36:34,756 kilosort.run_kilosort INFO      
2025-06-08 23:36:34,757 kilosort.run_kilosort INFO     Computing drift correction.
2025-06-08 23:36:34,757 kilosort.run_kilosort INFO     ----------------------------------------
2025-06-08 23:36:34,757 kilosort.spikedetect INFO     Re-computing universal templates from data.
2025-06-08 23:36:34,791 kilosort.spikedetect INFO     Number of universal templates: 135
2025-06-08 23:36:34,793 kilosort.spikedetect INFO     Detecting spikes...
2025-06-08 23:36:34,796 kilosort.spikedetect DEBUG     
2025-06-08 23:36:34,796 kilosort.spikedetect DEBUG    Batch 0
2025-06-08 23:36:34,796 kilosort.spikedetect DEBUG    ********************************************************
2025-06-08 23:36:34,796 kilosort.spikedetect DEBUG    CPU usage:    38.90 %
2025-06-08 23:36:34,796 kilosort.spikedetect DEBUG    Memory:        4.90 %     |     36.96   /   754.60 GB
2025-06-08 23:36:34,796 kilosort.spikedetect DEBUG    ------------------------------------------------------
2025-06-08 23:36:34,796 kilosort.spikedetect DEBUG    GPU usage:    `conda install pynvml` for GPU usage
2025-06-08 23:36:34,796 kilosort.spikedetect DEBUG    GPU memory:    2.56 %     |      1.01   /    39.50 GB
2025-06-08 23:36:34,796 kilosort.spikedetect DEBUG    Allocated:     0.02 %     |      0.01   /    39.50 GB
2025-06-08 23:36:34,797 kilosort.spikedetect DEBUG    Max alloc:     0.75 %     |      0.30   /    39.50 GB
2025-06-08 23:36:34,797 kilosort.spikedetect DEBUG    ********************************************************
2025-06-08 23:36:35,335 kilosort.spikedetect DEBUG     
2025-06-08 23:36:35,336 kilosort.spikedetect DEBUG    Batch 14
2025-06-08 23:36:35,336 kilosort.spikedetect DEBUG    ********************************************************
2025-06-08 23:36:35,336 kilosort.spikedetect DEBUG    CPU usage:    25.00 %
2025-06-08 23:36:35,336 kilosort.spikedetect DEBUG    Memory:        4.89 %     |     36.94   /   754.60 GB
2025-06-08 23:36:35,336 kilosort.spikedetect DEBUG    ------------------------------------------------------
2025-06-08 23:36:35,336 kilosort.spikedetect DEBUG    GPU usage:    `conda install pynvml` for GPU usage
2025-06-08 23:36:35,336 kilosort.spikedetect DEBUG    GPU memory:    2.56 %     |      1.01   /    39.50 GB
2025-06-08 23:36:35,336 kilosort.spikedetect DEBUG    Allocated:     0.04 %     |      0.02   /    39.50 GB
2025-06-08 23:36:35,336 kilosort.spikedetect DEBUG    Max alloc:     0.75 %     |      0.30   /    39.50 GB
2025-06-08 23:36:35,336 kilosort.spikedetect DEBUG    ********************************************************
2025-06-08 23:36:35,409 kilosort.run_kilosort INFO     drift computed in  0.65s; total  0.70s
2025-06-08 23:36:35,413 kilosort.run_kilosort DEBUG    st shape: (2598, 6)
2025-06-08 23:36:35,413 kilosort.run_kilosort DEBUG    yblk shape: (1,)
2025-06-08 23:36:35,413 kilosort.run_kilosort DEBUG    dshift shape: (15, 1)
2025-06-08 23:36:35,413 kilosort.run_kilosort DEBUG    iKxx shape: torch.Size([32, 32])
2025-06-08 23:36:35,413 kilosort.run_kilosort INFO      
2025-06-08 23:36:35,414 kilosort.run_kilosort INFO     Resource usage after drift correction
2025-06-08 23:36:35,414 kilosort.run_kilosort INFO     ********************************************************
2025-06-08 23:36:35,415 kilosort.run_kilosort INFO     CPU usage:    26.50 %
2025-06-08 23:36:35,415 kilosort.run_kilosort INFO     Memory:        4.89 %     |     36.94   /   754.60 GB
2025-06-08 23:36:35,415 kilosort.run_kilosort INFO     ------------------------------------------------------
2025-06-08 23:36:35,416 kilosort.run_kilosort INFO     GPU usage:    `conda install pynvml` for GPU usage
2025-06-08 23:36:35,416 kilosort.run_kilosort INFO     GPU memory:    2.56 %     |      1.01   /    39.50 GB
2025-06-08 23:36:35,417 kilosort.run_kilosort INFO     Allocated:     0.02 %     |      0.01   /    39.50 GB
2025-06-08 23:36:35,417 kilosort.run_kilosort INFO     Max alloc:     0.75 %     |      0.30   /    39.50 GB
2025-06-08 23:36:35,418 kilosort.run_kilosort INFO     ********************************************************
2025-06-08 23:36:35,418 kilosort.run_kilosort DEBUG    

|===========================================================================|
|                  PyTorch CUDA memory summary, device ID 0                 |
|---------------------------------------------------------------------------|
|            CUDA OOMs: 0            |        cudaMalloc retries: 0         |
|===========================================================================|
|        Metric         | Cur Usage  | Peak Usage | Tot Alloc  | Tot Freed  |
|---------------------------------------------------------------------------|
| Allocated memory      |   8867 KiB | 309834 KiB |   8287 GiB |   8287 GiB |
|---------------------------------------------------------------------------|
| Active memory         |   8867 KiB | 309834 KiB |   8287 GiB |   8287 GiB |
|---------------------------------------------------------------------------|
| Requested memory      |   8864 KiB | 309748 KiB |   8197 GiB |   8197 GiB |
|---------------------------------------------------------------------------|
| GPU reserved memory   | 479232 KiB | 479232 KiB | 479232 KiB |      0 B   |
|---------------------------------------------------------------------------|
| Non-releasable memory |  13660 KiB | 184425 KiB |   4499 GiB |   4499 GiB |
|---------------------------------------------------------------------------|
| Allocations           |      20    |      56    |    1686 K  |    1686 K  |
|---------------------------------------------------------------------------|
| Active allocs         |      20    |      56    |    1686 K  |    1686 K  |
|---------------------------------------------------------------------------|
| GPU reserved segments |      14    |      14    |      14    |       0    |
|---------------------------------------------------------------------------|
| Non-releasable allocs |      11    |      25    |  659286    |  659275    |
|---------------------------------------------------------------------------|
| Oversize allocations  |       0    |       0    |       0    |       0    |
|---------------------------------------------------------------------------|
| Oversize GPU segments |       0    |       0    |       0    |       0    |
|===========================================================================|


2025-06-08 23:36:35,426 kilosort.run_kilosort DEBUG    First batch min, max: (-15.443307, 9.362338)
2025-06-08 23:36:35,427 kilosort.run_kilosort INFO      
2025-06-08 23:36:35,427 kilosort.run_kilosort INFO     Extracting spikes using templates
2025-06-08 23:36:35,427 kilosort.run_kilosort INFO     ----------------------------------------
2025-06-08 23:36:35,428 kilosort.spikedetect INFO     Re-computing universal templates from data.
2025-06-08 23:36:35,459 kilosort.spikedetect INFO     Number of universal templates: 135
2025-06-08 23:36:35,463 kilosort.spikedetect INFO     Detecting spikes...
2025-06-08 23:36:35,464 kilosort.spikedetect DEBUG     
2025-06-08 23:36:35,464 kilosort.spikedetect DEBUG    Batch 0
2025-06-08 23:36:35,464 kilosort.spikedetect DEBUG    ********************************************************
2025-06-08 23:36:35,465 kilosort.spikedetect DEBUG    CPU usage:    36.70 %
2025-06-08 23:36:35,465 kilosort.spikedetect DEBUG    Memory:        4.89 %     |     36.94   /   754.60 GB
2025-06-08 23:36:35,465 kilosort.spikedetect DEBUG    ------------------------------------------------------
2025-06-08 23:36:35,465 kilosort.spikedetect DEBUG    GPU usage:    `conda install pynvml` for GPU usage
2025-06-08 23:36:35,465 kilosort.spikedetect DEBUG    GPU memory:    2.56 %     |      1.01   /    39.50 GB
2025-06-08 23:36:35,465 kilosort.spikedetect DEBUG    Allocated:     0.02 %     |      0.01   /    39.50 GB
2025-06-08 23:36:35,466 kilosort.spikedetect DEBUG    Max alloc:     0.75 %     |      0.30   /    39.50 GB
2025-06-08 23:36:35,466 kilosort.spikedetect DEBUG    ********************************************************
2025-06-08 23:36:35,928 kilosort.spikedetect DEBUG     
2025-06-08 23:36:35,928 kilosort.spikedetect DEBUG    Batch 14
2025-06-08 23:36:35,928 kilosort.spikedetect DEBUG    ********************************************************
2025-06-08 23:36:35,929 kilosort.spikedetect DEBUG    CPU usage:    25.10 %
2025-06-08 23:36:35,929 kilosort.spikedetect DEBUG    Memory:        4.89 %     |     36.87   /   754.60 GB
2025-06-08 23:36:35,929 kilosort.spikedetect DEBUG    ------------------------------------------------------
2025-06-08 23:36:35,929 kilosort.spikedetect DEBUG    GPU usage:    `conda install pynvml` for GPU usage
2025-06-08 23:36:35,929 kilosort.spikedetect DEBUG    GPU memory:    2.56 %     |      1.01   /    39.50 GB
2025-06-08 23:36:35,929 kilosort.spikedetect DEBUG    Allocated:     0.04 %     |      0.02   /    39.50 GB
2025-06-08 23:36:35,929 kilosort.spikedetect DEBUG    Max alloc:     0.75 %     |      0.30   /    39.50 GB
2025-06-08 23:36:35,929 kilosort.spikedetect DEBUG    ********************************************************
2025-06-08 23:36:35,929 kilosort.run_kilosort INFO     2483 spikes extracted in  0.50s; total  1.22s
2025-06-08 23:36:35,930 kilosort.run_kilosort DEBUG    st0 shape: (2483, 6)
2025-06-08 23:36:35,930 kilosort.run_kilosort DEBUG    tF shape: torch.Size([2483, 10, 6])
2025-06-08 23:36:35,930 kilosort.run_kilosort INFO      
2025-06-08 23:36:35,930 kilosort.run_kilosort INFO     First clustering
2025-06-08 23:36:35,930 kilosort.run_kilosort INFO     ----------------------------------------
2025-06-08 23:36:35,940 kilosort.clustering_qr DEBUG     
2025-06-08 23:36:35,940 kilosort.clustering_qr DEBUG    Cluster center: 0 of 12
2025-06-08 23:36:35,940 kilosort.clustering_qr DEBUG    ********************************************************
2025-06-08 23:36:35,940 kilosort.clustering_qr DEBUG    CPU usage:    37.20 %
2025-06-08 23:36:35,940 kilosort.clustering_qr DEBUG    Memory:        4.89 %     |     36.87   /   754.60 GB
2025-06-08 23:36:35,940 kilosort.clustering_qr DEBUG    ------------------------------------------------------
2025-06-08 23:36:35,940 kilosort.clustering_qr DEBUG    GPU usage:    `conda install pynvml` for GPU usage
2025-06-08 23:36:35,940 kilosort.clustering_qr DEBUG    GPU memory:    2.56 %     |      1.01   /    39.50 GB
2025-06-08 23:36:35,941 kilosort.clustering_qr DEBUG    Allocated:     0.02 %     |      0.01   /    39.50 GB
2025-06-08 23:36:35,941 kilosort.clustering_qr DEBUG    Max alloc:     0.75 %     |      0.30   /    39.50 GB
2025-06-08 23:36:35,941 kilosort.clustering_qr DEBUG    ********************************************************
2025-06-08 23:36:35,943 kilosort.clustering_qr DEBUG    Center 0 | nsp: 569 | ntemp: 12
2025-06-08 23:36:35,945 kilosort.clustering_qr DEBUG    Center 1 | nsp: 33 | ntemp: 12
2025-06-08 23:36:35,947 kilosort.clustering_qr DEBUG    Center 2 | nsp: 24 | ntemp: 12
2025-06-08 23:36:35,949 kilosort.clustering_qr DEBUG    Center 3 | nsp: 23 | ntemp: 12
2025-06-08 23:36:35,951 kilosort.clustering_qr DEBUG    Center 4 | nsp: 62 | ntemp: 12
2025-06-08 23:36:35,953 kilosort.clustering_qr DEBUG    Center 5 | nsp: 219 | ntemp: 12
2025-06-08 23:36:35,955 kilosort.clustering_qr DEBUG    Center 6 | nsp: 198 | ntemp: 12
2025-06-08 23:36:35,958 kilosort.clustering_qr DEBUG    Center 7 | nsp: 735 | ntemp: 12
2025-06-08 23:36:35,960 kilosort.clustering_qr DEBUG    Center 8 | nsp: 357 | ntemp: 12
2025-06-08 23:36:35,962 kilosort.clustering_qr DEBUG    Center 9 | nsp: 156 | ntemp: 12
2025-06-08 23:36:35,963 kilosort.clustering_qr DEBUG     
2025-06-08 23:36:35,963 kilosort.clustering_qr DEBUG    Cluster center: 10 of 12
2025-06-08 23:36:35,963 kilosort.clustering_qr DEBUG    ********************************************************
2025-06-08 23:36:35,963 kilosort.clustering_qr DEBUG    CPU usage:    45.10 %
2025-06-08 23:36:35,963 kilosort.clustering_qr DEBUG    Memory:        4.89 %     |     36.87   /   754.60 GB
2025-06-08 23:36:35,963 kilosort.clustering_qr DEBUG    ------------------------------------------------------
2025-06-08 23:36:35,963 kilosort.clustering_qr DEBUG    GPU usage:    `conda install pynvml` for GPU usage
2025-06-08 23:36:35,963 kilosort.clustering_qr DEBUG    GPU memory:    2.56 %     |      1.01   /    39.50 GB
2025-06-08 23:36:35,964 kilosort.clustering_qr DEBUG    Allocated:     0.02 %     |      0.01   /    39.50 GB
2025-06-08 23:36:35,964 kilosort.clustering_qr DEBUG    Max alloc:     0.75 %     |      0.30   /    39.50 GB
2025-06-08 23:36:35,964 kilosort.clustering_qr DEBUG    ********************************************************
2025-06-08 23:36:35,965 kilosort.clustering_qr DEBUG    Center 10 | nsp: 39 | ntemp: 12
2025-06-08 23:36:35,967 kilosort.clustering_qr DEBUG    Center 11 | nsp: 68 | ntemp: 3
2025-06-08 23:36:35,986 kilosort.run_kilosort INFO     12 clusters found, in  0.06s; total  1.28s
2025-06-08 23:36:35,987 kilosort.run_kilosort DEBUG    clu shape: (2483,)
2025-06-08 23:36:35,987 kilosort.run_kilosort DEBUG    Wall shape: torch.Size([12, 32, 6])
2025-06-08 23:36:35,987 kilosort.run_kilosort INFO      
2025-06-08 23:36:35,987 kilosort.run_kilosort INFO     Extracting spikes using cluster waveforms
2025-06-08 23:36:35,987 kilosort.run_kilosort INFO     ----------------------------------------
2025-06-08 23:36:36,006 kilosort.template_matching DEBUG     
2025-06-08 23:36:36,006 kilosort.template_matching DEBUG    Batch 0
2025-06-08 23:36:36,006 kilosort.template_matching DEBUG    ********************************************************
2025-06-08 23:36:36,006 kilosort.template_matching DEBUG    CPU usage:    36.10 %
2025-06-08 23:36:36,006 kilosort.template_matching DEBUG    Memory:        4.92 %     |     37.10   /   754.60 GB
2025-06-08 23:36:36,006 kilosort.template_matching DEBUG    ------------------------------------------------------
2025-06-08 23:36:36,006 kilosort.template_matching DEBUG    GPU usage:    `conda install pynvml` for GPU usage
2025-06-08 23:36:36,006 kilosort.template_matching DEBUG    GPU memory:    2.56 %     |      1.01   /    39.50 GB
2025-06-08 23:36:36,007 kilosort.template_matching DEBUG    Allocated:     0.02 %     |      0.01   /    39.50 GB
2025-06-08 23:36:36,007 kilosort.template_matching DEBUG    Max alloc:     0.75 %     |      0.30   /    39.50 GB
2025-06-08 23:36:36,007 kilosort.template_matching DEBUG    ********************************************************
2025-06-08 23:36:36,360 kilosort.template_matching DEBUG     
2025-06-08 23:36:36,360 kilosort.template_matching DEBUG    Batch 14
2025-06-08 23:36:36,361 kilosort.template_matching DEBUG    ********************************************************
2025-06-08 23:36:36,361 kilosort.template_matching DEBUG    CPU usage:    25.10 %
2025-06-08 23:36:36,361 kilosort.template_matching DEBUG    Memory:        4.92 %     |     37.10   /   754.60 GB
2025-06-08 23:36:36,361 kilosort.template_matching DEBUG    ------------------------------------------------------
2025-06-08 23:36:36,361 kilosort.template_matching DEBUG    GPU usage:    `conda install pynvml` for GPU usage
2025-06-08 23:36:36,361 kilosort.template_matching DEBUG    GPU memory:    2.56 %     |      1.01   /    39.50 GB
2025-06-08 23:36:36,361 kilosort.template_matching DEBUG    Allocated:     0.06 %     |      0.02   /    39.50 GB
2025-06-08 23:36:36,361 kilosort.template_matching DEBUG    Max alloc:     0.75 %     |      0.30   /    39.50 GB
2025-06-08 23:36:36,361 kilosort.template_matching DEBUG    ********************************************************
2025-06-08 23:36:36,363 kilosort.run_kilosort INFO     5807 spikes extracted in  0.38s; total  1.65s
2025-06-08 23:36:36,367 kilosort.run_kilosort DEBUG    st shape: (5807, 3)
2025-06-08 23:36:36,367 kilosort.run_kilosort DEBUG    tF shape: torch.Size([5807, 10, 6])
2025-06-08 23:36:36,367 kilosort.run_kilosort DEBUG    iCC shape: torch.Size([10, 32])
2025-06-08 23:36:36,367 kilosort.run_kilosort DEBUG    iU shape: torch.Size([12])
2025-06-08 23:36:36,367 kilosort.run_kilosort INFO      
2025-06-08 23:36:36,367 kilosort.run_kilosort INFO     Resource usage after spike detection
2025-06-08 23:36:36,367 kilosort.run_kilosort INFO     ********************************************************
2025-06-08 23:36:36,368 kilosort.run_kilosort INFO     CPU usage:    40.70 %
2025-06-08 23:36:36,368 kilosort.run_kilosort INFO     Memory:        4.89 %     |     36.88   /   754.60 GB
2025-06-08 23:36:36,369 kilosort.run_kilosort INFO     ------------------------------------------------------
2025-06-08 23:36:36,369 kilosort.run_kilosort INFO     GPU usage:    `conda install pynvml` for GPU usage
2025-06-08 23:36:36,370 kilosort.run_kilosort INFO     GPU memory:    2.56 %     |      1.01   /    39.50 GB
2025-06-08 23:36:36,370 kilosort.run_kilosort INFO     Allocated:     0.02 %     |      0.01   /    39.50 GB
2025-06-08 23:36:36,371 kilosort.run_kilosort INFO     Max alloc:     0.75 %     |      0.30   /    39.50 GB
2025-06-08 23:36:36,371 kilosort.run_kilosort INFO     ********************************************************
2025-06-08 23:36:36,372 kilosort.run_kilosort DEBUG    

|===========================================================================|
|                  PyTorch CUDA memory summary, device ID 0                 |
|---------------------------------------------------------------------------|
|            CUDA OOMs: 0            |        cudaMalloc retries: 0         |
|===========================================================================|
|        Metric         | Cur Usage  | Peak Usage | Tot Alloc  | Tot Freed  |
|---------------------------------------------------------------------------|
| Allocated memory      |   8880 KiB | 309834 KiB |   8409 GiB |   8409 GiB |
|---------------------------------------------------------------------------|
| Active memory         |   8880 KiB | 309834 KiB |   8409 GiB |   8409 GiB |
|---------------------------------------------------------------------------|
| Requested memory      |   8876 KiB | 309748 KiB |   8318 GiB |   8318 GiB |
|---------------------------------------------------------------------------|
| GPU reserved memory   | 479232 KiB | 479232 KiB | 479232 KiB |      0 B   |
|---------------------------------------------------------------------------|
| Non-releasable memory |  13648 KiB | 184425 KiB |   4561 GiB |   4561 GiB |
|---------------------------------------------------------------------------|
| Allocations           |      24    |      56    |    1707 K  |    1707 K  |
|---------------------------------------------------------------------------|
| Active allocs         |      24    |      56    |    1707 K  |    1707 K  |
|---------------------------------------------------------------------------|
| GPU reserved segments |      14    |      14    |      14    |       0    |
|---------------------------------------------------------------------------|
| Non-releasable allocs |      13    |      25    |  666963    |  666950    |
|---------------------------------------------------------------------------|
| Oversize allocations  |       0    |       0    |       0    |       0    |
|---------------------------------------------------------------------------|
| Oversize GPU segments |       0    |       0    |       0    |       0    |
|===========================================================================|


2025-06-08 23:36:36,372 kilosort.run_kilosort INFO      
2025-06-08 23:36:36,372 kilosort.run_kilosort INFO     Final clustering
2025-06-08 23:36:36,373 kilosort.run_kilosort INFO     ----------------------------------------
2025-06-08 23:36:36,382 kilosort.clustering_qr DEBUG     
2025-06-08 23:36:36,382 kilosort.clustering_qr DEBUG    Cluster center: 0 of 12
2025-06-08 23:36:36,382 kilosort.clustering_qr DEBUG    ********************************************************
2025-06-08 23:36:36,383 kilosort.clustering_qr DEBUG    CPU usage:    32.70 %
2025-06-08 23:36:36,383 kilosort.clustering_qr DEBUG    Memory:        4.89 %     |     36.88   /   754.60 GB
2025-06-08 23:36:36,383 kilosort.clustering_qr DEBUG    ------------------------------------------------------
2025-06-08 23:36:36,383 kilosort.clustering_qr DEBUG    GPU usage:    `conda install pynvml` for GPU usage
2025-06-08 23:36:36,383 kilosort.clustering_qr DEBUG    GPU memory:    2.56 %     |      1.01   /    39.50 GB
2025-06-08 23:36:36,383 kilosort.clustering_qr DEBUG    Allocated:     0.02 %     |      0.01   /    39.50 GB
2025-06-08 23:36:36,383 kilosort.clustering_qr DEBUG    Max alloc:     0.75 %     |      0.30   /    39.50 GB
2025-06-08 23:36:36,383 kilosort.clustering_qr DEBUG    ********************************************************
2025-06-08 23:36:36,384 kilosort.clustering_qr DEBUG    Center 0 | nsp: 990 | ntemp: 1
2025-06-08 23:36:36,385 kilosort.clustering_qr DEBUG    Center 1 | nsp: 557 | ntemp: 1
2025-06-08 23:36:36,387 kilosort.clustering_qr DEBUG    Center 2 | nsp: 482 | ntemp: 1
2025-06-08 23:36:36,388 kilosort.clustering_qr DEBUG    Center 3 | nsp: 90 | ntemp: 1
2025-06-08 23:36:36,388 kilosort.clustering_qr DEBUG    Center 4 | nsp: 0 | ntemp: 0
2025-06-08 23:36:36,389 kilosort.clustering_qr DEBUG    Center 5 | nsp: 602 | ntemp: 1
2025-06-08 23:36:36,390 kilosort.clustering_qr DEBUG    Center 6 | nsp: 528 | ntemp: 2
2025-06-08 23:36:36,390 kilosort.clustering_qr DEBUG    Center 7 | nsp: 0 | ntemp: 0
2025-06-08 23:36:36,391 kilosort.clustering_qr DEBUG    Center 8 | nsp: 1386 | ntemp: 2
2025-06-08 23:36:36,756 kilosort.clustering_qr DEBUG    Center 9 | nsp: 739 | ntemp: 1
2025-06-08 23:36:36,757 kilosort.clustering_qr DEBUG     
2025-06-08 23:36:36,757 kilosort.clustering_qr DEBUG    Cluster center: 10 of 12
2025-06-08 23:36:36,757 kilosort.clustering_qr DEBUG    ********************************************************
2025-06-08 23:36:36,757 kilosort.clustering_qr DEBUG    CPU usage:    33.30 %
2025-06-08 23:36:36,757 kilosort.clustering_qr DEBUG    Memory:        4.88 %     |     36.83   /   754.60 GB
2025-06-08 23:36:36,757 kilosort.clustering_qr DEBUG    ------------------------------------------------------
2025-06-08 23:36:36,757 kilosort.clustering_qr DEBUG    GPU usage:    `conda install pynvml` for GPU usage
2025-06-08 23:36:36,757 kilosort.clustering_qr DEBUG    GPU memory:    2.56 %     |      1.01   /    39.50 GB
2025-06-08 23:36:36,758 kilosort.clustering_qr DEBUG    Allocated:     0.02 %     |      0.01   /    39.50 GB
2025-06-08 23:36:36,758 kilosort.clustering_qr DEBUG    Max alloc:     0.75 %     |      0.30   /    39.50 GB
2025-06-08 23:36:36,758 kilosort.clustering_qr DEBUG    ********************************************************
2025-06-08 23:36:36,758 kilosort.clustering_qr DEBUG    Center 10 | nsp: 0 | ntemp: 0
2025-06-08 23:36:36,759 kilosort.clustering_qr DEBUG    Center 11 | nsp: 433 | ntemp: 2
2025-06-08 23:36:36,763 kilosort.run_kilosort INFO     13 clusters found, in  0.39s; total  2.06s
2025-06-08 23:36:36,764 kilosort.run_kilosort DEBUG    clu shape: (5807,)
2025-06-08 23:36:36,764 kilosort.run_kilosort DEBUG    Wall shape: torch.Size([13, 32, 6])
2025-06-08 23:36:36,764 kilosort.run_kilosort INFO      
2025-06-08 23:36:36,764 kilosort.run_kilosort INFO     Merging clusters
2025-06-08 23:36:36,765 kilosort.run_kilosort INFO     ----------------------------------------
2025-06-08 23:36:36,770 kilosort.run_kilosort INFO     13 units found, in  0.01s; total  2.06s
2025-06-08 23:36:36,770 kilosort.run_kilosort DEBUG    clu shape: (5807,)
2025-06-08 23:36:36,771 kilosort.run_kilosort DEBUG    Wall shape: torch.Size([13, 32, 6])
2025-06-08 23:36:36,771 kilosort.run_kilosort INFO      
2025-06-08 23:36:36,771 kilosort.run_kilosort INFO     Resource usage after clustering
2025-06-08 23:36:36,771 kilosort.run_kilosort INFO     ********************************************************
2025-06-08 23:36:36,772 kilosort.run_kilosort INFO     CPU usage:    35.80 %
2025-06-08 23:36:36,772 kilosort.run_kilosort INFO     Memory:        4.88 %     |     36.83   /   754.60 GB
2025-06-08 23:36:36,773 kilosort.run_kilosort INFO     ------------------------------------------------------
2025-06-08 23:36:36,773 kilosort.run_kilosort INFO     GPU usage:    `conda install pynvml` for GPU usage
2025-06-08 23:36:36,774 kilosort.run_kilosort INFO     GPU memory:    2.56 %     |      1.01   /    39.50 GB
2025-06-08 23:36:36,774 kilosort.run_kilosort INFO     Allocated:     0.02 %     |      0.01   /    39.50 GB
2025-06-08 23:36:36,775 kilosort.run_kilosort INFO     Max alloc:     0.75 %     |      0.30   /    39.50 GB
2025-06-08 23:36:36,775 kilosort.run_kilosort INFO     ********************************************************
2025-06-08 23:36:36,776 kilosort.run_kilosort DEBUG    

|===========================================================================|
|                  PyTorch CUDA memory summary, device ID 0                 |
|---------------------------------------------------------------------------|
|            CUDA OOMs: 0            |        cudaMalloc retries: 0         |
|===========================================================================|
|        Metric         | Cur Usage  | Peak Usage | Tot Alloc  | Tot Freed  |
|---------------------------------------------------------------------------|
| Allocated memory      |   8871 KiB | 309834 KiB |   8411 GiB |   8411 GiB |
|---------------------------------------------------------------------------|
| Active memory         |   8871 KiB | 309834 KiB |   8411 GiB |   8411 GiB |
|---------------------------------------------------------------------------|
| Requested memory      |   8867 KiB | 309748 KiB |   8320 GiB |   8320 GiB |
|---------------------------------------------------------------------------|
| GPU reserved memory   | 479232 KiB | 479232 KiB | 479232 KiB |      0 B   |
|---------------------------------------------------------------------------|
| Non-releasable memory |  13657 KiB | 184425 KiB |   4563 GiB |   4563 GiB |
|---------------------------------------------------------------------------|
| Allocations           |      23    |      56    |    1719 K  |    1719 K  |
|---------------------------------------------------------------------------|
| Active allocs         |      23    |      56    |    1719 K  |    1719 K  |
|---------------------------------------------------------------------------|
| GPU reserved segments |      14    |      14    |      14    |       0    |
|---------------------------------------------------------------------------|
| Non-releasable allocs |      13    |      25    |  673431    |  673418    |
|---------------------------------------------------------------------------|
| Oversize allocations  |       0    |       0    |       0    |       0    |
|---------------------------------------------------------------------------|
| Oversize GPU segments |       0    |       0    |       0    |       0    |
|===========================================================================|


2025-06-08 23:36:36,776 kilosort.run_kilosort INFO      
2025-06-08 23:36:36,777 kilosort.run_kilosort INFO     Saving to phy and computing refractory periods
2025-06-08 23:36:36,777 kilosort.run_kilosort INFO     ----------------------------------------
2025-06-08 23:36:36,900 kilosort.run_kilosort INFO     1 units found with good refractory periods
2025-06-08 23:36:36,901 kilosort.run_kilosort INFO     Total runtime: 2.19s = 00:00:2 h:m:s
2025-06-08 23:36:36,907 kilosort.run_kilosort INFO     Sorting output saved in: /home/lss72/palmer_scratch/spike_sort/kilosort4.
2025-06-08 23:36:36,908 kilosort.run_kilosort INFO      
2025-06-08 23:36:36,908 kilosort.run_kilosort INFO     Resource usage after saving
2025-06-08 23:36:36,908 kilosort.run_kilosort INFO     ********************************************************
2025-06-08 23:36:36,909 kilosort.run_kilosort INFO     CPU usage:    28.70 %
2025-06-08 23:36:36,909 kilosort.run_kilosort INFO     Memory:        4.88 %     |     36.83   /   754.60 GB
2025-06-08 23:36:36,910 kilosort.run_kilosort INFO     ------------------------------------------------------
2025-06-08 23:36:36,910 kilosort.run_kilosort INFO     GPU usage:    `conda install pynvml` for GPU usage
2025-06-08 23:36:36,910 kilosort.run_kilosort INFO     GPU memory:    2.56 %     |      1.01   /    39.50 GB
2025-06-08 23:36:36,911 kilosort.run_kilosort INFO     Allocated:     0.02 %     |      0.01   /    39.50 GB
2025-06-08 23:36:36,911 kilosort.run_kilosort INFO     Max alloc:     0.75 %     |      0.30   /    39.50 GB
2025-06-08 23:36:36,912 kilosort.run_kilosort INFO     ********************************************************
2025-06-08 23:36:36,913 kilosort.run_kilosort DEBUG    

|===========================================================================|
|                  PyTorch CUDA memory summary, device ID 0                 |
|---------------------------------------------------------------------------|
|            CUDA OOMs: 0            |        cudaMalloc retries: 0         |
|===========================================================================|
|        Metric         | Cur Usage  | Peak Usage | Tot Alloc  | Tot Freed  |
|---------------------------------------------------------------------------|
| Allocated memory      |   8871 KiB | 309834 KiB |   8411 GiB |   8411 GiB |
|---------------------------------------------------------------------------|
| Active memory         |   8871 KiB | 309834 KiB |   8411 GiB |   8411 GiB |
|---------------------------------------------------------------------------|
| Requested memory      |   8867 KiB | 309748 KiB |   8320 GiB |   8320 GiB |
|---------------------------------------------------------------------------|
| GPU reserved memory   | 479232 KiB | 479232 KiB | 479232 KiB |      0 B   |
|---------------------------------------------------------------------------|
| Non-releasable memory |  13657 KiB | 184425 KiB |   4563 GiB |   4563 GiB |
|---------------------------------------------------------------------------|
| Allocations           |      23    |      56    |    1720 K  |    1720 K  |
|---------------------------------------------------------------------------|
| Active allocs         |      23    |      56    |    1720 K  |    1720 K  |
|---------------------------------------------------------------------------|
| GPU reserved segments |      14    |      14    |      14    |       0    |
|---------------------------------------------------------------------------|
| Non-releasable allocs |      13    |      25    |  673528    |  673515    |
|---------------------------------------------------------------------------|
| Oversize allocations  |       0    |       0    |       0    |       0    |
|---------------------------------------------------------------------------|
| Oversize GPU segments |       0    |       0    |       0    |       0    |
|===========================================================================|


