2025-06-09 01:20:07,347 kilosort.run_kilosort INFO     Kilosort version 4.0.25
2025-06-09 01:20:07,350 kilosort.run_kilosort INFO     Python version 3.9.21
2025-06-09 01:20:07,350 kilosort.run_kilosort INFO     ----------------------------------------
2025-06-09 01:20:07,350 kilosort.run_kilosort INFO     System information:
2025-06-09 01:20:07,351 kilosort.run_kilosort INFO     Linux-4.18.0-477.74.1.el8_8.x86_64-x86_64-with-glibc2.28 x86_64
2025-06-09 01:20:07,351 kilosort.run_kilosort INFO     x86_64
2025-06-09 01:20:07,352 kilosort.run_kilosort INFO     Using GPU for PyTorch computations. Specify `device` to change this.
2025-06-09 01:20:07,352 kilosort.run_kilosort INFO     Using CUDA device: NVIDIA A100-PCIE-40GB 39.50GB
2025-06-09 01:20:07,352 kilosort.run_kilosort INFO     ----------------------------------------
2025-06-09 01:20:07,353 kilosort.run_kilosort INFO     Sorting /home/lss72/palmer_scratch/spike_sort/2014_03_26_Pair_2_0
2025-06-09 01:20:07,353 kilosort.run_kilosort DEBUG    Initial ops:

ops = {
    'n_chan_bin': 32,
    'fs': 30000,
    'batch_size': 60000,
    'nblocks': 1,
    'Th_universal': 9,
    'Th_learned': 8,
    'tmin': 0,
    'tmax': 30,
    'nt': 61,
    'shift': None,
    'scale': None,
    'artifact_threshold': inf,
    'nskip': 25,
    'whitening_range': 32,
    'highpass_cutoff': 300,
    'binning_depth': 5,
    'sig_interp': 20,
    'drift_smoothing': [0.5, 0.5, 0.5],
    'nt0min': 20,
    'dmin': None,
    'dminx': 32,
    'min_template_size': 10,
    'template_sizes': 5,
    'nearest_chans': 10,
    'nearest_templates': 100,
    'max_channel_distance': 32,
    'max_peels': 100,
    'templates_from_data': True,
    'n_templates': 6,
    'n_pcs': 6,
    'Th_single_ch': 6,
    'acg_threshold': 0.2,
    'ccg_threshold': 0.25,
    'cluster_downsampling': 20,
    'x_centers': None,
    'duplicate_spike_ms': 0.25,
    'position_limit': 100,
    'data_dir': PosixPath('/home/lss72/palmer_scratch/spike_sort'),
    'filename': PosixPath('/home/lss72/palmer_scratch/spike_sort/2014_03_26_Pair_2_0'),
    'data_dtype': dtype('float32'),
    'do_CAR': True,
    'invert_sign': False,
    'NTbuff': 60122,
    'Nchan': 32,
    'duplicate_spike_bins': 7,
    'torch_device': 'cuda',
    'save_preprocessed_copy': False
}

2025-06-09 01:20:07,355 kilosort.run_kilosort DEBUG    Probe dictionary:

probe = {
    'chanMap': np.array([ 0,  1,  2,  3,  4,  5,  6,  7,  8,  9, 10, 11, 12, 13, 14, 15, 16,
       17, 18, 19, 20, 21, 22, 23, 24, 25, 26, 27, 28, 29, 30, 31]),
    'xc': np.array([  0.,   0.,  18.,  18.,  18.,  18.,  18.,  18.,   0.,   0.,  18.,
        18.,  18.,  18.,   0.,   0.,   0.,   0., -18., -18., -18., -18.,
         0.,   0., -18., -18., -18., -18., -18., -18.,   0.,   0.],
      dtype=np.float32),
    'yc': np.array([275. , 225. ,  12.5,  37.5,  87.5, 137.5, 187.5, 237.5,  75. ,
        25. , 212.5, 162.5, 112.5,  62.5, 125. , 175. , 150. , 100. ,
        62.5, 112.5, 162.5, 212.5,   0. ,  50. , 237.5, 187.5, 137.5,
        87.5,  37.5,  12.5, 200. , 250. ], dtype=np.float32),
    'kcoords': np.array([0., 0., 0., 0., 0., 0., 0., 0., 0., 0., 0., 0., 0., 0., 0., 0., 0.,
       0., 0., 0., 0., 0., 0., 0., 0., 0., 0., 0., 0., 0., 0., 0.]),
    'n_chan': 32
}

2025-06-09 01:20:07,355 kilosort.run_kilosort INFO      
2025-06-09 01:20:07,356 kilosort.run_kilosort INFO     Computing preprocessing variables.
2025-06-09 01:20:07,356 kilosort.run_kilosort INFO     ----------------------------------------
2025-06-09 01:20:07,358 kilosort.run_kilosort INFO     N samples: 900000
2025-06-09 01:20:07,358 kilosort.run_kilosort INFO     N seconds: 30.0
2025-06-09 01:20:07,359 kilosort.run_kilosort INFO     N batches: 15
2025-06-09 01:20:07,394 kilosort.run_kilosort INFO     Preprocessing filters computed in  0.04s; total  0.04s
2025-06-09 01:20:07,395 kilosort.run_kilosort DEBUG    hp_filter shape: torch.Size([30122])
2025-06-09 01:20:07,395 kilosort.run_kilosort DEBUG    whiten_mat shape: torch.Size([32, 32])
2025-06-09 01:20:07,395 kilosort.run_kilosort INFO      
2025-06-09 01:20:07,395 kilosort.run_kilosort INFO     Resource usage after preprocessing
2025-06-09 01:20:07,396 kilosort.run_kilosort INFO     ********************************************************
2025-06-09 01:20:07,396 kilosort.run_kilosort INFO     CPU usage:    33.40 %
2025-06-09 01:20:07,397 kilosort.run_kilosort INFO     Memory:        5.20 %     |     39.26   /   754.60 GB
2025-06-09 01:20:07,397 kilosort.run_kilosort INFO     ------------------------------------------------------
2025-06-09 01:20:07,397 kilosort.run_kilosort INFO     GPU usage:    `conda install pynvml` for GPU usage
2025-06-09 01:20:07,398 kilosort.run_kilosort INFO     GPU memory:   17.43 %     |      6.89   /    39.50 GB
2025-06-09 01:20:07,398 kilosort.run_kilosort INFO     Allocated:     0.02 %     |      0.01   /    39.50 GB
2025-06-09 01:20:07,399 kilosort.run_kilosort INFO     Max alloc:     0.75 %     |      0.30   /    39.50 GB
2025-06-09 01:20:07,399 kilosort.run_kilosort INFO     ********************************************************
2025-06-09 01:20:07,410 kilosort.run_kilosort INFO      
2025-06-09 01:20:07,410 kilosort.run_kilosort INFO     Computing drift correction.
2025-06-09 01:20:07,411 kilosort.run_kilosort INFO     ----------------------------------------
2025-06-09 01:20:07,411 kilosort.spikedetect INFO     Re-computing universal templates from data.
2025-06-09 01:20:07,445 kilosort.spikedetect INFO     Number of universal templates: 135
2025-06-09 01:20:07,448 kilosort.spikedetect INFO     Detecting spikes...
2025-06-09 01:20:07,450 kilosort.spikedetect DEBUG     
2025-06-09 01:20:07,450 kilosort.spikedetect DEBUG    Batch 0
2025-06-09 01:20:07,450 kilosort.spikedetect DEBUG    ********************************************************
2025-06-09 01:20:07,451 kilosort.spikedetect DEBUG    CPU usage:    48.50 %
2025-06-09 01:20:07,451 kilosort.spikedetect DEBUG    Memory:        5.21 %     |     39.28   /   754.60 GB
2025-06-09 01:20:07,451 kilosort.spikedetect DEBUG    ------------------------------------------------------
2025-06-09 01:20:07,451 kilosort.spikedetect DEBUG    GPU usage:    `conda install pynvml` for GPU usage
2025-06-09 01:20:07,451 kilosort.spikedetect DEBUG    GPU memory:   17.43 %     |      6.89   /    39.50 GB
2025-06-09 01:20:07,452 kilosort.spikedetect DEBUG    Allocated:     0.02 %     |      0.01   /    39.50 GB
2025-06-09 01:20:07,452 kilosort.spikedetect DEBUG    Max alloc:     0.75 %     |      0.30   /    39.50 GB
2025-06-09 01:20:07,452 kilosort.spikedetect DEBUG    ********************************************************
2025-06-09 01:20:07,962 kilosort.spikedetect DEBUG     
2025-06-09 01:20:07,962 kilosort.spikedetect DEBUG    Batch 14
2025-06-09 01:20:07,962 kilosort.spikedetect DEBUG    ********************************************************
2025-06-09 01:20:07,963 kilosort.spikedetect DEBUG    CPU usage:    36.20 %
2025-06-09 01:20:07,963 kilosort.spikedetect DEBUG    Memory:        5.20 %     |     39.23   /   754.60 GB
2025-06-09 01:20:07,963 kilosort.spikedetect DEBUG    ------------------------------------------------------
2025-06-09 01:20:07,963 kilosort.spikedetect DEBUG    GPU usage:    `conda install pynvml` for GPU usage
2025-06-09 01:20:07,963 kilosort.spikedetect DEBUG    GPU memory:   17.43 %     |      6.89   /    39.50 GB
2025-06-09 01:20:07,963 kilosort.spikedetect DEBUG    Allocated:     0.04 %     |      0.02   /    39.50 GB
2025-06-09 01:20:07,963 kilosort.spikedetect DEBUG    Max alloc:     0.75 %     |      0.30   /    39.50 GB
2025-06-09 01:20:07,963 kilosort.spikedetect DEBUG    ********************************************************
2025-06-09 01:20:08,036 kilosort.run_kilosort INFO     drift computed in  0.63s; total  0.68s
2025-06-09 01:20:08,039 kilosort.run_kilosort DEBUG    st shape: (4095, 6)
2025-06-09 01:20:08,039 kilosort.run_kilosort DEBUG    yblk shape: (1,)
2025-06-09 01:20:08,040 kilosort.run_kilosort DEBUG    dshift shape: (15, 1)
2025-06-09 01:20:08,040 kilosort.run_kilosort DEBUG    iKxx shape: torch.Size([32, 32])
2025-06-09 01:20:08,040 kilosort.run_kilosort INFO      
2025-06-09 01:20:08,040 kilosort.run_kilosort INFO     Resource usage after drift correction
2025-06-09 01:20:08,040 kilosort.run_kilosort INFO     ********************************************************
2025-06-09 01:20:08,041 kilosort.run_kilosort INFO     CPU usage:    37.60 %
2025-06-09 01:20:08,041 kilosort.run_kilosort INFO     Memory:        5.20 %     |     39.20   /   754.60 GB
2025-06-09 01:20:08,042 kilosort.run_kilosort INFO     ------------------------------------------------------
2025-06-09 01:20:08,042 kilosort.run_kilosort INFO     GPU usage:    `conda install pynvml` for GPU usage
2025-06-09 01:20:08,043 kilosort.run_kilosort INFO     GPU memory:   17.43 %     |      6.89   /    39.50 GB
2025-06-09 01:20:08,043 kilosort.run_kilosort INFO     Allocated:     0.02 %     |      0.01   /    39.50 GB
2025-06-09 01:20:08,044 kilosort.run_kilosort INFO     Max alloc:     0.75 %     |      0.30   /    39.50 GB
2025-06-09 01:20:08,044 kilosort.run_kilosort INFO     ********************************************************
2025-06-09 01:20:08,044 kilosort.run_kilosort DEBUG    

|===========================================================================|
|                  PyTorch CUDA memory summary, device ID 0                 |
|---------------------------------------------------------------------------|
|            CUDA OOMs: 0            |        cudaMalloc retries: 0         |
|===========================================================================|
|        Metric         | Cur Usage  | Peak Usage | Tot Alloc  | Tot Freed  |
|---------------------------------------------------------------------------|
| Allocated memory      |   8867 KiB | 310173 KiB |  21516 GiB |  21516 GiB |
|---------------------------------------------------------------------------|
| Active memory         |   8867 KiB | 310173 KiB |  21516 GiB |  21516 GiB |
|---------------------------------------------------------------------------|
| Requested memory      |   8864 KiB | 310087 KiB |  21279 GiB |  21279 GiB |
|---------------------------------------------------------------------------|
| GPU reserved memory   | 481280 KiB | 481280 KiB | 481280 KiB |      0 B   |
|---------------------------------------------------------------------------|
| Non-releasable memory |  13660 KiB | 184425 KiB |  11702 GiB |  11702 GiB |
|---------------------------------------------------------------------------|
| Allocations           |      20    |      56    |    4665 K  |    4665 K  |
|---------------------------------------------------------------------------|
| Active allocs         |      20    |      56    |    4665 K  |    4665 K  |
|---------------------------------------------------------------------------|
| GPU reserved segments |      15    |      15    |      15    |       0    |
|---------------------------------------------------------------------------|
| Non-releasable allocs |      11    |      27    |    1907 K  |    1907 K  |
|---------------------------------------------------------------------------|
| Oversize allocations  |       0    |       0    |       0    |       0    |
|---------------------------------------------------------------------------|
| Oversize GPU segments |       0    |       0    |       0    |       0    |
|===========================================================================|


2025-06-09 01:20:08,051 kilosort.run_kilosort DEBUG    First batch min, max: (-19.73767, 10.214595)
2025-06-09 01:20:08,051 kilosort.run_kilosort INFO      
2025-06-09 01:20:08,051 kilosort.run_kilosort INFO     Extracting spikes using templates
2025-06-09 01:20:08,051 kilosort.run_kilosort INFO     ----------------------------------------
2025-06-09 01:20:08,052 kilosort.spikedetect INFO     Re-computing universal templates from data.
2025-06-09 01:20:08,080 kilosort.spikedetect INFO     Number of universal templates: 135
2025-06-09 01:20:08,086 kilosort.spikedetect INFO     Detecting spikes...
2025-06-09 01:20:08,087 kilosort.spikedetect DEBUG     
2025-06-09 01:20:08,087 kilosort.spikedetect DEBUG    Batch 0
2025-06-09 01:20:08,087 kilosort.spikedetect DEBUG    ********************************************************
2025-06-09 01:20:08,087 kilosort.spikedetect DEBUG    CPU usage:    48.20 %
2025-06-09 01:20:08,087 kilosort.spikedetect DEBUG    Memory:        5.20 %     |     39.23   /   754.60 GB
2025-06-09 01:20:08,087 kilosort.spikedetect DEBUG    ------------------------------------------------------
2025-06-09 01:20:08,087 kilosort.spikedetect DEBUG    GPU usage:    `conda install pynvml` for GPU usage
2025-06-09 01:20:08,088 kilosort.spikedetect DEBUG    GPU memory:   17.43 %     |      6.89   /    39.50 GB
2025-06-09 01:20:08,088 kilosort.spikedetect DEBUG    Allocated:     0.02 %     |      0.01   /    39.50 GB
2025-06-09 01:20:08,088 kilosort.spikedetect DEBUG    Max alloc:     0.75 %     |      0.30   /    39.50 GB
2025-06-09 01:20:08,088 kilosort.spikedetect DEBUG    ********************************************************
2025-06-09 01:20:08,514 kilosort.spikedetect DEBUG     
2025-06-09 01:20:08,514 kilosort.spikedetect DEBUG    Batch 14
2025-06-09 01:20:08,514 kilosort.spikedetect DEBUG    ********************************************************
2025-06-09 01:20:08,514 kilosort.spikedetect DEBUG    CPU usage:    36.20 %
2025-06-09 01:20:08,514 kilosort.spikedetect DEBUG    Memory:        5.20 %     |     39.22   /   754.60 GB
2025-06-09 01:20:08,514 kilosort.spikedetect DEBUG    ------------------------------------------------------
2025-06-09 01:20:08,514 kilosort.spikedetect DEBUG    GPU usage:    `conda install pynvml` for GPU usage
2025-06-09 01:20:08,515 kilosort.spikedetect DEBUG    GPU memory:   17.43 %     |      6.89   /    39.50 GB
2025-06-09 01:20:08,515 kilosort.spikedetect DEBUG    Allocated:     0.04 %     |      0.02   /    39.50 GB
2025-06-09 01:20:08,515 kilosort.spikedetect DEBUG    Max alloc:     0.75 %     |      0.30   /    39.50 GB
2025-06-09 01:20:08,515 kilosort.spikedetect DEBUG    ********************************************************
2025-06-09 01:20:08,515 kilosort.run_kilosort INFO     3959 spikes extracted in  0.46s; total  1.16s
2025-06-09 01:20:08,515 kilosort.run_kilosort DEBUG    st0 shape: (3959, 6)
2025-06-09 01:20:08,515 kilosort.run_kilosort DEBUG    tF shape: torch.Size([3959, 10, 6])
2025-06-09 01:20:08,515 kilosort.run_kilosort INFO      
2025-06-09 01:20:08,516 kilosort.run_kilosort INFO     First clustering
2025-06-09 01:20:08,516 kilosort.run_kilosort INFO     ----------------------------------------
2025-06-09 01:20:08,526 kilosort.clustering_qr DEBUG     
2025-06-09 01:20:08,526 kilosort.clustering_qr DEBUG    Cluster center: 0 of 12
2025-06-09 01:20:08,526 kilosort.clustering_qr DEBUG    ********************************************************
2025-06-09 01:20:08,526 kilosort.clustering_qr DEBUG    CPU usage:    41.50 %
2025-06-09 01:20:08,526 kilosort.clustering_qr DEBUG    Memory:        5.20 %     |     39.22   /   754.60 GB
2025-06-09 01:20:08,526 kilosort.clustering_qr DEBUG    ------------------------------------------------------
2025-06-09 01:20:08,526 kilosort.clustering_qr DEBUG    GPU usage:    `conda install pynvml` for GPU usage
2025-06-09 01:20:08,526 kilosort.clustering_qr DEBUG    GPU memory:   17.43 %     |      6.89   /    39.50 GB
2025-06-09 01:20:08,526 kilosort.clustering_qr DEBUG    Allocated:     0.02 %     |      0.01   /    39.50 GB
2025-06-09 01:20:08,527 kilosort.clustering_qr DEBUG    Max alloc:     0.75 %     |      0.30   /    39.50 GB
2025-06-09 01:20:08,527 kilosort.clustering_qr DEBUG    ********************************************************
2025-06-09 01:20:08,529 kilosort.clustering_qr DEBUG    Center 0 | nsp: 626 | ntemp: 12
2025-06-09 01:20:08,532 kilosort.clustering_qr DEBUG    Center 1 | nsp: 506 | ntemp: 12
2025-06-09 01:20:08,534 kilosort.clustering_qr DEBUG    Center 2 | nsp: 237 | ntemp: 12
2025-06-09 01:20:08,536 kilosort.clustering_qr DEBUG    Center 3 | nsp: 146 | ntemp: 12
2025-06-09 01:20:08,538 kilosort.clustering_qr DEBUG    Center 4 | nsp: 224 | ntemp: 12
2025-06-09 01:20:08,541 kilosort.clustering_qr DEBUG    Center 5 | nsp: 206 | ntemp: 12
2025-06-09 01:20:08,543 kilosort.clustering_qr DEBUG    Center 6 | nsp: 428 | ntemp: 12
2025-06-09 01:20:08,545 kilosort.clustering_qr DEBUG    Center 7 | nsp: 187 | ntemp: 12
2025-06-09 01:20:08,547 kilosort.clustering_qr DEBUG    Center 8 | nsp: 442 | ntemp: 12
2025-06-09 01:20:08,550 kilosort.clustering_qr DEBUG    Center 9 | nsp: 463 | ntemp: 12
2025-06-09 01:20:08,550 kilosort.clustering_qr DEBUG     
2025-06-09 01:20:08,550 kilosort.clustering_qr DEBUG    Cluster center: 10 of 12
2025-06-09 01:20:08,550 kilosort.clustering_qr DEBUG    ********************************************************
2025-06-09 01:20:08,551 kilosort.clustering_qr DEBUG    CPU usage:    60.70 %
2025-06-09 01:20:08,551 kilosort.clustering_qr DEBUG    Memory:        5.20 %     |     39.23   /   754.60 GB
2025-06-09 01:20:08,551 kilosort.clustering_qr DEBUG    ------------------------------------------------------
2025-06-09 01:20:08,551 kilosort.clustering_qr DEBUG    GPU usage:    `conda install pynvml` for GPU usage
2025-06-09 01:20:08,551 kilosort.clustering_qr DEBUG    GPU memory:   17.43 %     |      6.89   /    39.50 GB
2025-06-09 01:20:08,551 kilosort.clustering_qr DEBUG    Allocated:     0.02 %     |      0.01   /    39.50 GB
2025-06-09 01:20:08,551 kilosort.clustering_qr DEBUG    Max alloc:     0.75 %     |      0.30   /    39.50 GB
2025-06-09 01:20:08,551 kilosort.clustering_qr DEBUG    ********************************************************
2025-06-09 01:20:08,553 kilosort.clustering_qr DEBUG    Center 10 | nsp: 340 | ntemp: 12
2025-06-09 01:20:08,554 kilosort.clustering_qr DEBUG    Center 11 | nsp: 154 | ntemp: 3
2025-06-09 01:20:08,573 kilosort.run_kilosort INFO     12 clusters found, in  0.06s; total  1.22s
2025-06-09 01:20:08,573 kilosort.run_kilosort DEBUG    clu shape: (3959,)
2025-06-09 01:20:08,573 kilosort.run_kilosort DEBUG    Wall shape: torch.Size([12, 32, 6])
2025-06-09 01:20:08,573 kilosort.run_kilosort INFO      
2025-06-09 01:20:08,574 kilosort.run_kilosort INFO     Extracting spikes using cluster waveforms
2025-06-09 01:20:08,574 kilosort.run_kilosort INFO     ----------------------------------------
2025-06-09 01:20:08,591 kilosort.template_matching DEBUG     
2025-06-09 01:20:08,591 kilosort.template_matching DEBUG    Batch 0
2025-06-09 01:20:08,591 kilosort.template_matching DEBUG    ********************************************************
2025-06-09 01:20:08,591 kilosort.template_matching DEBUG    CPU usage:    49.00 %
2025-06-09 01:20:08,591 kilosort.template_matching DEBUG    Memory:        5.23 %     |     39.46   /   754.60 GB
2025-06-09 01:20:08,591 kilosort.template_matching DEBUG    ------------------------------------------------------
2025-06-09 01:20:08,591 kilosort.template_matching DEBUG    GPU usage:    `conda install pynvml` for GPU usage
2025-06-09 01:20:08,592 kilosort.template_matching DEBUG    GPU memory:   17.43 %     |      6.89   /    39.50 GB
2025-06-09 01:20:08,592 kilosort.template_matching DEBUG    Allocated:     0.02 %     |      0.01   /    39.50 GB
2025-06-09 01:20:08,592 kilosort.template_matching DEBUG    Max alloc:     0.75 %     |      0.30   /    39.50 GB
2025-06-09 01:20:08,592 kilosort.template_matching DEBUG    ********************************************************
2025-06-09 01:20:08,854 kilosort.template_matching DEBUG     
2025-06-09 01:20:08,854 kilosort.template_matching DEBUG    Batch 14
2025-06-09 01:20:08,854 kilosort.template_matching DEBUG    ********************************************************
2025-06-09 01:20:08,854 kilosort.template_matching DEBUG    CPU usage:    36.20 %
2025-06-09 01:20:08,854 kilosort.template_matching DEBUG    Memory:        5.23 %     |     39.45   /   754.60 GB
2025-06-09 01:20:08,854 kilosort.template_matching DEBUG    ------------------------------------------------------
2025-06-09 01:20:08,854 kilosort.template_matching DEBUG    GPU usage:    `conda install pynvml` for GPU usage
2025-06-09 01:20:08,854 kilosort.template_matching DEBUG    GPU memory:   17.43 %     |      6.89   /    39.50 GB
2025-06-09 01:20:08,854 kilosort.template_matching DEBUG    Allocated:     0.06 %     |      0.02   /    39.50 GB
2025-06-09 01:20:08,855 kilosort.template_matching DEBUG    Max alloc:     0.75 %     |      0.30   /    39.50 GB
2025-06-09 01:20:08,855 kilosort.template_matching DEBUG    ********************************************************
2025-06-09 01:20:08,856 kilosort.run_kilosort INFO     5410 spikes extracted in  0.28s; total  1.50s
2025-06-09 01:20:08,860 kilosort.run_kilosort DEBUG    st shape: (5410, 3)
2025-06-09 01:20:08,860 kilosort.run_kilosort DEBUG    tF shape: torch.Size([5410, 10, 6])
2025-06-09 01:20:08,860 kilosort.run_kilosort DEBUG    iCC shape: torch.Size([10, 32])
2025-06-09 01:20:08,860 kilosort.run_kilosort DEBUG    iU shape: torch.Size([12])
2025-06-09 01:20:08,860 kilosort.run_kilosort INFO      
2025-06-09 01:20:08,860 kilosort.run_kilosort INFO     Resource usage after spike detection
2025-06-09 01:20:08,861 kilosort.run_kilosort INFO     ********************************************************
2025-06-09 01:20:08,861 kilosort.run_kilosort INFO     CPU usage:    51.90 %
2025-06-09 01:20:08,862 kilosort.run_kilosort INFO     Memory:        5.20 %     |     39.23   /   754.60 GB
2025-06-09 01:20:08,862 kilosort.run_kilosort INFO     ------------------------------------------------------
2025-06-09 01:20:08,862 kilosort.run_kilosort INFO     GPU usage:    `conda install pynvml` for GPU usage
2025-06-09 01:20:08,863 kilosort.run_kilosort INFO     GPU memory:   17.43 %     |      6.89   /    39.50 GB
2025-06-09 01:20:08,863 kilosort.run_kilosort INFO     Allocated:     0.02 %     |      0.01   /    39.50 GB
2025-06-09 01:20:08,864 kilosort.run_kilosort INFO     Max alloc:     0.75 %     |      0.30   /    39.50 GB
2025-06-09 01:20:08,864 kilosort.run_kilosort INFO     ********************************************************
2025-06-09 01:20:08,865 kilosort.run_kilosort DEBUG    

|===========================================================================|
|                  PyTorch CUDA memory summary, device ID 0                 |
|---------------------------------------------------------------------------|
|            CUDA OOMs: 0            |        cudaMalloc retries: 0         |
|===========================================================================|
|        Metric         | Cur Usage  | Peak Usage | Tot Alloc  | Tot Freed  |
|---------------------------------------------------------------------------|
| Allocated memory      |   8880 KiB | 310173 KiB |  21638 GiB |  21638 GiB |
|---------------------------------------------------------------------------|
| Active memory         |   8880 KiB | 310173 KiB |  21638 GiB |  21638 GiB |
|---------------------------------------------------------------------------|
| Requested memory      |   8876 KiB | 310087 KiB |  21400 GiB |  21400 GiB |
|---------------------------------------------------------------------------|
| GPU reserved memory   | 481280 KiB | 481280 KiB | 481280 KiB |      0 B   |
|---------------------------------------------------------------------------|
| Non-releasable memory |  13648 KiB | 184425 KiB |  11763 GiB |  11763 GiB |
|---------------------------------------------------------------------------|
| Allocations           |      24    |      56    |    4684 K  |    4684 K  |
|---------------------------------------------------------------------------|
| Active allocs         |      24    |      56    |    4684 K  |    4684 K  |
|---------------------------------------------------------------------------|
| GPU reserved segments |      15    |      15    |      15    |       0    |
|---------------------------------------------------------------------------|
| Non-releasable allocs |      14    |      27    |    1914 K  |    1914 K  |
|---------------------------------------------------------------------------|
| Oversize allocations  |       0    |       0    |       0    |       0    |
|---------------------------------------------------------------------------|
| Oversize GPU segments |       0    |       0    |       0    |       0    |
|===========================================================================|


2025-06-09 01:20:08,866 kilosort.run_kilosort INFO      
2025-06-09 01:20:08,866 kilosort.run_kilosort INFO     Final clustering
2025-06-09 01:20:08,866 kilosort.run_kilosort INFO     ----------------------------------------
2025-06-09 01:20:08,876 kilosort.clustering_qr DEBUG     
2025-06-09 01:20:08,876 kilosort.clustering_qr DEBUG    Cluster center: 0 of 12
2025-06-09 01:20:08,876 kilosort.clustering_qr DEBUG    ********************************************************
2025-06-09 01:20:08,876 kilosort.clustering_qr DEBUG    CPU usage:    42.60 %
2025-06-09 01:20:08,876 kilosort.clustering_qr DEBUG    Memory:        5.20 %     |     39.23   /   754.60 GB
2025-06-09 01:20:08,876 kilosort.clustering_qr DEBUG    ------------------------------------------------------
2025-06-09 01:20:08,877 kilosort.clustering_qr DEBUG    GPU usage:    `conda install pynvml` for GPU usage
2025-06-09 01:20:08,877 kilosort.clustering_qr DEBUG    GPU memory:   17.43 %     |      6.89   /    39.50 GB
2025-06-09 01:20:08,877 kilosort.clustering_qr DEBUG    Allocated:     0.02 %     |      0.01   /    39.50 GB
2025-06-09 01:20:08,877 kilosort.clustering_qr DEBUG    Max alloc:     0.75 %     |      0.30   /    39.50 GB
2025-06-09 01:20:08,877 kilosort.clustering_qr DEBUG    ********************************************************
2025-06-09 01:20:08,878 kilosort.clustering_qr DEBUG    Center 0 | nsp: 869 | ntemp: 1
2025-06-09 01:20:08,879 kilosort.clustering_qr DEBUG    Center 1 | nsp: 331 | ntemp: 1
2025-06-09 01:20:08,880 kilosort.clustering_qr DEBUG    Center 2 | nsp: 183 | ntemp: 1
2025-06-09 01:20:08,881 kilosort.clustering_qr DEBUG    Center 3 | nsp: 331 | ntemp: 1
2025-06-09 01:20:08,882 kilosort.clustering_qr DEBUG    Center 4 | nsp: 238 | ntemp: 1
2025-06-09 01:20:08,883 kilosort.clustering_qr DEBUG    Center 5 | nsp: 483 | ntemp: 1
2025-06-09 01:20:08,884 kilosort.clustering_qr DEBUG    Center 6 | nsp: 379 | ntemp: 1
2025-06-09 01:20:08,885 kilosort.clustering_qr DEBUG    Center 7 | nsp: 315 | ntemp: 1
2025-06-09 01:20:08,886 kilosort.clustering_qr DEBUG    Center 8 | nsp: 453 | ntemp: 1
2025-06-09 01:20:08,887 kilosort.clustering_qr DEBUG    Center 9 | nsp: 441 | ntemp: 1
2025-06-09 01:20:08,887 kilosort.clustering_qr DEBUG     
2025-06-09 01:20:08,887 kilosort.clustering_qr DEBUG    Cluster center: 10 of 12
2025-06-09 01:20:08,887 kilosort.clustering_qr DEBUG    ********************************************************
2025-06-09 01:20:08,888 kilosort.clustering_qr DEBUG    CPU usage:    60.00 %
2025-06-09 01:20:08,888 kilosort.clustering_qr DEBUG    Memory:        5.20 %     |     39.24   /   754.60 GB
2025-06-09 01:20:08,888 kilosort.clustering_qr DEBUG    ------------------------------------------------------
2025-06-09 01:20:08,888 kilosort.clustering_qr DEBUG    GPU usage:    `conda install pynvml` for GPU usage
2025-06-09 01:20:08,888 kilosort.clustering_qr DEBUG    GPU memory:   17.43 %     |      6.89   /    39.50 GB
2025-06-09 01:20:08,888 kilosort.clustering_qr DEBUG    Allocated:     0.02 %     |      0.01   /    39.50 GB
2025-06-09 01:20:08,888 kilosort.clustering_qr DEBUG    Max alloc:     0.75 %     |      0.30   /    39.50 GB
2025-06-09 01:20:08,888 kilosort.clustering_qr DEBUG    ********************************************************
2025-06-09 01:20:08,888 kilosort.clustering_qr DEBUG    Center 10 | nsp: 0 | ntemp: 0
2025-06-09 01:20:08,889 kilosort.clustering_qr DEBUG    Center 11 | nsp: 1387 | ntemp: 2
2025-06-09 01:20:09,183 kilosort.run_kilosort INFO     11 clusters found, in  0.32s; total  1.83s
2025-06-09 01:20:09,184 kilosort.run_kilosort DEBUG    clu shape: (5410,)
2025-06-09 01:20:09,184 kilosort.run_kilosort DEBUG    Wall shape: torch.Size([11, 32, 6])
2025-06-09 01:20:09,184 kilosort.run_kilosort INFO      
2025-06-09 01:20:09,184 kilosort.run_kilosort INFO     Merging clusters
2025-06-09 01:20:09,185 kilosort.run_kilosort INFO     ----------------------------------------
2025-06-09 01:20:09,189 kilosort.run_kilosort INFO     11 units found, in  0.00s; total  1.84s
2025-06-09 01:20:09,189 kilosort.run_kilosort DEBUG    clu shape: (5410,)
2025-06-09 01:20:09,189 kilosort.run_kilosort DEBUG    Wall shape: torch.Size([11, 32, 6])
2025-06-09 01:20:09,189 kilosort.run_kilosort INFO      
2025-06-09 01:20:09,190 kilosort.run_kilosort INFO     Resource usage after clustering
2025-06-09 01:20:09,190 kilosort.run_kilosort INFO     ********************************************************
2025-06-09 01:20:09,191 kilosort.run_kilosort INFO     CPU usage:    40.70 %
2025-06-09 01:20:09,191 kilosort.run_kilosort INFO     Memory:        5.20 %     |     39.23   /   754.60 GB
2025-06-09 01:20:09,192 kilosort.run_kilosort INFO     ------------------------------------------------------
2025-06-09 01:20:09,192 kilosort.run_kilosort INFO     GPU usage:    `conda install pynvml` for GPU usage
2025-06-09 01:20:09,193 kilosort.run_kilosort INFO     GPU memory:   17.43 %     |      6.89   /    39.50 GB
2025-06-09 01:20:09,193 kilosort.run_kilosort INFO     Allocated:     0.02 %     |      0.01   /    39.50 GB
2025-06-09 01:20:09,194 kilosort.run_kilosort INFO     Max alloc:     0.75 %     |      0.30   /    39.50 GB
2025-06-09 01:20:09,194 kilosort.run_kilosort INFO     ********************************************************
2025-06-09 01:20:09,195 kilosort.run_kilosort DEBUG    

|===========================================================================|
|                  PyTorch CUDA memory summary, device ID 0                 |
|---------------------------------------------------------------------------|
|            CUDA OOMs: 0            |        cudaMalloc retries: 0         |
|===========================================================================|
|        Metric         | Cur Usage  | Peak Usage | Tot Alloc  | Tot Freed  |
|---------------------------------------------------------------------------|
| Allocated memory      |   8871 KiB | 310173 KiB |  21640 GiB |  21640 GiB |
|---------------------------------------------------------------------------|
| Active memory         |   8871 KiB | 310173 KiB |  21640 GiB |  21640 GiB |
|---------------------------------------------------------------------------|
| Requested memory      |   8867 KiB | 310087 KiB |  21401 GiB |  21401 GiB |
|---------------------------------------------------------------------------|
| GPU reserved memory   | 481280 KiB | 481280 KiB | 481280 KiB |      0 B   |
|---------------------------------------------------------------------------|
| Non-releasable memory |  13657 KiB | 184425 KiB |  11765 GiB |  11765 GiB |
|---------------------------------------------------------------------------|
| Allocations           |      23    |      56    |    4696 K  |    4696 K  |
|---------------------------------------------------------------------------|
| Active allocs         |      23    |      56    |    4696 K  |    4696 K  |
|---------------------------------------------------------------------------|
| GPU reserved segments |      15    |      15    |      15    |       0    |
|---------------------------------------------------------------------------|
| Non-releasable allocs |      14    |      27    |    1920 K  |    1920 K  |
|---------------------------------------------------------------------------|
| Oversize allocations  |       0    |       0    |       0    |       0    |
|---------------------------------------------------------------------------|
| Oversize GPU segments |       0    |       0    |       0    |       0    |
|===========================================================================|


2025-06-09 01:20:09,195 kilosort.run_kilosort INFO      
2025-06-09 01:20:09,195 kilosort.run_kilosort INFO     Saving to phy and computing refractory periods
2025-06-09 01:20:09,196 kilosort.run_kilosort INFO     ----------------------------------------
2025-06-09 01:20:09,324 kilosort.run_kilosort INFO     0 units found with good refractory periods
2025-06-09 01:20:09,325 kilosort.run_kilosort INFO     Total runtime: 1.97s = 00:00:2 h:m:s
2025-06-09 01:20:09,331 kilosort.run_kilosort INFO     Sorting output saved in: /home/lss72/palmer_scratch/spike_sort/kilosort4.
2025-06-09 01:20:09,331 kilosort.run_kilosort INFO      
2025-06-09 01:20:09,332 kilosort.run_kilosort INFO     Resource usage after saving
2025-06-09 01:20:09,332 kilosort.run_kilosort INFO     ********************************************************
2025-06-09 01:20:09,333 kilosort.run_kilosort INFO     CPU usage:    48.20 %
2025-06-09 01:20:09,333 kilosort.run_kilosort INFO     Memory:        5.19 %     |     39.19   /   754.60 GB
2025-06-09 01:20:09,333 kilosort.run_kilosort INFO     ------------------------------------------------------
2025-06-09 01:20:09,334 kilosort.run_kilosort INFO     GPU usage:    `conda install pynvml` for GPU usage
2025-06-09 01:20:09,334 kilosort.run_kilosort INFO     GPU memory:   17.43 %     |      6.89   /    39.50 GB
2025-06-09 01:20:09,335 kilosort.run_kilosort INFO     Allocated:     0.02 %     |      0.01   /    39.50 GB
2025-06-09 01:20:09,335 kilosort.run_kilosort INFO     Max alloc:     0.75 %     |      0.30   /    39.50 GB
2025-06-09 01:20:09,336 kilosort.run_kilosort INFO     ********************************************************
2025-06-09 01:20:09,336 kilosort.run_kilosort DEBUG    

|===========================================================================|
|                  PyTorch CUDA memory summary, device ID 0                 |
|---------------------------------------------------------------------------|
|            CUDA OOMs: 0            |        cudaMalloc retries: 0         |
|===========================================================================|
|        Metric         | Cur Usage  | Peak Usage | Tot Alloc  | Tot Freed  |
|---------------------------------------------------------------------------|
| Allocated memory      |   8871 KiB | 310173 KiB |  21640 GiB |  21640 GiB |
|---------------------------------------------------------------------------|
| Active memory         |   8871 KiB | 310173 KiB |  21640 GiB |  21640 GiB |
|---------------------------------------------------------------------------|
| Requested memory      |   8867 KiB | 310087 KiB |  21401 GiB |  21401 GiB |
|---------------------------------------------------------------------------|
| GPU reserved memory   | 481280 KiB | 481280 KiB | 481280 KiB |      0 B   |
|---------------------------------------------------------------------------|
| Non-releasable memory |  13657 KiB | 184425 KiB |  11765 GiB |  11765 GiB |
|---------------------------------------------------------------------------|
| Allocations           |      23    |      56    |    4696 K  |    4696 K  |
|---------------------------------------------------------------------------|
| Active allocs         |      23    |      56    |    4696 K  |    4696 K  |
|---------------------------------------------------------------------------|
| GPU reserved segments |      15    |      15    |      15    |       0    |
|---------------------------------------------------------------------------|
| Non-releasable allocs |      14    |      27    |    1920 K  |    1920 K  |
|---------------------------------------------------------------------------|
| Oversize allocations  |       0    |       0    |       0    |       0    |
|---------------------------------------------------------------------------|
| Oversize GPU segments |       0    |       0    |       0    |       0    |
|===========================================================================|


