2025-06-08 23:44:29,726 kilosort.run_kilosort INFO     Kilosort version 4.0.25
2025-06-08 23:44:29,729 kilosort.run_kilosort INFO     Python version 3.9.21
2025-06-08 23:44:29,730 kilosort.run_kilosort INFO     ----------------------------------------
2025-06-08 23:44:29,730 kilosort.run_kilosort INFO     System information:
2025-06-08 23:44:29,731 kilosort.run_kilosort INFO     Linux-4.18.0-477.74.1.el8_8.x86_64-x86_64-with-glibc2.28 x86_64
2025-06-08 23:44:29,731 kilosort.run_kilosort INFO     x86_64
2025-06-08 23:44:29,731 kilosort.run_kilosort INFO     Using GPU for PyTorch computations. Specify `device` to change this.
2025-06-08 23:44:29,732 kilosort.run_kilosort INFO     Using CUDA device: NVIDIA A100-PCIE-40GB 39.50GB
2025-06-08 23:44:29,732 kilosort.run_kilosort INFO     ----------------------------------------
2025-06-08 23:44:29,733 kilosort.run_kilosort INFO     Sorting /home/lss72/palmer_scratch/spike_sort/2014_03_26_Pair_2_0
2025-06-08 23:44:29,733 kilosort.run_kilosort DEBUG    Initial ops:

ops = {
    'n_chan_bin': 32,
    'fs': 30000,
    'batch_size': 60000,
    'nblocks': 1,
    'Th_universal': 9,
    'Th_learned': 8,
    'tmin': 0,
    'tmax': 30,
    'nt': 61,
    'shift': None,
    'scale': None,
    'artifact_threshold': inf,
    'nskip': 25,
    'whitening_range': 32,
    'highpass_cutoff': 300,
    'binning_depth': 5,
    'sig_interp': 20,
    'drift_smoothing': [0.5, 0.5, 0.5],
    'nt0min': 20,
    'dmin': None,
    'dminx': 32,
    'min_template_size': 10,
    'template_sizes': 5,
    'nearest_chans': 10,
    'nearest_templates': 100,
    'max_channel_distance': 32,
    'max_peels': 100,
    'templates_from_data': True,
    'n_templates': 6,
    'n_pcs': 6,
    'Th_single_ch': 6,
    'acg_threshold': 0.2,
    'ccg_threshold': 0.25,
    'cluster_downsampling': 20,
    'x_centers': None,
    'duplicate_spike_ms': 0.25,
    'position_limit': 100,
    'data_dir': PosixPath('/home/lss72/palmer_scratch/spike_sort'),
    'filename': PosixPath('/home/lss72/palmer_scratch/spike_sort/2014_03_26_Pair_2_0'),
    'data_dtype': dtype('float32'),
    'do_CAR': True,
    'invert_sign': False,
    'NTbuff': 60122,
    'Nchan': 32,
    'duplicate_spike_bins': 7,
    'torch_device': 'cuda',
    'save_preprocessed_copy': False
}

2025-06-08 23:44:29,735 kilosort.run_kilosort DEBUG    Probe dictionary:

probe = {
    'chanMap': np.array([ 0,  1,  2,  3,  4,  5,  6,  7,  8,  9, 10, 11, 12, 13, 14, 15, 16,
       17, 18, 19, 20, 21, 22, 23, 24, 25, 26, 27, 28, 29, 30, 31]),
    'xc': np.array([  0.,  18., -18.,   0.,  18., -18.,   0.,  18., -18.,   0.,  18.,
       -18.,   0.,  18., -18.,   0.,  18., -18.,   0.,  18., -18.,   0.,
        18., -18.,   0.,  18., -18.,   0.,  18., -18.,   0.,   0.],
      dtype=np.float32),
    'yc': np.array([  0. ,  12.5,  12.5,  25. ,  37.5,  37.5,  50. ,  62.5,  62.5,
        75. ,  87.5,  87.5, 100. , 112.5, 112.5, 125. , 137.5, 137.5,
       150. , 162.5, 162.5, 175. , 187.5, 187.5, 200. , 212.5, 212.5,
       225. , 237.5, 237.5, 250. , 275. ], dtype=np.float32),
    'kcoords': np.array([0., 0., 0., 0., 0., 0., 0., 0., 0., 0., 0., 0., 0., 0., 0., 0., 0.,
       0., 0., 0., 0., 0., 0., 0., 0., 0., 0., 0., 0., 0., 0., 0.]),
    'n_chan': 32
}

2025-06-08 23:44:29,735 kilosort.run_kilosort INFO      
2025-06-08 23:44:29,736 kilosort.run_kilosort INFO     Computing preprocessing variables.
2025-06-08 23:44:29,736 kilosort.run_kilosort INFO     ----------------------------------------
2025-06-08 23:44:29,738 kilosort.run_kilosort INFO     N samples: 900000
2025-06-08 23:44:29,738 kilosort.run_kilosort INFO     N seconds: 30.0
2025-06-08 23:44:29,739 kilosort.run_kilosort INFO     N batches: 15
2025-06-08 23:44:29,774 kilosort.run_kilosort INFO     Preprocessing filters computed in  0.04s; total  0.04s
2025-06-08 23:44:29,775 kilosort.run_kilosort DEBUG    hp_filter shape: torch.Size([30122])
2025-06-08 23:44:29,775 kilosort.run_kilosort DEBUG    whiten_mat shape: torch.Size([32, 32])
2025-06-08 23:44:29,775 kilosort.run_kilosort INFO      
2025-06-08 23:44:29,775 kilosort.run_kilosort INFO     Resource usage after preprocessing
2025-06-08 23:44:29,776 kilosort.run_kilosort INFO     ********************************************************
2025-06-08 23:44:29,776 kilosort.run_kilosort INFO     CPU usage:    22.30 %
2025-06-08 23:44:29,777 kilosort.run_kilosort INFO     Memory:        4.87 %     |     36.72   /   754.60 GB
2025-06-08 23:44:29,777 kilosort.run_kilosort INFO     ------------------------------------------------------
2025-06-08 23:44:29,777 kilosort.run_kilosort INFO     GPU usage:    `conda install pynvml` for GPU usage
2025-06-08 23:44:29,778 kilosort.run_kilosort INFO     GPU memory:    2.56 %     |      1.01   /    39.50 GB
2025-06-08 23:44:29,778 kilosort.run_kilosort INFO     Allocated:     0.02 %     |      0.01   /    39.50 GB
2025-06-08 23:44:29,779 kilosort.run_kilosort INFO     Max alloc:     0.75 %     |      0.30   /    39.50 GB
2025-06-08 23:44:29,779 kilosort.run_kilosort INFO     ********************************************************
2025-06-08 23:44:29,787 kilosort.run_kilosort INFO      
2025-06-08 23:44:29,787 kilosort.run_kilosort INFO     Computing drift correction.
2025-06-08 23:44:29,788 kilosort.run_kilosort INFO     ----------------------------------------
2025-06-08 23:44:29,788 kilosort.spikedetect INFO     Re-computing universal templates from data.
2025-06-08 23:44:29,818 kilosort.spikedetect INFO     Number of universal templates: 135
2025-06-08 23:44:29,821 kilosort.spikedetect INFO     Detecting spikes...
2025-06-08 23:44:29,823 kilosort.spikedetect DEBUG     
2025-06-08 23:44:29,824 kilosort.spikedetect DEBUG    Batch 0
2025-06-08 23:44:29,824 kilosort.spikedetect DEBUG    ********************************************************
2025-06-08 23:44:29,824 kilosort.spikedetect DEBUG    CPU usage:    37.40 %
2025-06-08 23:44:29,824 kilosort.spikedetect DEBUG    Memory:        4.87 %     |     36.74   /   754.60 GB
2025-06-08 23:44:29,824 kilosort.spikedetect DEBUG    ------------------------------------------------------
2025-06-08 23:44:29,824 kilosort.spikedetect DEBUG    GPU usage:    `conda install pynvml` for GPU usage
2025-06-08 23:44:29,824 kilosort.spikedetect DEBUG    GPU memory:    2.56 %     |      1.01   /    39.50 GB
2025-06-08 23:44:29,825 kilosort.spikedetect DEBUG    Allocated:     0.02 %     |      0.01   /    39.50 GB
2025-06-08 23:44:29,825 kilosort.spikedetect DEBUG    Max alloc:     0.75 %     |      0.30   /    39.50 GB
2025-06-08 23:44:29,825 kilosort.spikedetect DEBUG    ********************************************************
2025-06-08 23:44:30,314 kilosort.spikedetect DEBUG     
2025-06-08 23:44:30,314 kilosort.spikedetect DEBUG    Batch 14
2025-06-08 23:44:30,314 kilosort.spikedetect DEBUG    ********************************************************
2025-06-08 23:44:30,314 kilosort.spikedetect DEBUG    CPU usage:    25.10 %
2025-06-08 23:44:30,315 kilosort.spikedetect DEBUG    Memory:        4.88 %     |     36.83   /   754.60 GB
2025-06-08 23:44:30,315 kilosort.spikedetect DEBUG    ------------------------------------------------------
2025-06-08 23:44:30,315 kilosort.spikedetect DEBUG    GPU usage:    `conda install pynvml` for GPU usage
2025-06-08 23:44:30,315 kilosort.spikedetect DEBUG    GPU memory:    2.56 %     |      1.01   /    39.50 GB
2025-06-08 23:44:30,315 kilosort.spikedetect DEBUG    Allocated:     0.04 %     |      0.02   /    39.50 GB
2025-06-08 23:44:30,315 kilosort.spikedetect DEBUG    Max alloc:     0.75 %     |      0.30   /    39.50 GB
2025-06-08 23:44:30,315 kilosort.spikedetect DEBUG    ********************************************************
2025-06-08 23:44:30,388 kilosort.run_kilosort INFO     drift computed in  0.60s; total  0.66s
2025-06-08 23:44:30,392 kilosort.run_kilosort DEBUG    st shape: (3409, 6)
2025-06-08 23:44:30,392 kilosort.run_kilosort DEBUG    yblk shape: (1,)
2025-06-08 23:44:30,392 kilosort.run_kilosort DEBUG    dshift shape: (15, 1)
2025-06-08 23:44:30,392 kilosort.run_kilosort DEBUG    iKxx shape: torch.Size([32, 32])
2025-06-08 23:44:30,392 kilosort.run_kilosort INFO      
2025-06-08 23:44:30,393 kilosort.run_kilosort INFO     Resource usage after drift correction
2025-06-08 23:44:30,393 kilosort.run_kilosort INFO     ********************************************************
2025-06-08 23:44:30,394 kilosort.run_kilosort INFO     CPU usage:    26.60 %
2025-06-08 23:44:30,394 kilosort.run_kilosort INFO     Memory:        4.88 %     |     36.85   /   754.60 GB
2025-06-08 23:44:30,394 kilosort.run_kilosort INFO     ------------------------------------------------------
2025-06-08 23:44:30,395 kilosort.run_kilosort INFO     GPU usage:    `conda install pynvml` for GPU usage
2025-06-08 23:44:30,395 kilosort.run_kilosort INFO     GPU memory:    2.56 %     |      1.01   /    39.50 GB
2025-06-08 23:44:30,396 kilosort.run_kilosort INFO     Allocated:     0.02 %     |      0.01   /    39.50 GB
2025-06-08 23:44:30,396 kilosort.run_kilosort INFO     Max alloc:     0.75 %     |      0.30   /    39.50 GB
2025-06-08 23:44:30,397 kilosort.run_kilosort INFO     ********************************************************
2025-06-08 23:44:30,397 kilosort.run_kilosort DEBUG    

|===========================================================================|
|                  PyTorch CUDA memory summary, device ID 0                 |
|---------------------------------------------------------------------------|
|            CUDA OOMs: 0            |        cudaMalloc retries: 0         |
|===========================================================================|
|        Metric         | Cur Usage  | Peak Usage | Tot Alloc  | Tot Freed  |
|---------------------------------------------------------------------------|
| Allocated memory      |   8867 KiB | 309982 KiB |  14889 GiB |  14889 GiB |
|---------------------------------------------------------------------------|
| Active memory         |   8867 KiB | 309982 KiB |  14889 GiB |  14889 GiB |
|---------------------------------------------------------------------------|
| Requested memory      |   8864 KiB | 309896 KiB |  14726 GiB |  14726 GiB |
|---------------------------------------------------------------------------|
| GPU reserved memory   | 481280 KiB | 481280 KiB | 481280 KiB |      0 B   |
|---------------------------------------------------------------------------|
| Non-releasable memory |  13660 KiB | 184425 KiB |   8062 GiB |   8062 GiB |
|---------------------------------------------------------------------------|
| Allocations           |      20    |      56    |    3198 K  |    3198 K  |
|---------------------------------------------------------------------------|
| Active allocs         |      20    |      56    |    3198 K  |    3198 K  |
|---------------------------------------------------------------------------|
| GPU reserved segments |      15    |      15    |      15    |       0    |
|---------------------------------------------------------------------------|
| Non-releasable allocs |      11    |      26    |    1299 K  |    1299 K  |
|---------------------------------------------------------------------------|
| Oversize allocations  |       0    |       0    |       0    |       0    |
|---------------------------------------------------------------------------|
| Oversize GPU segments |       0    |       0    |       0    |       0    |
|===========================================================================|


2025-06-08 23:44:30,404 kilosort.run_kilosort DEBUG    First batch min, max: (-19.737701, 10.214522)
2025-06-08 23:44:30,404 kilosort.run_kilosort INFO      
2025-06-08 23:44:30,404 kilosort.run_kilosort INFO     Extracting spikes using templates
2025-06-08 23:44:30,405 kilosort.run_kilosort INFO     ----------------------------------------
2025-06-08 23:44:30,405 kilosort.spikedetect INFO     Re-computing universal templates from data.
2025-06-08 23:44:30,434 kilosort.spikedetect INFO     Number of universal templates: 135
2025-06-08 23:44:30,439 kilosort.spikedetect INFO     Detecting spikes...
2025-06-08 23:44:30,441 kilosort.spikedetect DEBUG     
2025-06-08 23:44:30,441 kilosort.spikedetect DEBUG    Batch 0
2025-06-08 23:44:30,441 kilosort.spikedetect DEBUG    ********************************************************
2025-06-08 23:44:30,441 kilosort.spikedetect DEBUG    CPU usage:    37.10 %
2025-06-08 23:44:30,441 kilosort.spikedetect DEBUG    Memory:        4.89 %     |     36.87   /   754.60 GB
2025-06-08 23:44:30,441 kilosort.spikedetect DEBUG    ------------------------------------------------------
2025-06-08 23:44:30,441 kilosort.spikedetect DEBUG    GPU usage:    `conda install pynvml` for GPU usage
2025-06-08 23:44:30,441 kilosort.spikedetect DEBUG    GPU memory:    2.56 %     |      1.01   /    39.50 GB
2025-06-08 23:44:30,442 kilosort.spikedetect DEBUG    Allocated:     0.02 %     |      0.01   /    39.50 GB
2025-06-08 23:44:30,442 kilosort.spikedetect DEBUG    Max alloc:     0.75 %     |      0.30   /    39.50 GB
2025-06-08 23:44:30,442 kilosort.spikedetect DEBUG    ********************************************************
2025-06-08 23:44:30,868 kilosort.spikedetect DEBUG     
2025-06-08 23:44:30,868 kilosort.spikedetect DEBUG    Batch 14
2025-06-08 23:44:30,868 kilosort.spikedetect DEBUG    ********************************************************
2025-06-08 23:44:30,868 kilosort.spikedetect DEBUG    CPU usage:    25.10 %
2025-06-08 23:44:30,868 kilosort.spikedetect DEBUG    Memory:        4.89 %     |     36.90   /   754.60 GB
2025-06-08 23:44:30,868 kilosort.spikedetect DEBUG    ------------------------------------------------------
2025-06-08 23:44:30,868 kilosort.spikedetect DEBUG    GPU usage:    `conda install pynvml` for GPU usage
2025-06-08 23:44:30,869 kilosort.spikedetect DEBUG    GPU memory:    2.56 %     |      1.01   /    39.50 GB
2025-06-08 23:44:30,869 kilosort.spikedetect DEBUG    Allocated:     0.04 %     |      0.02   /    39.50 GB
2025-06-08 23:44:30,869 kilosort.spikedetect DEBUG    Max alloc:     0.75 %     |      0.30   /    39.50 GB
2025-06-08 23:44:30,869 kilosort.spikedetect DEBUG    ********************************************************
2025-06-08 23:44:30,869 kilosort.run_kilosort INFO     3252 spikes extracted in  0.47s; total  1.14s
2025-06-08 23:44:30,869 kilosort.run_kilosort DEBUG    st0 shape: (3252, 6)
2025-06-08 23:44:30,869 kilosort.run_kilosort DEBUG    tF shape: torch.Size([3252, 10, 6])
2025-06-08 23:44:30,869 kilosort.run_kilosort INFO      
2025-06-08 23:44:30,870 kilosort.run_kilosort INFO     First clustering
2025-06-08 23:44:30,870 kilosort.run_kilosort INFO     ----------------------------------------
2025-06-08 23:44:30,879 kilosort.clustering_qr DEBUG     
2025-06-08 23:44:30,880 kilosort.clustering_qr DEBUG    Cluster center: 0 of 12
2025-06-08 23:44:30,880 kilosort.clustering_qr DEBUG    ********************************************************
2025-06-08 23:44:30,880 kilosort.clustering_qr DEBUG    CPU usage:    34.10 %
2025-06-08 23:44:30,880 kilosort.clustering_qr DEBUG    Memory:        4.89 %     |     36.90   /   754.60 GB
2025-06-08 23:44:30,880 kilosort.clustering_qr DEBUG    ------------------------------------------------------
2025-06-08 23:44:30,880 kilosort.clustering_qr DEBUG    GPU usage:    `conda install pynvml` for GPU usage
2025-06-08 23:44:30,880 kilosort.clustering_qr DEBUG    GPU memory:    2.56 %     |      1.01   /    39.50 GB
2025-06-08 23:44:30,880 kilosort.clustering_qr DEBUG    Allocated:     0.02 %     |      0.01   /    39.50 GB
2025-06-08 23:44:30,880 kilosort.clustering_qr DEBUG    Max alloc:     0.75 %     |      0.30   /    39.50 GB
2025-06-08 23:44:30,880 kilosort.clustering_qr DEBUG    ********************************************************
2025-06-08 23:44:30,883 kilosort.clustering_qr DEBUG    Center 0 | nsp: 653 | ntemp: 12
2025-06-08 23:44:30,885 kilosort.clustering_qr DEBUG    Center 1 | nsp: 126 | ntemp: 12
2025-06-08 23:44:30,887 kilosort.clustering_qr DEBUG    Center 2 | nsp: 200 | ntemp: 12
2025-06-08 23:44:30,889 kilosort.clustering_qr DEBUG    Center 3 | nsp: 255 | ntemp: 12
2025-06-08 23:44:30,892 kilosort.clustering_qr DEBUG    Center 4 | nsp: 139 | ntemp: 12
2025-06-08 23:44:30,894 kilosort.clustering_qr DEBUG    Center 5 | nsp: 115 | ntemp: 12
2025-06-08 23:44:30,896 kilosort.clustering_qr DEBUG    Center 6 | nsp: 415 | ntemp: 12
2025-06-08 23:44:30,899 kilosort.clustering_qr DEBUG    Center 7 | nsp: 827 | ntemp: 12
2025-06-08 23:44:30,901 kilosort.clustering_qr DEBUG    Center 8 | nsp: 133 | ntemp: 12
2025-06-08 23:44:30,903 kilosort.clustering_qr DEBUG    Center 9 | nsp: 277 | ntemp: 12
2025-06-08 23:44:30,903 kilosort.clustering_qr DEBUG     
2025-06-08 23:44:30,903 kilosort.clustering_qr DEBUG    Cluster center: 10 of 12
2025-06-08 23:44:30,904 kilosort.clustering_qr DEBUG    ********************************************************
2025-06-08 23:44:30,904 kilosort.clustering_qr DEBUG    CPU usage:    48.80 %
2025-06-08 23:44:30,904 kilosort.clustering_qr DEBUG    Memory:        4.89 %     |     36.91   /   754.60 GB
2025-06-08 23:44:30,904 kilosort.clustering_qr DEBUG    ------------------------------------------------------
2025-06-08 23:44:30,904 kilosort.clustering_qr DEBUG    GPU usage:    `conda install pynvml` for GPU usage
2025-06-08 23:44:30,904 kilosort.clustering_qr DEBUG    GPU memory:    2.56 %     |      1.01   /    39.50 GB
2025-06-08 23:44:30,904 kilosort.clustering_qr DEBUG    Allocated:     0.02 %     |      0.01   /    39.50 GB
2025-06-08 23:44:30,904 kilosort.clustering_qr DEBUG    Max alloc:     0.75 %     |      0.30   /    39.50 GB
2025-06-08 23:44:30,904 kilosort.clustering_qr DEBUG    ********************************************************
2025-06-08 23:44:30,906 kilosort.clustering_qr DEBUG    Center 10 | nsp: 57 | ntemp: 12
2025-06-08 23:44:30,907 kilosort.clustering_qr DEBUG    Center 11 | nsp: 55 | ntemp: 3
2025-06-08 23:44:30,926 kilosort.run_kilosort INFO     12 clusters found, in  0.06s; total  1.19s
2025-06-08 23:44:30,926 kilosort.run_kilosort DEBUG    clu shape: (3252,)
2025-06-08 23:44:30,926 kilosort.run_kilosort DEBUG    Wall shape: torch.Size([12, 32, 6])
2025-06-08 23:44:30,926 kilosort.run_kilosort INFO      
2025-06-08 23:44:30,926 kilosort.run_kilosort INFO     Extracting spikes using cluster waveforms
2025-06-08 23:44:30,927 kilosort.run_kilosort INFO     ----------------------------------------
2025-06-08 23:44:30,943 kilosort.template_matching DEBUG     
2025-06-08 23:44:30,944 kilosort.template_matching DEBUG    Batch 0
2025-06-08 23:44:30,944 kilosort.template_matching DEBUG    ********************************************************
2025-06-08 23:44:30,944 kilosort.template_matching DEBUG    CPU usage:    36.40 %
2025-06-08 23:44:30,944 kilosort.template_matching DEBUG    Memory:        4.92 %     |     37.14   /   754.60 GB
2025-06-08 23:44:30,944 kilosort.template_matching DEBUG    ------------------------------------------------------
2025-06-08 23:44:30,944 kilosort.template_matching DEBUG    GPU usage:    `conda install pynvml` for GPU usage
2025-06-08 23:44:30,944 kilosort.template_matching DEBUG    GPU memory:    2.56 %     |      1.01   /    39.50 GB
2025-06-08 23:44:30,944 kilosort.template_matching DEBUG    Allocated:     0.02 %     |      0.01   /    39.50 GB
2025-06-08 23:44:30,945 kilosort.template_matching DEBUG    Max alloc:     0.75 %     |      0.30   /    39.50 GB
2025-06-08 23:44:30,945 kilosort.template_matching DEBUG    ********************************************************
2025-06-08 23:44:31,198 kilosort.template_matching DEBUG     
2025-06-08 23:44:31,198 kilosort.template_matching DEBUG    Batch 14
2025-06-08 23:44:31,198 kilosort.template_matching DEBUG    ********************************************************
2025-06-08 23:44:31,198 kilosort.template_matching DEBUG    CPU usage:    25.20 %
2025-06-08 23:44:31,198 kilosort.template_matching DEBUG    Memory:        4.93 %     |     37.20   /   754.60 GB
2025-06-08 23:44:31,198 kilosort.template_matching DEBUG    ------------------------------------------------------
2025-06-08 23:44:31,199 kilosort.template_matching DEBUG    GPU usage:    `conda install pynvml` for GPU usage
2025-06-08 23:44:31,199 kilosort.template_matching DEBUG    GPU memory:    2.56 %     |      1.01   /    39.50 GB
2025-06-08 23:44:31,199 kilosort.template_matching DEBUG    Allocated:     0.06 %     |      0.02   /    39.50 GB
2025-06-08 23:44:31,199 kilosort.template_matching DEBUG    Max alloc:     0.75 %     |      0.30   /    39.50 GB
2025-06-08 23:44:31,199 kilosort.template_matching DEBUG    ********************************************************
2025-06-08 23:44:31,200 kilosort.run_kilosort INFO     4763 spikes extracted in  0.27s; total  1.47s
2025-06-08 23:44:31,204 kilosort.run_kilosort DEBUG    st shape: (4763, 3)
2025-06-08 23:44:31,204 kilosort.run_kilosort DEBUG    tF shape: torch.Size([4763, 10, 6])
2025-06-08 23:44:31,204 kilosort.run_kilosort DEBUG    iCC shape: torch.Size([10, 32])
2025-06-08 23:44:31,204 kilosort.run_kilosort DEBUG    iU shape: torch.Size([12])
2025-06-08 23:44:31,204 kilosort.run_kilosort INFO      
2025-06-08 23:44:31,205 kilosort.run_kilosort INFO     Resource usage after spike detection
2025-06-08 23:44:31,205 kilosort.run_kilosort INFO     ********************************************************
2025-06-08 23:44:31,206 kilosort.run_kilosort INFO     CPU usage:    37.50 %
2025-06-08 23:44:31,206 kilosort.run_kilosort INFO     Memory:        4.90 %     |     36.97   /   754.60 GB
2025-06-08 23:44:31,206 kilosort.run_kilosort INFO     ------------------------------------------------------
2025-06-08 23:44:31,207 kilosort.run_kilosort INFO     GPU usage:    `conda install pynvml` for GPU usage
2025-06-08 23:44:31,207 kilosort.run_kilosort INFO     GPU memory:    2.56 %     |      1.01   /    39.50 GB
2025-06-08 23:44:31,208 kilosort.run_kilosort INFO     Allocated:     0.02 %     |      0.01   /    39.50 GB
2025-06-08 23:44:31,208 kilosort.run_kilosort INFO     Max alloc:     0.75 %     |      0.30   /    39.50 GB
2025-06-08 23:44:31,209 kilosort.run_kilosort INFO     ********************************************************
2025-06-08 23:44:31,210 kilosort.run_kilosort DEBUG    

|===========================================================================|
|                  PyTorch CUDA memory summary, device ID 0                 |
|---------------------------------------------------------------------------|
|            CUDA OOMs: 0            |        cudaMalloc retries: 0         |
|===========================================================================|
|        Metric         | Cur Usage  | Peak Usage | Tot Alloc  | Tot Freed  |
|---------------------------------------------------------------------------|
| Allocated memory      |   8880 KiB | 309982 KiB |  15011 GiB |  15011 GiB |
|---------------------------------------------------------------------------|
| Active memory         |   8880 KiB | 309982 KiB |  15011 GiB |  15011 GiB |
|---------------------------------------------------------------------------|
| Requested memory      |   8876 KiB | 309896 KiB |  14847 GiB |  14847 GiB |
|---------------------------------------------------------------------------|
| GPU reserved memory   | 481280 KiB | 481280 KiB | 481280 KiB |      0 B   |
|---------------------------------------------------------------------------|
| Non-releasable memory |  13648 KiB | 184425 KiB |   8123 GiB |   8123 GiB |
|---------------------------------------------------------------------------|
| Allocations           |      24    |      56    |    3216 K  |    3216 K  |
|---------------------------------------------------------------------------|
| Active allocs         |      24    |      56    |    3216 K  |    3216 K  |
|---------------------------------------------------------------------------|
| GPU reserved segments |      15    |      15    |      15    |       0    |
|---------------------------------------------------------------------------|
| Non-releasable allocs |      11    |      26    |    1305 K  |    1305 K  |
|---------------------------------------------------------------------------|
| Oversize allocations  |       0    |       0    |       0    |       0    |
|---------------------------------------------------------------------------|
| Oversize GPU segments |       0    |       0    |       0    |       0    |
|===========================================================================|


2025-06-08 23:44:31,210 kilosort.run_kilosort INFO      
2025-06-08 23:44:31,210 kilosort.run_kilosort INFO     Final clustering
2025-06-08 23:44:31,211 kilosort.run_kilosort INFO     ----------------------------------------
2025-06-08 23:44:31,220 kilosort.clustering_qr DEBUG     
2025-06-08 23:44:31,220 kilosort.clustering_qr DEBUG    Cluster center: 0 of 12
2025-06-08 23:44:31,220 kilosort.clustering_qr DEBUG    ********************************************************
2025-06-08 23:44:31,221 kilosort.clustering_qr DEBUG    CPU usage:    32.70 %
2025-06-08 23:44:31,221 kilosort.clustering_qr DEBUG    Memory:        4.90 %     |     36.98   /   754.60 GB
2025-06-08 23:44:31,221 kilosort.clustering_qr DEBUG    ------------------------------------------------------
2025-06-08 23:44:31,221 kilosort.clustering_qr DEBUG    GPU usage:    `conda install pynvml` for GPU usage
2025-06-08 23:44:31,221 kilosort.clustering_qr DEBUG    GPU memory:    2.56 %     |      1.01   /    39.50 GB
2025-06-08 23:44:31,221 kilosort.clustering_qr DEBUG    Allocated:     0.02 %     |      0.01   /    39.50 GB
2025-06-08 23:44:31,221 kilosort.clustering_qr DEBUG    Max alloc:     0.75 %     |      0.30   /    39.50 GB
2025-06-08 23:44:31,221 kilosort.clustering_qr DEBUG    ********************************************************
2025-06-08 23:44:31,222 kilosort.clustering_qr DEBUG    Center 0 | nsp: 356 | ntemp: 1
2025-06-08 23:44:31,223 kilosort.clustering_qr DEBUG    Center 1 | nsp: 371 | ntemp: 1
2025-06-08 23:44:31,224 kilosort.clustering_qr DEBUG    Center 2 | nsp: 278 | ntemp: 1
2025-06-08 23:44:31,225 kilosort.clustering_qr DEBUG    Center 3 | nsp: 650 | ntemp: 1
2025-06-08 23:44:31,226 kilosort.clustering_qr DEBUG    Center 4 | nsp: 295 | ntemp: 1
2025-06-08 23:44:31,227 kilosort.clustering_qr DEBUG    Center 5 | nsp: 394 | ntemp: 1
2025-06-08 23:44:31,228 kilosort.clustering_qr DEBUG    Center 6 | nsp: 377 | ntemp: 1
2025-06-08 23:44:31,230 kilosort.clustering_qr DEBUG    Center 7 | nsp: 709 | ntemp: 1
2025-06-08 23:44:31,231 kilosort.clustering_qr DEBUG    Center 8 | nsp: 449 | ntemp: 1
2025-06-08 23:44:31,232 kilosort.clustering_qr DEBUG    Center 9 | nsp: 507 | ntemp: 2
2025-06-08 23:44:31,232 kilosort.clustering_qr DEBUG     
2025-06-08 23:44:31,232 kilosort.clustering_qr DEBUG    Cluster center: 10 of 12
2025-06-08 23:44:31,232 kilosort.clustering_qr DEBUG    ********************************************************
2025-06-08 23:44:31,232 kilosort.clustering_qr DEBUG    CPU usage:    47.60 %
2025-06-08 23:44:31,233 kilosort.clustering_qr DEBUG    Memory:        4.90 %     |     36.99   /   754.60 GB
2025-06-08 23:44:31,233 kilosort.clustering_qr DEBUG    ------------------------------------------------------
2025-06-08 23:44:31,233 kilosort.clustering_qr DEBUG    GPU usage:    `conda install pynvml` for GPU usage
2025-06-08 23:44:31,233 kilosort.clustering_qr DEBUG    GPU memory:    2.56 %     |      1.01   /    39.50 GB
2025-06-08 23:44:31,233 kilosort.clustering_qr DEBUG    Allocated:     0.02 %     |      0.01   /    39.50 GB
2025-06-08 23:44:31,233 kilosort.clustering_qr DEBUG    Max alloc:     0.75 %     |      0.30   /    39.50 GB
2025-06-08 23:44:31,233 kilosort.clustering_qr DEBUG    ********************************************************
2025-06-08 23:44:31,233 kilosort.clustering_qr DEBUG    Center 10 | nsp: 0 | ntemp: 0
2025-06-08 23:44:31,234 kilosort.clustering_qr DEBUG    Center 11 | nsp: 377 | ntemp: 1
2025-06-08 23:44:31,239 kilosort.run_kilosort INFO     11 clusters found, in  0.03s; total  1.51s
2025-06-08 23:44:31,240 kilosort.run_kilosort DEBUG    clu shape: (4763,)
2025-06-08 23:44:31,240 kilosort.run_kilosort DEBUG    Wall shape: torch.Size([11, 32, 6])
2025-06-08 23:44:31,240 kilosort.run_kilosort INFO      
2025-06-08 23:44:31,240 kilosort.run_kilosort INFO     Merging clusters
2025-06-08 23:44:31,240 kilosort.run_kilosort INFO     ----------------------------------------
2025-06-08 23:44:31,246 kilosort.run_kilosort INFO     11 units found, in  0.01s; total  1.51s
2025-06-08 23:44:31,246 kilosort.run_kilosort DEBUG    clu shape: (4763,)
2025-06-08 23:44:31,246 kilosort.run_kilosort DEBUG    Wall shape: torch.Size([11, 32, 6])
2025-06-08 23:44:31,246 kilosort.run_kilosort INFO      
2025-06-08 23:44:31,246 kilosort.run_kilosort INFO     Resource usage after clustering
2025-06-08 23:44:31,247 kilosort.run_kilosort INFO     ********************************************************
2025-06-08 23:44:31,247 kilosort.run_kilosort INFO     CPU usage:    36.40 %
2025-06-08 23:44:31,248 kilosort.run_kilosort INFO     Memory:        4.90 %     |     36.99   /   754.60 GB
2025-06-08 23:44:31,248 kilosort.run_kilosort INFO     ------------------------------------------------------
2025-06-08 23:44:31,249 kilosort.run_kilosort INFO     GPU usage:    `conda install pynvml` for GPU usage
2025-06-08 23:44:31,249 kilosort.run_kilosort INFO     GPU memory:    2.56 %     |      1.01   /    39.50 GB
2025-06-08 23:44:31,249 kilosort.run_kilosort INFO     Allocated:     0.02 %     |      0.01   /    39.50 GB
2025-06-08 23:44:31,250 kilosort.run_kilosort INFO     Max alloc:     0.75 %     |      0.30   /    39.50 GB
2025-06-08 23:44:31,250 kilosort.run_kilosort INFO     ********************************************************
2025-06-08 23:44:31,251 kilosort.run_kilosort DEBUG    

|===========================================================================|
|                  PyTorch CUDA memory summary, device ID 0                 |
|---------------------------------------------------------------------------|
|            CUDA OOMs: 0            |        cudaMalloc retries: 0         |
|===========================================================================|
|        Metric         | Cur Usage  | Peak Usage | Tot Alloc  | Tot Freed  |
|---------------------------------------------------------------------------|
| Allocated memory      |   8871 KiB | 309982 KiB |  15011 GiB |  15011 GiB |
|---------------------------------------------------------------------------|
| Active memory         |   8871 KiB | 309982 KiB |  15011 GiB |  15011 GiB |
|---------------------------------------------------------------------------|
| Requested memory      |   8867 KiB | 309896 KiB |  14847 GiB |  14847 GiB |
|---------------------------------------------------------------------------|
| GPU reserved memory   | 481280 KiB | 481280 KiB | 481280 KiB |      0 B   |
|---------------------------------------------------------------------------|
| Non-releasable memory |  13657 KiB | 184425 KiB |   8123 GiB |   8123 GiB |
|---------------------------------------------------------------------------|
| Allocations           |      23    |      56    |    3217 K  |    3217 K  |
|---------------------------------------------------------------------------|
| Active allocs         |      23    |      56    |    3217 K  |    3217 K  |
|---------------------------------------------------------------------------|
| GPU reserved segments |      15    |      15    |      15    |       0    |
|---------------------------------------------------------------------------|
| Non-releasable allocs |      11    |      26    |    1306 K  |    1305 K  |
|---------------------------------------------------------------------------|
| Oversize allocations  |       0    |       0    |       0    |       0    |
|---------------------------------------------------------------------------|
| Oversize GPU segments |       0    |       0    |       0    |       0    |
|===========================================================================|


2025-06-08 23:44:31,251 kilosort.run_kilosort INFO      
2025-06-08 23:44:31,251 kilosort.run_kilosort INFO     Saving to phy and computing refractory periods
2025-06-08 23:44:31,251 kilosort.run_kilosort INFO     ----------------------------------------
2025-06-08 23:44:31,355 kilosort.run_kilosort INFO     2 units found with good refractory periods
2025-06-08 23:44:31,356 kilosort.run_kilosort INFO     Total runtime: 1.62s = 00:00:2 h:m:s
2025-06-08 23:44:31,361 kilosort.run_kilosort INFO     Sorting output saved in: /home/lss72/palmer_scratch/spike_sort/kilosort4.
2025-06-08 23:44:31,361 kilosort.run_kilosort INFO      
2025-06-08 23:44:31,362 kilosort.run_kilosort INFO     Resource usage after saving
2025-06-08 23:44:31,362 kilosort.run_kilosort INFO     ********************************************************
2025-06-08 23:44:31,363 kilosort.run_kilosort INFO     CPU usage:    28.80 %
2025-06-08 23:44:31,363 kilosort.run_kilosort INFO     Memory:        4.91 %     |     37.03   /   754.60 GB
2025-06-08 23:44:31,364 kilosort.run_kilosort INFO     ------------------------------------------------------
2025-06-08 23:44:31,364 kilosort.run_kilosort INFO     GPU usage:    `conda install pynvml` for GPU usage
2025-06-08 23:44:31,364 kilosort.run_kilosort INFO     GPU memory:    2.56 %     |      1.01   /    39.50 GB
2025-06-08 23:44:31,365 kilosort.run_kilosort INFO     Allocated:     0.02 %     |      0.01   /    39.50 GB
2025-06-08 23:44:31,365 kilosort.run_kilosort INFO     Max alloc:     0.75 %     |      0.30   /    39.50 GB
2025-06-08 23:44:31,366 kilosort.run_kilosort INFO     ********************************************************
2025-06-08 23:44:31,366 kilosort.run_kilosort DEBUG    

|===========================================================================|
|                  PyTorch CUDA memory summary, device ID 0                 |
|---------------------------------------------------------------------------|
|            CUDA OOMs: 0            |        cudaMalloc retries: 0         |
|===========================================================================|
|        Metric         | Cur Usage  | Peak Usage | Tot Alloc  | Tot Freed  |
|---------------------------------------------------------------------------|
| Allocated memory      |   8871 KiB | 309982 KiB |  15011 GiB |  15011 GiB |
|---------------------------------------------------------------------------|
| Active memory         |   8871 KiB | 309982 KiB |  15011 GiB |  15011 GiB |
|---------------------------------------------------------------------------|
| Requested memory      |   8867 KiB | 309896 KiB |  14847 GiB |  14847 GiB |
|---------------------------------------------------------------------------|
| GPU reserved memory   | 481280 KiB | 481280 KiB | 481280 KiB |      0 B   |
|---------------------------------------------------------------------------|
| Non-releasable memory |  13657 KiB | 184425 KiB |   8123 GiB |   8123 GiB |
|---------------------------------------------------------------------------|
| Allocations           |      23    |      56    |    3217 K  |    3217 K  |
|---------------------------------------------------------------------------|
| Active allocs         |      23    |      56    |    3217 K  |    3217 K  |
|---------------------------------------------------------------------------|
| GPU reserved segments |      15    |      15    |      15    |       0    |
|---------------------------------------------------------------------------|
| Non-releasable allocs |      11    |      26    |    1306 K  |    1306 K  |
|---------------------------------------------------------------------------|
| Oversize allocations  |       0    |       0    |       0    |       0    |
|---------------------------------------------------------------------------|
| Oversize GPU segments |       0    |       0    |       0    |       0    |
|===========================================================================|


