2025-06-09 01:49:38,559 kilosort.run_kilosort INFO     Kilosort version 4.0.25
2025-06-09 01:49:38,561 kilosort.run_kilosort INFO     Python version 3.9.21
2025-06-09 01:49:38,562 kilosort.run_kilosort INFO     ----------------------------------------
2025-06-09 01:49:38,562 kilosort.run_kilosort INFO     System information:
2025-06-09 01:49:38,562 kilosort.run_kilosort INFO     Linux-4.18.0-477.74.1.el8_8.x86_64-x86_64-with-glibc2.28 x86_64
2025-06-09 01:49:38,563 kilosort.run_kilosort INFO     x86_64
2025-06-09 01:49:38,563 kilosort.run_kilosort INFO     Using GPU for PyTorch computations. Specify `device` to change this.
2025-06-09 01:49:38,564 kilosort.run_kilosort INFO     Using CUDA device: NVIDIA A100-PCIE-40GB 39.50GB
2025-06-09 01:49:38,564 kilosort.run_kilosort INFO     ----------------------------------------
2025-06-09 01:49:38,564 kilosort.run_kilosort INFO     Sorting /home/lss72/palmer_scratch/spike_sort/2014_11_25_Pair_3_0
2025-06-09 01:49:38,565 kilosort.run_kilosort DEBUG    Initial ops:

ops = {
    'n_chan_bin': 32,
    'fs': 30000,
    'batch_size': 60000,
    'nblocks': 1,
    'Th_universal': 9,
    'Th_learned': 8,
    'tmin': 0,
    'tmax': 5,
    'nt': 61,
    'shift': None,
    'scale': None,
    'artifact_threshold': inf,
    'nskip': 25,
    'whitening_range': 32,
    'highpass_cutoff': 300,
    'binning_depth': 5,
    'sig_interp': 20,
    'drift_smoothing': [0.5, 0.5, 0.5],
    'nt0min': 20,
    'dmin': None,
    'dminx': 32,
    'min_template_size': 10,
    'template_sizes': 5,
    'nearest_chans': 10,
    'nearest_templates': 100,
    'max_channel_distance': 32,
    'max_peels': 100,
    'templates_from_data': True,
    'n_templates': 6,
    'n_pcs': 6,
    'Th_single_ch': 6,
    'acg_threshold': 0.2,
    'ccg_threshold': 0.25,
    'cluster_downsampling': 20,
    'x_centers': None,
    'duplicate_spike_ms': 0.25,
    'position_limit': 100,
    'data_dir': PosixPath('/home/lss72/palmer_scratch/spike_sort'),
    'filename': PosixPath('/home/lss72/palmer_scratch/spike_sort/2014_11_25_Pair_3_0'),
    'data_dtype': dtype('uint16'),
    'do_CAR': True,
    'invert_sign': False,
    'NTbuff': 60122,
    'Nchan': 32,
    'duplicate_spike_bins': 7,
    'torch_device': 'cuda',
    'save_preprocessed_copy': False
}

2025-06-09 01:49:38,567 kilosort.run_kilosort DEBUG    Probe dictionary:

probe = {
    'chanMap': np.array([ 0,  1,  2,  3,  4,  5,  6,  7,  8,  9, 10, 11, 12, 13, 14, 15, 16,
       17, 18, 19, 20, 21, 22, 23, 24, 25, 26, 27, 28, 29, 30, 31]),
    'xc': np.array([  0.,   0.,  18.,  18.,  18.,  18.,  18.,  18.,   0.,   0.,  18.,
        18.,  18.,  18.,   0.,   0.,   0.,   0., -18., -18., -18., -18.,
         0.,   0., -18., -18., -18., -18., -18., -18.,   0.,   0.],
      dtype=np.float32),
    'yc': np.array([275. , 225. ,  12.5,  37.5,  87.5, 137.5, 187.5, 237.5,  75. ,
        25. , 212.5, 162.5, 112.5,  62.5, 125. , 175. , 150. , 100. ,
        62.5, 112.5, 162.5, 212.5,   0. ,  50. , 237.5, 187.5, 137.5,
        87.5,  37.5,  12.5, 200. , 250. ], dtype=np.float32),
    'kcoords': np.array([0., 0., 0., 0., 0., 0., 0., 0., 0., 0., 0., 0., 0., 0., 0., 0., 0.,
       0., 0., 0., 0., 0., 0., 0., 0., 0., 0., 0., 0., 0., 0., 0.]),
    'n_chan': 32
}

2025-06-09 01:49:38,567 kilosort.run_kilosort INFO      
2025-06-09 01:49:38,567 kilosort.run_kilosort INFO     Computing preprocessing variables.
2025-06-09 01:49:38,568 kilosort.run_kilosort INFO     ----------------------------------------
2025-06-09 01:49:38,570 kilosort.run_kilosort INFO     N samples: 150000
2025-06-09 01:49:38,570 kilosort.run_kilosort INFO     N seconds: 5.0
2025-06-09 01:49:38,570 kilosort.run_kilosort INFO     N batches: 3
2025-06-09 01:49:38,607 kilosort.run_kilosort INFO     Preprocessing filters computed in  0.04s; total  0.04s
2025-06-09 01:49:38,608 kilosort.run_kilosort DEBUG    hp_filter shape: torch.Size([30122])
2025-06-09 01:49:38,608 kilosort.run_kilosort DEBUG    whiten_mat shape: torch.Size([32, 32])
2025-06-09 01:49:38,608 kilosort.run_kilosort INFO      
2025-06-09 01:49:38,608 kilosort.run_kilosort INFO     Resource usage after preprocessing
2025-06-09 01:49:38,609 kilosort.run_kilosort INFO     ********************************************************
2025-06-09 01:49:38,609 kilosort.run_kilosort INFO     CPU usage:    33.40 %
2025-06-09 01:49:38,610 kilosort.run_kilosort INFO     Memory:        5.68 %     |     42.89   /   754.60 GB
2025-06-09 01:49:38,610 kilosort.run_kilosort INFO     ------------------------------------------------------
2025-06-09 01:49:38,611 kilosort.run_kilosort INFO     GPU usage:    `conda install pynvml` for GPU usage
2025-06-09 01:49:38,611 kilosort.run_kilosort INFO     GPU memory:   17.43 %     |      6.89   /    39.50 GB
2025-06-09 01:49:38,612 kilosort.run_kilosort INFO     Allocated:     0.02 %     |      0.01   /    39.50 GB
2025-06-09 01:49:38,612 kilosort.run_kilosort INFO     Max alloc:     0.75 %     |      0.30   /    39.50 GB
2025-06-09 01:49:38,612 kilosort.run_kilosort INFO     ********************************************************
2025-06-09 01:49:38,620 kilosort.run_kilosort INFO      
2025-06-09 01:49:38,620 kilosort.run_kilosort INFO     Computing drift correction.
2025-06-09 01:49:38,620 kilosort.run_kilosort INFO     ----------------------------------------
2025-06-09 01:49:38,621 kilosort.spikedetect INFO     Re-computing universal templates from data.
2025-06-09 01:49:38,654 kilosort.spikedetect INFO     Number of universal templates: 135
2025-06-09 01:49:38,656 kilosort.spikedetect INFO     Detecting spikes...
2025-06-09 01:49:38,659 kilosort.spikedetect DEBUG     
2025-06-09 01:49:38,659 kilosort.spikedetect DEBUG    Batch 0
2025-06-09 01:49:38,659 kilosort.spikedetect DEBUG    ********************************************************
2025-06-09 01:49:38,659 kilosort.spikedetect DEBUG    CPU usage:    47.50 %
2025-06-09 01:49:38,659 kilosort.spikedetect DEBUG    Memory:        5.68 %     |     42.89   /   754.60 GB
2025-06-09 01:49:38,659 kilosort.spikedetect DEBUG    ------------------------------------------------------
2025-06-09 01:49:38,659 kilosort.spikedetect DEBUG    GPU usage:    `conda install pynvml` for GPU usage
2025-06-09 01:49:38,659 kilosort.spikedetect DEBUG    GPU memory:   17.43 %     |      6.89   /    39.50 GB
2025-06-09 01:49:38,660 kilosort.spikedetect DEBUG    Allocated:     0.02 %     |      0.01   /    39.50 GB
2025-06-09 01:49:38,660 kilosort.spikedetect DEBUG    Max alloc:     0.75 %     |      0.30   /    39.50 GB
2025-06-09 01:49:38,660 kilosort.spikedetect DEBUG    ********************************************************
2025-06-09 01:49:38,793 kilosort.spikedetect DEBUG     
2025-06-09 01:49:38,793 kilosort.spikedetect DEBUG    Batch 2
2025-06-09 01:49:38,793 kilosort.spikedetect DEBUG    ********************************************************
2025-06-09 01:49:38,793 kilosort.spikedetect DEBUG    CPU usage:    36.40 %
2025-06-09 01:49:38,793 kilosort.spikedetect DEBUG    Memory:        5.69 %     |     42.90   /   754.60 GB
2025-06-09 01:49:38,794 kilosort.spikedetect DEBUG    ------------------------------------------------------
2025-06-09 01:49:38,794 kilosort.spikedetect DEBUG    GPU usage:    `conda install pynvml` for GPU usage
2025-06-09 01:49:38,794 kilosort.spikedetect DEBUG    GPU memory:   17.43 %     |      6.89   /    39.50 GB
2025-06-09 01:49:38,794 kilosort.spikedetect DEBUG    Allocated:     0.04 %     |      0.02   /    39.50 GB
2025-06-09 01:49:38,794 kilosort.spikedetect DEBUG    Max alloc:     0.75 %     |      0.30   /    39.50 GB
2025-06-09 01:49:38,794 kilosort.spikedetect DEBUG    ********************************************************
2025-06-09 01:49:38,867 kilosort.run_kilosort INFO     drift computed in  0.25s; total  0.30s
2025-06-09 01:49:38,871 kilosort.run_kilosort DEBUG    st shape: (537, 6)
2025-06-09 01:49:38,871 kilosort.run_kilosort DEBUG    yblk shape: (1,)
2025-06-09 01:49:38,871 kilosort.run_kilosort DEBUG    dshift shape: (3, 1)
2025-06-09 01:49:38,871 kilosort.run_kilosort DEBUG    iKxx shape: torch.Size([32, 32])
2025-06-09 01:49:38,871 kilosort.run_kilosort INFO      
2025-06-09 01:49:38,872 kilosort.run_kilosort INFO     Resource usage after drift correction
2025-06-09 01:49:38,872 kilosort.run_kilosort INFO     ********************************************************
2025-06-09 01:49:38,873 kilosort.run_kilosort INFO     CPU usage:    37.40 %
2025-06-09 01:49:38,873 kilosort.run_kilosort INFO     Memory:        5.69 %     |     42.91   /   754.60 GB
2025-06-09 01:49:38,874 kilosort.run_kilosort INFO     ------------------------------------------------------
2025-06-09 01:49:38,874 kilosort.run_kilosort INFO     GPU usage:    `conda install pynvml` for GPU usage
2025-06-09 01:49:38,875 kilosort.run_kilosort INFO     GPU memory:   17.43 %     |      6.89   /    39.50 GB
2025-06-09 01:49:38,875 kilosort.run_kilosort INFO     Allocated:     0.02 %     |      0.01   /    39.50 GB
2025-06-09 01:49:38,876 kilosort.run_kilosort INFO     Max alloc:     0.75 %     |      0.30   /    39.50 GB
2025-06-09 01:49:38,876 kilosort.run_kilosort INFO     ********************************************************
2025-06-09 01:49:38,876 kilosort.run_kilosort DEBUG    

|===========================================================================|
|                  PyTorch CUDA memory summary, device ID 0                 |
|---------------------------------------------------------------------------|
|            CUDA OOMs: 0            |        cudaMalloc retries: 0         |
|===========================================================================|
|        Metric         | Cur Usage  | Peak Usage | Tot Alloc  | Tot Freed  |
|---------------------------------------------------------------------------|
| Allocated memory      |   9143 KiB | 310277 KiB |  30611 GiB |  30611 GiB |
|---------------------------------------------------------------------------|
| Active memory         |   9143 KiB | 310277 KiB |  30611 GiB |  30611 GiB |
|---------------------------------------------------------------------------|
| Requested memory      |   9138 KiB | 310188 KiB |  30274 GiB |  30274 GiB |
|---------------------------------------------------------------------------|
| GPU reserved memory   | 481280 KiB | 481280 KiB | 481280 KiB |      0 B   |
|---------------------------------------------------------------------------|
| Non-releasable memory |  13385 KiB | 184425 KiB |  16665 GiB |  16665 GiB |
|---------------------------------------------------------------------------|
| Allocations           |      31    |      67    |    6559 K  |    6559 K  |
|---------------------------------------------------------------------------|
| Active allocs         |      31    |      67    |    6559 K  |    6559 K  |
|---------------------------------------------------------------------------|
| GPU reserved segments |      15    |      15    |      15    |       0    |
|---------------------------------------------------------------------------|
| Non-releasable allocs |      14    |      27    |    2661 K  |    2661 K  |
|---------------------------------------------------------------------------|
| Oversize allocations  |       0    |       0    |       0    |       0    |
|---------------------------------------------------------------------------|
| Oversize GPU segments |       0    |       0    |       0    |       0    |
|===========================================================================|


2025-06-09 01:49:38,884 kilosort.run_kilosort DEBUG    First batch min, max: (-15.443226, 9.3623295)
2025-06-09 01:49:38,884 kilosort.run_kilosort INFO      
2025-06-09 01:49:38,885 kilosort.run_kilosort INFO     Extracting spikes using templates
2025-06-09 01:49:38,885 kilosort.run_kilosort INFO     ----------------------------------------
2025-06-09 01:49:38,886 kilosort.spikedetect INFO     Re-computing universal templates from data.
2025-06-09 01:49:38,917 kilosort.spikedetect INFO     Number of universal templates: 135
2025-06-09 01:49:38,921 kilosort.spikedetect INFO     Detecting spikes...
2025-06-09 01:49:38,922 kilosort.spikedetect DEBUG     
2025-06-09 01:49:38,922 kilosort.spikedetect DEBUG    Batch 0
2025-06-09 01:49:38,922 kilosort.spikedetect DEBUG    ********************************************************
2025-06-09 01:49:38,923 kilosort.spikedetect DEBUG    CPU usage:    48.00 %
2025-06-09 01:49:38,923 kilosort.spikedetect DEBUG    Memory:        5.69 %     |     42.91   /   754.60 GB
2025-06-09 01:49:38,923 kilosort.spikedetect DEBUG    ------------------------------------------------------
2025-06-09 01:49:38,923 kilosort.spikedetect DEBUG    GPU usage:    `conda install pynvml` for GPU usage
2025-06-09 01:49:38,923 kilosort.spikedetect DEBUG    GPU memory:   17.43 %     |      6.89   /    39.50 GB
2025-06-09 01:49:38,923 kilosort.spikedetect DEBUG    Allocated:     0.02 %     |      0.01   /    39.50 GB
2025-06-09 01:49:38,923 kilosort.spikedetect DEBUG    Max alloc:     0.75 %     |      0.30   /    39.50 GB
2025-06-09 01:49:38,923 kilosort.spikedetect DEBUG    ********************************************************
2025-06-09 01:49:39,020 kilosort.spikedetect DEBUG     
2025-06-09 01:49:39,020 kilosort.spikedetect DEBUG    Batch 2
2025-06-09 01:49:39,020 kilosort.spikedetect DEBUG    ********************************************************
2025-06-09 01:49:39,020 kilosort.spikedetect DEBUG    CPU usage:    36.20 %
2025-06-09 01:49:39,021 kilosort.spikedetect DEBUG    Memory:        5.69 %     |     42.93   /   754.60 GB
2025-06-09 01:49:39,021 kilosort.spikedetect DEBUG    ------------------------------------------------------
2025-06-09 01:49:39,021 kilosort.spikedetect DEBUG    GPU usage:    `conda install pynvml` for GPU usage
2025-06-09 01:49:39,021 kilosort.spikedetect DEBUG    GPU memory:   17.43 %     |      6.89   /    39.50 GB
2025-06-09 01:49:39,021 kilosort.spikedetect DEBUG    Allocated:     0.04 %     |      0.02   /    39.50 GB
2025-06-09 01:49:39,021 kilosort.spikedetect DEBUG    Max alloc:     0.75 %     |      0.30   /    39.50 GB
2025-06-09 01:49:39,021 kilosort.spikedetect DEBUG    ********************************************************
2025-06-09 01:49:39,021 kilosort.run_kilosort INFO     538 spikes extracted in  0.14s; total  0.46s
2025-06-09 01:49:39,022 kilosort.run_kilosort DEBUG    st0 shape: (538, 6)
2025-06-09 01:49:39,022 kilosort.run_kilosort DEBUG    tF shape: torch.Size([538, 10, 6])
2025-06-09 01:49:39,022 kilosort.run_kilosort INFO      
2025-06-09 01:49:39,022 kilosort.run_kilosort INFO     First clustering
2025-06-09 01:49:39,022 kilosort.run_kilosort INFO     ----------------------------------------
2025-06-09 01:49:39,032 kilosort.clustering_qr DEBUG     
2025-06-09 01:49:39,032 kilosort.clustering_qr DEBUG    Cluster center: 0 of 12
2025-06-09 01:49:39,032 kilosort.clustering_qr DEBUG    ********************************************************
2025-06-09 01:49:39,032 kilosort.clustering_qr DEBUG    CPU usage:    45.50 %
2025-06-09 01:49:39,033 kilosort.clustering_qr DEBUG    Memory:        5.69 %     |     42.93   /   754.60 GB
2025-06-09 01:49:39,033 kilosort.clustering_qr DEBUG    ------------------------------------------------------
2025-06-09 01:49:39,033 kilosort.clustering_qr DEBUG    GPU usage:    `conda install pynvml` for GPU usage
2025-06-09 01:49:39,033 kilosort.clustering_qr DEBUG    GPU memory:   17.43 %     |      6.89   /    39.50 GB
2025-06-09 01:49:39,033 kilosort.clustering_qr DEBUG    Allocated:     0.02 %     |      0.01   /    39.50 GB
2025-06-09 01:49:39,033 kilosort.clustering_qr DEBUG    Max alloc:     0.75 %     |      0.30   /    39.50 GB
2025-06-09 01:49:39,033 kilosort.clustering_qr DEBUG    ********************************************************
2025-06-09 01:49:39,035 kilosort.clustering_qr DEBUG    Center 0 | nsp: 76 | ntemp: 12
2025-06-09 01:49:39,037 kilosort.clustering_qr DEBUG    Center 1 | nsp: 51 | ntemp: 12
2025-06-09 01:49:39,039 kilosort.clustering_qr DEBUG    Center 2 | nsp: 35 | ntemp: 12
2025-06-09 01:49:39,041 kilosort.clustering_qr DEBUG    Center 3 | nsp: 50 | ntemp: 12
2025-06-09 01:49:39,043 kilosort.clustering_qr DEBUG    Center 4 | nsp: 6 | ntemp: 12
2025-06-09 01:49:39,045 kilosort.clustering_qr DEBUG    Center 5 | nsp: 62 | ntemp: 12
2025-06-09 01:49:39,047 kilosort.clustering_qr DEBUG    Center 6 | nsp: 35 | ntemp: 12
2025-06-09 01:49:39,049 kilosort.clustering_qr DEBUG    Center 7 | nsp: 9 | ntemp: 12
2025-06-09 01:49:39,051 kilosort.clustering_qr DEBUG    Center 8 | nsp: 37 | ntemp: 12
2025-06-09 01:49:39,053 kilosort.clustering_qr DEBUG    Center 9 | nsp: 53 | ntemp: 12
2025-06-09 01:49:39,053 kilosort.clustering_qr DEBUG     
2025-06-09 01:49:39,053 kilosort.clustering_qr DEBUG    Cluster center: 10 of 12
2025-06-09 01:49:39,053 kilosort.clustering_qr DEBUG    ********************************************************
2025-06-09 01:49:39,053 kilosort.clustering_qr DEBUG    CPU usage:    59.50 %
2025-06-09 01:49:39,053 kilosort.clustering_qr DEBUG    Memory:        5.69 %     |     42.93   /   754.60 GB
2025-06-09 01:49:39,053 kilosort.clustering_qr DEBUG    ------------------------------------------------------
2025-06-09 01:49:39,053 kilosort.clustering_qr DEBUG    GPU usage:    `conda install pynvml` for GPU usage
2025-06-09 01:49:39,054 kilosort.clustering_qr DEBUG    GPU memory:   17.43 %     |      6.89   /    39.50 GB
2025-06-09 01:49:39,054 kilosort.clustering_qr DEBUG    Allocated:     0.02 %     |      0.01   /    39.50 GB
2025-06-09 01:49:39,054 kilosort.clustering_qr DEBUG    Max alloc:     0.75 %     |      0.30   /    39.50 GB
2025-06-09 01:49:39,054 kilosort.clustering_qr DEBUG    ********************************************************
2025-06-09 01:49:39,056 kilosort.clustering_qr DEBUG    Center 10 | nsp: 95 | ntemp: 12
2025-06-09 01:49:39,057 kilosort.clustering_qr DEBUG    Center 11 | nsp: 29 | ntemp: 3
2025-06-09 01:49:39,076 kilosort.run_kilosort INFO     12 clusters found, in  0.05s; total  0.51s
2025-06-09 01:49:39,077 kilosort.run_kilosort DEBUG    clu shape: (538,)
2025-06-09 01:49:39,077 kilosort.run_kilosort DEBUG    Wall shape: torch.Size([12, 32, 6])
2025-06-09 01:49:39,077 kilosort.run_kilosort INFO      
2025-06-09 01:49:39,077 kilosort.run_kilosort INFO     Extracting spikes using cluster waveforms
2025-06-09 01:49:39,077 kilosort.run_kilosort INFO     ----------------------------------------
2025-06-09 01:49:39,094 kilosort.template_matching DEBUG     
2025-06-09 01:49:39,095 kilosort.template_matching DEBUG    Batch 0
2025-06-09 01:49:39,095 kilosort.template_matching DEBUG    ********************************************************
2025-06-09 01:49:39,095 kilosort.template_matching DEBUG    CPU usage:    48.30 %
2025-06-09 01:49:39,095 kilosort.template_matching DEBUG    Memory:        5.72 %     |     43.17   /   754.60 GB
2025-06-09 01:49:39,095 kilosort.template_matching DEBUG    ------------------------------------------------------
2025-06-09 01:49:39,095 kilosort.template_matching DEBUG    GPU usage:    `conda install pynvml` for GPU usage
2025-06-09 01:49:39,095 kilosort.template_matching DEBUG    GPU memory:   17.43 %     |      6.89   /    39.50 GB
2025-06-09 01:49:39,095 kilosort.template_matching DEBUG    Allocated:     0.02 %     |      0.01   /    39.50 GB
2025-06-09 01:49:39,096 kilosort.template_matching DEBUG    Max alloc:     0.75 %     |      0.30   /    39.50 GB
2025-06-09 01:49:39,096 kilosort.template_matching DEBUG    ********************************************************
2025-06-09 01:49:39,154 kilosort.template_matching DEBUG     
2025-06-09 01:49:39,154 kilosort.template_matching DEBUG    Batch 2
2025-06-09 01:49:39,154 kilosort.template_matching DEBUG    ********************************************************
2025-06-09 01:49:39,154 kilosort.template_matching DEBUG    CPU usage:    36.20 %
2025-06-09 01:49:39,154 kilosort.template_matching DEBUG    Memory:        5.72 %     |     43.18   /   754.60 GB
2025-06-09 01:49:39,154 kilosort.template_matching DEBUG    ------------------------------------------------------
2025-06-09 01:49:39,154 kilosort.template_matching DEBUG    GPU usage:    `conda install pynvml` for GPU usage
2025-06-09 01:49:39,154 kilosort.template_matching DEBUG    GPU memory:   17.43 %     |      6.89   /    39.50 GB
2025-06-09 01:49:39,155 kilosort.template_matching DEBUG    Allocated:     0.06 %     |      0.02   /    39.50 GB
2025-06-09 01:49:39,155 kilosort.template_matching DEBUG    Max alloc:     0.75 %     |      0.30   /    39.50 GB
2025-06-09 01:49:39,155 kilosort.template_matching DEBUG    ********************************************************
2025-06-09 01:49:39,156 kilosort.run_kilosort INFO     918 spikes extracted in  0.08s; total  0.59s
2025-06-09 01:49:39,160 kilosort.run_kilosort DEBUG    st shape: (918, 3)
2025-06-09 01:49:39,160 kilosort.run_kilosort DEBUG    tF shape: torch.Size([918, 10, 6])
2025-06-09 01:49:39,160 kilosort.run_kilosort DEBUG    iCC shape: torch.Size([10, 32])
2025-06-09 01:49:39,160 kilosort.run_kilosort DEBUG    iU shape: torch.Size([10])
2025-06-09 01:49:39,160 kilosort.run_kilosort INFO      
2025-06-09 01:49:39,160 kilosort.run_kilosort INFO     Resource usage after spike detection
2025-06-09 01:49:39,160 kilosort.run_kilosort INFO     ********************************************************
2025-06-09 01:49:39,161 kilosort.run_kilosort INFO     CPU usage:    50.00 %
2025-06-09 01:49:39,162 kilosort.run_kilosort INFO     Memory:        5.69 %     |     42.96   /   754.60 GB
2025-06-09 01:49:39,162 kilosort.run_kilosort INFO     ------------------------------------------------------
2025-06-09 01:49:39,162 kilosort.run_kilosort INFO     GPU usage:    `conda install pynvml` for GPU usage
2025-06-09 01:49:39,163 kilosort.run_kilosort INFO     GPU memory:   17.43 %     |      6.89   /    39.50 GB
2025-06-09 01:49:39,163 kilosort.run_kilosort INFO     Allocated:     0.02 %     |      0.01   /    39.50 GB
2025-06-09 01:49:39,164 kilosort.run_kilosort INFO     Max alloc:     0.75 %     |      0.30   /    39.50 GB
2025-06-09 01:49:39,164 kilosort.run_kilosort INFO     ********************************************************
2025-06-09 01:49:39,165 kilosort.run_kilosort DEBUG    

|===========================================================================|
|                  PyTorch CUDA memory summary, device ID 0                 |
|---------------------------------------------------------------------------|
|            CUDA OOMs: 0            |        cudaMalloc retries: 0         |
|===========================================================================|
|        Metric         | Cur Usage  | Peak Usage | Tot Alloc  | Tot Freed  |
|---------------------------------------------------------------------------|
| Allocated memory      |   9154 KiB | 310277 KiB |  30635 GiB |  30635 GiB |
|---------------------------------------------------------------------------|
| Active memory         |   9154 KiB | 310277 KiB |  30635 GiB |  30635 GiB |
|---------------------------------------------------------------------------|
| Requested memory      |   9149 KiB | 310188 KiB |  30298 GiB |  30298 GiB |
|---------------------------------------------------------------------------|
| GPU reserved memory   | 481280 KiB | 481280 KiB | 481280 KiB |      0 B   |
|---------------------------------------------------------------------------|
| Non-releasable memory |  13374 KiB | 184425 KiB |  16677 GiB |  16677 GiB |
|---------------------------------------------------------------------------|
| Allocations           |      35    |      67    |    6564 K  |    6564 K  |
|---------------------------------------------------------------------------|
| Active allocs         |      35    |      67    |    6564 K  |    6564 K  |
|---------------------------------------------------------------------------|
| GPU reserved segments |      15    |      15    |      15    |       0    |
|---------------------------------------------------------------------------|
| Non-releasable allocs |      15    |      27    |    2663 K  |    2663 K  |
|---------------------------------------------------------------------------|
| Oversize allocations  |       0    |       0    |       0    |       0    |
|---------------------------------------------------------------------------|
| Oversize GPU segments |       0    |       0    |       0    |       0    |
|===========================================================================|


2025-06-09 01:49:39,165 kilosort.run_kilosort INFO      
2025-06-09 01:49:39,165 kilosort.run_kilosort INFO     Final clustering
2025-06-09 01:49:39,166 kilosort.run_kilosort INFO     ----------------------------------------
2025-06-09 01:49:39,175 kilosort.clustering_qr DEBUG     
2025-06-09 01:49:39,175 kilosort.clustering_qr DEBUG    Cluster center: 0 of 12
2025-06-09 01:49:39,175 kilosort.clustering_qr DEBUG    ********************************************************
2025-06-09 01:49:39,176 kilosort.clustering_qr DEBUG    CPU usage:    42.30 %
2025-06-09 01:49:39,176 kilosort.clustering_qr DEBUG    Memory:        5.69 %     |     42.96   /   754.60 GB
2025-06-09 01:49:39,176 kilosort.clustering_qr DEBUG    ------------------------------------------------------
2025-06-09 01:49:39,176 kilosort.clustering_qr DEBUG    GPU usage:    `conda install pynvml` for GPU usage
2025-06-09 01:49:39,176 kilosort.clustering_qr DEBUG    GPU memory:   17.43 %     |      6.89   /    39.50 GB
2025-06-09 01:49:39,176 kilosort.clustering_qr DEBUG    Allocated:     0.02 %     |      0.01   /    39.50 GB
2025-06-09 01:49:39,176 kilosort.clustering_qr DEBUG    Max alloc:     0.75 %     |      0.30   /    39.50 GB
2025-06-09 01:49:39,176 kilosort.clustering_qr DEBUG    ********************************************************
2025-06-09 01:49:39,177 kilosort.clustering_qr DEBUG    Center 0 | nsp: 107 | ntemp: 1
2025-06-09 01:49:39,178 kilosort.clustering_qr DEBUG    Center 1 | nsp: 0 | ntemp: 0
2025-06-09 01:49:39,179 kilosort.clustering_qr DEBUG    Center 2 | nsp: 168 | ntemp: 3
2025-06-09 01:49:39,179 kilosort.clustering_qr DEBUG    Center 3 | nsp: 0 | ntemp: 0
2025-06-09 01:49:39,180 kilosort.clustering_qr DEBUG    Center 4 | nsp: 61 | ntemp: 1
2025-06-09 01:49:39,180 kilosort.clustering_qr DEBUG    Center 5 | nsp: 0 | ntemp: 0
2025-06-09 01:49:39,181 kilosort.clustering_qr DEBUG    Center 6 | nsp: 129 | ntemp: 1
2025-06-09 01:49:39,181 kilosort.clustering_qr DEBUG    Center 7 | nsp: 0 | ntemp: 0
2025-06-09 01:49:39,182 kilosort.clustering_qr DEBUG    Center 8 | nsp: 45 | ntemp: 1
2025-06-09 01:49:39,183 kilosort.clustering_qr DEBUG    Center 9 | nsp: 193 | ntemp: 1
2025-06-09 01:49:39,183 kilosort.clustering_qr DEBUG     
2025-06-09 01:49:39,183 kilosort.clustering_qr DEBUG    Cluster center: 10 of 12
2025-06-09 01:49:39,183 kilosort.clustering_qr DEBUG    ********************************************************
2025-06-09 01:49:39,183 kilosort.clustering_qr DEBUG    CPU usage:    60.70 %
2025-06-09 01:49:39,184 kilosort.clustering_qr DEBUG    Memory:        5.69 %     |     42.96   /   754.60 GB
2025-06-09 01:49:39,184 kilosort.clustering_qr DEBUG    ------------------------------------------------------
2025-06-09 01:49:39,184 kilosort.clustering_qr DEBUG    GPU usage:    `conda install pynvml` for GPU usage
2025-06-09 01:49:39,184 kilosort.clustering_qr DEBUG    GPU memory:   17.43 %     |      6.89   /    39.50 GB
2025-06-09 01:49:39,184 kilosort.clustering_qr DEBUG    Allocated:     0.02 %     |      0.01   /    39.50 GB
2025-06-09 01:49:39,184 kilosort.clustering_qr DEBUG    Max alloc:     0.75 %     |      0.30   /    39.50 GB
2025-06-09 01:49:39,184 kilosort.clustering_qr DEBUG    ********************************************************
2025-06-09 01:49:39,184 kilosort.clustering_qr DEBUG    Center 10 | nsp: 0 | ntemp: 0
2025-06-09 01:49:39,185 kilosort.clustering_qr DEBUG    Center 11 | nsp: 215 | ntemp: 2
2025-06-09 01:49:39,191 kilosort.run_kilosort INFO     7 clusters found, in  0.03s; total  0.63s
2025-06-09 01:49:39,191 kilosort.run_kilosort DEBUG    clu shape: (918,)
2025-06-09 01:49:39,191 kilosort.run_kilosort DEBUG    Wall shape: torch.Size([7, 32, 6])
2025-06-09 01:49:39,191 kilosort.run_kilosort INFO      
2025-06-09 01:49:39,191 kilosort.run_kilosort INFO     Merging clusters
2025-06-09 01:49:39,192 kilosort.run_kilosort INFO     ----------------------------------------
2025-06-09 01:49:39,194 kilosort.run_kilosort INFO     7 units found, in  0.00s; total  0.63s
2025-06-09 01:49:39,195 kilosort.run_kilosort DEBUG    clu shape: (918,)
2025-06-09 01:49:39,195 kilosort.run_kilosort DEBUG    Wall shape: torch.Size([7, 32, 6])
2025-06-09 01:49:39,195 kilosort.run_kilosort INFO      
2025-06-09 01:49:39,195 kilosort.run_kilosort INFO     Resource usage after clustering
2025-06-09 01:49:39,195 kilosort.run_kilosort INFO     ********************************************************
2025-06-09 01:49:39,196 kilosort.run_kilosort INFO     CPU usage:    47.70 %
2025-06-09 01:49:39,196 kilosort.run_kilosort INFO     Memory:        5.69 %     |     42.97   /   754.60 GB
2025-06-09 01:49:39,197 kilosort.run_kilosort INFO     ------------------------------------------------------
2025-06-09 01:49:39,197 kilosort.run_kilosort INFO     GPU usage:    `conda install pynvml` for GPU usage
2025-06-09 01:49:39,198 kilosort.run_kilosort INFO     GPU memory:   17.43 %     |      6.89   /    39.50 GB
2025-06-09 01:49:39,198 kilosort.run_kilosort INFO     Allocated:     0.02 %     |      0.01   /    39.50 GB
2025-06-09 01:49:39,198 kilosort.run_kilosort INFO     Max alloc:     0.75 %     |      0.30   /    39.50 GB
2025-06-09 01:49:39,199 kilosort.run_kilosort INFO     ********************************************************
2025-06-09 01:49:39,199 kilosort.run_kilosort DEBUG    

|===========================================================================|
|                  PyTorch CUDA memory summary, device ID 0                 |
|---------------------------------------------------------------------------|
|            CUDA OOMs: 0            |        cudaMalloc retries: 0         |
|===========================================================================|
|        Metric         | Cur Usage  | Peak Usage | Tot Alloc  | Tot Freed  |
|---------------------------------------------------------------------------|
| Allocated memory      |   9146 KiB | 310277 KiB |  30635 GiB |  30635 GiB |
|---------------------------------------------------------------------------|
| Active memory         |   9146 KiB | 310277 KiB |  30635 GiB |  30635 GiB |
|---------------------------------------------------------------------------|
| Requested memory      |   9141 KiB | 310188 KiB |  30298 GiB |  30298 GiB |
|---------------------------------------------------------------------------|
| GPU reserved memory   | 481280 KiB | 481280 KiB | 481280 KiB |      0 B   |
|---------------------------------------------------------------------------|
| Non-releasable memory |  13381 KiB | 184425 KiB |  16677 GiB |  16677 GiB |
|---------------------------------------------------------------------------|
| Allocations           |      34    |      67    |    6564 K  |    6564 K  |
|---------------------------------------------------------------------------|
| Active allocs         |      34    |      67    |    6564 K  |    6564 K  |
|---------------------------------------------------------------------------|
| GPU reserved segments |      15    |      15    |      15    |       0    |
|---------------------------------------------------------------------------|
| Non-releasable allocs |      15    |      27    |    2663 K  |    2663 K  |
|---------------------------------------------------------------------------|
| Oversize allocations  |       0    |       0    |       0    |       0    |
|---------------------------------------------------------------------------|
| Oversize GPU segments |       0    |       0    |       0    |       0    |
|===========================================================================|


2025-06-09 01:49:39,199 kilosort.run_kilosort INFO      
2025-06-09 01:49:39,200 kilosort.run_kilosort INFO     Saving to phy and computing refractory periods
2025-06-09 01:49:39,200 kilosort.run_kilosort INFO     ----------------------------------------
2025-06-09 01:49:39,286 kilosort.run_kilosort INFO     0 units found with good refractory periods
2025-06-09 01:49:39,287 kilosort.run_kilosort INFO     Total runtime: 0.72s = 00:00:1 h:m:s
2025-06-09 01:49:39,292 kilosort.run_kilosort INFO     Sorting output saved in: /home/lss72/palmer_scratch/spike_sort/kilosort4.
2025-06-09 01:49:39,293 kilosort.run_kilosort INFO      
2025-06-09 01:49:39,293 kilosort.run_kilosort INFO     Resource usage after saving
2025-06-09 01:49:39,293 kilosort.run_kilosort INFO     ********************************************************
2025-06-09 01:49:39,294 kilosort.run_kilosort INFO     CPU usage:    39.80 %
2025-06-09 01:49:39,294 kilosort.run_kilosort INFO     Memory:        5.70 %     |     42.99   /   754.60 GB
2025-06-09 01:49:39,295 kilosort.run_kilosort INFO     ------------------------------------------------------
2025-06-09 01:49:39,295 kilosort.run_kilosort INFO     GPU usage:    `conda install pynvml` for GPU usage
2025-06-09 01:49:39,296 kilosort.run_kilosort INFO     GPU memory:   17.43 %     |      6.89   /    39.50 GB
2025-06-09 01:49:39,296 kilosort.run_kilosort INFO     Allocated:     0.02 %     |      0.01   /    39.50 GB
2025-06-09 01:49:39,297 kilosort.run_kilosort INFO     Max alloc:     0.75 %     |      0.30   /    39.50 GB
2025-06-09 01:49:39,297 kilosort.run_kilosort INFO     ********************************************************
2025-06-09 01:49:39,297 kilosort.run_kilosort DEBUG    

|===========================================================================|
|                  PyTorch CUDA memory summary, device ID 0                 |
|---------------------------------------------------------------------------|
|            CUDA OOMs: 0            |        cudaMalloc retries: 0         |
|===========================================================================|
|        Metric         | Cur Usage  | Peak Usage | Tot Alloc  | Tot Freed  |
|---------------------------------------------------------------------------|
| Allocated memory      |   9146 KiB | 310277 KiB |  30635 GiB |  30635 GiB |
|---------------------------------------------------------------------------|
| Active memory         |   9146 KiB | 310277 KiB |  30635 GiB |  30635 GiB |
|---------------------------------------------------------------------------|
| Requested memory      |   9141 KiB | 310188 KiB |  30298 GiB |  30298 GiB |
|---------------------------------------------------------------------------|
| GPU reserved memory   | 481280 KiB | 481280 KiB | 481280 KiB |      0 B   |
|---------------------------------------------------------------------------|
| Non-releasable memory |  13381 KiB | 184425 KiB |  16677 GiB |  16677 GiB |
|---------------------------------------------------------------------------|
| Allocations           |      34    |      67    |    6564 K  |    6564 K  |
|---------------------------------------------------------------------------|
| Active allocs         |      34    |      67    |    6564 K  |    6564 K  |
|---------------------------------------------------------------------------|
| GPU reserved segments |      15    |      15    |      15    |       0    |
|---------------------------------------------------------------------------|
| Non-releasable allocs |      15    |      27    |    2663 K  |    2663 K  |
|---------------------------------------------------------------------------|
| Oversize allocations  |       0    |       0    |       0    |       0    |
|---------------------------------------------------------------------------|
| Oversize GPU segments |       0    |       0    |       0    |       0    |
|===========================================================================|


