2025-06-08 23:44:14,028 kilosort.run_kilosort INFO     Kilosort version 4.0.25
2025-06-08 23:44:14,031 kilosort.run_kilosort INFO     Python version 3.9.21
2025-06-08 23:44:14,031 kilosort.run_kilosort INFO     ----------------------------------------
2025-06-08 23:44:14,032 kilosort.run_kilosort INFO     System information:
2025-06-08 23:44:14,032 kilosort.run_kilosort INFO     Linux-4.18.0-477.74.1.el8_8.x86_64-x86_64-with-glibc2.28 x86_64
2025-06-08 23:44:14,033 kilosort.run_kilosort INFO     x86_64
2025-06-08 23:44:14,033 kilosort.run_kilosort INFO     Using GPU for PyTorch computations. Specify `device` to change this.
2025-06-08 23:44:14,033 kilosort.run_kilosort INFO     Using CUDA device: NVIDIA A100-PCIE-40GB 39.50GB
2025-06-08 23:44:14,034 kilosort.run_kilosort INFO     ----------------------------------------
2025-06-08 23:44:14,034 kilosort.run_kilosort INFO     Sorting /home/lss72/palmer_scratch/spike_sort/2014_03_26_Pair_2_0
2025-06-08 23:44:14,035 kilosort.run_kilosort DEBUG    Initial ops:

ops = {
    'n_chan_bin': 32,
    'fs': 30000,
    'batch_size': 60000,
    'nblocks': 1,
    'Th_universal': 9,
    'Th_learned': 8,
    'tmin': 0,
    'tmax': 45,
    'nt': 61,
    'shift': None,
    'scale': None,
    'artifact_threshold': inf,
    'nskip': 25,
    'whitening_range': 32,
    'highpass_cutoff': 300,
    'binning_depth': 5,
    'sig_interp': 20,
    'drift_smoothing': [0.5, 0.5, 0.5],
    'nt0min': 20,
    'dmin': None,
    'dminx': 32,
    'min_template_size': 10,
    'template_sizes': 5,
    'nearest_chans': 10,
    'nearest_templates': 100,
    'max_channel_distance': 32,
    'max_peels': 100,
    'templates_from_data': True,
    'n_templates': 6,
    'n_pcs': 6,
    'Th_single_ch': 6,
    'acg_threshold': 0.2,
    'ccg_threshold': 0.25,
    'cluster_downsampling': 20,
    'x_centers': None,
    'duplicate_spike_ms': 0.25,
    'position_limit': 100,
    'data_dir': PosixPath('/home/lss72/palmer_scratch/spike_sort'),
    'filename': PosixPath('/home/lss72/palmer_scratch/spike_sort/2014_03_26_Pair_2_0'),
    'data_dtype': dtype('float32'),
    'do_CAR': True,
    'invert_sign': False,
    'NTbuff': 60122,
    'Nchan': 32,
    'duplicate_spike_bins': 7,
    'torch_device': 'cuda',
    'save_preprocessed_copy': False
}

2025-06-08 23:44:14,036 kilosort.run_kilosort DEBUG    Probe dictionary:

probe = {
    'chanMap': np.array([ 0,  1,  2,  3,  4,  5,  6,  7,  8,  9, 10, 11, 12, 13, 14, 15, 16,
       17, 18, 19, 20, 21, 22, 23, 24, 25, 26, 27, 28, 29, 30, 31]),
    'xc': np.array([  0.,  18., -18.,   0.,  18., -18.,   0.,  18., -18.,   0.,  18.,
       -18.,   0.,  18., -18.,   0.,  18., -18.,   0.,  18., -18.,   0.,
        18., -18.,   0.,  18., -18.,   0.,  18., -18.,   0.,   0.],
      dtype=np.float32),
    'yc': np.array([  0. ,  12.5,  12.5,  25. ,  37.5,  37.5,  50. ,  62.5,  62.5,
        75. ,  87.5,  87.5, 100. , 112.5, 112.5, 125. , 137.5, 137.5,
       150. , 162.5, 162.5, 175. , 187.5, 187.5, 200. , 212.5, 212.5,
       225. , 237.5, 237.5, 250. , 275. ], dtype=np.float32),
    'kcoords': np.array([0., 0., 0., 0., 0., 0., 0., 0., 0., 0., 0., 0., 0., 0., 0., 0., 0.,
       0., 0., 0., 0., 0., 0., 0., 0., 0., 0., 0., 0., 0., 0., 0.]),
    'n_chan': 32
}

2025-06-08 23:44:14,037 kilosort.run_kilosort INFO      
2025-06-08 23:44:14,037 kilosort.run_kilosort INFO     Computing preprocessing variables.
2025-06-08 23:44:14,037 kilosort.run_kilosort INFO     ----------------------------------------
2025-06-08 23:44:14,039 kilosort.run_kilosort INFO     N samples: 1350000
2025-06-08 23:44:14,040 kilosort.run_kilosort INFO     N seconds: 45.0
2025-06-08 23:44:14,040 kilosort.run_kilosort INFO     N batches: 23
2025-06-08 23:44:14,076 kilosort.run_kilosort INFO     Preprocessing filters computed in  0.04s; total  0.04s
2025-06-08 23:44:14,076 kilosort.run_kilosort DEBUG    hp_filter shape: torch.Size([30122])
2025-06-08 23:44:14,076 kilosort.run_kilosort DEBUG    whiten_mat shape: torch.Size([32, 32])
2025-06-08 23:44:14,076 kilosort.run_kilosort INFO      
2025-06-08 23:44:14,077 kilosort.run_kilosort INFO     Resource usage after preprocessing
2025-06-08 23:44:14,077 kilosort.run_kilosort INFO     ********************************************************
2025-06-08 23:44:14,078 kilosort.run_kilosort INFO     CPU usage:    22.30 %
2025-06-08 23:44:14,078 kilosort.run_kilosort INFO     Memory:        4.90 %     |     36.96   /   754.60 GB
2025-06-08 23:44:14,078 kilosort.run_kilosort INFO     ------------------------------------------------------
2025-06-08 23:44:14,079 kilosort.run_kilosort INFO     GPU usage:    `conda install pynvml` for GPU usage
2025-06-08 23:44:14,079 kilosort.run_kilosort INFO     GPU memory:    2.56 %     |      1.01   /    39.50 GB
2025-06-08 23:44:14,080 kilosort.run_kilosort INFO     Allocated:     0.02 %     |      0.01   /    39.50 GB
2025-06-08 23:44:14,080 kilosort.run_kilosort INFO     Max alloc:     0.75 %     |      0.30   /    39.50 GB
2025-06-08 23:44:14,081 kilosort.run_kilosort INFO     ********************************************************
2025-06-08 23:44:14,082 kilosort.run_kilosort INFO      
2025-06-08 23:44:14,082 kilosort.run_kilosort INFO     Computing drift correction.
2025-06-08 23:44:14,082 kilosort.run_kilosort INFO     ----------------------------------------
2025-06-08 23:44:14,083 kilosort.spikedetect INFO     Re-computing universal templates from data.
2025-06-08 23:44:14,133 kilosort.spikedetect INFO     Number of universal templates: 135
2025-06-08 23:44:14,135 kilosort.spikedetect INFO     Detecting spikes...
2025-06-08 23:44:14,138 kilosort.spikedetect DEBUG     
2025-06-08 23:44:14,138 kilosort.spikedetect DEBUG    Batch 0
2025-06-08 23:44:14,138 kilosort.spikedetect DEBUG    ********************************************************
2025-06-08 23:44:14,138 kilosort.spikedetect DEBUG    CPU usage:    42.10 %
2025-06-08 23:44:14,138 kilosort.spikedetect DEBUG    Memory:        4.90 %     |     36.98   /   754.60 GB
2025-06-08 23:44:14,138 kilosort.spikedetect DEBUG    ------------------------------------------------------
2025-06-08 23:44:14,138 kilosort.spikedetect DEBUG    GPU usage:    `conda install pynvml` for GPU usage
2025-06-08 23:44:14,138 kilosort.spikedetect DEBUG    GPU memory:    2.56 %     |      1.01   /    39.50 GB
2025-06-08 23:44:14,138 kilosort.spikedetect DEBUG    Allocated:     0.02 %     |      0.01   /    39.50 GB
2025-06-08 23:44:14,139 kilosort.spikedetect DEBUG    Max alloc:     0.75 %     |      0.30   /    39.50 GB
2025-06-08 23:44:14,139 kilosort.spikedetect DEBUG    ********************************************************
2025-06-08 23:44:14,847 kilosort.spikedetect DEBUG     
2025-06-08 23:44:14,847 kilosort.spikedetect DEBUG    Batch 22
2025-06-08 23:44:14,848 kilosort.spikedetect DEBUG    ********************************************************
2025-06-08 23:44:14,848 kilosort.spikedetect DEBUG    CPU usage:    25.40 %
2025-06-08 23:44:14,848 kilosort.spikedetect DEBUG    Memory:        4.88 %     |     36.86   /   754.60 GB
2025-06-08 23:44:14,848 kilosort.spikedetect DEBUG    ------------------------------------------------------
2025-06-08 23:44:14,848 kilosort.spikedetect DEBUG    GPU usage:    `conda install pynvml` for GPU usage
2025-06-08 23:44:14,848 kilosort.spikedetect DEBUG    GPU memory:    2.56 %     |      1.01   /    39.50 GB
2025-06-08 23:44:14,848 kilosort.spikedetect DEBUG    Allocated:     0.04 %     |      0.02   /    39.50 GB
2025-06-08 23:44:14,849 kilosort.spikedetect DEBUG    Max alloc:     0.75 %     |      0.30   /    39.50 GB
2025-06-08 23:44:14,849 kilosort.spikedetect DEBUG    ********************************************************
2025-06-08 23:44:14,923 kilosort.run_kilosort INFO     drift computed in  0.84s; total  0.89s
2025-06-08 23:44:14,927 kilosort.run_kilosort DEBUG    st shape: (5091, 6)
2025-06-08 23:44:14,927 kilosort.run_kilosort DEBUG    yblk shape: (1,)
2025-06-08 23:44:14,927 kilosort.run_kilosort DEBUG    dshift shape: (23, 1)
2025-06-08 23:44:14,927 kilosort.run_kilosort DEBUG    iKxx shape: torch.Size([32, 32])
2025-06-08 23:44:14,927 kilosort.run_kilosort INFO      
2025-06-08 23:44:14,927 kilosort.run_kilosort INFO     Resource usage after drift correction
2025-06-08 23:44:14,928 kilosort.run_kilosort INFO     ********************************************************
2025-06-08 23:44:14,928 kilosort.run_kilosort INFO     CPU usage:    26.60 %
2025-06-08 23:44:14,929 kilosort.run_kilosort INFO     Memory:        4.88 %     |     36.82   /   754.60 GB
2025-06-08 23:44:14,929 kilosort.run_kilosort INFO     ------------------------------------------------------
2025-06-08 23:44:14,929 kilosort.run_kilosort INFO     GPU usage:    `conda install pynvml` for GPU usage
2025-06-08 23:44:14,930 kilosort.run_kilosort INFO     GPU memory:    2.56 %     |      1.01   /    39.50 GB
2025-06-08 23:44:14,930 kilosort.run_kilosort INFO     Allocated:     0.02 %     |      0.01   /    39.50 GB
2025-06-08 23:44:14,931 kilosort.run_kilosort INFO     Max alloc:     0.75 %     |      0.30   /    39.50 GB
2025-06-08 23:44:14,931 kilosort.run_kilosort INFO     ********************************************************
2025-06-08 23:44:14,932 kilosort.run_kilosort DEBUG    

|===========================================================================|
|                  PyTorch CUDA memory summary, device ID 0                 |
|---------------------------------------------------------------------------|
|            CUDA OOMs: 0            |        cudaMalloc retries: 0         |
|===========================================================================|
|        Metric         | Cur Usage  | Peak Usage | Tot Alloc  | Tot Freed  |
|---------------------------------------------------------------------------|
| Allocated memory      |   8867 KiB | 309982 KiB |  14581 GiB |  14581 GiB |
|---------------------------------------------------------------------------|
| Active memory         |   8867 KiB | 309982 KiB |  14581 GiB |  14581 GiB |
|---------------------------------------------------------------------------|
| Requested memory      |   8864 KiB | 309896 KiB |  14422 GiB |  14422 GiB |
|---------------------------------------------------------------------------|
| GPU reserved memory   | 481280 KiB | 481280 KiB | 481280 KiB |      0 B   |
|---------------------------------------------------------------------------|
| Non-releasable memory |  13660 KiB | 184425 KiB |   7905 GiB |   7905 GiB |
|---------------------------------------------------------------------------|
| Allocations           |      20    |      56    |    3118 K  |    3118 K  |
|---------------------------------------------------------------------------|
| Active allocs         |      20    |      56    |    3118 K  |    3118 K  |
|---------------------------------------------------------------------------|
| GPU reserved segments |      15    |      15    |      15    |       0    |
|---------------------------------------------------------------------------|
| Non-releasable allocs |      12    |      26    |    1263 K  |    1263 K  |
|---------------------------------------------------------------------------|
| Oversize allocations  |       0    |       0    |       0    |       0    |
|---------------------------------------------------------------------------|
| Oversize GPU segments |       0    |       0    |       0    |       0    |
|===========================================================================|


2025-06-08 23:44:14,938 kilosort.run_kilosort DEBUG    First batch min, max: (-19.737701, 10.214522)
2025-06-08 23:44:14,938 kilosort.run_kilosort INFO      
2025-06-08 23:44:14,939 kilosort.run_kilosort INFO     Extracting spikes using templates
2025-06-08 23:44:14,939 kilosort.run_kilosort INFO     ----------------------------------------
2025-06-08 23:44:14,939 kilosort.spikedetect INFO     Re-computing universal templates from data.
2025-06-08 23:44:14,968 kilosort.spikedetect INFO     Number of universal templates: 135
2025-06-08 23:44:14,974 kilosort.spikedetect INFO     Detecting spikes...
2025-06-08 23:44:14,975 kilosort.spikedetect DEBUG     
2025-06-08 23:44:14,975 kilosort.spikedetect DEBUG    Batch 0
2025-06-08 23:44:14,975 kilosort.spikedetect DEBUG    ********************************************************
2025-06-08 23:44:14,975 kilosort.spikedetect DEBUG    CPU usage:    37.10 %
2025-06-08 23:44:14,976 kilosort.spikedetect DEBUG    Memory:        4.88 %     |     36.82   /   754.60 GB
2025-06-08 23:44:14,976 kilosort.spikedetect DEBUG    ------------------------------------------------------
2025-06-08 23:44:14,976 kilosort.spikedetect DEBUG    GPU usage:    `conda install pynvml` for GPU usage
2025-06-08 23:44:14,976 kilosort.spikedetect DEBUG    GPU memory:    2.56 %     |      1.01   /    39.50 GB
2025-06-08 23:44:14,976 kilosort.spikedetect DEBUG    Allocated:     0.02 %     |      0.01   /    39.50 GB
2025-06-08 23:44:14,976 kilosort.spikedetect DEBUG    Max alloc:     0.75 %     |      0.30   /    39.50 GB
2025-06-08 23:44:14,976 kilosort.spikedetect DEBUG    ********************************************************
2025-06-08 23:44:15,629 kilosort.spikedetect DEBUG     
2025-06-08 23:44:15,629 kilosort.spikedetect DEBUG    Batch 22
2025-06-08 23:44:15,629 kilosort.spikedetect DEBUG    ********************************************************
2025-06-08 23:44:15,629 kilosort.spikedetect DEBUG    CPU usage:    25.10 %
2025-06-08 23:44:15,629 kilosort.spikedetect DEBUG    Memory:        4.88 %     |     36.86   /   754.60 GB
2025-06-08 23:44:15,629 kilosort.spikedetect DEBUG    ------------------------------------------------------
2025-06-08 23:44:15,629 kilosort.spikedetect DEBUG    GPU usage:    `conda install pynvml` for GPU usage
2025-06-08 23:44:15,629 kilosort.spikedetect DEBUG    GPU memory:    2.56 %     |      1.01   /    39.50 GB
2025-06-08 23:44:15,630 kilosort.spikedetect DEBUG    Allocated:     0.04 %     |      0.02   /    39.50 GB
2025-06-08 23:44:15,630 kilosort.spikedetect DEBUG    Max alloc:     0.75 %     |      0.30   /    39.50 GB
2025-06-08 23:44:15,630 kilosort.spikedetect DEBUG    ********************************************************
2025-06-08 23:44:15,630 kilosort.run_kilosort INFO     4879 spikes extracted in  0.69s; total  1.60s
2025-06-08 23:44:15,630 kilosort.run_kilosort DEBUG    st0 shape: (4879, 6)
2025-06-08 23:44:15,630 kilosort.run_kilosort DEBUG    tF shape: torch.Size([4879, 10, 6])
2025-06-08 23:44:15,630 kilosort.run_kilosort INFO      
2025-06-08 23:44:15,631 kilosort.run_kilosort INFO     First clustering
2025-06-08 23:44:15,631 kilosort.run_kilosort INFO     ----------------------------------------
2025-06-08 23:44:15,640 kilosort.clustering_qr DEBUG     
2025-06-08 23:44:15,641 kilosort.clustering_qr DEBUG    Cluster center: 0 of 12
2025-06-08 23:44:15,641 kilosort.clustering_qr DEBUG    ********************************************************
2025-06-08 23:44:15,641 kilosort.clustering_qr DEBUG    CPU usage:    30.00 %
2025-06-08 23:44:15,641 kilosort.clustering_qr DEBUG    Memory:        4.88 %     |     36.86   /   754.60 GB
2025-06-08 23:44:15,641 kilosort.clustering_qr DEBUG    ------------------------------------------------------
2025-06-08 23:44:15,641 kilosort.clustering_qr DEBUG    GPU usage:    `conda install pynvml` for GPU usage
2025-06-08 23:44:15,641 kilosort.clustering_qr DEBUG    GPU memory:    2.56 %     |      1.01   /    39.50 GB
2025-06-08 23:44:15,641 kilosort.clustering_qr DEBUG    Allocated:     0.02 %     |      0.01   /    39.50 GB
2025-06-08 23:44:15,642 kilosort.clustering_qr DEBUG    Max alloc:     0.75 %     |      0.30   /    39.50 GB
2025-06-08 23:44:15,642 kilosort.clustering_qr DEBUG    ********************************************************
2025-06-08 23:44:15,644 kilosort.clustering_qr DEBUG    Center 0 | nsp: 998 | ntemp: 12
2025-06-08 23:44:15,647 kilosort.clustering_qr DEBUG    Center 1 | nsp: 176 | ntemp: 12
2025-06-08 23:44:15,649 kilosort.clustering_qr DEBUG    Center 2 | nsp: 287 | ntemp: 12
2025-06-08 23:44:15,651 kilosort.clustering_qr DEBUG    Center 3 | nsp: 393 | ntemp: 12
2025-06-08 23:44:15,654 kilosort.clustering_qr DEBUG    Center 4 | nsp: 195 | ntemp: 12
2025-06-08 23:44:15,656 kilosort.clustering_qr DEBUG    Center 5 | nsp: 175 | ntemp: 12
2025-06-08 23:44:15,659 kilosort.clustering_qr DEBUG    Center 6 | nsp: 629 | ntemp: 12
2025-06-08 23:44:15,661 kilosort.clustering_qr DEBUG    Center 7 | nsp: 1228 | ntemp: 12
2025-06-08 23:44:16,046 kilosort.clustering_qr DEBUG    Center 8 | nsp: 188 | ntemp: 12
2025-06-08 23:44:16,049 kilosort.clustering_qr DEBUG    Center 9 | nsp: 434 | ntemp: 12
2025-06-08 23:44:16,049 kilosort.clustering_qr DEBUG     
2025-06-08 23:44:16,049 kilosort.clustering_qr DEBUG    Cluster center: 10 of 12
2025-06-08 23:44:16,049 kilosort.clustering_qr DEBUG    ********************************************************
2025-06-08 23:44:16,049 kilosort.clustering_qr DEBUG    CPU usage:    34.80 %
2025-06-08 23:44:16,050 kilosort.clustering_qr DEBUG    Memory:        4.88 %     |     36.86   /   754.60 GB
2025-06-08 23:44:16,050 kilosort.clustering_qr DEBUG    ------------------------------------------------------
2025-06-08 23:44:16,050 kilosort.clustering_qr DEBUG    GPU usage:    `conda install pynvml` for GPU usage
2025-06-08 23:44:16,050 kilosort.clustering_qr DEBUG    GPU memory:    2.56 %     |      1.01   /    39.50 GB
2025-06-08 23:44:16,050 kilosort.clustering_qr DEBUG    Allocated:     0.02 %     |      0.01   /    39.50 GB
2025-06-08 23:44:16,051 kilosort.clustering_qr DEBUG    Max alloc:     0.75 %     |      0.30   /    39.50 GB
2025-06-08 23:44:16,051 kilosort.clustering_qr DEBUG    ********************************************************
2025-06-08 23:44:16,053 kilosort.clustering_qr DEBUG    Center 10 | nsp: 91 | ntemp: 12
2025-06-08 23:44:16,054 kilosort.clustering_qr DEBUG    Center 11 | nsp: 85 | ntemp: 3
2025-06-08 23:44:16,074 kilosort.run_kilosort INFO     15 clusters found, in  0.44s; total  2.04s
2025-06-08 23:44:16,074 kilosort.run_kilosort DEBUG    clu shape: (4879,)
2025-06-08 23:44:16,074 kilosort.run_kilosort DEBUG    Wall shape: torch.Size([15, 32, 6])
2025-06-08 23:44:16,074 kilosort.run_kilosort INFO      
2025-06-08 23:44:16,074 kilosort.run_kilosort INFO     Extracting spikes using cluster waveforms
2025-06-08 23:44:16,075 kilosort.run_kilosort INFO     ----------------------------------------
2025-06-08 23:44:16,093 kilosort.template_matching DEBUG     
2025-06-08 23:44:16,093 kilosort.template_matching DEBUG    Batch 0
2025-06-08 23:44:16,093 kilosort.template_matching DEBUG    ********************************************************
2025-06-08 23:44:16,093 kilosort.template_matching DEBUG    CPU usage:    36.70 %
2025-06-08 23:44:16,093 kilosort.template_matching DEBUG    Memory:        4.92 %     |     37.10   /   754.60 GB
2025-06-08 23:44:16,094 kilosort.template_matching DEBUG    ------------------------------------------------------
2025-06-08 23:44:16,094 kilosort.template_matching DEBUG    GPU usage:    `conda install pynvml` for GPU usage
2025-06-08 23:44:16,094 kilosort.template_matching DEBUG    GPU memory:    2.56 %     |      1.01   /    39.50 GB
2025-06-08 23:44:16,094 kilosort.template_matching DEBUG    Allocated:     0.02 %     |      0.01   /    39.50 GB
2025-06-08 23:44:16,094 kilosort.template_matching DEBUG    Max alloc:     0.75 %     |      0.30   /    39.50 GB
2025-06-08 23:44:16,094 kilosort.template_matching DEBUG    ********************************************************
2025-06-08 23:44:16,498 kilosort.template_matching DEBUG     
2025-06-08 23:44:16,498 kilosort.template_matching DEBUG    Batch 22
2025-06-08 23:44:16,498 kilosort.template_matching DEBUG    ********************************************************
2025-06-08 23:44:16,499 kilosort.template_matching DEBUG    CPU usage:    25.20 %
2025-06-08 23:44:16,499 kilosort.template_matching DEBUG    Memory:        4.92 %     |     37.11   /   754.60 GB
2025-06-08 23:44:16,499 kilosort.template_matching DEBUG    ------------------------------------------------------
2025-06-08 23:44:16,499 kilosort.template_matching DEBUG    GPU usage:    `conda install pynvml` for GPU usage
2025-06-08 23:44:16,499 kilosort.template_matching DEBUG    GPU memory:    2.56 %     |      1.01   /    39.50 GB
2025-06-08 23:44:16,499 kilosort.template_matching DEBUG    Allocated:     0.06 %     |      0.02   /    39.50 GB
2025-06-08 23:44:16,499 kilosort.template_matching DEBUG    Max alloc:     0.75 %     |      0.30   /    39.50 GB
2025-06-08 23:44:16,499 kilosort.template_matching DEBUG    ********************************************************
2025-06-08 23:44:16,501 kilosort.run_kilosort INFO     7882 spikes extracted in  0.43s; total  2.47s
2025-06-08 23:44:16,504 kilosort.run_kilosort DEBUG    st shape: (7882, 3)
2025-06-08 23:44:16,504 kilosort.run_kilosort DEBUG    tF shape: torch.Size([7882, 10, 6])
2025-06-08 23:44:16,504 kilosort.run_kilosort DEBUG    iCC shape: torch.Size([10, 32])
2025-06-08 23:44:16,505 kilosort.run_kilosort DEBUG    iU shape: torch.Size([15])
2025-06-08 23:44:16,505 kilosort.run_kilosort INFO      
2025-06-08 23:44:16,505 kilosort.run_kilosort INFO     Resource usage after spike detection
2025-06-08 23:44:16,505 kilosort.run_kilosort INFO     ********************************************************
2025-06-08 23:44:16,506 kilosort.run_kilosort INFO     CPU usage:    38.50 %
2025-06-08 23:44:16,506 kilosort.run_kilosort INFO     Memory:        4.89 %     |     36.88   /   754.60 GB
2025-06-08 23:44:16,507 kilosort.run_kilosort INFO     ------------------------------------------------------
2025-06-08 23:44:16,507 kilosort.run_kilosort INFO     GPU usage:    `conda install pynvml` for GPU usage
2025-06-08 23:44:16,507 kilosort.run_kilosort INFO     GPU memory:    2.56 %     |      1.01   /    39.50 GB
2025-06-08 23:44:16,508 kilosort.run_kilosort INFO     Allocated:     0.02 %     |      0.01   /    39.50 GB
2025-06-08 23:44:16,508 kilosort.run_kilosort INFO     Max alloc:     0.75 %     |      0.30   /    39.50 GB
2025-06-08 23:44:16,509 kilosort.run_kilosort INFO     ********************************************************
2025-06-08 23:44:16,510 kilosort.run_kilosort DEBUG    

|===========================================================================|
|                  PyTorch CUDA memory summary, device ID 0                 |
|---------------------------------------------------------------------------|
|            CUDA OOMs: 0            |        cudaMalloc retries: 0         |
|===========================================================================|
|        Metric         | Cur Usage  | Peak Usage | Tot Alloc  | Tot Freed  |
|---------------------------------------------------------------------------|
| Allocated memory      |   8882 KiB | 309982 KiB |  14770 GiB |  14770 GiB |
|---------------------------------------------------------------------------|
| Active memory         |   8882 KiB | 309982 KiB |  14770 GiB |  14770 GiB |
|---------------------------------------------------------------------------|
| Requested memory      |   8878 KiB | 309896 KiB |  14609 GiB |  14609 GiB |
|---------------------------------------------------------------------------|
| GPU reserved memory   | 481280 KiB | 481280 KiB | 481280 KiB |      0 B   |
|---------------------------------------------------------------------------|
| Non-releasable memory |  13645 KiB | 184425 KiB |   8002 GiB |   8002 GiB |
|---------------------------------------------------------------------------|
| Allocations           |      24    |      56    |    3159 K  |    3159 K  |
|---------------------------------------------------------------------------|
| Active allocs         |      24    |      56    |    3159 K  |    3159 K  |
|---------------------------------------------------------------------------|
| GPU reserved segments |      15    |      15    |      15    |       0    |
|---------------------------------------------------------------------------|
| Non-releasable allocs |      11    |      26    |    1280 K  |    1280 K  |
|---------------------------------------------------------------------------|
| Oversize allocations  |       0    |       0    |       0    |       0    |
|---------------------------------------------------------------------------|
| Oversize GPU segments |       0    |       0    |       0    |       0    |
|===========================================================================|


2025-06-08 23:44:16,510 kilosort.run_kilosort INFO      
2025-06-08 23:44:16,510 kilosort.run_kilosort INFO     Final clustering
2025-06-08 23:44:16,510 kilosort.run_kilosort INFO     ----------------------------------------
2025-06-08 23:44:16,520 kilosort.clustering_qr DEBUG     
2025-06-08 23:44:16,520 kilosort.clustering_qr DEBUG    Cluster center: 0 of 12
2025-06-08 23:44:16,520 kilosort.clustering_qr DEBUG    ********************************************************
2025-06-08 23:44:16,520 kilosort.clustering_qr DEBUG    CPU usage:    32.70 %
2025-06-08 23:44:16,521 kilosort.clustering_qr DEBUG    Memory:        4.89 %     |     36.89   /   754.60 GB
2025-06-08 23:44:16,521 kilosort.clustering_qr DEBUG    ------------------------------------------------------
2025-06-08 23:44:16,521 kilosort.clustering_qr DEBUG    GPU usage:    `conda install pynvml` for GPU usage
2025-06-08 23:44:16,521 kilosort.clustering_qr DEBUG    GPU memory:    2.56 %     |      1.01   /    39.50 GB
2025-06-08 23:44:16,521 kilosort.clustering_qr DEBUG    Allocated:     0.02 %     |      0.01   /    39.50 GB
2025-06-08 23:44:16,521 kilosort.clustering_qr DEBUG    Max alloc:     0.75 %     |      0.30   /    39.50 GB
2025-06-08 23:44:16,521 kilosort.clustering_qr DEBUG    ********************************************************
2025-06-08 23:44:16,522 kilosort.clustering_qr DEBUG    Center 0 | nsp: 481 | ntemp: 1
2025-06-08 23:44:16,523 kilosort.clustering_qr DEBUG    Center 1 | nsp: 484 | ntemp: 1
2025-06-08 23:44:16,524 kilosort.clustering_qr DEBUG    Center 2 | nsp: 339 | ntemp: 1
2025-06-08 23:44:16,525 kilosort.clustering_qr DEBUG    Center 3 | nsp: 964 | ntemp: 1
2025-06-08 23:44:16,526 kilosort.clustering_qr DEBUG    Center 4 | nsp: 413 | ntemp: 1
2025-06-08 23:44:16,527 kilosort.clustering_qr DEBUG    Center 5 | nsp: 616 | ntemp: 1
2025-06-08 23:44:16,528 kilosort.clustering_qr DEBUG    Center 6 | nsp: 562 | ntemp: 1
2025-06-08 23:44:16,530 kilosort.clustering_qr DEBUG    Center 7 | nsp: 1489 | ntemp: 3
2025-06-08 23:44:16,783 kilosort.clustering_qr DEBUG    Center 8 | nsp: 1199 | ntemp: 2
2025-06-08 23:44:17,033 kilosort.clustering_qr DEBUG    Center 9 | nsp: 782 | ntemp: 2
2025-06-08 23:44:17,033 kilosort.clustering_qr DEBUG     
2025-06-08 23:44:17,033 kilosort.clustering_qr DEBUG    Cluster center: 10 of 12
2025-06-08 23:44:17,033 kilosort.clustering_qr DEBUG    ********************************************************
2025-06-08 23:44:17,033 kilosort.clustering_qr DEBUG    CPU usage:    26.20 %
2025-06-08 23:44:17,033 kilosort.clustering_qr DEBUG    Memory:        4.87 %     |     36.75   /   754.60 GB
2025-06-08 23:44:17,033 kilosort.clustering_qr DEBUG    ------------------------------------------------------
2025-06-08 23:44:17,034 kilosort.clustering_qr DEBUG    GPU usage:    `conda install pynvml` for GPU usage
2025-06-08 23:44:17,034 kilosort.clustering_qr DEBUG    GPU memory:    2.56 %     |      1.01   /    39.50 GB
2025-06-08 23:44:17,034 kilosort.clustering_qr DEBUG    Allocated:     0.02 %     |      0.01   /    39.50 GB
2025-06-08 23:44:17,034 kilosort.clustering_qr DEBUG    Max alloc:     0.75 %     |      0.30   /    39.50 GB
2025-06-08 23:44:17,034 kilosort.clustering_qr DEBUG    ********************************************************
2025-06-08 23:44:17,034 kilosort.clustering_qr DEBUG    Center 10 | nsp: 0 | ntemp: 0
2025-06-08 23:44:17,035 kilosort.clustering_qr DEBUG    Center 11 | nsp: 553 | ntemp: 1
2025-06-08 23:44:17,041 kilosort.run_kilosort INFO     15 clusters found, in  0.53s; total  3.01s
2025-06-08 23:44:17,041 kilosort.run_kilosort DEBUG    clu shape: (7882,)
2025-06-08 23:44:17,041 kilosort.run_kilosort DEBUG    Wall shape: torch.Size([15, 32, 6])
2025-06-08 23:44:17,041 kilosort.run_kilosort INFO      
2025-06-08 23:44:17,042 kilosort.run_kilosort INFO     Merging clusters
2025-06-08 23:44:17,042 kilosort.run_kilosort INFO     ----------------------------------------
2025-06-08 23:44:17,051 kilosort.run_kilosort INFO     14 units found, in  0.01s; total  3.02s
2025-06-08 23:44:17,052 kilosort.run_kilosort DEBUG    clu shape: (7882,)
2025-06-08 23:44:17,052 kilosort.run_kilosort DEBUG    Wall shape: torch.Size([14, 32, 6])
2025-06-08 23:44:17,052 kilosort.run_kilosort INFO      
2025-06-08 23:44:17,052 kilosort.run_kilosort INFO     Resource usage after clustering
2025-06-08 23:44:17,052 kilosort.run_kilosort INFO     ********************************************************
2025-06-08 23:44:17,053 kilosort.run_kilosort INFO     CPU usage:    33.80 %
2025-06-08 23:44:17,054 kilosort.run_kilosort INFO     Memory:        4.87 %     |     36.75   /   754.60 GB
2025-06-08 23:44:17,054 kilosort.run_kilosort INFO     ------------------------------------------------------
2025-06-08 23:44:17,054 kilosort.run_kilosort INFO     GPU usage:    `conda install pynvml` for GPU usage
2025-06-08 23:44:17,055 kilosort.run_kilosort INFO     GPU memory:    2.56 %     |      1.01   /    39.50 GB
2025-06-08 23:44:17,055 kilosort.run_kilosort INFO     Allocated:     0.02 %     |      0.01   /    39.50 GB
2025-06-08 23:44:17,056 kilosort.run_kilosort INFO     Max alloc:     0.75 %     |      0.30   /    39.50 GB
2025-06-08 23:44:17,056 kilosort.run_kilosort INFO     ********************************************************
2025-06-08 23:44:17,057 kilosort.run_kilosort DEBUG    

|===========================================================================|
|                  PyTorch CUDA memory summary, device ID 0                 |
|---------------------------------------------------------------------------|
|            CUDA OOMs: 0            |        cudaMalloc retries: 0         |
|===========================================================================|
|        Metric         | Cur Usage  | Peak Usage | Tot Alloc  | Tot Freed  |
|---------------------------------------------------------------------------|
| Allocated memory      |   8871 KiB | 309982 KiB |  14773 GiB |  14773 GiB |
|---------------------------------------------------------------------------|
| Active memory         |   8871 KiB | 309982 KiB |  14773 GiB |  14773 GiB |
|---------------------------------------------------------------------------|
| Requested memory      |   8867 KiB | 309896 KiB |  14612 GiB |  14612 GiB |
|---------------------------------------------------------------------------|
| GPU reserved memory   | 481280 KiB | 481280 KiB | 481280 KiB |      0 B   |
|---------------------------------------------------------------------------|
| Non-releasable memory |  13657 KiB | 184425 KiB |   8006 GiB |   8006 GiB |
|---------------------------------------------------------------------------|
| Allocations           |      23    |      56    |    3184 K  |    3184 K  |
|---------------------------------------------------------------------------|
| Active allocs         |      23    |      56    |    3184 K  |    3184 K  |
|---------------------------------------------------------------------------|
| GPU reserved segments |      15    |      15    |      15    |       0    |
|---------------------------------------------------------------------------|
| Non-releasable allocs |      10    |      26    |    1293 K  |    1293 K  |
|---------------------------------------------------------------------------|
| Oversize allocations  |       0    |       0    |       0    |       0    |
|---------------------------------------------------------------------------|
| Oversize GPU segments |       0    |       0    |       0    |       0    |
|===========================================================================|


2025-06-08 23:44:17,057 kilosort.run_kilosort INFO      
2025-06-08 23:44:17,057 kilosort.run_kilosort INFO     Saving to phy and computing refractory periods
2025-06-08 23:44:17,058 kilosort.run_kilosort INFO     ----------------------------------------
2025-06-08 23:44:17,193 kilosort.run_kilosort INFO     4 units found with good refractory periods
2025-06-08 23:44:17,193 kilosort.run_kilosort INFO     Total runtime: 3.16s = 00:00:3 h:m:s
2025-06-08 23:44:17,199 kilosort.run_kilosort INFO     Sorting output saved in: /home/lss72/palmer_scratch/spike_sort/kilosort4.
2025-06-08 23:44:17,199 kilosort.run_kilosort INFO      
2025-06-08 23:44:17,199 kilosort.run_kilosort INFO     Resource usage after saving
2025-06-08 23:44:17,200 kilosort.run_kilosort INFO     ********************************************************
2025-06-08 23:44:17,200 kilosort.run_kilosort INFO     CPU usage:    28.50 %
2025-06-08 23:44:17,201 kilosort.run_kilosort INFO     Memory:        4.87 %     |     36.75   /   754.60 GB
2025-06-08 23:44:17,201 kilosort.run_kilosort INFO     ------------------------------------------------------
2025-06-08 23:44:17,201 kilosort.run_kilosort INFO     GPU usage:    `conda install pynvml` for GPU usage
2025-06-08 23:44:17,202 kilosort.run_kilosort INFO     GPU memory:    2.56 %     |      1.01   /    39.50 GB
2025-06-08 23:44:17,203 kilosort.run_kilosort INFO     Allocated:     0.02 %     |      0.01   /    39.50 GB
2025-06-08 23:44:17,203 kilosort.run_kilosort INFO     Max alloc:     0.75 %     |      0.30   /    39.50 GB
2025-06-08 23:44:17,203 kilosort.run_kilosort INFO     ********************************************************
2025-06-08 23:44:17,204 kilosort.run_kilosort DEBUG    

|===========================================================================|
|                  PyTorch CUDA memory summary, device ID 0                 |
|---------------------------------------------------------------------------|
|            CUDA OOMs: 0            |        cudaMalloc retries: 0         |
|===========================================================================|
|        Metric         | Cur Usage  | Peak Usage | Tot Alloc  | Tot Freed  |
|---------------------------------------------------------------------------|
| Allocated memory      |   8871 KiB | 309982 KiB |  14773 GiB |  14773 GiB |
|---------------------------------------------------------------------------|
| Active memory         |   8871 KiB | 309982 KiB |  14773 GiB |  14773 GiB |
|---------------------------------------------------------------------------|
| Requested memory      |   8867 KiB | 309896 KiB |  14612 GiB |  14612 GiB |
|---------------------------------------------------------------------------|
| GPU reserved memory   | 481280 KiB | 481280 KiB | 481280 KiB |      0 B   |
|---------------------------------------------------------------------------|
| Non-releasable memory |  13657 KiB | 184425 KiB |   8006 GiB |   8006 GiB |
|---------------------------------------------------------------------------|
| Allocations           |      23    |      56    |    3184 K  |    3184 K  |
|---------------------------------------------------------------------------|
| Active allocs         |      23    |      56    |    3184 K  |    3184 K  |
|---------------------------------------------------------------------------|
| GPU reserved segments |      15    |      15    |      15    |       0    |
|---------------------------------------------------------------------------|
| Non-releasable allocs |      10    |      26    |    1293 K  |    1293 K  |
|---------------------------------------------------------------------------|
| Oversize allocations  |       0    |       0    |       0    |       0    |
|---------------------------------------------------------------------------|
| Oversize GPU segments |       0    |       0    |       0    |       0    |
|===========================================================================|


