2025-06-09 01:49:16,106 kilosort.run_kilosort INFO     Kilosort version 4.0.25
2025-06-09 01:49:16,110 kilosort.run_kilosort INFO     Python version 3.9.21
2025-06-09 01:49:16,110 kilosort.run_kilosort INFO     ----------------------------------------
2025-06-09 01:49:16,110 kilosort.run_kilosort INFO     System information:
2025-06-09 01:49:16,111 kilosort.run_kilosort INFO     Linux-4.18.0-477.74.1.el8_8.x86_64-x86_64-with-glibc2.28 x86_64
2025-06-09 01:49:16,111 kilosort.run_kilosort INFO     x86_64
2025-06-09 01:49:16,111 kilosort.run_kilosort INFO     Using GPU for PyTorch computations. Specify `device` to change this.
2025-06-09 01:49:16,112 kilosort.run_kilosort INFO     Using CUDA device: NVIDIA A100-PCIE-40GB 39.50GB
2025-06-09 01:49:16,112 kilosort.run_kilosort INFO     ----------------------------------------
2025-06-09 01:49:16,112 kilosort.run_kilosort INFO     Sorting /home/lss72/palmer_scratch/spike_sort/2014_11_25_Pair_3_0
2025-06-09 01:49:16,113 kilosort.run_kilosort DEBUG    Initial ops:

ops = {
    'n_chan_bin': 32,
    'fs': 30000,
    'batch_size': 60000,
    'nblocks': 1,
    'Th_universal': 9,
    'Th_learned': 8,
    'tmin': 0,
    'tmax': 10,
    'nt': 61,
    'shift': None,
    'scale': None,
    'artifact_threshold': inf,
    'nskip': 25,
    'whitening_range': 32,
    'highpass_cutoff': 300,
    'binning_depth': 5,
    'sig_interp': 20,
    'drift_smoothing': [0.5, 0.5, 0.5],
    'nt0min': 20,
    'dmin': None,
    'dminx': 32,
    'min_template_size': 10,
    'template_sizes': 5,
    'nearest_chans': 10,
    'nearest_templates': 100,
    'max_channel_distance': 32,
    'max_peels': 100,
    'templates_from_data': True,
    'n_templates': 6,
    'n_pcs': 6,
    'Th_single_ch': 6,
    'acg_threshold': 0.2,
    'ccg_threshold': 0.25,
    'cluster_downsampling': 20,
    'x_centers': None,
    'duplicate_spike_ms': 0.25,
    'position_limit': 100,
    'data_dir': PosixPath('/home/lss72/palmer_scratch/spike_sort'),
    'filename': PosixPath('/home/lss72/palmer_scratch/spike_sort/2014_11_25_Pair_3_0'),
    'data_dtype': dtype('uint16'),
    'do_CAR': True,
    'invert_sign': False,
    'NTbuff': 60122,
    'Nchan': 32,
    'duplicate_spike_bins': 7,
    'torch_device': 'cuda',
    'save_preprocessed_copy': False
}

2025-06-09 01:49:16,115 kilosort.run_kilosort DEBUG    Probe dictionary:

probe = {
    'chanMap': np.array([ 0,  1,  2,  3,  4,  5,  6,  7,  8,  9, 10, 11, 12, 13, 14, 15, 16,
       17, 18, 19, 20, 21, 22, 23, 24, 25, 26, 27, 28, 29, 30, 31]),
    'xc': np.array([  0.,   0.,  18.,  18.,  18.,  18.,  18.,  18.,   0.,   0.,  18.,
        18.,  18.,  18.,   0.,   0.,   0.,   0., -18., -18., -18., -18.,
         0.,   0., -18., -18., -18., -18., -18., -18.,   0.,   0.],
      dtype=np.float32),
    'yc': np.array([275. , 225. ,  12.5,  37.5,  87.5, 137.5, 187.5, 237.5,  75. ,
        25. , 212.5, 162.5, 112.5,  62.5, 125. , 175. , 150. , 100. ,
        62.5, 112.5, 162.5, 212.5,   0. ,  50. , 237.5, 187.5, 137.5,
        87.5,  37.5,  12.5, 200. , 250. ], dtype=np.float32),
    'kcoords': np.array([0., 0., 0., 0., 0., 0., 0., 0., 0., 0., 0., 0., 0., 0., 0., 0., 0.,
       0., 0., 0., 0., 0., 0., 0., 0., 0., 0., 0., 0., 0., 0., 0.]),
    'n_chan': 32
}

2025-06-09 01:49:16,115 kilosort.run_kilosort INFO      
2025-06-09 01:49:16,116 kilosort.run_kilosort INFO     Computing preprocessing variables.
2025-06-09 01:49:16,116 kilosort.run_kilosort INFO     ----------------------------------------
2025-06-09 01:49:16,118 kilosort.run_kilosort INFO     N samples: 300000
2025-06-09 01:49:16,118 kilosort.run_kilosort INFO     N seconds: 10.0
2025-06-09 01:49:16,119 kilosort.run_kilosort INFO     N batches: 5
2025-06-09 01:49:16,155 kilosort.run_kilosort INFO     Preprocessing filters computed in  0.04s; total  0.04s
2025-06-09 01:49:16,156 kilosort.run_kilosort DEBUG    hp_filter shape: torch.Size([30122])
2025-06-09 01:49:16,156 kilosort.run_kilosort DEBUG    whiten_mat shape: torch.Size([32, 32])
2025-06-09 01:49:16,156 kilosort.run_kilosort INFO      
2025-06-09 01:49:16,156 kilosort.run_kilosort INFO     Resource usage after preprocessing
2025-06-09 01:49:16,157 kilosort.run_kilosort INFO     ********************************************************
2025-06-09 01:49:16,157 kilosort.run_kilosort INFO     CPU usage:    33.40 %
2025-06-09 01:49:16,158 kilosort.run_kilosort INFO     Memory:        5.69 %     |     42.91   /   754.60 GB
2025-06-09 01:49:16,158 kilosort.run_kilosort INFO     ------------------------------------------------------
2025-06-09 01:49:16,158 kilosort.run_kilosort INFO     GPU usage:    `conda install pynvml` for GPU usage
2025-06-09 01:49:16,159 kilosort.run_kilosort INFO     GPU memory:   17.43 %     |      6.89   /    39.50 GB
2025-06-09 01:49:16,160 kilosort.run_kilosort INFO     Allocated:     0.02 %     |      0.01   /    39.50 GB
2025-06-09 01:49:16,160 kilosort.run_kilosort INFO     Max alloc:     0.75 %     |      0.30   /    39.50 GB
2025-06-09 01:49:16,160 kilosort.run_kilosort INFO     ********************************************************
2025-06-09 01:49:16,161 kilosort.run_kilosort INFO      
2025-06-09 01:49:16,161 kilosort.run_kilosort INFO     Computing drift correction.
2025-06-09 01:49:16,162 kilosort.run_kilosort INFO     ----------------------------------------
2025-06-09 01:49:16,162 kilosort.spikedetect INFO     Re-computing universal templates from data.
2025-06-09 01:49:16,196 kilosort.spikedetect INFO     Number of universal templates: 135
2025-06-09 01:49:16,198 kilosort.spikedetect INFO     Detecting spikes...
2025-06-09 01:49:16,201 kilosort.spikedetect DEBUG     
2025-06-09 01:49:16,201 kilosort.spikedetect DEBUG    Batch 0
2025-06-09 01:49:16,201 kilosort.spikedetect DEBUG    ********************************************************
2025-06-09 01:49:16,201 kilosort.spikedetect DEBUG    CPU usage:    49.40 %
2025-06-09 01:49:16,201 kilosort.spikedetect DEBUG    Memory:        5.69 %     |     42.93   /   754.60 GB
2025-06-09 01:49:16,201 kilosort.spikedetect DEBUG    ------------------------------------------------------
2025-06-09 01:49:16,201 kilosort.spikedetect DEBUG    GPU usage:    `conda install pynvml` for GPU usage
2025-06-09 01:49:16,201 kilosort.spikedetect DEBUG    GPU memory:   17.43 %     |      6.89   /    39.50 GB
2025-06-09 01:49:16,201 kilosort.spikedetect DEBUG    Allocated:     0.02 %     |      0.01   /    39.50 GB
2025-06-09 01:49:16,202 kilosort.spikedetect DEBUG    Max alloc:     0.75 %     |      0.30   /    39.50 GB
2025-06-09 01:49:16,202 kilosort.spikedetect DEBUG    ********************************************************
2025-06-09 01:49:16,398 kilosort.spikedetect DEBUG     
2025-06-09 01:49:16,399 kilosort.spikedetect DEBUG    Batch 4
2025-06-09 01:49:16,399 kilosort.spikedetect DEBUG    ********************************************************
2025-06-09 01:49:16,399 kilosort.spikedetect DEBUG    CPU usage:    36.00 %
2025-06-09 01:49:16,399 kilosort.spikedetect DEBUG    Memory:        5.68 %     |     42.89   /   754.60 GB
2025-06-09 01:49:16,399 kilosort.spikedetect DEBUG    ------------------------------------------------------
2025-06-09 01:49:16,399 kilosort.spikedetect DEBUG    GPU usage:    `conda install pynvml` for GPU usage
2025-06-09 01:49:16,399 kilosort.spikedetect DEBUG    GPU memory:   17.43 %     |      6.89   /    39.50 GB
2025-06-09 01:49:16,399 kilosort.spikedetect DEBUG    Allocated:     0.04 %     |      0.02   /    39.50 GB
2025-06-09 01:49:16,399 kilosort.spikedetect DEBUG    Max alloc:     0.75 %     |      0.30   /    39.50 GB
2025-06-09 01:49:16,399 kilosort.spikedetect DEBUG    ********************************************************
2025-06-09 01:49:16,471 kilosort.run_kilosort INFO     drift computed in  0.31s; total  0.36s
2025-06-09 01:49:16,475 kilosort.run_kilosort DEBUG    st shape: (1126, 6)
2025-06-09 01:49:16,475 kilosort.run_kilosort DEBUG    yblk shape: (1,)
2025-06-09 01:49:16,475 kilosort.run_kilosort DEBUG    dshift shape: (5, 1)
2025-06-09 01:49:16,475 kilosort.run_kilosort DEBUG    iKxx shape: torch.Size([32, 32])
2025-06-09 01:49:16,475 kilosort.run_kilosort INFO      
2025-06-09 01:49:16,475 kilosort.run_kilosort INFO     Resource usage after drift correction
2025-06-09 01:49:16,476 kilosort.run_kilosort INFO     ********************************************************
2025-06-09 01:49:16,476 kilosort.run_kilosort INFO     CPU usage:    37.70 %
2025-06-09 01:49:16,477 kilosort.run_kilosort INFO     Memory:        5.68 %     |     42.89   /   754.60 GB
2025-06-09 01:49:16,477 kilosort.run_kilosort INFO     ------------------------------------------------------
2025-06-09 01:49:16,477 kilosort.run_kilosort INFO     GPU usage:    `conda install pynvml` for GPU usage
2025-06-09 01:49:16,478 kilosort.run_kilosort INFO     GPU memory:   17.43 %     |      6.89   /    39.50 GB
2025-06-09 01:49:16,479 kilosort.run_kilosort INFO     Allocated:     0.02 %     |      0.01   /    39.50 GB
2025-06-09 01:49:16,479 kilosort.run_kilosort INFO     Max alloc:     0.75 %     |      0.30   /    39.50 GB
2025-06-09 01:49:16,479 kilosort.run_kilosort INFO     ********************************************************
2025-06-09 01:49:16,480 kilosort.run_kilosort DEBUG    

|===========================================================================|
|                  PyTorch CUDA memory summary, device ID 0                 |
|---------------------------------------------------------------------------|
|            CUDA OOMs: 0            |        cudaMalloc retries: 0         |
|===========================================================================|
|        Metric         | Cur Usage  | Peak Usage | Tot Alloc  | Tot Freed  |
|---------------------------------------------------------------------------|
| Allocated memory      |   9143 KiB | 310277 KiB |  30546 GiB |  30546 GiB |
|---------------------------------------------------------------------------|
| Active memory         |   9143 KiB | 310277 KiB |  30546 GiB |  30546 GiB |
|---------------------------------------------------------------------------|
| Requested memory      |   9138 KiB | 310188 KiB |  30210 GiB |  30210 GiB |
|---------------------------------------------------------------------------|
| GPU reserved memory   | 481280 KiB | 481280 KiB | 481280 KiB |      0 B   |
|---------------------------------------------------------------------------|
| Non-releasable memory |  13385 KiB | 184425 KiB |  16632 GiB |  16632 GiB |
|---------------------------------------------------------------------------|
| Allocations           |      31    |      67    |    6545 K  |    6545 K  |
|---------------------------------------------------------------------------|
| Active allocs         |      31    |      67    |    6545 K  |    6545 K  |
|---------------------------------------------------------------------------|
| GPU reserved segments |      15    |      15    |      15    |       0    |
|---------------------------------------------------------------------------|
| Non-releasable allocs |      13    |      27    |    2654 K  |    2654 K  |
|---------------------------------------------------------------------------|
| Oversize allocations  |       0    |       0    |       0    |       0    |
|---------------------------------------------------------------------------|
| Oversize GPU segments |       0    |       0    |       0    |       0    |
|===========================================================================|


2025-06-09 01:49:16,488 kilosort.run_kilosort DEBUG    First batch min, max: (-15.443226, 9.3623295)
2025-06-09 01:49:16,488 kilosort.run_kilosort INFO      
2025-06-09 01:49:16,489 kilosort.run_kilosort INFO     Extracting spikes using templates
2025-06-09 01:49:16,489 kilosort.run_kilosort INFO     ----------------------------------------
2025-06-09 01:49:16,489 kilosort.spikedetect INFO     Re-computing universal templates from data.
2025-06-09 01:49:16,521 kilosort.spikedetect INFO     Number of universal templates: 135
2025-06-09 01:49:16,524 kilosort.spikedetect INFO     Detecting spikes...
2025-06-09 01:49:16,526 kilosort.spikedetect DEBUG     
2025-06-09 01:49:16,526 kilosort.spikedetect DEBUG    Batch 0
2025-06-09 01:49:16,526 kilosort.spikedetect DEBUG    ********************************************************
2025-06-09 01:49:16,527 kilosort.spikedetect DEBUG    CPU usage:    47.80 %
2025-06-09 01:49:16,527 kilosort.spikedetect DEBUG    Memory:        5.68 %     |     42.89   /   754.60 GB
2025-06-09 01:49:16,527 kilosort.spikedetect DEBUG    ------------------------------------------------------
2025-06-09 01:49:16,527 kilosort.spikedetect DEBUG    GPU usage:    `conda install pynvml` for GPU usage
2025-06-09 01:49:16,527 kilosort.spikedetect DEBUG    GPU memory:   17.43 %     |      6.89   /    39.50 GB
2025-06-09 01:49:16,527 kilosort.spikedetect DEBUG    Allocated:     0.02 %     |      0.01   /    39.50 GB
2025-06-09 01:49:16,527 kilosort.spikedetect DEBUG    Max alloc:     0.75 %     |      0.30   /    39.50 GB
2025-06-09 01:49:16,527 kilosort.spikedetect DEBUG    ********************************************************
2025-06-09 01:49:16,686 kilosort.spikedetect DEBUG     
2025-06-09 01:49:16,686 kilosort.spikedetect DEBUG    Batch 4
2025-06-09 01:49:16,686 kilosort.spikedetect DEBUG    ********************************************************
2025-06-09 01:49:16,687 kilosort.spikedetect DEBUG    CPU usage:    36.30 %
2025-06-09 01:49:16,687 kilosort.spikedetect DEBUG    Memory:        5.69 %     |     42.90   /   754.60 GB
2025-06-09 01:49:16,687 kilosort.spikedetect DEBUG    ------------------------------------------------------
2025-06-09 01:49:16,687 kilosort.spikedetect DEBUG    GPU usage:    `conda install pynvml` for GPU usage
2025-06-09 01:49:16,687 kilosort.spikedetect DEBUG    GPU memory:   17.43 %     |      6.89   /    39.50 GB
2025-06-09 01:49:16,687 kilosort.spikedetect DEBUG    Allocated:     0.04 %     |      0.02   /    39.50 GB
2025-06-09 01:49:16,687 kilosort.spikedetect DEBUG    Max alloc:     0.75 %     |      0.30   /    39.50 GB
2025-06-09 01:49:16,687 kilosort.spikedetect DEBUG    ********************************************************
2025-06-09 01:49:16,687 kilosort.run_kilosort INFO     1125 spikes extracted in  0.20s; total  0.57s
2025-06-09 01:49:16,688 kilosort.run_kilosort DEBUG    st0 shape: (1125, 6)
2025-06-09 01:49:16,688 kilosort.run_kilosort DEBUG    tF shape: torch.Size([1125, 10, 6])
2025-06-09 01:49:16,688 kilosort.run_kilosort INFO      
2025-06-09 01:49:16,688 kilosort.run_kilosort INFO     First clustering
2025-06-09 01:49:16,688 kilosort.run_kilosort INFO     ----------------------------------------
2025-06-09 01:49:16,698 kilosort.clustering_qr DEBUG     
2025-06-09 01:49:16,698 kilosort.clustering_qr DEBUG    Cluster center: 0 of 12
2025-06-09 01:49:16,698 kilosort.clustering_qr DEBUG    ********************************************************
2025-06-09 01:49:16,699 kilosort.clustering_qr DEBUG    CPU usage:    44.20 %
2025-06-09 01:49:16,699 kilosort.clustering_qr DEBUG    Memory:        5.69 %     |     42.90   /   754.60 GB
2025-06-09 01:49:16,699 kilosort.clustering_qr DEBUG    ------------------------------------------------------
2025-06-09 01:49:16,699 kilosort.clustering_qr DEBUG    GPU usage:    `conda install pynvml` for GPU usage
2025-06-09 01:49:16,699 kilosort.clustering_qr DEBUG    GPU memory:   17.43 %     |      6.89   /    39.50 GB
2025-06-09 01:49:16,699 kilosort.clustering_qr DEBUG    Allocated:     0.02 %     |      0.01   /    39.50 GB
2025-06-09 01:49:16,700 kilosort.clustering_qr DEBUG    Max alloc:     0.75 %     |      0.30   /    39.50 GB
2025-06-09 01:49:16,700 kilosort.clustering_qr DEBUG    ********************************************************
2025-06-09 01:49:16,703 kilosort.clustering_qr DEBUG    Center 0 | nsp: 161 | ntemp: 12
2025-06-09 01:49:16,705 kilosort.clustering_qr DEBUG    Center 1 | nsp: 94 | ntemp: 12
2025-06-09 01:49:16,707 kilosort.clustering_qr DEBUG    Center 2 | nsp: 93 | ntemp: 12
2025-06-09 01:49:16,709 kilosort.clustering_qr DEBUG    Center 3 | nsp: 99 | ntemp: 12
2025-06-09 01:49:16,711 kilosort.clustering_qr DEBUG    Center 4 | nsp: 12 | ntemp: 12
2025-06-09 01:49:16,713 kilosort.clustering_qr DEBUG    Center 5 | nsp: 134 | ntemp: 12
2025-06-09 01:49:16,715 kilosort.clustering_qr DEBUG    Center 6 | nsp: 72 | ntemp: 12
2025-06-09 01:49:16,717 kilosort.clustering_qr DEBUG    Center 7 | nsp: 9 | ntemp: 12
2025-06-09 01:49:16,719 kilosort.clustering_qr DEBUG    Center 8 | nsp: 77 | ntemp: 12
2025-06-09 01:49:16,721 kilosort.clustering_qr DEBUG    Center 9 | nsp: 107 | ntemp: 12
2025-06-09 01:49:16,721 kilosort.clustering_qr DEBUG     
2025-06-09 01:49:16,721 kilosort.clustering_qr DEBUG    Cluster center: 10 of 12
2025-06-09 01:49:16,721 kilosort.clustering_qr DEBUG    ********************************************************
2025-06-09 01:49:16,722 kilosort.clustering_qr DEBUG    CPU usage:    59.80 %
2025-06-09 01:49:16,722 kilosort.clustering_qr DEBUG    Memory:        5.69 %     |     42.91   /   754.60 GB
2025-06-09 01:49:16,722 kilosort.clustering_qr DEBUG    ------------------------------------------------------
2025-06-09 01:49:16,722 kilosort.clustering_qr DEBUG    GPU usage:    `conda install pynvml` for GPU usage
2025-06-09 01:49:16,722 kilosort.clustering_qr DEBUG    GPU memory:   17.43 %     |      6.89   /    39.50 GB
2025-06-09 01:49:16,722 kilosort.clustering_qr DEBUG    Allocated:     0.02 %     |      0.01   /    39.50 GB
2025-06-09 01:49:16,722 kilosort.clustering_qr DEBUG    Max alloc:     0.75 %     |      0.30   /    39.50 GB
2025-06-09 01:49:16,722 kilosort.clustering_qr DEBUG    ********************************************************
2025-06-09 01:49:16,724 kilosort.clustering_qr DEBUG    Center 10 | nsp: 200 | ntemp: 12
2025-06-09 01:49:16,725 kilosort.clustering_qr DEBUG    Center 11 | nsp: 67 | ntemp: 3
2025-06-09 01:49:16,744 kilosort.run_kilosort INFO     12 clusters found, in  0.06s; total  0.63s
2025-06-09 01:49:16,745 kilosort.run_kilosort DEBUG    clu shape: (1125,)
2025-06-09 01:49:16,745 kilosort.run_kilosort DEBUG    Wall shape: torch.Size([12, 32, 6])
2025-06-09 01:49:16,745 kilosort.run_kilosort INFO      
2025-06-09 01:49:16,745 kilosort.run_kilosort INFO     Extracting spikes using cluster waveforms
2025-06-09 01:49:16,746 kilosort.run_kilosort INFO     ----------------------------------------
2025-06-09 01:49:16,762 kilosort.template_matching DEBUG     
2025-06-09 01:49:16,763 kilosort.template_matching DEBUG    Batch 0
2025-06-09 01:49:16,763 kilosort.template_matching DEBUG    ********************************************************
2025-06-09 01:49:16,763 kilosort.template_matching DEBUG    CPU usage:    48.30 %
2025-06-09 01:49:16,763 kilosort.template_matching DEBUG    Memory:        5.72 %     |     43.14   /   754.60 GB
2025-06-09 01:49:16,763 kilosort.template_matching DEBUG    ------------------------------------------------------
2025-06-09 01:49:16,763 kilosort.template_matching DEBUG    GPU usage:    `conda install pynvml` for GPU usage
2025-06-09 01:49:16,763 kilosort.template_matching DEBUG    GPU memory:   17.43 %     |      6.89   /    39.50 GB
2025-06-09 01:49:16,763 kilosort.template_matching DEBUG    Allocated:     0.02 %     |      0.01   /    39.50 GB
2025-06-09 01:49:16,764 kilosort.template_matching DEBUG    Max alloc:     0.75 %     |      0.30   /    39.50 GB
2025-06-09 01:49:16,764 kilosort.template_matching DEBUG    ********************************************************
2025-06-09 01:49:16,880 kilosort.template_matching DEBUG     
2025-06-09 01:49:16,880 kilosort.template_matching DEBUG    Batch 4
2025-06-09 01:49:16,880 kilosort.template_matching DEBUG    ********************************************************
2025-06-09 01:49:16,881 kilosort.template_matching DEBUG    CPU usage:    37.30 %
2025-06-09 01:49:16,881 kilosort.template_matching DEBUG    Memory:        5.72 %     |     43.15   /   754.60 GB
2025-06-09 01:49:16,881 kilosort.template_matching DEBUG    ------------------------------------------------------
2025-06-09 01:49:16,881 kilosort.template_matching DEBUG    GPU usage:    `conda install pynvml` for GPU usage
2025-06-09 01:49:16,881 kilosort.template_matching DEBUG    GPU memory:   17.43 %     |      6.89   /    39.50 GB
2025-06-09 01:49:16,881 kilosort.template_matching DEBUG    Allocated:     0.06 %     |      0.02   /    39.50 GB
2025-06-09 01:49:16,882 kilosort.template_matching DEBUG    Max alloc:     0.75 %     |      0.30   /    39.50 GB
2025-06-09 01:49:16,882 kilosort.template_matching DEBUG    ********************************************************
2025-06-09 01:49:16,887 kilosort.run_kilosort INFO     2013 spikes extracted in  0.14s; total  0.77s
2025-06-09 01:49:16,887 kilosort.run_kilosort DEBUG    st shape: (2013, 3)
2025-06-09 01:49:16,887 kilosort.run_kilosort DEBUG    tF shape: torch.Size([2013, 10, 6])
2025-06-09 01:49:16,888 kilosort.run_kilosort DEBUG    iCC shape: torch.Size([10, 32])
2025-06-09 01:49:16,888 kilosort.run_kilosort DEBUG    iU shape: torch.Size([11])
2025-06-09 01:49:16,888 kilosort.run_kilosort INFO      
2025-06-09 01:49:16,888 kilosort.run_kilosort INFO     Resource usage after spike detection
2025-06-09 01:49:16,888 kilosort.run_kilosort INFO     ********************************************************
2025-06-09 01:49:16,889 kilosort.run_kilosort INFO     CPU usage:    56.70 %
2025-06-09 01:49:16,890 kilosort.run_kilosort INFO     Memory:        5.69 %     |     42.93   /   754.60 GB
2025-06-09 01:49:16,890 kilosort.run_kilosort INFO     ------------------------------------------------------
2025-06-09 01:49:16,890 kilosort.run_kilosort INFO     GPU usage:    `conda install pynvml` for GPU usage
2025-06-09 01:49:16,891 kilosort.run_kilosort INFO     GPU memory:   17.43 %     |      6.89   /    39.50 GB
2025-06-09 01:49:16,892 kilosort.run_kilosort INFO     Allocated:     0.02 %     |      0.01   /    39.50 GB
2025-06-09 01:49:16,892 kilosort.run_kilosort INFO     Max alloc:     0.75 %     |      0.30   /    39.50 GB
2025-06-09 01:49:16,892 kilosort.run_kilosort INFO     ********************************************************
2025-06-09 01:49:16,893 kilosort.run_kilosort DEBUG    

|===========================================================================|
|                  PyTorch CUDA memory summary, device ID 0                 |
|---------------------------------------------------------------------------|
|            CUDA OOMs: 0            |        cudaMalloc retries: 0         |
|===========================================================================|
|        Metric         | Cur Usage  | Peak Usage | Tot Alloc  | Tot Freed  |
|---------------------------------------------------------------------------|
| Allocated memory      |   9155 KiB | 310277 KiB |  30587 GiB |  30587 GiB |
|---------------------------------------------------------------------------|
| Active memory         |   9155 KiB | 310277 KiB |  30587 GiB |  30587 GiB |
|---------------------------------------------------------------------------|
| Requested memory      |   9149 KiB | 310188 KiB |  30250 GiB |  30250 GiB |
|---------------------------------------------------------------------------|
| GPU reserved memory   | 481280 KiB | 481280 KiB | 481280 KiB |      0 B   |
|---------------------------------------------------------------------------|
| Non-releasable memory |  13373 KiB | 184425 KiB |  16653 GiB |  16653 GiB |
|---------------------------------------------------------------------------|
| Allocations           |      35    |      67    |    6553 K  |    6553 K  |
|---------------------------------------------------------------------------|
| Active allocs         |      35    |      67    |    6553 K  |    6553 K  |
|---------------------------------------------------------------------------|
| GPU reserved segments |      15    |      15    |      15    |       0    |
|---------------------------------------------------------------------------|
| Non-releasable allocs |      13    |      27    |    2658 K  |    2658 K  |
|---------------------------------------------------------------------------|
| Oversize allocations  |       0    |       0    |       0    |       0    |
|---------------------------------------------------------------------------|
| Oversize GPU segments |       0    |       0    |       0    |       0    |
|===========================================================================|


2025-06-09 01:49:16,893 kilosort.run_kilosort INFO      
2025-06-09 01:49:16,893 kilosort.run_kilosort INFO     Final clustering
2025-06-09 01:49:16,894 kilosort.run_kilosort INFO     ----------------------------------------
2025-06-09 01:49:16,908 kilosort.clustering_qr DEBUG     
2025-06-09 01:49:16,908 kilosort.clustering_qr DEBUG    Cluster center: 0 of 12
2025-06-09 01:49:16,908 kilosort.clustering_qr DEBUG    ********************************************************
2025-06-09 01:49:16,909 kilosort.clustering_qr DEBUG    CPU usage:    50.00 %
2025-06-09 01:49:16,909 kilosort.clustering_qr DEBUG    Memory:        5.69 %     |     42.93   /   754.60 GB
2025-06-09 01:49:16,909 kilosort.clustering_qr DEBUG    ------------------------------------------------------
2025-06-09 01:49:16,909 kilosort.clustering_qr DEBUG    GPU usage:    `conda install pynvml` for GPU usage
2025-06-09 01:49:16,909 kilosort.clustering_qr DEBUG    GPU memory:   17.43 %     |      6.89   /    39.50 GB
2025-06-09 01:49:16,909 kilosort.clustering_qr DEBUG    Allocated:     0.02 %     |      0.01   /    39.50 GB
2025-06-09 01:49:16,909 kilosort.clustering_qr DEBUG    Max alloc:     0.75 %     |      0.30   /    39.50 GB
2025-06-09 01:49:16,909 kilosort.clustering_qr DEBUG    ********************************************************
2025-06-09 01:49:16,910 kilosort.clustering_qr DEBUG    Center 0 | nsp: 275 | ntemp: 1
2025-06-09 01:49:16,911 kilosort.clustering_qr DEBUG    Center 1 | nsp: 0 | ntemp: 0
2025-06-09 01:49:16,912 kilosort.clustering_qr DEBUG    Center 2 | nsp: 388 | ntemp: 3
2025-06-09 01:49:16,912 kilosort.clustering_qr DEBUG    Center 3 | nsp: 0 | ntemp: 0
2025-06-09 01:49:16,913 kilosort.clustering_qr DEBUG    Center 4 | nsp: 109 | ntemp: 1
2025-06-09 01:49:16,913 kilosort.clustering_qr DEBUG    Center 5 | nsp: 0 | ntemp: 0
2025-06-09 01:49:16,914 kilosort.clustering_qr DEBUG    Center 6 | nsp: 342 | ntemp: 2
2025-06-09 01:49:16,915 kilosort.clustering_qr DEBUG    Center 7 | nsp: 0 | ntemp: 0
2025-06-09 01:49:16,915 kilosort.clustering_qr DEBUG    Center 8 | nsp: 0 | ntemp: 0
2025-06-09 01:49:16,915 kilosort.clustering_qr DEBUG    Center 9 | nsp: 404 | ntemp: 2
2025-06-09 01:49:16,916 kilosort.clustering_qr DEBUG     
2025-06-09 01:49:16,916 kilosort.clustering_qr DEBUG    Cluster center: 10 of 12
2025-06-09 01:49:16,916 kilosort.clustering_qr DEBUG    ********************************************************
2025-06-09 01:49:16,916 kilosort.clustering_qr DEBUG    CPU usage:    59.30 %
2025-06-09 01:49:16,916 kilosort.clustering_qr DEBUG    Memory:        5.69 %     |     42.93   /   754.60 GB
2025-06-09 01:49:16,916 kilosort.clustering_qr DEBUG    ------------------------------------------------------
2025-06-09 01:49:16,916 kilosort.clustering_qr DEBUG    GPU usage:    `conda install pynvml` for GPU usage
2025-06-09 01:49:16,916 kilosort.clustering_qr DEBUG    GPU memory:   17.43 %     |      6.89   /    39.50 GB
2025-06-09 01:49:16,917 kilosort.clustering_qr DEBUG    Allocated:     0.02 %     |      0.01   /    39.50 GB
2025-06-09 01:49:16,917 kilosort.clustering_qr DEBUG    Max alloc:     0.75 %     |      0.30   /    39.50 GB
2025-06-09 01:49:16,917 kilosort.clustering_qr DEBUG    ********************************************************
2025-06-09 01:49:16,917 kilosort.clustering_qr DEBUG    Center 10 | nsp: 0 | ntemp: 0
2025-06-09 01:49:16,918 kilosort.clustering_qr DEBUG    Center 11 | nsp: 495 | ntemp: 2
2025-06-09 01:49:16,923 kilosort.run_kilosort INFO     6 clusters found, in  0.03s; total  0.81s
2025-06-09 01:49:16,924 kilosort.run_kilosort DEBUG    clu shape: (2013,)
2025-06-09 01:49:16,924 kilosort.run_kilosort DEBUG    Wall shape: torch.Size([6, 32, 6])
2025-06-09 01:49:16,924 kilosort.run_kilosort INFO      
2025-06-09 01:49:16,924 kilosort.run_kilosort INFO     Merging clusters
2025-06-09 01:49:16,924 kilosort.run_kilosort INFO     ----------------------------------------
2025-06-09 01:49:16,927 kilosort.run_kilosort INFO     6 units found, in  0.00s; total  0.81s
2025-06-09 01:49:16,928 kilosort.run_kilosort DEBUG    clu shape: (2013,)
2025-06-09 01:49:16,928 kilosort.run_kilosort DEBUG    Wall shape: torch.Size([6, 32, 6])
2025-06-09 01:49:16,928 kilosort.run_kilosort INFO      
2025-06-09 01:49:16,928 kilosort.run_kilosort INFO     Resource usage after clustering
2025-06-09 01:49:16,928 kilosort.run_kilosort INFO     ********************************************************
2025-06-09 01:49:16,929 kilosort.run_kilosort INFO     CPU usage:    46.70 %
2025-06-09 01:49:16,929 kilosort.run_kilosort INFO     Memory:        5.69 %     |     42.93   /   754.60 GB
2025-06-09 01:49:16,930 kilosort.run_kilosort INFO     ------------------------------------------------------
2025-06-09 01:49:16,930 kilosort.run_kilosort INFO     GPU usage:    `conda install pynvml` for GPU usage
2025-06-09 01:49:16,931 kilosort.run_kilosort INFO     GPU memory:   17.43 %     |      6.89   /    39.50 GB
2025-06-09 01:49:16,931 kilosort.run_kilosort INFO     Allocated:     0.02 %     |      0.01   /    39.50 GB
2025-06-09 01:49:16,931 kilosort.run_kilosort INFO     Max alloc:     0.75 %     |      0.30   /    39.50 GB
2025-06-09 01:49:16,932 kilosort.run_kilosort INFO     ********************************************************
2025-06-09 01:49:16,932 kilosort.run_kilosort DEBUG    

|===========================================================================|
|                  PyTorch CUDA memory summary, device ID 0                 |
|---------------------------------------------------------------------------|
|            CUDA OOMs: 0            |        cudaMalloc retries: 0         |
|===========================================================================|
|        Metric         | Cur Usage  | Peak Usage | Tot Alloc  | Tot Freed  |
|---------------------------------------------------------------------------|
| Allocated memory      |   9146 KiB | 310277 KiB |  30587 GiB |  30587 GiB |
|---------------------------------------------------------------------------|
| Active memory         |   9146 KiB | 310277 KiB |  30587 GiB |  30587 GiB |
|---------------------------------------------------------------------------|
| Requested memory      |   9141 KiB | 310188 KiB |  30250 GiB |  30250 GiB |
|---------------------------------------------------------------------------|
| GPU reserved memory   | 481280 KiB | 481280 KiB | 481280 KiB |      0 B   |
|---------------------------------------------------------------------------|
| Non-releasable memory |  13381 KiB | 184425 KiB |  16653 GiB |  16653 GiB |
|---------------------------------------------------------------------------|
| Allocations           |      34    |      67    |    6553 K  |    6553 K  |
|---------------------------------------------------------------------------|
| Active allocs         |      34    |      67    |    6553 K  |    6553 K  |
|---------------------------------------------------------------------------|
| GPU reserved segments |      15    |      15    |      15    |       0    |
|---------------------------------------------------------------------------|
| Non-releasable allocs |      14    |      27    |    2658 K  |    2658 K  |
|---------------------------------------------------------------------------|
| Oversize allocations  |       0    |       0    |       0    |       0    |
|---------------------------------------------------------------------------|
| Oversize GPU segments |       0    |       0    |       0    |       0    |
|===========================================================================|


2025-06-09 01:49:16,932 kilosort.run_kilosort INFO      
2025-06-09 01:49:16,933 kilosort.run_kilosort INFO     Saving to phy and computing refractory periods
2025-06-09 01:49:16,933 kilosort.run_kilosort INFO     ----------------------------------------
2025-06-09 01:49:17,028 kilosort.run_kilosort INFO     0 units found with good refractory periods
2025-06-09 01:49:17,029 kilosort.run_kilosort INFO     Total runtime: 0.92s = 00:00:1 h:m:s
2025-06-09 01:49:17,034 kilosort.run_kilosort INFO     Sorting output saved in: /home/lss72/palmer_scratch/spike_sort/kilosort4.
2025-06-09 01:49:17,034 kilosort.run_kilosort INFO      
2025-06-09 01:49:17,035 kilosort.run_kilosort INFO     Resource usage after saving
2025-06-09 01:49:17,035 kilosort.run_kilosort INFO     ********************************************************
2025-06-09 01:49:17,036 kilosort.run_kilosort INFO     CPU usage:    39.60 %
2025-06-09 01:49:17,036 kilosort.run_kilosort INFO     Memory:        5.69 %     |     42.95   /   754.60 GB
2025-06-09 01:49:17,037 kilosort.run_kilosort INFO     ------------------------------------------------------
2025-06-09 01:49:17,037 kilosort.run_kilosort INFO     GPU usage:    `conda install pynvml` for GPU usage
2025-06-09 01:49:17,037 kilosort.run_kilosort INFO     GPU memory:   17.43 %     |      6.89   /    39.50 GB
2025-06-09 01:49:17,038 kilosort.run_kilosort INFO     Allocated:     0.02 %     |      0.01   /    39.50 GB
2025-06-09 01:49:17,038 kilosort.run_kilosort INFO     Max alloc:     0.75 %     |      0.30   /    39.50 GB
2025-06-09 01:49:17,039 kilosort.run_kilosort INFO     ********************************************************
2025-06-09 01:49:17,040 kilosort.run_kilosort DEBUG    

|===========================================================================|
|                  PyTorch CUDA memory summary, device ID 0                 |
|---------------------------------------------------------------------------|
|            CUDA OOMs: 0            |        cudaMalloc retries: 0         |
|===========================================================================|
|        Metric         | Cur Usage  | Peak Usage | Tot Alloc  | Tot Freed  |
|---------------------------------------------------------------------------|
| Allocated memory      |   9146 KiB | 310277 KiB |  30587 GiB |  30587 GiB |
|---------------------------------------------------------------------------|
| Active memory         |   9146 KiB | 310277 KiB |  30587 GiB |  30587 GiB |
|---------------------------------------------------------------------------|
| Requested memory      |   9141 KiB | 310188 KiB |  30250 GiB |  30250 GiB |
|---------------------------------------------------------------------------|
| GPU reserved memory   | 481280 KiB | 481280 KiB | 481280 KiB |      0 B   |
|---------------------------------------------------------------------------|
| Non-releasable memory |  13381 KiB | 184425 KiB |  16653 GiB |  16653 GiB |
|---------------------------------------------------------------------------|
| Allocations           |      34    |      67    |    6553 K  |    6553 K  |
|---------------------------------------------------------------------------|
| Active allocs         |      34    |      67    |    6553 K  |    6553 K  |
|---------------------------------------------------------------------------|
| GPU reserved segments |      15    |      15    |      15    |       0    |
|---------------------------------------------------------------------------|
| Non-releasable allocs |      14    |      27    |    2658 K  |    2658 K  |
|---------------------------------------------------------------------------|
| Oversize allocations  |       0    |       0    |       0    |       0    |
|---------------------------------------------------------------------------|
| Oversize GPU segments |       0    |       0    |       0    |       0    |
|===========================================================================|


