2025-06-09 01:47:27,865 kilosort.run_kilosort INFO     Kilosort version 4.0.25
2025-06-09 01:47:27,868 kilosort.run_kilosort INFO     Python version 3.9.21
2025-06-09 01:47:27,868 kilosort.run_kilosort INFO     ----------------------------------------
2025-06-09 01:47:27,868 kilosort.run_kilosort INFO     System information:
2025-06-09 01:47:27,869 kilosort.run_kilosort INFO     Linux-4.18.0-477.74.1.el8_8.x86_64-x86_64-with-glibc2.28 x86_64
2025-06-09 01:47:27,869 kilosort.run_kilosort INFO     x86_64
2025-06-09 01:47:27,869 kilosort.run_kilosort INFO     Using GPU for PyTorch computations. Specify `device` to change this.
2025-06-09 01:47:27,870 kilosort.run_kilosort INFO     Using CUDA device: NVIDIA A100-PCIE-40GB 39.50GB
2025-06-09 01:47:27,870 kilosort.run_kilosort INFO     ----------------------------------------
2025-06-09 01:47:27,870 kilosort.run_kilosort INFO     Sorting /home/lss72/palmer_scratch/spike_sort/2014_11_25_Pair_3_0
2025-06-09 01:47:27,871 kilosort.run_kilosort DEBUG    Initial ops:

ops = {
    'n_chan_bin': 32,
    'fs': 30000,
    'batch_size': 60000,
    'nblocks': 1,
    'Th_universal': 9,
    'Th_learned': 8,
    'tmin': 0,
    'tmax': 60,
    'nt': 61,
    'shift': None,
    'scale': None,
    'artifact_threshold': inf,
    'nskip': 25,
    'whitening_range': 32,
    'highpass_cutoff': 300,
    'binning_depth': 5,
    'sig_interp': 20,
    'drift_smoothing': [0.5, 0.5, 0.5],
    'nt0min': 20,
    'dmin': None,
    'dminx': 32,
    'min_template_size': 10,
    'template_sizes': 5,
    'nearest_chans': 10,
    'nearest_templates': 100,
    'max_channel_distance': 32,
    'max_peels': 100,
    'templates_from_data': True,
    'n_templates': 6,
    'n_pcs': 6,
    'Th_single_ch': 6,
    'acg_threshold': 0.2,
    'ccg_threshold': 0.25,
    'cluster_downsampling': 20,
    'x_centers': None,
    'duplicate_spike_ms': 0.25,
    'position_limit': 100,
    'data_dir': PosixPath('/home/lss72/palmer_scratch/spike_sort'),
    'filename': PosixPath('/home/lss72/palmer_scratch/spike_sort/2014_11_25_Pair_3_0'),
    'data_dtype': dtype('uint16'),
    'do_CAR': True,
    'invert_sign': False,
    'NTbuff': 60122,
    'Nchan': 32,
    'duplicate_spike_bins': 7,
    'torch_device': 'cuda',
    'save_preprocessed_copy': False
}

2025-06-09 01:47:27,874 kilosort.run_kilosort DEBUG    Probe dictionary:

probe = {
    'chanMap': np.array([ 0,  1,  2,  3,  4,  5,  6,  7,  8,  9, 10, 11, 12, 13, 14, 15, 16,
       17, 18, 19, 20, 21, 22, 23, 24, 25, 26, 27, 28, 29, 30, 31]),
    'xc': np.array([  0.,   0.,  18.,  18.,  18.,  18.,  18.,  18.,   0.,   0.,  18.,
        18.,  18.,  18.,   0.,   0.,   0.,   0., -18., -18., -18., -18.,
         0.,   0., -18., -18., -18., -18., -18., -18.,   0.,   0.],
      dtype=np.float32),
    'yc': np.array([275. , 225. ,  12.5,  37.5,  87.5, 137.5, 187.5, 237.5,  75. ,
        25. , 212.5, 162.5, 112.5,  62.5, 125. , 175. , 150. , 100. ,
        62.5, 112.5, 162.5, 212.5,   0. ,  50. , 237.5, 187.5, 137.5,
        87.5,  37.5,  12.5, 200. , 250. ], dtype=np.float32),
    'kcoords': np.array([0., 0., 0., 0., 0., 0., 0., 0., 0., 0., 0., 0., 0., 0., 0., 0., 0.,
       0., 0., 0., 0., 0., 0., 0., 0., 0., 0., 0., 0., 0., 0., 0.]),
    'n_chan': 32
}

2025-06-09 01:47:27,874 kilosort.run_kilosort INFO      
2025-06-09 01:47:27,874 kilosort.run_kilosort INFO     Computing preprocessing variables.
2025-06-09 01:47:27,874 kilosort.run_kilosort INFO     ----------------------------------------
2025-06-09 01:47:27,876 kilosort.run_kilosort INFO     N samples: 1800000
2025-06-09 01:47:27,877 kilosort.run_kilosort INFO     N seconds: 60.0
2025-06-09 01:47:27,877 kilosort.run_kilosort INFO     N batches: 30
2025-06-09 01:47:27,919 kilosort.run_kilosort INFO     Preprocessing filters computed in  0.04s; total  0.05s
2025-06-09 01:47:27,919 kilosort.run_kilosort DEBUG    hp_filter shape: torch.Size([30122])
2025-06-09 01:47:27,919 kilosort.run_kilosort DEBUG    whiten_mat shape: torch.Size([32, 32])
2025-06-09 01:47:27,919 kilosort.run_kilosort INFO      
2025-06-09 01:47:27,920 kilosort.run_kilosort INFO     Resource usage after preprocessing
2025-06-09 01:47:27,920 kilosort.run_kilosort INFO     ********************************************************
2025-06-09 01:47:27,921 kilosort.run_kilosort INFO     CPU usage:    33.40 %
2025-06-09 01:47:27,921 kilosort.run_kilosort INFO     Memory:        5.69 %     |     42.96   /   754.60 GB
2025-06-09 01:47:27,922 kilosort.run_kilosort INFO     ------------------------------------------------------
2025-06-09 01:47:27,922 kilosort.run_kilosort INFO     GPU usage:    `conda install pynvml` for GPU usage
2025-06-09 01:47:27,922 kilosort.run_kilosort INFO     GPU memory:   17.43 %     |      6.89   /    39.50 GB
2025-06-09 01:47:27,923 kilosort.run_kilosort INFO     Allocated:     0.02 %     |      0.01   /    39.50 GB
2025-06-09 01:47:27,924 kilosort.run_kilosort INFO     Max alloc:     0.75 %     |      0.30   /    39.50 GB
2025-06-09 01:47:27,924 kilosort.run_kilosort INFO     ********************************************************
2025-06-09 01:47:27,925 kilosort.run_kilosort INFO      
2025-06-09 01:47:27,925 kilosort.run_kilosort INFO     Computing drift correction.
2025-06-09 01:47:27,925 kilosort.run_kilosort INFO     ----------------------------------------
2025-06-09 01:47:27,926 kilosort.spikedetect INFO     Re-computing universal templates from data.
2025-06-09 01:47:27,971 kilosort.spikedetect INFO     Number of universal templates: 135
2025-06-09 01:47:27,974 kilosort.spikedetect INFO     Detecting spikes...
2025-06-09 01:47:27,976 kilosort.spikedetect DEBUG     
2025-06-09 01:47:27,976 kilosort.spikedetect DEBUG    Batch 0
2025-06-09 01:47:27,976 kilosort.spikedetect DEBUG    ********************************************************
2025-06-09 01:47:27,977 kilosort.spikedetect DEBUG    CPU usage:    48.80 %
2025-06-09 01:47:27,977 kilosort.spikedetect DEBUG    Memory:        5.70 %     |     42.98   /   754.60 GB
2025-06-09 01:47:27,977 kilosort.spikedetect DEBUG    ------------------------------------------------------
2025-06-09 01:47:27,977 kilosort.spikedetect DEBUG    GPU usage:    `conda install pynvml` for GPU usage
2025-06-09 01:47:27,977 kilosort.spikedetect DEBUG    GPU memory:   17.43 %     |      6.89   /    39.50 GB
2025-06-09 01:47:27,977 kilosort.spikedetect DEBUG    Allocated:     0.02 %     |      0.01   /    39.50 GB
2025-06-09 01:47:27,977 kilosort.spikedetect DEBUG    Max alloc:     0.75 %     |      0.30   /    39.50 GB
2025-06-09 01:47:27,977 kilosort.spikedetect DEBUG    ********************************************************
2025-06-09 01:47:28,950 kilosort.spikedetect DEBUG     
2025-06-09 01:47:28,951 kilosort.spikedetect DEBUG    Batch 29
2025-06-09 01:47:28,951 kilosort.spikedetect DEBUG    ********************************************************
2025-06-09 01:47:28,951 kilosort.spikedetect DEBUG    CPU usage:    36.20 %
2025-06-09 01:47:28,951 kilosort.spikedetect DEBUG    Memory:        5.70 %     |     43.00   /   754.60 GB
2025-06-09 01:47:28,951 kilosort.spikedetect DEBUG    ------------------------------------------------------
2025-06-09 01:47:28,951 kilosort.spikedetect DEBUG    GPU usage:    `conda install pynvml` for GPU usage
2025-06-09 01:47:28,951 kilosort.spikedetect DEBUG    GPU memory:   17.43 %     |      6.89   /    39.50 GB
2025-06-09 01:47:28,951 kilosort.spikedetect DEBUG    Allocated:     0.04 %     |      0.02   /    39.50 GB
2025-06-09 01:47:28,952 kilosort.spikedetect DEBUG    Max alloc:     0.75 %     |      0.30   /    39.50 GB
2025-06-09 01:47:28,952 kilosort.spikedetect DEBUG    ********************************************************
2025-06-09 01:47:29,027 kilosort.run_kilosort INFO     drift computed in  1.10s; total  1.16s
2025-06-09 01:47:29,031 kilosort.run_kilosort DEBUG    st shape: (6417, 6)
2025-06-09 01:47:29,031 kilosort.run_kilosort DEBUG    yblk shape: (1,)
2025-06-09 01:47:29,031 kilosort.run_kilosort DEBUG    dshift shape: (30, 1)
2025-06-09 01:47:29,031 kilosort.run_kilosort DEBUG    iKxx shape: torch.Size([32, 32])
2025-06-09 01:47:29,031 kilosort.run_kilosort INFO      
2025-06-09 01:47:29,032 kilosort.run_kilosort INFO     Resource usage after drift correction
2025-06-09 01:47:29,032 kilosort.run_kilosort INFO     ********************************************************
2025-06-09 01:47:29,033 kilosort.run_kilosort INFO     CPU usage:    37.60 %
2025-06-09 01:47:29,033 kilosort.run_kilosort INFO     Memory:        5.70 %     |     43.00   /   754.60 GB
2025-06-09 01:47:29,034 kilosort.run_kilosort INFO     ------------------------------------------------------
2025-06-09 01:47:29,034 kilosort.run_kilosort INFO     GPU usage:    `conda install pynvml` for GPU usage
2025-06-09 01:47:29,034 kilosort.run_kilosort INFO     GPU memory:   17.43 %     |      6.89   /    39.50 GB
2025-06-09 01:47:29,035 kilosort.run_kilosort INFO     Allocated:     0.02 %     |      0.01   /    39.50 GB
2025-06-09 01:47:29,035 kilosort.run_kilosort INFO     Max alloc:     0.75 %     |      0.30   /    39.50 GB
2025-06-09 01:47:29,036 kilosort.run_kilosort INFO     ********************************************************
2025-06-09 01:47:29,036 kilosort.run_kilosort DEBUG    

|===========================================================================|
|                  PyTorch CUDA memory summary, device ID 0                 |
|---------------------------------------------------------------------------|
|            CUDA OOMs: 0            |        cudaMalloc retries: 0         |
|===========================================================================|
|        Metric         | Cur Usage  | Peak Usage | Tot Alloc  | Tot Freed  |
|---------------------------------------------------------------------------|
| Allocated memory      |   9143 KiB | 310277 KiB |  29502 GiB |  29502 GiB |
|---------------------------------------------------------------------------|
| Active memory         |   9143 KiB | 310277 KiB |  29502 GiB |  29502 GiB |
|---------------------------------------------------------------------------|
| Requested memory      |   9138 KiB | 310188 KiB |  29177 GiB |  29177 GiB |
|---------------------------------------------------------------------------|
| GPU reserved memory   | 481280 KiB | 481280 KiB | 481280 KiB |      0 B   |
|---------------------------------------------------------------------------|
| Non-releasable memory |  13385 KiB | 184425 KiB |  16092 GiB |  16092 GiB |
|---------------------------------------------------------------------------|
| Allocations           |      31    |      67    |    6216 K  |    6215 K  |
|---------------------------------------------------------------------------|
| Active allocs         |      31    |      67    |    6216 K  |    6215 K  |
|---------------------------------------------------------------------------|
| GPU reserved segments |      15    |      15    |      15    |       0    |
|---------------------------------------------------------------------------|
| Non-releasable allocs |      12    |      27    |    2504 K  |    2504 K  |
|---------------------------------------------------------------------------|
| Oversize allocations  |       0    |       0    |       0    |       0    |
|---------------------------------------------------------------------------|
| Oversize GPU segments |       0    |       0    |       0    |       0    |
|===========================================================================|


2025-06-09 01:47:29,045 kilosort.run_kilosort DEBUG    First batch min, max: (-15.961035, 9.549213)
2025-06-09 01:47:29,045 kilosort.run_kilosort INFO      
2025-06-09 01:47:29,045 kilosort.run_kilosort INFO     Extracting spikes using templates
2025-06-09 01:47:29,046 kilosort.run_kilosort INFO     ----------------------------------------
2025-06-09 01:47:29,046 kilosort.spikedetect INFO     Re-computing universal templates from data.
2025-06-09 01:47:29,091 kilosort.spikedetect INFO     Number of universal templates: 135
2025-06-09 01:47:29,096 kilosort.spikedetect INFO     Detecting spikes...
2025-06-09 01:47:29,098 kilosort.spikedetect DEBUG     
2025-06-09 01:47:29,098 kilosort.spikedetect DEBUG    Batch 0
2025-06-09 01:47:29,098 kilosort.spikedetect DEBUG    ********************************************************
2025-06-09 01:47:29,098 kilosort.spikedetect DEBUG    CPU usage:    47.40 %
2025-06-09 01:47:29,098 kilosort.spikedetect DEBUG    Memory:        5.67 %     |     42.77   /   754.60 GB
2025-06-09 01:47:29,098 kilosort.spikedetect DEBUG    ------------------------------------------------------
2025-06-09 01:47:29,098 kilosort.spikedetect DEBUG    GPU usage:    `conda install pynvml` for GPU usage
2025-06-09 01:47:29,098 kilosort.spikedetect DEBUG    GPU memory:   17.43 %     |      6.89   /    39.50 GB
2025-06-09 01:47:29,098 kilosort.spikedetect DEBUG    Allocated:     0.02 %     |      0.01   /    39.50 GB
2025-06-09 01:47:29,099 kilosort.spikedetect DEBUG    Max alloc:     0.75 %     |      0.30   /    39.50 GB
2025-06-09 01:47:29,099 kilosort.spikedetect DEBUG    ********************************************************
2025-06-09 01:47:30,022 kilosort.spikedetect DEBUG     
2025-06-09 01:47:30,022 kilosort.spikedetect DEBUG    Batch 29
2025-06-09 01:47:30,022 kilosort.spikedetect DEBUG    ********************************************************
2025-06-09 01:47:30,023 kilosort.spikedetect DEBUG    CPU usage:    36.20 %
2025-06-09 01:47:30,023 kilosort.spikedetect DEBUG    Memory:        5.67 %     |     42.81   /   754.60 GB
2025-06-09 01:47:30,023 kilosort.spikedetect DEBUG    ------------------------------------------------------
2025-06-09 01:47:30,023 kilosort.spikedetect DEBUG    GPU usage:    `conda install pynvml` for GPU usage
2025-06-09 01:47:30,023 kilosort.spikedetect DEBUG    GPU memory:   17.43 %     |      6.89   /    39.50 GB
2025-06-09 01:47:30,023 kilosort.spikedetect DEBUG    Allocated:     0.04 %     |      0.02   /    39.50 GB
2025-06-09 01:47:30,023 kilosort.spikedetect DEBUG    Max alloc:     0.75 %     |      0.30   /    39.50 GB
2025-06-09 01:47:30,023 kilosort.spikedetect DEBUG    ********************************************************
2025-06-09 01:47:30,023 kilosort.run_kilosort INFO     6404 spikes extracted in  0.98s; total  2.15s
2025-06-09 01:47:30,024 kilosort.run_kilosort DEBUG    st0 shape: (6404, 6)
2025-06-09 01:47:30,024 kilosort.run_kilosort DEBUG    tF shape: torch.Size([6404, 10, 6])
2025-06-09 01:47:30,024 kilosort.run_kilosort INFO      
2025-06-09 01:47:30,024 kilosort.run_kilosort INFO     First clustering
2025-06-09 01:47:30,024 kilosort.run_kilosort INFO     ----------------------------------------
2025-06-09 01:47:30,034 kilosort.clustering_qr DEBUG     
2025-06-09 01:47:30,034 kilosort.clustering_qr DEBUG    Cluster center: 0 of 12
2025-06-09 01:47:30,034 kilosort.clustering_qr DEBUG    ********************************************************
2025-06-09 01:47:30,034 kilosort.clustering_qr DEBUG    CPU usage:    47.70 %
2025-06-09 01:47:30,034 kilosort.clustering_qr DEBUG    Memory:        5.67 %     |     42.82   /   754.60 GB
2025-06-09 01:47:30,035 kilosort.clustering_qr DEBUG    ------------------------------------------------------
2025-06-09 01:47:30,035 kilosort.clustering_qr DEBUG    GPU usage:    `conda install pynvml` for GPU usage
2025-06-09 01:47:30,035 kilosort.clustering_qr DEBUG    GPU memory:   17.43 %     |      6.89   /    39.50 GB
2025-06-09 01:47:30,035 kilosort.clustering_qr DEBUG    Allocated:     0.02 %     |      0.01   /    39.50 GB
2025-06-09 01:47:30,035 kilosort.clustering_qr DEBUG    Max alloc:     0.75 %     |      0.30   /    39.50 GB
2025-06-09 01:47:30,035 kilosort.clustering_qr DEBUG    ********************************************************
2025-06-09 01:47:30,038 kilosort.clustering_qr DEBUG    Center 0 | nsp: 1090 | ntemp: 12
2025-06-09 01:47:30,291 kilosort.clustering_qr DEBUG    Center 1 | nsp: 524 | ntemp: 12
2025-06-09 01:47:30,294 kilosort.clustering_qr DEBUG    Center 2 | nsp: 454 | ntemp: 12
2025-06-09 01:47:30,296 kilosort.clustering_qr DEBUG    Center 3 | nsp: 606 | ntemp: 12
2025-06-09 01:47:30,299 kilosort.clustering_qr DEBUG    Center 4 | nsp: 98 | ntemp: 12
2025-06-09 01:47:30,301 kilosort.clustering_qr DEBUG    Center 5 | nsp: 838 | ntemp: 12
2025-06-09 01:47:30,304 kilosort.clustering_qr DEBUG    Center 6 | nsp: 506 | ntemp: 12
2025-06-09 01:47:30,306 kilosort.clustering_qr DEBUG    Center 7 | nsp: 65 | ntemp: 12
2025-06-09 01:47:30,308 kilosort.clustering_qr DEBUG    Center 8 | nsp: 419 | ntemp: 12
2025-06-09 01:47:30,311 kilosort.clustering_qr DEBUG    Center 9 | nsp: 600 | ntemp: 12
2025-06-09 01:47:30,311 kilosort.clustering_qr DEBUG     
2025-06-09 01:47:30,311 kilosort.clustering_qr DEBUG    Cluster center: 10 of 12
2025-06-09 01:47:30,311 kilosort.clustering_qr DEBUG    ********************************************************
2025-06-09 01:47:30,311 kilosort.clustering_qr DEBUG    CPU usage:    38.60 %
2025-06-09 01:47:30,311 kilosort.clustering_qr DEBUG    Memory:        5.67 %     |     42.76   /   754.60 GB
2025-06-09 01:47:30,311 kilosort.clustering_qr DEBUG    ------------------------------------------------------
2025-06-09 01:47:30,311 kilosort.clustering_qr DEBUG    GPU usage:    `conda install pynvml` for GPU usage
2025-06-09 01:47:30,312 kilosort.clustering_qr DEBUG    GPU memory:   17.43 %     |      6.89   /    39.50 GB
2025-06-09 01:47:30,312 kilosort.clustering_qr DEBUG    Allocated:     0.02 %     |      0.01   /    39.50 GB
2025-06-09 01:47:30,312 kilosort.clustering_qr DEBUG    Max alloc:     0.75 %     |      0.30   /    39.50 GB
2025-06-09 01:47:30,312 kilosort.clustering_qr DEBUG    ********************************************************
2025-06-09 01:47:30,314 kilosort.clustering_qr DEBUG    Center 10 | nsp: 904 | ntemp: 12
2025-06-09 01:47:30,316 kilosort.clustering_qr DEBUG    Center 11 | nsp: 300 | ntemp: 3
2025-06-09 01:47:30,337 kilosort.run_kilosort INFO     13 clusters found, in  0.31s; total  2.47s
2025-06-09 01:47:30,337 kilosort.run_kilosort DEBUG    clu shape: (6404,)
2025-06-09 01:47:30,337 kilosort.run_kilosort DEBUG    Wall shape: torch.Size([13, 32, 6])
2025-06-09 01:47:30,337 kilosort.run_kilosort INFO      
2025-06-09 01:47:30,338 kilosort.run_kilosort INFO     Extracting spikes using cluster waveforms
2025-06-09 01:47:30,338 kilosort.run_kilosort INFO     ----------------------------------------
2025-06-09 01:47:30,355 kilosort.template_matching DEBUG     
2025-06-09 01:47:30,355 kilosort.template_matching DEBUG    Batch 0
2025-06-09 01:47:30,355 kilosort.template_matching DEBUG    ********************************************************
2025-06-09 01:47:30,355 kilosort.template_matching DEBUG    CPU usage:    47.10 %
2025-06-09 01:47:30,355 kilosort.template_matching DEBUG    Memory:        5.70 %     |     42.98   /   754.60 GB
2025-06-09 01:47:30,355 kilosort.template_matching DEBUG    ------------------------------------------------------
2025-06-09 01:47:30,355 kilosort.template_matching DEBUG    GPU usage:    `conda install pynvml` for GPU usage
2025-06-09 01:47:30,355 kilosort.template_matching DEBUG    GPU memory:   17.43 %     |      6.89   /    39.50 GB
2025-06-09 01:47:30,356 kilosort.template_matching DEBUG    Allocated:     0.02 %     |      0.01   /    39.50 GB
2025-06-09 01:47:30,356 kilosort.template_matching DEBUG    Max alloc:     0.75 %     |      0.30   /    39.50 GB
2025-06-09 01:47:30,356 kilosort.template_matching DEBUG    ********************************************************
2025-06-09 01:47:31,085 kilosort.template_matching DEBUG     
2025-06-09 01:47:31,086 kilosort.template_matching DEBUG    Batch 29
2025-06-09 01:47:31,086 kilosort.template_matching DEBUG    ********************************************************
2025-06-09 01:47:31,086 kilosort.template_matching DEBUG    CPU usage:    36.80 %
2025-06-09 01:47:31,086 kilosort.template_matching DEBUG    Memory:        5.69 %     |     42.93   /   754.60 GB
2025-06-09 01:47:31,086 kilosort.template_matching DEBUG    ------------------------------------------------------
2025-06-09 01:47:31,086 kilosort.template_matching DEBUG    GPU usage:    `conda install pynvml` for GPU usage
2025-06-09 01:47:31,086 kilosort.template_matching DEBUG    GPU memory:   17.43 %     |      6.89   /    39.50 GB
2025-06-09 01:47:31,087 kilosort.template_matching DEBUG    Allocated:     0.06 %     |      0.02   /    39.50 GB
2025-06-09 01:47:31,087 kilosort.template_matching DEBUG    Max alloc:     0.75 %     |      0.30   /    39.50 GB
2025-06-09 01:47:31,087 kilosort.template_matching DEBUG    ********************************************************
2025-06-09 01:47:31,088 kilosort.run_kilosort INFO     13533 spikes extracted in  0.75s; total  3.22s
2025-06-09 01:47:31,092 kilosort.run_kilosort DEBUG    st shape: (13533, 3)
2025-06-09 01:47:31,092 kilosort.run_kilosort DEBUG    tF shape: torch.Size([13533, 10, 6])
2025-06-09 01:47:31,092 kilosort.run_kilosort DEBUG    iCC shape: torch.Size([10, 32])
2025-06-09 01:47:31,092 kilosort.run_kilosort DEBUG    iU shape: torch.Size([12])
2025-06-09 01:47:31,092 kilosort.run_kilosort INFO      
2025-06-09 01:47:31,093 kilosort.run_kilosort INFO     Resource usage after spike detection
2025-06-09 01:47:31,093 kilosort.run_kilosort INFO     ********************************************************
2025-06-09 01:47:31,094 kilosort.run_kilosort INFO     CPU usage:    50.00 %
2025-06-09 01:47:31,094 kilosort.run_kilosort INFO     Memory:        5.66 %     |     42.70   /   754.60 GB
2025-06-09 01:47:31,095 kilosort.run_kilosort INFO     ------------------------------------------------------
2025-06-09 01:47:31,095 kilosort.run_kilosort INFO     GPU usage:    `conda install pynvml` for GPU usage
2025-06-09 01:47:31,096 kilosort.run_kilosort INFO     GPU memory:   17.43 %     |      6.89   /    39.50 GB
2025-06-09 01:47:31,096 kilosort.run_kilosort INFO     Allocated:     0.02 %     |      0.01   /    39.50 GB
2025-06-09 01:47:31,097 kilosort.run_kilosort INFO     Max alloc:     0.75 %     |      0.30   /    39.50 GB
2025-06-09 01:47:31,097 kilosort.run_kilosort INFO     ********************************************************
2025-06-09 01:47:31,098 kilosort.run_kilosort DEBUG    

|===========================================================================|
|                  PyTorch CUDA memory summary, device ID 0                 |
|---------------------------------------------------------------------------|
|            CUDA OOMs: 0            |        cudaMalloc retries: 0         |
|===========================================================================|
|        Metric         | Cur Usage  | Peak Usage | Tot Alloc  | Tot Freed  |
|---------------------------------------------------------------------------|
| Allocated memory      |   9155 KiB | 310277 KiB |  29749 GiB |  29749 GiB |
|---------------------------------------------------------------------------|
| Active memory         |   9155 KiB | 310277 KiB |  29749 GiB |  29749 GiB |
|---------------------------------------------------------------------------|
| Requested memory      |   9150 KiB | 310188 KiB |  29421 GiB |  29421 GiB |
|---------------------------------------------------------------------------|
| GPU reserved memory   | 481280 KiB | 481280 KiB | 481280 KiB |      0 B   |
|---------------------------------------------------------------------------|
| Non-releasable memory |  13372 KiB | 184425 KiB |  16218 GiB |  16218 GiB |
|---------------------------------------------------------------------------|
| Allocations           |      35    |      67    |    6269 K  |    6269 K  |
|---------------------------------------------------------------------------|
| Active allocs         |      35    |      67    |    6269 K  |    6269 K  |
|---------------------------------------------------------------------------|
| GPU reserved segments |      15    |      15    |      15    |       0    |
|---------------------------------------------------------------------------|
| Non-releasable allocs |      13    |      27    |    2526 K  |    2526 K  |
|---------------------------------------------------------------------------|
| Oversize allocations  |       0    |       0    |       0    |       0    |
|---------------------------------------------------------------------------|
| Oversize GPU segments |       0    |       0    |       0    |       0    |
|===========================================================================|


2025-06-09 01:47:31,098 kilosort.run_kilosort INFO      
2025-06-09 01:47:31,098 kilosort.run_kilosort INFO     Final clustering
2025-06-09 01:47:31,099 kilosort.run_kilosort INFO     ----------------------------------------
2025-06-09 01:47:31,108 kilosort.clustering_qr DEBUG     
2025-06-09 01:47:31,108 kilosort.clustering_qr DEBUG    Cluster center: 0 of 12
2025-06-09 01:47:31,109 kilosort.clustering_qr DEBUG    ********************************************************
2025-06-09 01:47:31,109 kilosort.clustering_qr DEBUG    CPU usage:    43.40 %
2025-06-09 01:47:31,109 kilosort.clustering_qr DEBUG    Memory:        5.66 %     |     42.70   /   754.60 GB
2025-06-09 01:47:31,109 kilosort.clustering_qr DEBUG    ------------------------------------------------------
2025-06-09 01:47:31,109 kilosort.clustering_qr DEBUG    GPU usage:    `conda install pynvml` for GPU usage
2025-06-09 01:47:31,109 kilosort.clustering_qr DEBUG    GPU memory:   17.43 %     |      6.89   /    39.50 GB
2025-06-09 01:47:31,109 kilosort.clustering_qr DEBUG    Allocated:     0.02 %     |      0.01   /    39.50 GB
2025-06-09 01:47:31,109 kilosort.clustering_qr DEBUG    Max alloc:     0.75 %     |      0.30   /    39.50 GB
2025-06-09 01:47:31,109 kilosort.clustering_qr DEBUG    ********************************************************
2025-06-09 01:47:31,111 kilosort.clustering_qr DEBUG    Center 0 | nsp: 3824 | ntemp: 2
2025-06-09 01:47:31,490 kilosort.clustering_qr DEBUG    Center 1 | nsp: 0 | ntemp: 0
2025-06-09 01:47:31,505 kilosort.clustering_qr DEBUG    Center 2 | nsp: 2089 | ntemp: 3
2025-06-09 01:47:31,899 kilosort.clustering_qr DEBUG    Center 3 | nsp: 0 | ntemp: 0
2025-06-09 01:47:31,918 kilosort.clustering_qr DEBUG    Center 4 | nsp: 832 | ntemp: 1
2025-06-09 01:47:31,920 kilosort.clustering_qr DEBUG    Center 5 | nsp: 1685 | ntemp: 1
2025-06-09 01:47:32,170 kilosort.clustering_qr DEBUG    Center 6 | nsp: 711 | ntemp: 1
2025-06-09 01:47:32,171 kilosort.clustering_qr DEBUG    Center 7 | nsp: 0 | ntemp: 0
2025-06-09 01:47:32,171 kilosort.clustering_qr DEBUG    Center 8 | nsp: 0 | ntemp: 0
2025-06-09 01:47:32,172 kilosort.clustering_qr DEBUG    Center 9 | nsp: 1915 | ntemp: 2
2025-06-09 01:47:32,425 kilosort.clustering_qr DEBUG     
2025-06-09 01:47:32,425 kilosort.clustering_qr DEBUG    Cluster center: 10 of 12
2025-06-09 01:47:32,425 kilosort.clustering_qr DEBUG    ********************************************************
2025-06-09 01:47:32,425 kilosort.clustering_qr DEBUG    CPU usage:    42.10 %
2025-06-09 01:47:32,425 kilosort.clustering_qr DEBUG    Memory:        5.67 %     |     42.81   /   754.60 GB
2025-06-09 01:47:32,425 kilosort.clustering_qr DEBUG    ------------------------------------------------------
2025-06-09 01:47:32,425 kilosort.clustering_qr DEBUG    GPU usage:    `conda install pynvml` for GPU usage
2025-06-09 01:47:32,425 kilosort.clustering_qr DEBUG    GPU memory:   17.43 %     |      6.89   /    39.50 GB
2025-06-09 01:47:32,425 kilosort.clustering_qr DEBUG    Allocated:     0.02 %     |      0.01   /    39.50 GB
2025-06-09 01:47:32,426 kilosort.clustering_qr DEBUG    Max alloc:     0.75 %     |      0.30   /    39.50 GB
2025-06-09 01:47:32,426 kilosort.clustering_qr DEBUG    ********************************************************
2025-06-09 01:47:32,426 kilosort.clustering_qr DEBUG    Center 10 | nsp: 0 | ntemp: 0
2025-06-09 01:47:32,427 kilosort.clustering_qr DEBUG    Center 11 | nsp: 2477 | ntemp: 2
2025-06-09 01:47:32,794 kilosort.run_kilosort INFO     16 clusters found, in  1.70s; total  4.92s
2025-06-09 01:47:32,794 kilosort.run_kilosort DEBUG    clu shape: (13533,)
2025-06-09 01:47:32,794 kilosort.run_kilosort DEBUG    Wall shape: torch.Size([16, 32, 6])
2025-06-09 01:47:32,794 kilosort.run_kilosort INFO      
2025-06-09 01:47:32,794 kilosort.run_kilosort INFO     Merging clusters
2025-06-09 01:47:32,795 kilosort.run_kilosort INFO     ----------------------------------------
2025-06-09 01:47:32,804 kilosort.run_kilosort INFO     16 units found, in  0.01s; total  4.93s
2025-06-09 01:47:32,804 kilosort.run_kilosort DEBUG    clu shape: (13533,)
2025-06-09 01:47:32,805 kilosort.run_kilosort DEBUG    Wall shape: torch.Size([16, 32, 6])
2025-06-09 01:47:32,805 kilosort.run_kilosort INFO      
2025-06-09 01:47:32,805 kilosort.run_kilosort INFO     Resource usage after clustering
2025-06-09 01:47:32,805 kilosort.run_kilosort INFO     ********************************************************
2025-06-09 01:47:32,806 kilosort.run_kilosort INFO     CPU usage:    44.10 %
2025-06-09 01:47:32,806 kilosort.run_kilosort INFO     Memory:        5.68 %     |     42.87   /   754.60 GB
2025-06-09 01:47:32,807 kilosort.run_kilosort INFO     ------------------------------------------------------
2025-06-09 01:47:32,807 kilosort.run_kilosort INFO     GPU usage:    `conda install pynvml` for GPU usage
2025-06-09 01:47:32,808 kilosort.run_kilosort INFO     GPU memory:   17.43 %     |      6.89   /    39.50 GB
2025-06-09 01:47:32,808 kilosort.run_kilosort INFO     Allocated:     0.02 %     |      0.01   /    39.50 GB
2025-06-09 01:47:32,809 kilosort.run_kilosort INFO     Max alloc:     0.75 %     |      0.30   /    39.50 GB
2025-06-09 01:47:32,809 kilosort.run_kilosort INFO     ********************************************************
2025-06-09 01:47:32,809 kilosort.run_kilosort DEBUG    

|===========================================================================|
|                  PyTorch CUDA memory summary, device ID 0                 |
|---------------------------------------------------------------------------|
|            CUDA OOMs: 0            |        cudaMalloc retries: 0         |
|===========================================================================|
|        Metric         | Cur Usage  | Peak Usage | Tot Alloc  | Tot Freed  |
|---------------------------------------------------------------------------|
| Allocated memory      |   9146 KiB | 310277 KiB |  29764 GiB |  29764 GiB |
|---------------------------------------------------------------------------|
| Active memory         |   9146 KiB | 310277 KiB |  29764 GiB |  29764 GiB |
|---------------------------------------------------------------------------|
| Requested memory      |   9141 KiB | 310188 KiB |  29436 GiB |  29436 GiB |
|---------------------------------------------------------------------------|
| GPU reserved memory   | 481280 KiB | 481280 KiB | 481280 KiB |      0 B   |
|---------------------------------------------------------------------------|
| Non-releasable memory |  13381 KiB | 184425 KiB |  16235 GiB |  16235 GiB |
|---------------------------------------------------------------------------|
| Allocations           |      34    |      67    |    6331 K  |    6331 K  |
|---------------------------------------------------------------------------|
| Active allocs         |      34    |      67    |    6331 K  |    6331 K  |
|---------------------------------------------------------------------------|
| GPU reserved segments |      15    |      15    |      15    |       0    |
|---------------------------------------------------------------------------|
| Non-releasable allocs |      13    |      27    |    2559 K  |    2559 K  |
|---------------------------------------------------------------------------|
| Oversize allocations  |       0    |       0    |       0    |       0    |
|---------------------------------------------------------------------------|
| Oversize GPU segments |       0    |       0    |       0    |       0    |
|===========================================================================|


2025-06-09 01:47:32,809 kilosort.run_kilosort INFO      
2025-06-09 01:47:32,810 kilosort.run_kilosort INFO     Saving to phy and computing refractory periods
2025-06-09 01:47:32,810 kilosort.run_kilosort INFO     ----------------------------------------
2025-06-09 01:47:32,945 kilosort.run_kilosort INFO     2 units found with good refractory periods
2025-06-09 01:47:32,946 kilosort.run_kilosort INFO     Total runtime: 5.07s = 00:00:5 h:m:s
2025-06-09 01:47:32,951 kilosort.run_kilosort INFO     Sorting output saved in: /home/lss72/palmer_scratch/spike_sort/kilosort4.
2025-06-09 01:47:32,951 kilosort.run_kilosort INFO      
2025-06-09 01:47:32,951 kilosort.run_kilosort INFO     Resource usage after saving
2025-06-09 01:47:32,952 kilosort.run_kilosort INFO     ********************************************************
2025-06-09 01:47:32,952 kilosort.run_kilosort INFO     CPU usage:    41.20 %
2025-06-09 01:47:32,953 kilosort.run_kilosort INFO     Memory:        5.67 %     |     42.82   /   754.60 GB
2025-06-09 01:47:32,953 kilosort.run_kilosort INFO     ------------------------------------------------------
2025-06-09 01:47:32,954 kilosort.run_kilosort INFO     GPU usage:    `conda install pynvml` for GPU usage
2025-06-09 01:47:32,955 kilosort.run_kilosort INFO     GPU memory:   17.43 %     |      6.89   /    39.50 GB
2025-06-09 01:47:32,955 kilosort.run_kilosort INFO     Allocated:     0.02 %     |      0.01   /    39.50 GB
2025-06-09 01:47:32,956 kilosort.run_kilosort INFO     Max alloc:     0.75 %     |      0.30   /    39.50 GB
2025-06-09 01:47:32,956 kilosort.run_kilosort INFO     ********************************************************
2025-06-09 01:47:32,957 kilosort.run_kilosort DEBUG    

|===========================================================================|
|                  PyTorch CUDA memory summary, device ID 0                 |
|---------------------------------------------------------------------------|
|            CUDA OOMs: 0            |        cudaMalloc retries: 0         |
|===========================================================================|
|        Metric         | Cur Usage  | Peak Usage | Tot Alloc  | Tot Freed  |
|---------------------------------------------------------------------------|
| Allocated memory      |   9146 KiB | 310277 KiB |  29764 GiB |  29764 GiB |
|---------------------------------------------------------------------------|
| Active memory         |   9146 KiB | 310277 KiB |  29764 GiB |  29764 GiB |
|---------------------------------------------------------------------------|
| Requested memory      |   9141 KiB | 310188 KiB |  29436 GiB |  29436 GiB |
|---------------------------------------------------------------------------|
| GPU reserved memory   | 481280 KiB | 481280 KiB | 481280 KiB |      0 B   |
|---------------------------------------------------------------------------|
| Non-releasable memory |  13381 KiB | 184425 KiB |  16235 GiB |  16235 GiB |
|---------------------------------------------------------------------------|
| Allocations           |      34    |      67    |    6332 K  |    6332 K  |
|---------------------------------------------------------------------------|
| Active allocs         |      34    |      67    |    6332 K  |    6332 K  |
|---------------------------------------------------------------------------|
| GPU reserved segments |      15    |      15    |      15    |       0    |
|---------------------------------------------------------------------------|
| Non-releasable allocs |      13    |      27    |    2559 K  |    2559 K  |
|---------------------------------------------------------------------------|
| Oversize allocations  |       0    |       0    |       0    |       0    |
|---------------------------------------------------------------------------|
| Oversize GPU segments |       0    |       0    |       0    |       0    |
|===========================================================================|


