2025-06-08 23:42:02,231 kilosort.run_kilosort INFO     Kilosort version 4.0.25
2025-06-08 23:42:02,234 kilosort.run_kilosort INFO     Python version 3.9.21
2025-06-08 23:42:02,234 kilosort.run_kilosort INFO     ----------------------------------------
2025-06-08 23:42:02,234 kilosort.run_kilosort INFO     System information:
2025-06-08 23:42:02,235 kilosort.run_kilosort INFO     Linux-4.18.0-477.74.1.el8_8.x86_64-x86_64-with-glibc2.28 x86_64
2025-06-08 23:42:02,235 kilosort.run_kilosort INFO     x86_64
2025-06-08 23:42:02,236 kilosort.run_kilosort INFO     Using GPU for PyTorch computations. Specify `device` to change this.
2025-06-08 23:42:02,236 kilosort.run_kilosort INFO     Using CUDA device: NVIDIA A100-PCIE-40GB 39.50GB
2025-06-08 23:42:02,236 kilosort.run_kilosort INFO     ----------------------------------------
2025-06-08 23:42:02,237 kilosort.run_kilosort INFO     Sorting /home/lss72/palmer_scratch/spike_sort/2014_03_26_Pair_2_0
2025-06-08 23:42:02,237 kilosort.run_kilosort DEBUG    Initial ops:

ops = {
    'n_chan_bin': 32,
    'fs': 30000,
    'batch_size': 60000,
    'nblocks': 1,
    'Th_universal': 9,
    'Th_learned': 8,
    'tmin': 0,
    'tmax': 600,
    'nt': 61,
    'shift': None,
    'scale': None,
    'artifact_threshold': inf,
    'nskip': 25,
    'whitening_range': 32,
    'highpass_cutoff': 300,
    'binning_depth': 5,
    'sig_interp': 20,
    'drift_smoothing': [0.5, 0.5, 0.5],
    'nt0min': 20,
    'dmin': None,
    'dminx': 32,
    'min_template_size': 10,
    'template_sizes': 5,
    'nearest_chans': 10,
    'nearest_templates': 100,
    'max_channel_distance': 32,
    'max_peels': 100,
    'templates_from_data': True,
    'n_templates': 6,
    'n_pcs': 6,
    'Th_single_ch': 6,
    'acg_threshold': 0.2,
    'ccg_threshold': 0.25,
    'cluster_downsampling': 20,
    'x_centers': None,
    'duplicate_spike_ms': 0.25,
    'position_limit': 100,
    'data_dir': PosixPath('/home/lss72/palmer_scratch/spike_sort'),
    'filename': PosixPath('/home/lss72/palmer_scratch/spike_sort/2014_03_26_Pair_2_0'),
    'data_dtype': dtype('float32'),
    'do_CAR': True,
    'invert_sign': False,
    'NTbuff': 60122,
    'Nchan': 32,
    'duplicate_spike_bins': 7,
    'torch_device': 'cuda',
    'save_preprocessed_copy': False
}

2025-06-08 23:42:02,240 kilosort.run_kilosort DEBUG    Probe dictionary:

probe = {
    'chanMap': np.array([ 0,  1,  2,  3,  4,  5,  6,  7,  8,  9, 10, 11, 12, 13, 14, 15, 16,
       17, 18, 19, 20, 21, 22, 23, 24, 25, 26, 27, 28, 29, 30, 31]),
    'xc': np.array([  0.,  18., -18.,   0.,  18., -18.,   0.,  18., -18.,   0.,  18.,
       -18.,   0.,  18., -18.,   0.,  18., -18.,   0.,  18., -18.,   0.,
        18., -18.,   0.,  18., -18.,   0.,  18., -18.,   0.,   0.],
      dtype=np.float32),
    'yc': np.array([  0. ,  12.5,  12.5,  25. ,  37.5,  37.5,  50. ,  62.5,  62.5,
        75. ,  87.5,  87.5, 100. , 112.5, 112.5, 125. , 137.5, 137.5,
       150. , 162.5, 162.5, 175. , 187.5, 187.5, 200. , 212.5, 212.5,
       225. , 237.5, 237.5, 250. , 275. ], dtype=np.float32),
    'kcoords': np.array([0., 0., 0., 0., 0., 0., 0., 0., 0., 0., 0., 0., 0., 0., 0., 0., 0.,
       0., 0., 0., 0., 0., 0., 0., 0., 0., 0., 0., 0., 0., 0., 0.]),
    'n_chan': 32
}

2025-06-08 23:42:02,240 kilosort.run_kilosort INFO      
2025-06-08 23:42:02,240 kilosort.run_kilosort INFO     Computing preprocessing variables.
2025-06-08 23:42:02,240 kilosort.run_kilosort INFO     ----------------------------------------
2025-06-08 23:42:02,242 kilosort.run_kilosort INFO     N samples: 9307200
2025-06-08 23:42:02,243 kilosort.run_kilosort INFO     N seconds: 310.24
2025-06-08 23:42:02,243 kilosort.run_kilosort INFO     N batches: 156
2025-06-08 23:42:02,296 kilosort.run_kilosort INFO     Preprocessing filters computed in  0.06s; total  0.06s
2025-06-08 23:42:02,296 kilosort.run_kilosort DEBUG    hp_filter shape: torch.Size([30122])
2025-06-08 23:42:02,296 kilosort.run_kilosort DEBUG    whiten_mat shape: torch.Size([32, 32])
2025-06-08 23:42:02,296 kilosort.run_kilosort INFO      
2025-06-08 23:42:02,297 kilosort.run_kilosort INFO     Resource usage after preprocessing
2025-06-08 23:42:02,297 kilosort.run_kilosort INFO     ********************************************************
2025-06-08 23:42:02,298 kilosort.run_kilosort INFO     CPU usage:    22.10 %
2025-06-08 23:42:02,298 kilosort.run_kilosort INFO     Memory:        4.94 %     |     37.25   /   754.60 GB
2025-06-08 23:42:02,299 kilosort.run_kilosort INFO     ------------------------------------------------------
2025-06-08 23:42:02,299 kilosort.run_kilosort INFO     GPU usage:    `conda install pynvml` for GPU usage
2025-06-08 23:42:02,299 kilosort.run_kilosort INFO     GPU memory:    2.56 %     |      1.01   /    39.50 GB
2025-06-08 23:42:02,300 kilosort.run_kilosort INFO     Allocated:     0.02 %     |      0.01   /    39.50 GB
2025-06-08 23:42:02,301 kilosort.run_kilosort INFO     Max alloc:     0.75 %     |      0.30   /    39.50 GB
2025-06-08 23:42:02,301 kilosort.run_kilosort INFO     ********************************************************
2025-06-08 23:42:02,318 kilosort.run_kilosort INFO      
2025-06-08 23:42:02,319 kilosort.run_kilosort INFO     Computing drift correction.
2025-06-08 23:42:02,319 kilosort.run_kilosort INFO     ----------------------------------------
2025-06-08 23:42:02,320 kilosort.spikedetect INFO     Re-computing universal templates from data.
2025-06-08 23:42:02,491 kilosort.spikedetect INFO     Number of universal templates: 135
2025-06-08 23:42:02,497 kilosort.spikedetect INFO     Detecting spikes...
2025-06-08 23:42:02,498 kilosort.spikedetect DEBUG     
2025-06-08 23:42:02,498 kilosort.spikedetect DEBUG    Batch 0
2025-06-08 23:42:02,498 kilosort.spikedetect DEBUG    ********************************************************
2025-06-08 23:42:02,499 kilosort.spikedetect DEBUG    CPU usage:    39.50 %
2025-06-08 23:42:02,499 kilosort.spikedetect DEBUG    Memory:        4.94 %     |     37.27   /   754.60 GB
2025-06-08 23:42:02,499 kilosort.spikedetect DEBUG    ------------------------------------------------------
2025-06-08 23:42:02,499 kilosort.spikedetect DEBUG    GPU usage:    `conda install pynvml` for GPU usage
2025-06-08 23:42:02,499 kilosort.spikedetect DEBUG    GPU memory:    2.56 %     |      1.01   /    39.50 GB
2025-06-08 23:42:02,499 kilosort.spikedetect DEBUG    Allocated:     0.02 %     |      0.01   /    39.50 GB
2025-06-08 23:42:02,499 kilosort.spikedetect DEBUG    Max alloc:     0.75 %     |      0.30   /    39.50 GB
2025-06-08 23:42:02,499 kilosort.spikedetect DEBUG    ********************************************************
2025-06-08 23:42:06,962 kilosort.spikedetect DEBUG     
2025-06-08 23:42:06,963 kilosort.spikedetect DEBUG    Batch 155
2025-06-08 23:42:06,963 kilosort.spikedetect DEBUG    ********************************************************
2025-06-08 23:42:06,963 kilosort.spikedetect DEBUG    CPU usage:    25.10 %
2025-06-08 23:42:06,963 kilosort.spikedetect DEBUG    Memory:        4.91 %     |     37.05   /   754.60 GB
2025-06-08 23:42:06,963 kilosort.spikedetect DEBUG    ------------------------------------------------------
2025-06-08 23:42:06,963 kilosort.spikedetect DEBUG    GPU usage:    `conda install pynvml` for GPU usage
2025-06-08 23:42:06,963 kilosort.spikedetect DEBUG    GPU memory:    2.56 %     |      1.01   /    39.50 GB
2025-06-08 23:42:06,963 kilosort.spikedetect DEBUG    Allocated:     0.04 %     |      0.02   /    39.50 GB
2025-06-08 23:42:06,963 kilosort.spikedetect DEBUG    Max alloc:     0.75 %     |      0.30   /    39.50 GB
2025-06-08 23:42:06,963 kilosort.spikedetect DEBUG    ********************************************************
2025-06-08 23:42:07,061 kilosort.run_kilosort INFO     drift computed in  4.74s; total  4.82s
2025-06-08 23:42:07,065 kilosort.run_kilosort DEBUG    st shape: (33925, 6)
2025-06-08 23:42:07,065 kilosort.run_kilosort DEBUG    yblk shape: (1,)
2025-06-08 23:42:07,065 kilosort.run_kilosort DEBUG    dshift shape: (156, 1)
2025-06-08 23:42:07,065 kilosort.run_kilosort DEBUG    iKxx shape: torch.Size([32, 32])
2025-06-08 23:42:07,065 kilosort.run_kilosort INFO      
2025-06-08 23:42:07,066 kilosort.run_kilosort INFO     Resource usage after drift correction
2025-06-08 23:42:07,066 kilosort.run_kilosort INFO     ********************************************************
2025-06-08 23:42:07,067 kilosort.run_kilosort INFO     CPU usage:    26.20 %
2025-06-08 23:42:07,067 kilosort.run_kilosort INFO     Memory:        4.91 %     |     37.05   /   754.60 GB
2025-06-08 23:42:07,068 kilosort.run_kilosort INFO     ------------------------------------------------------
2025-06-08 23:42:07,068 kilosort.run_kilosort INFO     GPU usage:    `conda install pynvml` for GPU usage
2025-06-08 23:42:07,069 kilosort.run_kilosort INFO     GPU memory:    2.56 %     |      1.01   /    39.50 GB
2025-06-08 23:42:07,069 kilosort.run_kilosort INFO     Allocated:     0.02 %     |      0.01   /    39.50 GB
2025-06-08 23:42:07,070 kilosort.run_kilosort INFO     Max alloc:     0.75 %     |      0.30   /    39.50 GB
2025-06-08 23:42:07,070 kilosort.run_kilosort INFO     ********************************************************
2025-06-08 23:42:07,070 kilosort.run_kilosort DEBUG    

|===========================================================================|
|                  PyTorch CUDA memory summary, device ID 0                 |
|---------------------------------------------------------------------------|
|            CUDA OOMs: 0            |        cudaMalloc retries: 0         |
|===========================================================================|
|        Metric         | Cur Usage  | Peak Usage | Tot Alloc  | Tot Freed  |
|---------------------------------------------------------------------------|
| Allocated memory      |   8867 KiB | 309870 KiB |   9867 GiB |   9867 GiB |
|---------------------------------------------------------------------------|
| Active memory         |   8867 KiB | 309870 KiB |   9867 GiB |   9867 GiB |
|---------------------------------------------------------------------------|
| Requested memory      |   8864 KiB | 309784 KiB |   9759 GiB |   9759 GiB |
|---------------------------------------------------------------------------|
| GPU reserved memory   | 479232 KiB | 479232 KiB | 479232 KiB |      0 B   |
|---------------------------------------------------------------------------|
| Non-releasable memory |  13660 KiB | 184425 KiB |   5273 GiB |   5273 GiB |
|---------------------------------------------------------------------------|
| Allocations           |      20    |      56    |    1876 K  |    1876 K  |
|---------------------------------------------------------------------------|
| Active allocs         |      20    |      56    |    1876 K  |    1876 K  |
|---------------------------------------------------------------------------|
| GPU reserved segments |      14    |      14    |      14    |       0    |
|---------------------------------------------------------------------------|
| Non-releasable allocs |      12    |      25    |  732899    |  732887    |
|---------------------------------------------------------------------------|
| Oversize allocations  |       0    |       0    |       0    |       0    |
|---------------------------------------------------------------------------|
| Oversize GPU segments |       0    |       0    |       0    |       0    |
|===========================================================================|


2025-06-08 23:42:07,077 kilosort.run_kilosort DEBUG    First batch min, max: (-19.26371, 11.655649)
2025-06-08 23:42:07,077 kilosort.run_kilosort INFO      
2025-06-08 23:42:07,078 kilosort.run_kilosort INFO     Extracting spikes using templates
2025-06-08 23:42:07,078 kilosort.run_kilosort INFO     ----------------------------------------
2025-06-08 23:42:07,078 kilosort.spikedetect INFO     Re-computing universal templates from data.
2025-06-08 23:42:07,234 kilosort.spikedetect INFO     Number of universal templates: 135
2025-06-08 23:42:07,240 kilosort.spikedetect INFO     Detecting spikes...
2025-06-08 23:42:07,241 kilosort.spikedetect DEBUG     
2025-06-08 23:42:07,241 kilosort.spikedetect DEBUG    Batch 0
2025-06-08 23:42:07,241 kilosort.spikedetect DEBUG    ********************************************************
2025-06-08 23:42:07,241 kilosort.spikedetect DEBUG    CPU usage:    41.90 %
2025-06-08 23:42:07,241 kilosort.spikedetect DEBUG    Memory:        4.91 %     |     37.06   /   754.60 GB
2025-06-08 23:42:07,242 kilosort.spikedetect DEBUG    ------------------------------------------------------
2025-06-08 23:42:07,242 kilosort.spikedetect DEBUG    GPU usage:    `conda install pynvml` for GPU usage
2025-06-08 23:42:07,242 kilosort.spikedetect DEBUG    GPU memory:    2.56 %     |      1.01   /    39.50 GB
2025-06-08 23:42:07,242 kilosort.spikedetect DEBUG    Allocated:     0.02 %     |      0.01   /    39.50 GB
2025-06-08 23:42:07,242 kilosort.spikedetect DEBUG    Max alloc:     0.75 %     |      0.30   /    39.50 GB
2025-06-08 23:42:07,242 kilosort.spikedetect DEBUG    ********************************************************
2025-06-08 23:42:11,674 kilosort.spikedetect DEBUG     
2025-06-08 23:42:11,674 kilosort.spikedetect DEBUG    Batch 155
2025-06-08 23:42:11,674 kilosort.spikedetect DEBUG    ********************************************************
2025-06-08 23:42:11,674 kilosort.spikedetect DEBUG    CPU usage:    25.10 %
2025-06-08 23:42:11,674 kilosort.spikedetect DEBUG    Memory:        4.91 %     |     37.06   /   754.60 GB
2025-06-08 23:42:11,674 kilosort.spikedetect DEBUG    ------------------------------------------------------
2025-06-08 23:42:11,674 kilosort.spikedetect DEBUG    GPU usage:    `conda install pynvml` for GPU usage
2025-06-08 23:42:11,674 kilosort.spikedetect DEBUG    GPU memory:    2.56 %     |      1.01   /    39.50 GB
2025-06-08 23:42:11,675 kilosort.spikedetect DEBUG    Allocated:     0.04 %     |      0.02   /    39.50 GB
2025-06-08 23:42:11,675 kilosort.spikedetect DEBUG    Max alloc:     0.75 %     |      0.30   /    39.50 GB
2025-06-08 23:42:11,675 kilosort.spikedetect DEBUG    ********************************************************
2025-06-08 23:42:11,675 kilosort.run_kilosort INFO     32504 spikes extracted in  4.60s; total  9.44s
2025-06-08 23:42:11,675 kilosort.run_kilosort DEBUG    st0 shape: (32504, 6)
2025-06-08 23:42:11,675 kilosort.run_kilosort DEBUG    tF shape: torch.Size([32504, 10, 6])
2025-06-08 23:42:11,675 kilosort.run_kilosort INFO      
2025-06-08 23:42:11,676 kilosort.run_kilosort INFO     First clustering
2025-06-08 23:42:11,676 kilosort.run_kilosort INFO     ----------------------------------------
2025-06-08 23:42:11,685 kilosort.clustering_qr DEBUG     
2025-06-08 23:42:11,686 kilosort.clustering_qr DEBUG    Cluster center: 0 of 12
2025-06-08 23:42:11,686 kilosort.clustering_qr DEBUG    ********************************************************
2025-06-08 23:42:11,686 kilosort.clustering_qr DEBUG    CPU usage:    33.30 %
2025-06-08 23:42:11,686 kilosort.clustering_qr DEBUG    Memory:        4.91 %     |     37.06   /   754.60 GB
2025-06-08 23:42:11,686 kilosort.clustering_qr DEBUG    ------------------------------------------------------
2025-06-08 23:42:11,686 kilosort.clustering_qr DEBUG    GPU usage:    `conda install pynvml` for GPU usage
2025-06-08 23:42:11,686 kilosort.clustering_qr DEBUG    GPU memory:    2.56 %     |      1.01   /    39.50 GB
2025-06-08 23:42:11,686 kilosort.clustering_qr DEBUG    Allocated:     0.02 %     |      0.01   /    39.50 GB
2025-06-08 23:42:11,687 kilosort.clustering_qr DEBUG    Max alloc:     0.75 %     |      0.30   /    39.50 GB
2025-06-08 23:42:11,687 kilosort.clustering_qr DEBUG    ********************************************************
2025-06-08 23:42:11,690 kilosort.clustering_qr DEBUG    Center 0 | nsp: 6140 | ntemp: 12
2025-06-08 23:42:12,076 kilosort.clustering_qr DEBUG    Center 1 | nsp: 1411 | ntemp: 12
2025-06-08 23:42:12,327 kilosort.clustering_qr DEBUG    Center 2 | nsp: 2473 | ntemp: 12
2025-06-08 23:42:12,690 kilosort.clustering_qr DEBUG    Center 3 | nsp: 2017 | ntemp: 12
2025-06-08 23:42:13,045 kilosort.clustering_qr DEBUG    Center 4 | nsp: 1237 | ntemp: 12
2025-06-08 23:42:13,446 kilosort.clustering_qr DEBUG    Center 5 | nsp: 1116 | ntemp: 12
2025-06-08 23:42:13,694 kilosort.clustering_qr DEBUG    Center 6 | nsp: 4232 | ntemp: 12
2025-06-08 23:42:14,102 kilosort.clustering_qr DEBUG    Center 7 | nsp: 8312 | ntemp: 12
2025-06-08 23:42:14,408 kilosort.clustering_qr DEBUG    Center 8 | nsp: 1331 | ntemp: 12
2025-06-08 23:42:14,763 kilosort.clustering_qr DEBUG    Center 9 | nsp: 3019 | ntemp: 12
2025-06-08 23:42:15,090 kilosort.clustering_qr DEBUG     
2025-06-08 23:42:15,090 kilosort.clustering_qr DEBUG    Cluster center: 10 of 12
2025-06-08 23:42:15,090 kilosort.clustering_qr DEBUG    ********************************************************
2025-06-08 23:42:15,090 kilosort.clustering_qr DEBUG    CPU usage:    32.30 %
2025-06-08 23:42:15,090 kilosort.clustering_qr DEBUG    Memory:        4.89 %     |     36.91   /   754.60 GB
2025-06-08 23:42:15,090 kilosort.clustering_qr DEBUG    ------------------------------------------------------
2025-06-08 23:42:15,090 kilosort.clustering_qr DEBUG    GPU usage:    `conda install pynvml` for GPU usage
2025-06-08 23:42:15,090 kilosort.clustering_qr DEBUG    GPU memory:    2.56 %     |      1.01   /    39.50 GB
2025-06-08 23:42:15,091 kilosort.clustering_qr DEBUG    Allocated:     0.02 %     |      0.01   /    39.50 GB
2025-06-08 23:42:15,091 kilosort.clustering_qr DEBUG    Max alloc:     0.75 %     |      0.30   /    39.50 GB
2025-06-08 23:42:15,091 kilosort.clustering_qr DEBUG    ********************************************************
2025-06-08 23:42:15,129 kilosort.clustering_qr DEBUG    Center 10 | nsp: 721 | ntemp: 12
2025-06-08 23:42:15,131 kilosort.clustering_qr DEBUG    Center 11 | nsp: 495 | ntemp: 3
2025-06-08 23:42:15,170 kilosort.run_kilosort INFO     49 clusters found, in  3.49s; total  12.93s
2025-06-08 23:42:15,171 kilosort.run_kilosort DEBUG    clu shape: (32504,)
2025-06-08 23:42:15,171 kilosort.run_kilosort DEBUG    Wall shape: torch.Size([49, 32, 6])
2025-06-08 23:42:15,171 kilosort.run_kilosort INFO      
2025-06-08 23:42:15,171 kilosort.run_kilosort INFO     Extracting spikes using cluster waveforms
2025-06-08 23:42:15,171 kilosort.run_kilosort INFO     ----------------------------------------
2025-06-08 23:42:15,190 kilosort.template_matching DEBUG     
2025-06-08 23:42:15,190 kilosort.template_matching DEBUG    Batch 0
2025-06-08 23:42:15,190 kilosort.template_matching DEBUG    ********************************************************
2025-06-08 23:42:15,190 kilosort.template_matching DEBUG    CPU usage:    38.90 %
2025-06-08 23:42:15,191 kilosort.template_matching DEBUG    Memory:        4.92 %     |     37.16   /   754.60 GB
2025-06-08 23:42:15,191 kilosort.template_matching DEBUG    ------------------------------------------------------
2025-06-08 23:42:15,191 kilosort.template_matching DEBUG    GPU usage:    `conda install pynvml` for GPU usage
2025-06-08 23:42:15,191 kilosort.template_matching DEBUG    GPU memory:    2.56 %     |      1.01   /    39.50 GB
2025-06-08 23:42:15,191 kilosort.template_matching DEBUG    Allocated:     0.02 %     |      0.01   /    39.50 GB
2025-06-08 23:42:15,191 kilosort.template_matching DEBUG    Max alloc:     0.75 %     |      0.30   /    39.50 GB
2025-06-08 23:42:15,191 kilosort.template_matching DEBUG    ********************************************************
2025-06-08 23:42:17,842 kilosort.template_matching DEBUG     
2025-06-08 23:42:17,843 kilosort.template_matching DEBUG    Batch 100
2025-06-08 23:42:17,843 kilosort.template_matching DEBUG    ********************************************************
2025-06-08 23:42:17,843 kilosort.template_matching DEBUG    CPU usage:    27.40 %
2025-06-08 23:42:17,843 kilosort.template_matching DEBUG    Memory:        4.99 %     |     37.64   /   754.60 GB
2025-06-08 23:42:17,843 kilosort.template_matching DEBUG    ------------------------------------------------------
2025-06-08 23:42:17,843 kilosort.template_matching DEBUG    GPU usage:    `conda install pynvml` for GPU usage
2025-06-08 23:42:17,843 kilosort.template_matching DEBUG    GPU memory:    2.56 %     |      1.01   /    39.50 GB
2025-06-08 23:42:17,843 kilosort.template_matching DEBUG    Allocated:     0.06 %     |      0.02   /    39.50 GB
2025-06-08 23:42:17,843 kilosort.template_matching DEBUG    Max alloc:     0.75 %     |      0.30   /    39.50 GB
2025-06-08 23:42:17,843 kilosort.template_matching DEBUG    ********************************************************
2025-06-08 23:42:19,247 kilosort.template_matching DEBUG     
2025-06-08 23:42:19,247 kilosort.template_matching DEBUG    Batch 155
2025-06-08 23:42:19,247 kilosort.template_matching DEBUG    ********************************************************
2025-06-08 23:42:19,247 kilosort.template_matching DEBUG    CPU usage:    26.90 %
2025-06-08 23:42:19,248 kilosort.template_matching DEBUG    Memory:        4.93 %     |     37.17   /   754.60 GB
2025-06-08 23:42:19,248 kilosort.template_matching DEBUG    ------------------------------------------------------
2025-06-08 23:42:19,248 kilosort.template_matching DEBUG    GPU usage:    `conda install pynvml` for GPU usage
2025-06-08 23:42:19,248 kilosort.template_matching DEBUG    GPU memory:    2.56 %     |      1.01   /    39.50 GB
2025-06-08 23:42:19,248 kilosort.template_matching DEBUG    Allocated:     0.06 %     |      0.02   /    39.50 GB
2025-06-08 23:42:19,248 kilosort.template_matching DEBUG    Max alloc:     0.75 %     |      0.30   /    39.50 GB
2025-06-08 23:42:19,248 kilosort.template_matching DEBUG    ********************************************************
2025-06-08 23:42:19,254 kilosort.run_kilosort INFO     87042 spikes extracted in  4.08s; total  17.02s
2025-06-08 23:42:19,257 kilosort.run_kilosort DEBUG    st shape: (87042, 3)
2025-06-08 23:42:19,257 kilosort.run_kilosort DEBUG    tF shape: torch.Size([87042, 10, 6])
2025-06-08 23:42:19,257 kilosort.run_kilosort DEBUG    iCC shape: torch.Size([10, 32])
2025-06-08 23:42:19,258 kilosort.run_kilosort DEBUG    iU shape: torch.Size([44])
2025-06-08 23:42:19,258 kilosort.run_kilosort INFO      
2025-06-08 23:42:19,258 kilosort.run_kilosort INFO     Resource usage after spike detection
2025-06-08 23:42:19,258 kilosort.run_kilosort INFO     ********************************************************
2025-06-08 23:42:19,259 kilosort.run_kilosort INFO     CPU usage:    35.70 %
2025-06-08 23:42:19,259 kilosort.run_kilosort INFO     Memory:        4.90 %     |     36.94   /   754.60 GB
2025-06-08 23:42:19,260 kilosort.run_kilosort INFO     ------------------------------------------------------
2025-06-08 23:42:19,260 kilosort.run_kilosort INFO     GPU usage:    `conda install pynvml` for GPU usage
2025-06-08 23:42:19,261 kilosort.run_kilosort INFO     GPU memory:    2.56 %     |      1.01   /    39.50 GB
2025-06-08 23:42:19,261 kilosort.run_kilosort INFO     Allocated:     0.02 %     |      0.01   /    39.50 GB
2025-06-08 23:42:19,262 kilosort.run_kilosort INFO     Max alloc:     0.75 %     |      0.30   /    39.50 GB
2025-06-08 23:42:19,262 kilosort.run_kilosort INFO     ********************************************************
2025-06-08 23:42:19,263 kilosort.run_kilosort DEBUG    

|===========================================================================|
|                  PyTorch CUDA memory summary, device ID 0                 |
|---------------------------------------------------------------------------|
|            CUDA OOMs: 0            |        cudaMalloc retries: 0         |
|===========================================================================|
|        Metric         | Cur Usage  | Peak Usage | Tot Alloc  | Tot Freed  |
|---------------------------------------------------------------------------|
| Allocated memory      |   8904 KiB | 309982 KiB |  11240 GiB |  11240 GiB |
|---------------------------------------------------------------------------|
| Active memory         |   8904 KiB | 309982 KiB |  11240 GiB |  11240 GiB |
|---------------------------------------------------------------------------|
| Requested memory      |   8900 KiB | 309896 KiB |  11118 GiB |  11118 GiB |
|---------------------------------------------------------------------------|
| GPU reserved memory   | 481280 KiB | 481280 KiB | 481280 KiB |      0 B   |
|---------------------------------------------------------------------------|
| Non-releasable memory |  13624 KiB | 184425 KiB |   6026 GiB |   6026 GiB |
|---------------------------------------------------------------------------|
| Allocations           |      24    |      56    |    2219 K  |    2219 K  |
|---------------------------------------------------------------------------|
| Active allocs         |      24    |      56    |    2219 K  |    2219 K  |
|---------------------------------------------------------------------------|
| GPU reserved segments |      15    |      15    |      15    |       0    |
|---------------------------------------------------------------------------|
| Non-releasable allocs |      10    |      25    |     871 K  |     871 K  |
|---------------------------------------------------------------------------|
| Oversize allocations  |       0    |       0    |       0    |       0    |
|---------------------------------------------------------------------------|
| Oversize GPU segments |       0    |       0    |       0    |       0    |
|===========================================================================|


2025-06-08 23:42:19,263 kilosort.run_kilosort INFO      
2025-06-08 23:42:19,263 kilosort.run_kilosort INFO     Final clustering
2025-06-08 23:42:19,264 kilosort.run_kilosort INFO     ----------------------------------------
2025-06-08 23:42:19,274 kilosort.clustering_qr DEBUG     
2025-06-08 23:42:19,274 kilosort.clustering_qr DEBUG    Cluster center: 0 of 12
2025-06-08 23:42:19,274 kilosort.clustering_qr DEBUG    ********************************************************
2025-06-08 23:42:19,275 kilosort.clustering_qr DEBUG    CPU usage:    33.30 %
2025-06-08 23:42:19,275 kilosort.clustering_qr DEBUG    Memory:        4.90 %     |     36.94   /   754.60 GB
2025-06-08 23:42:19,275 kilosort.clustering_qr DEBUG    ------------------------------------------------------
2025-06-08 23:42:19,275 kilosort.clustering_qr DEBUG    GPU usage:    `conda install pynvml` for GPU usage
2025-06-08 23:42:19,275 kilosort.clustering_qr DEBUG    GPU memory:    2.56 %     |      1.01   /    39.50 GB
2025-06-08 23:42:19,275 kilosort.clustering_qr DEBUG    Allocated:     0.02 %     |      0.01   /    39.50 GB
2025-06-08 23:42:19,275 kilosort.clustering_qr DEBUG    Max alloc:     0.75 %     |      0.30   /    39.50 GB
2025-06-08 23:42:19,275 kilosort.clustering_qr DEBUG    ********************************************************
2025-06-08 23:42:19,280 kilosort.clustering_qr DEBUG    Center 0 | nsp: 19256 | ntemp: 5
2025-06-08 23:42:19,714 kilosort.clustering_qr DEBUG    Center 1 | nsp: 3405 | ntemp: 3
2025-06-08 23:42:19,970 kilosort.clustering_qr DEBUG    Center 2 | nsp: 5164 | ntemp: 6
2025-06-08 23:42:20,354 kilosort.clustering_qr DEBUG    Center 3 | nsp: 10768 | ntemp: 5
2025-06-08 23:42:20,762 kilosort.clustering_qr DEBUG    Center 4 | nsp: 4679 | ntemp: 3
2025-06-08 23:42:21,137 kilosort.clustering_qr DEBUG    Center 5 | nsp: 3228 | ntemp: 1
2025-06-08 23:42:21,395 kilosort.clustering_qr DEBUG    Center 6 | nsp: 5907 | ntemp: 4
2025-06-08 23:42:21,784 kilosort.clustering_qr DEBUG    Center 7 | nsp: 8367 | ntemp: 6
2025-06-08 23:42:22,171 kilosort.clustering_qr DEBUG    Center 8 | nsp: 13620 | ntemp: 4
2025-06-08 23:42:22,588 kilosort.clustering_qr DEBUG    Center 9 | nsp: 8580 | ntemp: 6
2025-06-08 23:42:22,975 kilosort.clustering_qr DEBUG     
2025-06-08 23:42:22,975 kilosort.clustering_qr DEBUG    Cluster center: 10 of 12
2025-06-08 23:42:22,976 kilosort.clustering_qr DEBUG    ********************************************************
2025-06-08 23:42:22,976 kilosort.clustering_qr DEBUG    CPU usage:    32.10 %
2025-06-08 23:42:22,976 kilosort.clustering_qr DEBUG    Memory:        4.94 %     |     37.24   /   754.60 GB
2025-06-08 23:42:22,976 kilosort.clustering_qr DEBUG    ------------------------------------------------------
2025-06-08 23:42:22,976 kilosort.clustering_qr DEBUG    GPU usage:    `conda install pynvml` for GPU usage
2025-06-08 23:42:22,976 kilosort.clustering_qr DEBUG    GPU memory:    2.56 %     |      1.01   /    39.50 GB
2025-06-08 23:42:22,976 kilosort.clustering_qr DEBUG    Allocated:     0.02 %     |      0.01   /    39.50 GB
2025-06-08 23:42:22,976 kilosort.clustering_qr DEBUG    Max alloc:     0.75 %     |      0.30   /    39.50 GB
2025-06-08 23:42:22,976 kilosort.clustering_qr DEBUG    ********************************************************
2025-06-08 23:42:22,977 kilosort.clustering_qr DEBUG    Center 10 | nsp: 0 | ntemp: 0
2025-06-08 23:42:22,987 kilosort.clustering_qr DEBUG    Center 11 | nsp: 4068 | ntemp: 1
2025-06-08 23:42:23,282 kilosort.run_kilosort INFO     60 clusters found, in  4.02s; total  21.04s
2025-06-08 23:42:23,282 kilosort.run_kilosort DEBUG    clu shape: (87042,)
2025-06-08 23:42:23,282 kilosort.run_kilosort DEBUG    Wall shape: torch.Size([60, 32, 6])
2025-06-08 23:42:23,282 kilosort.run_kilosort INFO      
2025-06-08 23:42:23,283 kilosort.run_kilosort INFO     Merging clusters
2025-06-08 23:42:23,283 kilosort.run_kilosort INFO     ----------------------------------------
2025-06-08 23:42:23,351 kilosort.run_kilosort INFO     57 units found, in  0.07s; total  21.11s
2025-06-08 23:42:23,352 kilosort.run_kilosort DEBUG    clu shape: (87042,)
2025-06-08 23:42:23,352 kilosort.run_kilosort DEBUG    Wall shape: torch.Size([57, 32, 6])
2025-06-08 23:42:23,352 kilosort.run_kilosort INFO      
2025-06-08 23:42:23,352 kilosort.run_kilosort INFO     Resource usage after clustering
2025-06-08 23:42:23,353 kilosort.run_kilosort INFO     ********************************************************
2025-06-08 23:42:23,353 kilosort.run_kilosort INFO     CPU usage:    30.20 %
2025-06-08 23:42:23,354 kilosort.run_kilosort INFO     Memory:        4.94 %     |     37.31   /   754.60 GB
2025-06-08 23:42:23,354 kilosort.run_kilosort INFO     ------------------------------------------------------
2025-06-08 23:42:23,355 kilosort.run_kilosort INFO     GPU usage:    `conda install pynvml` for GPU usage
2025-06-08 23:42:23,355 kilosort.run_kilosort INFO     GPU memory:    2.56 %     |      1.01   /    39.50 GB
2025-06-08 23:42:23,356 kilosort.run_kilosort INFO     Allocated:     0.02 %     |      0.01   /    39.50 GB
2025-06-08 23:42:23,356 kilosort.run_kilosort INFO     Max alloc:     0.75 %     |      0.30   /    39.50 GB
2025-06-08 23:42:23,356 kilosort.run_kilosort INFO     ********************************************************
2025-06-08 23:42:23,357 kilosort.run_kilosort DEBUG    

|===========================================================================|
|                  PyTorch CUDA memory summary, device ID 0                 |
|---------------------------------------------------------------------------|
|            CUDA OOMs: 0            |        cudaMalloc retries: 0         |
|===========================================================================|
|        Metric         | Cur Usage  | Peak Usage | Tot Alloc  | Tot Freed  |
|---------------------------------------------------------------------------|
| Allocated memory      |   8871 KiB | 309982 KiB |  11341 GiB |  11341 GiB |
|---------------------------------------------------------------------------|
| Active memory         |   8871 KiB | 309982 KiB |  11341 GiB |  11341 GiB |
|---------------------------------------------------------------------------|
| Requested memory      |   8867 KiB | 309896 KiB |  11218 GiB |  11218 GiB |
|---------------------------------------------------------------------------|
| GPU reserved memory   | 481280 KiB | 481280 KiB | 481280 KiB |      0 B   |
|---------------------------------------------------------------------------|
| Non-releasable memory |  13657 KiB | 184425 KiB |   6157 GiB |   6157 GiB |
|---------------------------------------------------------------------------|
| Allocations           |      23    |      56    |    2359 K  |    2359 K  |
|---------------------------------------------------------------------------|
| Active allocs         |      23    |      56    |    2359 K  |    2359 K  |
|---------------------------------------------------------------------------|
| GPU reserved segments |      15    |      15    |      15    |       0    |
|---------------------------------------------------------------------------|
| Non-releasable allocs |      10    |      25    |     941 K  |     941 K  |
|---------------------------------------------------------------------------|
| Oversize allocations  |       0    |       0    |       0    |       0    |
|---------------------------------------------------------------------------|
| Oversize GPU segments |       0    |       0    |       0    |       0    |
|===========================================================================|


2025-06-08 23:42:23,357 kilosort.run_kilosort INFO      
2025-06-08 23:42:23,357 kilosort.run_kilosort INFO     Saving to phy and computing refractory periods
2025-06-08 23:42:23,358 kilosort.run_kilosort INFO     ----------------------------------------
2025-06-08 23:42:23,815 kilosort.run_kilosort INFO     24 units found with good refractory periods
2025-06-08 23:42:23,815 kilosort.run_kilosort INFO     Total runtime: 21.58s = 00:00:22 h:m:s
2025-06-08 23:42:23,821 kilosort.run_kilosort INFO     Sorting output saved in: /home/lss72/palmer_scratch/spike_sort/kilosort4.
2025-06-08 23:42:23,821 kilosort.run_kilosort INFO      
2025-06-08 23:42:23,822 kilosort.run_kilosort INFO     Resource usage after saving
2025-06-08 23:42:23,822 kilosort.run_kilosort INFO     ********************************************************
2025-06-08 23:42:23,823 kilosort.run_kilosort INFO     CPU usage:    32.10 %
2025-06-08 23:42:23,823 kilosort.run_kilosort INFO     Memory:        4.89 %     |     36.89   /   754.60 GB
2025-06-08 23:42:23,823 kilosort.run_kilosort INFO     ------------------------------------------------------
2025-06-08 23:42:23,824 kilosort.run_kilosort INFO     GPU usage:    `conda install pynvml` for GPU usage
2025-06-08 23:42:23,824 kilosort.run_kilosort INFO     GPU memory:    2.56 %     |      1.01   /    39.50 GB
2025-06-08 23:42:23,825 kilosort.run_kilosort INFO     Allocated:     0.02 %     |      0.01   /    39.50 GB
2025-06-08 23:42:23,825 kilosort.run_kilosort INFO     Max alloc:     0.75 %     |      0.30   /    39.50 GB
2025-06-08 23:42:23,826 kilosort.run_kilosort INFO     ********************************************************
2025-06-08 23:42:23,827 kilosort.run_kilosort DEBUG    

|===========================================================================|
|                  PyTorch CUDA memory summary, device ID 0                 |
|---------------------------------------------------------------------------|
|            CUDA OOMs: 0            |        cudaMalloc retries: 0         |
|===========================================================================|
|        Metric         | Cur Usage  | Peak Usage | Tot Alloc  | Tot Freed  |
|---------------------------------------------------------------------------|
| Allocated memory      |   8871 KiB | 309982 KiB |  11341 GiB |  11341 GiB |
|---------------------------------------------------------------------------|
| Active memory         |   8871 KiB | 309982 KiB |  11341 GiB |  11341 GiB |
|---------------------------------------------------------------------------|
| Requested memory      |   8867 KiB | 309896 KiB |  11218 GiB |  11218 GiB |
|---------------------------------------------------------------------------|
| GPU reserved memory   | 481280 KiB | 481280 KiB | 481280 KiB |      0 B   |
|---------------------------------------------------------------------------|
| Non-releasable memory |  13657 KiB | 184425 KiB |   6157 GiB |   6157 GiB |
|---------------------------------------------------------------------------|
| Allocations           |      23    |      56    |    2359 K  |    2359 K  |
|---------------------------------------------------------------------------|
| Active allocs         |      23    |      56    |    2359 K  |    2359 K  |
|---------------------------------------------------------------------------|
| GPU reserved segments |      15    |      15    |      15    |       0    |
|---------------------------------------------------------------------------|
| Non-releasable allocs |      10    |      25    |     942 K  |     942 K  |
|---------------------------------------------------------------------------|
| Oversize allocations  |       0    |       0    |       0    |       0    |
|---------------------------------------------------------------------------|
| Oversize GPU segments |       0    |       0    |       0    |       0    |
|===========================================================================|


