2025-06-09 01:48:46,995 kilosort.run_kilosort INFO     Kilosort version 4.0.25
2025-06-09 01:48:46,999 kilosort.run_kilosort INFO     Python version 3.9.21
2025-06-09 01:48:47,000 kilosort.run_kilosort INFO     ----------------------------------------
2025-06-09 01:48:47,000 kilosort.run_kilosort INFO     System information:
2025-06-09 01:48:47,000 kilosort.run_kilosort INFO     Linux-4.18.0-477.74.1.el8_8.x86_64-x86_64-with-glibc2.28 x86_64
2025-06-09 01:48:47,001 kilosort.run_kilosort INFO     x86_64
2025-06-09 01:48:47,001 kilosort.run_kilosort INFO     Using GPU for PyTorch computations. Specify `device` to change this.
2025-06-09 01:48:47,001 kilosort.run_kilosort INFO     Using CUDA device: NVIDIA A100-PCIE-40GB 39.50GB
2025-06-09 01:48:47,002 kilosort.run_kilosort INFO     ----------------------------------------
2025-06-09 01:48:47,002 kilosort.run_kilosort INFO     Sorting /home/lss72/palmer_scratch/spike_sort/2014_11_25_Pair_3_0
2025-06-09 01:48:47,003 kilosort.run_kilosort DEBUG    Initial ops:

ops = {
    'n_chan_bin': 32,
    'fs': 30000,
    'batch_size': 60000,
    'nblocks': 1,
    'Th_universal': 9,
    'Th_learned': 8,
    'tmin': 0,
    'tmax': 30,
    'nt': 61,
    'shift': None,
    'scale': None,
    'artifact_threshold': inf,
    'nskip': 25,
    'whitening_range': 32,
    'highpass_cutoff': 300,
    'binning_depth': 5,
    'sig_interp': 20,
    'drift_smoothing': [0.5, 0.5, 0.5],
    'nt0min': 20,
    'dmin': None,
    'dminx': 32,
    'min_template_size': 10,
    'template_sizes': 5,
    'nearest_chans': 10,
    'nearest_templates': 100,
    'max_channel_distance': 32,
    'max_peels': 100,
    'templates_from_data': True,
    'n_templates': 6,
    'n_pcs': 6,
    'Th_single_ch': 6,
    'acg_threshold': 0.2,
    'ccg_threshold': 0.25,
    'cluster_downsampling': 20,
    'x_centers': None,
    'duplicate_spike_ms': 0.25,
    'position_limit': 100,
    'data_dir': PosixPath('/home/lss72/palmer_scratch/spike_sort'),
    'filename': PosixPath('/home/lss72/palmer_scratch/spike_sort/2014_11_25_Pair_3_0'),
    'data_dtype': dtype('uint16'),
    'do_CAR': True,
    'invert_sign': False,
    'NTbuff': 60122,
    'Nchan': 32,
    'duplicate_spike_bins': 7,
    'torch_device': 'cuda',
    'save_preprocessed_copy': False
}

2025-06-09 01:48:47,005 kilosort.run_kilosort DEBUG    Probe dictionary:

probe = {
    'chanMap': np.array([ 0,  1,  2,  3,  4,  5,  6,  7,  8,  9, 10, 11, 12, 13, 14, 15, 16,
       17, 18, 19, 20, 21, 22, 23, 24, 25, 26, 27, 28, 29, 30, 31]),
    'xc': np.array([  0.,   0.,  18.,  18.,  18.,  18.,  18.,  18.,   0.,   0.,  18.,
        18.,  18.,  18.,   0.,   0.,   0.,   0., -18., -18., -18., -18.,
         0.,   0., -18., -18., -18., -18., -18., -18.,   0.,   0.],
      dtype=np.float32),
    'yc': np.array([275. , 225. ,  12.5,  37.5,  87.5, 137.5, 187.5, 237.5,  75. ,
        25. , 212.5, 162.5, 112.5,  62.5, 125. , 175. , 150. , 100. ,
        62.5, 112.5, 162.5, 212.5,   0. ,  50. , 237.5, 187.5, 137.5,
        87.5,  37.5,  12.5, 200. , 250. ], dtype=np.float32),
    'kcoords': np.array([0., 0., 0., 0., 0., 0., 0., 0., 0., 0., 0., 0., 0., 0., 0., 0., 0.,
       0., 0., 0., 0., 0., 0., 0., 0., 0., 0., 0., 0., 0., 0., 0.]),
    'n_chan': 32
}

2025-06-09 01:48:47,005 kilosort.run_kilosort INFO      
2025-06-09 01:48:47,006 kilosort.run_kilosort INFO     Computing preprocessing variables.
2025-06-09 01:48:47,006 kilosort.run_kilosort INFO     ----------------------------------------
2025-06-09 01:48:47,008 kilosort.run_kilosort INFO     N samples: 900000
2025-06-09 01:48:47,008 kilosort.run_kilosort INFO     N seconds: 30.0
2025-06-09 01:48:47,008 kilosort.run_kilosort INFO     N batches: 15
2025-06-09 01:48:47,045 kilosort.run_kilosort INFO     Preprocessing filters computed in  0.04s; total  0.04s
2025-06-09 01:48:47,046 kilosort.run_kilosort DEBUG    hp_filter shape: torch.Size([30122])
2025-06-09 01:48:47,046 kilosort.run_kilosort DEBUG    whiten_mat shape: torch.Size([32, 32])
2025-06-09 01:48:47,046 kilosort.run_kilosort INFO      
2025-06-09 01:48:47,046 kilosort.run_kilosort INFO     Resource usage after preprocessing
2025-06-09 01:48:47,046 kilosort.run_kilosort INFO     ********************************************************
2025-06-09 01:48:47,047 kilosort.run_kilosort INFO     CPU usage:    33.50 %
2025-06-09 01:48:47,048 kilosort.run_kilosort INFO     Memory:        5.68 %     |     42.84   /   754.60 GB
2025-06-09 01:48:47,048 kilosort.run_kilosort INFO     ------------------------------------------------------
2025-06-09 01:48:47,048 kilosort.run_kilosort INFO     GPU usage:    `conda install pynvml` for GPU usage
2025-06-09 01:48:47,049 kilosort.run_kilosort INFO     GPU memory:   17.43 %     |      6.89   /    39.50 GB
2025-06-09 01:48:47,049 kilosort.run_kilosort INFO     Allocated:     0.02 %     |      0.01   /    39.50 GB
2025-06-09 01:48:47,050 kilosort.run_kilosort INFO     Max alloc:     0.75 %     |      0.30   /    39.50 GB
2025-06-09 01:48:47,050 kilosort.run_kilosort INFO     ********************************************************
2025-06-09 01:48:47,051 kilosort.run_kilosort INFO      
2025-06-09 01:48:47,051 kilosort.run_kilosort INFO     Computing drift correction.
2025-06-09 01:48:47,052 kilosort.run_kilosort INFO     ----------------------------------------
2025-06-09 01:48:47,052 kilosort.spikedetect INFO     Re-computing universal templates from data.
2025-06-09 01:48:47,085 kilosort.spikedetect INFO     Number of universal templates: 135
2025-06-09 01:48:47,088 kilosort.spikedetect INFO     Detecting spikes...
2025-06-09 01:48:47,090 kilosort.spikedetect DEBUG     
2025-06-09 01:48:47,090 kilosort.spikedetect DEBUG    Batch 0
2025-06-09 01:48:47,090 kilosort.spikedetect DEBUG    ********************************************************
2025-06-09 01:48:47,090 kilosort.spikedetect DEBUG    CPU usage:    47.40 %
2025-06-09 01:48:47,090 kilosort.spikedetect DEBUG    Memory:        5.68 %     |     42.86   /   754.60 GB
2025-06-09 01:48:47,090 kilosort.spikedetect DEBUG    ------------------------------------------------------
2025-06-09 01:48:47,090 kilosort.spikedetect DEBUG    GPU usage:    `conda install pynvml` for GPU usage
2025-06-09 01:48:47,090 kilosort.spikedetect DEBUG    GPU memory:   17.43 %     |      6.89   /    39.50 GB
2025-06-09 01:48:47,091 kilosort.spikedetect DEBUG    Allocated:     0.02 %     |      0.01   /    39.50 GB
2025-06-09 01:48:47,091 kilosort.spikedetect DEBUG    Max alloc:     0.75 %     |      0.30   /    39.50 GB
2025-06-09 01:48:47,091 kilosort.spikedetect DEBUG    ********************************************************
2025-06-09 01:48:47,629 kilosort.spikedetect DEBUG     
2025-06-09 01:48:47,629 kilosort.spikedetect DEBUG    Batch 14
2025-06-09 01:48:47,629 kilosort.spikedetect DEBUG    ********************************************************
2025-06-09 01:48:47,629 kilosort.spikedetect DEBUG    CPU usage:    35.80 %
2025-06-09 01:48:47,629 kilosort.spikedetect DEBUG    Memory:        5.67 %     |     42.78   /   754.60 GB
2025-06-09 01:48:47,629 kilosort.spikedetect DEBUG    ------------------------------------------------------
2025-06-09 01:48:47,630 kilosort.spikedetect DEBUG    GPU usage:    `conda install pynvml` for GPU usage
2025-06-09 01:48:47,630 kilosort.spikedetect DEBUG    GPU memory:   17.43 %     |      6.89   /    39.50 GB
2025-06-09 01:48:47,630 kilosort.spikedetect DEBUG    Allocated:     0.04 %     |      0.02   /    39.50 GB
2025-06-09 01:48:47,630 kilosort.spikedetect DEBUG    Max alloc:     0.75 %     |      0.30   /    39.50 GB
2025-06-09 01:48:47,630 kilosort.spikedetect DEBUG    ********************************************************
2025-06-09 01:48:47,703 kilosort.run_kilosort INFO     drift computed in  0.65s; total  0.70s
2025-06-09 01:48:47,706 kilosort.run_kilosort DEBUG    st shape: (3246, 6)
2025-06-09 01:48:47,706 kilosort.run_kilosort DEBUG    yblk shape: (1,)
2025-06-09 01:48:47,706 kilosort.run_kilosort DEBUG    dshift shape: (15, 1)
2025-06-09 01:48:47,706 kilosort.run_kilosort DEBUG    iKxx shape: torch.Size([32, 32])
2025-06-09 01:48:47,706 kilosort.run_kilosort INFO      
2025-06-09 01:48:47,707 kilosort.run_kilosort INFO     Resource usage after drift correction
2025-06-09 01:48:47,707 kilosort.run_kilosort INFO     ********************************************************
2025-06-09 01:48:47,708 kilosort.run_kilosort INFO     CPU usage:    37.40 %
2025-06-09 01:48:47,708 kilosort.run_kilosort INFO     Memory:        5.67 %     |     42.80   /   754.60 GB
2025-06-09 01:48:47,709 kilosort.run_kilosort INFO     ------------------------------------------------------
2025-06-09 01:48:47,709 kilosort.run_kilosort INFO     GPU usage:    `conda install pynvml` for GPU usage
2025-06-09 01:48:47,710 kilosort.run_kilosort INFO     GPU memory:   17.43 %     |      6.89   /    39.50 GB
2025-06-09 01:48:47,710 kilosort.run_kilosort INFO     Allocated:     0.02 %     |      0.01   /    39.50 GB
2025-06-09 01:48:47,711 kilosort.run_kilosort INFO     Max alloc:     0.75 %     |      0.30   /    39.50 GB
2025-06-09 01:48:47,711 kilosort.run_kilosort INFO     ********************************************************
2025-06-09 01:48:47,712 kilosort.run_kilosort DEBUG    

|===========================================================================|
|                  PyTorch CUDA memory summary, device ID 0                 |
|---------------------------------------------------------------------------|
|            CUDA OOMs: 0            |        cudaMalloc retries: 0         |
|===========================================================================|
|        Metric         | Cur Usage  | Peak Usage | Tot Alloc  | Tot Freed  |
|---------------------------------------------------------------------------|
| Allocated memory      |   9143 KiB | 310277 KiB |  30254 GiB |  30254 GiB |
|---------------------------------------------------------------------------|
| Active memory         |   9143 KiB | 310277 KiB |  30254 GiB |  30254 GiB |
|---------------------------------------------------------------------------|
| Requested memory      |   9138 KiB | 310188 KiB |  29920 GiB |  29920 GiB |
|---------------------------------------------------------------------------|
| GPU reserved memory   | 481280 KiB | 481280 KiB | 481280 KiB |      0 B   |
|---------------------------------------------------------------------------|
| Non-releasable memory |  13385 KiB | 184425 KiB |  16484 GiB |  16484 GiB |
|---------------------------------------------------------------------------|
| Allocations           |      31    |      67    |    6459 K  |    6459 K  |
|---------------------------------------------------------------------------|
| Active allocs         |      31    |      67    |    6459 K  |    6459 K  |
|---------------------------------------------------------------------------|
| GPU reserved segments |      15    |      15    |      15    |       0    |
|---------------------------------------------------------------------------|
| Non-releasable allocs |      14    |      27    |    2616 K  |    2616 K  |
|---------------------------------------------------------------------------|
| Oversize allocations  |       0    |       0    |       0    |       0    |
|---------------------------------------------------------------------------|
| Oversize GPU segments |       0    |       0    |       0    |       0    |
|===========================================================================|


2025-06-09 01:48:47,720 kilosort.run_kilosort DEBUG    First batch min, max: (-15.443226, 9.3623295)
2025-06-09 01:48:47,720 kilosort.run_kilosort INFO      
2025-06-09 01:48:47,720 kilosort.run_kilosort INFO     Extracting spikes using templates
2025-06-09 01:48:47,721 kilosort.run_kilosort INFO     ----------------------------------------
2025-06-09 01:48:47,721 kilosort.spikedetect INFO     Re-computing universal templates from data.
2025-06-09 01:48:47,753 kilosort.spikedetect INFO     Number of universal templates: 135
2025-06-09 01:48:47,757 kilosort.spikedetect INFO     Detecting spikes...
2025-06-09 01:48:47,758 kilosort.spikedetect DEBUG     
2025-06-09 01:48:47,758 kilosort.spikedetect DEBUG    Batch 0
2025-06-09 01:48:47,759 kilosort.spikedetect DEBUG    ********************************************************
2025-06-09 01:48:47,759 kilosort.spikedetect DEBUG    CPU usage:    47.80 %
2025-06-09 01:48:47,759 kilosort.spikedetect DEBUG    Memory:        5.67 %     |     42.82   /   754.60 GB
2025-06-09 01:48:47,759 kilosort.spikedetect DEBUG    ------------------------------------------------------
2025-06-09 01:48:47,759 kilosort.spikedetect DEBUG    GPU usage:    `conda install pynvml` for GPU usage
2025-06-09 01:48:47,759 kilosort.spikedetect DEBUG    GPU memory:   17.43 %     |      6.89   /    39.50 GB
2025-06-09 01:48:47,759 kilosort.spikedetect DEBUG    Allocated:     0.02 %     |      0.01   /    39.50 GB
2025-06-09 01:48:47,759 kilosort.spikedetect DEBUG    Max alloc:     0.75 %     |      0.30   /    39.50 GB
2025-06-09 01:48:47,759 kilosort.spikedetect DEBUG    ********************************************************
2025-06-09 01:48:48,219 kilosort.spikedetect DEBUG     
2025-06-09 01:48:48,219 kilosort.spikedetect DEBUG    Batch 14
2025-06-09 01:48:48,219 kilosort.spikedetect DEBUG    ********************************************************
2025-06-09 01:48:48,219 kilosort.spikedetect DEBUG    CPU usage:    36.20 %
2025-06-09 01:48:48,219 kilosort.spikedetect DEBUG    Memory:        5.66 %     |     42.74   /   754.60 GB
2025-06-09 01:48:48,219 kilosort.spikedetect DEBUG    ------------------------------------------------------
2025-06-09 01:48:48,220 kilosort.spikedetect DEBUG    GPU usage:    `conda install pynvml` for GPU usage
2025-06-09 01:48:48,220 kilosort.spikedetect DEBUG    GPU memory:   17.43 %     |      6.89   /    39.50 GB
2025-06-09 01:48:48,220 kilosort.spikedetect DEBUG    Allocated:     0.04 %     |      0.02   /    39.50 GB
2025-06-09 01:48:48,220 kilosort.spikedetect DEBUG    Max alloc:     0.75 %     |      0.30   /    39.50 GB
2025-06-09 01:48:48,220 kilosort.spikedetect DEBUG    ********************************************************
2025-06-09 01:48:48,220 kilosort.run_kilosort INFO     3217 spikes extracted in  0.50s; total  1.22s
2025-06-09 01:48:48,220 kilosort.run_kilosort DEBUG    st0 shape: (3217, 6)
2025-06-09 01:48:48,220 kilosort.run_kilosort DEBUG    tF shape: torch.Size([3217, 10, 6])
2025-06-09 01:48:48,220 kilosort.run_kilosort INFO      
2025-06-09 01:48:48,221 kilosort.run_kilosort INFO     First clustering
2025-06-09 01:48:48,221 kilosort.run_kilosort INFO     ----------------------------------------
2025-06-09 01:48:48,231 kilosort.clustering_qr DEBUG     
2025-06-09 01:48:48,231 kilosort.clustering_qr DEBUG    Cluster center: 0 of 12
2025-06-09 01:48:48,231 kilosort.clustering_qr DEBUG    ********************************************************
2025-06-09 01:48:48,231 kilosort.clustering_qr DEBUG    CPU usage:    46.50 %
2025-06-09 01:48:48,231 kilosort.clustering_qr DEBUG    Memory:        5.66 %     |     42.74   /   754.60 GB
2025-06-09 01:48:48,231 kilosort.clustering_qr DEBUG    ------------------------------------------------------
2025-06-09 01:48:48,231 kilosort.clustering_qr DEBUG    GPU usage:    `conda install pynvml` for GPU usage
2025-06-09 01:48:48,231 kilosort.clustering_qr DEBUG    GPU memory:   17.43 %     |      6.89   /    39.50 GB
2025-06-09 01:48:48,232 kilosort.clustering_qr DEBUG    Allocated:     0.02 %     |      0.01   /    39.50 GB
2025-06-09 01:48:48,232 kilosort.clustering_qr DEBUG    Max alloc:     0.75 %     |      0.30   /    39.50 GB
2025-06-09 01:48:48,232 kilosort.clustering_qr DEBUG    ********************************************************
2025-06-09 01:48:48,234 kilosort.clustering_qr DEBUG    Center 0 | nsp: 473 | ntemp: 12
2025-06-09 01:48:48,236 kilosort.clustering_qr DEBUG    Center 1 | nsp: 264 | ntemp: 12
2025-06-09 01:48:48,239 kilosort.clustering_qr DEBUG    Center 2 | nsp: 258 | ntemp: 12
2025-06-09 01:48:48,241 kilosort.clustering_qr DEBUG    Center 3 | nsp: 303 | ntemp: 12
2025-06-09 01:48:48,243 kilosort.clustering_qr DEBUG    Center 4 | nsp: 40 | ntemp: 12
2025-06-09 01:48:48,245 kilosort.clustering_qr DEBUG    Center 5 | nsp: 409 | ntemp: 12
2025-06-09 01:48:48,247 kilosort.clustering_qr DEBUG    Center 6 | nsp: 230 | ntemp: 12
2025-06-09 01:48:48,249 kilosort.clustering_qr DEBUG    Center 7 | nsp: 32 | ntemp: 12
2025-06-09 01:48:48,251 kilosort.clustering_qr DEBUG    Center 8 | nsp: 218 | ntemp: 12
2025-06-09 01:48:48,254 kilosort.clustering_qr DEBUG    Center 9 | nsp: 269 | ntemp: 12
2025-06-09 01:48:48,254 kilosort.clustering_qr DEBUG     
2025-06-09 01:48:48,254 kilosort.clustering_qr DEBUG    Cluster center: 10 of 12
2025-06-09 01:48:48,254 kilosort.clustering_qr DEBUG    ********************************************************
2025-06-09 01:48:48,254 kilosort.clustering_qr DEBUG    CPU usage:    60.20 %
2025-06-09 01:48:48,255 kilosort.clustering_qr DEBUG    Memory:        5.66 %     |     42.74   /   754.60 GB
2025-06-09 01:48:48,255 kilosort.clustering_qr DEBUG    ------------------------------------------------------
2025-06-09 01:48:48,255 kilosort.clustering_qr DEBUG    GPU usage:    `conda install pynvml` for GPU usage
2025-06-09 01:48:48,255 kilosort.clustering_qr DEBUG    GPU memory:   17.43 %     |      6.89   /    39.50 GB
2025-06-09 01:48:48,255 kilosort.clustering_qr DEBUG    Allocated:     0.02 %     |      0.01   /    39.50 GB
2025-06-09 01:48:48,255 kilosort.clustering_qr DEBUG    Max alloc:     0.75 %     |      0.30   /    39.50 GB
2025-06-09 01:48:48,255 kilosort.clustering_qr DEBUG    ********************************************************
2025-06-09 01:48:48,257 kilosort.clustering_qr DEBUG    Center 10 | nsp: 531 | ntemp: 12
2025-06-09 01:48:48,258 kilosort.clustering_qr DEBUG    Center 11 | nsp: 190 | ntemp: 3
2025-06-09 01:48:48,278 kilosort.run_kilosort INFO     12 clusters found, in  0.06s; total  1.28s
2025-06-09 01:48:48,278 kilosort.run_kilosort DEBUG    clu shape: (3217,)
2025-06-09 01:48:48,278 kilosort.run_kilosort DEBUG    Wall shape: torch.Size([12, 32, 6])
2025-06-09 01:48:48,278 kilosort.run_kilosort INFO      
2025-06-09 01:48:48,279 kilosort.run_kilosort INFO     Extracting spikes using cluster waveforms
2025-06-09 01:48:48,279 kilosort.run_kilosort INFO     ----------------------------------------
2025-06-09 01:48:48,298 kilosort.template_matching DEBUG     
2025-06-09 01:48:48,298 kilosort.template_matching DEBUG    Batch 0
2025-06-09 01:48:48,298 kilosort.template_matching DEBUG    ********************************************************
2025-06-09 01:48:48,298 kilosort.template_matching DEBUG    CPU usage:    47.50 %
2025-06-09 01:48:48,298 kilosort.template_matching DEBUG    Memory:        5.70 %     |     42.99   /   754.60 GB
2025-06-09 01:48:48,299 kilosort.template_matching DEBUG    ------------------------------------------------------
2025-06-09 01:48:48,299 kilosort.template_matching DEBUG    GPU usage:    `conda install pynvml` for GPU usage
2025-06-09 01:48:48,299 kilosort.template_matching DEBUG    GPU memory:   17.43 %     |      6.89   /    39.50 GB
2025-06-09 01:48:48,299 kilosort.template_matching DEBUG    Allocated:     0.02 %     |      0.01   /    39.50 GB
2025-06-09 01:48:48,299 kilosort.template_matching DEBUG    Max alloc:     0.75 %     |      0.30   /    39.50 GB
2025-06-09 01:48:48,299 kilosort.template_matching DEBUG    ********************************************************
2025-06-09 01:48:48,635 kilosort.template_matching DEBUG     
2025-06-09 01:48:48,635 kilosort.template_matching DEBUG    Batch 14
2025-06-09 01:48:48,635 kilosort.template_matching DEBUG    ********************************************************
2025-06-09 01:48:48,636 kilosort.template_matching DEBUG    CPU usage:    36.30 %
2025-06-09 01:48:48,636 kilosort.template_matching DEBUG    Memory:        5.71 %     |     43.10   /   754.60 GB
2025-06-09 01:48:48,636 kilosort.template_matching DEBUG    ------------------------------------------------------
2025-06-09 01:48:48,636 kilosort.template_matching DEBUG    GPU usage:    `conda install pynvml` for GPU usage
2025-06-09 01:48:48,636 kilosort.template_matching DEBUG    GPU memory:   17.43 %     |      6.89   /    39.50 GB
2025-06-09 01:48:48,636 kilosort.template_matching DEBUG    Allocated:     0.06 %     |      0.02   /    39.50 GB
2025-06-09 01:48:48,636 kilosort.template_matching DEBUG    Max alloc:     0.75 %     |      0.30   /    39.50 GB
2025-06-09 01:48:48,636 kilosort.template_matching DEBUG    ********************************************************
2025-06-09 01:48:48,638 kilosort.run_kilosort INFO     5945 spikes extracted in  0.36s; total  1.64s
2025-06-09 01:48:48,642 kilosort.run_kilosort DEBUG    st shape: (5945, 3)
2025-06-09 01:48:48,642 kilosort.run_kilosort DEBUG    tF shape: torch.Size([5945, 10, 6])
2025-06-09 01:48:48,642 kilosort.run_kilosort DEBUG    iCC shape: torch.Size([10, 32])
2025-06-09 01:48:48,642 kilosort.run_kilosort DEBUG    iU shape: torch.Size([10])
2025-06-09 01:48:48,642 kilosort.run_kilosort INFO      
2025-06-09 01:48:48,642 kilosort.run_kilosort INFO     Resource usage after spike detection
2025-06-09 01:48:48,642 kilosort.run_kilosort INFO     ********************************************************
2025-06-09 01:48:48,643 kilosort.run_kilosort INFO     CPU usage:    50.00 %
2025-06-09 01:48:48,644 kilosort.run_kilosort INFO     Memory:        5.68 %     |     42.88   /   754.60 GB
2025-06-09 01:48:48,644 kilosort.run_kilosort INFO     ------------------------------------------------------
2025-06-09 01:48:48,644 kilosort.run_kilosort INFO     GPU usage:    `conda install pynvml` for GPU usage
2025-06-09 01:48:48,645 kilosort.run_kilosort INFO     GPU memory:   17.43 %     |      6.89   /    39.50 GB
2025-06-09 01:48:48,645 kilosort.run_kilosort INFO     Allocated:     0.02 %     |      0.01   /    39.50 GB
2025-06-09 01:48:48,646 kilosort.run_kilosort INFO     Max alloc:     0.75 %     |      0.30   /    39.50 GB
2025-06-09 01:48:48,646 kilosort.run_kilosort INFO     ********************************************************
2025-06-09 01:48:48,647 kilosort.run_kilosort DEBUG    

|===========================================================================|
|                  PyTorch CUDA memory summary, device ID 0                 |
|---------------------------------------------------------------------------|
|            CUDA OOMs: 0            |        cudaMalloc retries: 0         |
|===========================================================================|
|        Metric         | Cur Usage  | Peak Usage | Tot Alloc  | Tot Freed  |
|---------------------------------------------------------------------------|
| Allocated memory      |   9154 KiB | 310277 KiB |  30376 GiB |  30376 GiB |
|---------------------------------------------------------------------------|
| Active memory         |   9154 KiB | 310277 KiB |  30376 GiB |  30376 GiB |
|---------------------------------------------------------------------------|
| Requested memory      |   9149 KiB | 310188 KiB |  30041 GiB |  30041 GiB |
|---------------------------------------------------------------------------|
| GPU reserved memory   | 481280 KiB | 481280 KiB | 481280 KiB |      0 B   |
|---------------------------------------------------------------------------|
| Non-releasable memory |  13374 KiB | 184425 KiB |  16545 GiB |  16545 GiB |
|---------------------------------------------------------------------------|
| Allocations           |      35    |      67    |    6479 K  |    6479 K  |
|---------------------------------------------------------------------------|
| Active allocs         |      35    |      67    |    6479 K  |    6479 K  |
|---------------------------------------------------------------------------|
| GPU reserved segments |      15    |      15    |      15    |       0    |
|---------------------------------------------------------------------------|
| Non-releasable allocs |      14    |      27    |    2623 K  |    2623 K  |
|---------------------------------------------------------------------------|
| Oversize allocations  |       0    |       0    |       0    |       0    |
|---------------------------------------------------------------------------|
| Oversize GPU segments |       0    |       0    |       0    |       0    |
|===========================================================================|


2025-06-09 01:48:48,648 kilosort.run_kilosort INFO      
2025-06-09 01:48:48,648 kilosort.run_kilosort INFO     Final clustering
2025-06-09 01:48:48,648 kilosort.run_kilosort INFO     ----------------------------------------
2025-06-09 01:48:48,658 kilosort.clustering_qr DEBUG     
2025-06-09 01:48:48,658 kilosort.clustering_qr DEBUG    Cluster center: 0 of 12
2025-06-09 01:48:48,658 kilosort.clustering_qr DEBUG    ********************************************************
2025-06-09 01:48:48,658 kilosort.clustering_qr DEBUG    CPU usage:    45.50 %
2025-06-09 01:48:48,658 kilosort.clustering_qr DEBUG    Memory:        5.68 %     |     42.83   /   754.60 GB
2025-06-09 01:48:48,658 kilosort.clustering_qr DEBUG    ------------------------------------------------------
2025-06-09 01:48:48,658 kilosort.clustering_qr DEBUG    GPU usage:    `conda install pynvml` for GPU usage
2025-06-09 01:48:48,659 kilosort.clustering_qr DEBUG    GPU memory:   17.43 %     |      6.89   /    39.50 GB
2025-06-09 01:48:48,659 kilosort.clustering_qr DEBUG    Allocated:     0.02 %     |      0.01   /    39.50 GB
2025-06-09 01:48:48,659 kilosort.clustering_qr DEBUG    Max alloc:     0.75 %     |      0.30   /    39.50 GB
2025-06-09 01:48:48,659 kilosort.clustering_qr DEBUG    ********************************************************
2025-06-09 01:48:48,677 kilosort.clustering_qr DEBUG    Center 0 | nsp: 961 | ntemp: 1
2025-06-09 01:48:48,678 kilosort.clustering_qr DEBUG    Center 1 | nsp: 0 | ntemp: 0
2025-06-09 01:48:48,679 kilosort.clustering_qr DEBUG    Center 2 | nsp: 1089 | ntemp: 3
2025-06-09 01:48:49,060 kilosort.clustering_qr DEBUG    Center 3 | nsp: 0 | ntemp: 0
2025-06-09 01:48:49,061 kilosort.clustering_qr DEBUG    Center 4 | nsp: 343 | ntemp: 1
2025-06-09 01:48:49,062 kilosort.clustering_qr DEBUG    Center 5 | nsp: 805 | ntemp: 1
2025-06-09 01:48:49,063 kilosort.clustering_qr DEBUG    Center 6 | nsp: 0 | ntemp: 0
2025-06-09 01:48:49,063 kilosort.clustering_qr DEBUG    Center 7 | nsp: 0 | ntemp: 0
2025-06-09 01:48:49,064 kilosort.clustering_qr DEBUG    Center 8 | nsp: 260 | ntemp: 1
2025-06-09 01:48:49,065 kilosort.clustering_qr DEBUG    Center 9 | nsp: 1253 | ntemp: 2
2025-06-09 01:48:49,422 kilosort.clustering_qr DEBUG     
2025-06-09 01:48:49,422 kilosort.clustering_qr DEBUG    Cluster center: 10 of 12
2025-06-09 01:48:49,422 kilosort.clustering_qr DEBUG    ********************************************************
2025-06-09 01:48:49,423 kilosort.clustering_qr DEBUG    CPU usage:    44.90 %
2025-06-09 01:48:49,423 kilosort.clustering_qr DEBUG    Memory:        5.66 %     |     42.70   /   754.60 GB
2025-06-09 01:48:49,423 kilosort.clustering_qr DEBUG    ------------------------------------------------------
2025-06-09 01:48:49,423 kilosort.clustering_qr DEBUG    GPU usage:    `conda install pynvml` for GPU usage
2025-06-09 01:48:49,423 kilosort.clustering_qr DEBUG    GPU memory:   17.43 %     |      6.89   /    39.50 GB
2025-06-09 01:48:49,423 kilosort.clustering_qr DEBUG    Allocated:     0.02 %     |      0.01   /    39.50 GB
2025-06-09 01:48:49,423 kilosort.clustering_qr DEBUG    Max alloc:     0.75 %     |      0.30   /    39.50 GB
2025-06-09 01:48:49,423 kilosort.clustering_qr DEBUG    ********************************************************
2025-06-09 01:48:49,423 kilosort.clustering_qr DEBUG    Center 10 | nsp: 0 | ntemp: 0
2025-06-09 01:48:49,432 kilosort.clustering_qr DEBUG    Center 11 | nsp: 1234 | ntemp: 1
2025-06-09 01:48:49,687 kilosort.run_kilosort INFO     12 clusters found, in  1.04s; total  2.68s
2025-06-09 01:48:49,688 kilosort.run_kilosort DEBUG    clu shape: (5945,)
2025-06-09 01:48:49,688 kilosort.run_kilosort DEBUG    Wall shape: torch.Size([12, 32, 6])
2025-06-09 01:48:49,688 kilosort.run_kilosort INFO      
2025-06-09 01:48:49,688 kilosort.run_kilosort INFO     Merging clusters
2025-06-09 01:48:49,689 kilosort.run_kilosort INFO     ----------------------------------------
2025-06-09 01:48:49,694 kilosort.run_kilosort INFO     12 units found, in  0.01s; total  2.69s
2025-06-09 01:48:49,695 kilosort.run_kilosort DEBUG    clu shape: (5945,)
2025-06-09 01:48:49,695 kilosort.run_kilosort DEBUG    Wall shape: torch.Size([12, 32, 6])
2025-06-09 01:48:49,695 kilosort.run_kilosort INFO      
2025-06-09 01:48:49,695 kilosort.run_kilosort INFO     Resource usage after clustering
2025-06-09 01:48:49,696 kilosort.run_kilosort INFO     ********************************************************
2025-06-09 01:48:49,696 kilosort.run_kilosort INFO     CPU usage:    37.80 %
2025-06-09 01:48:49,697 kilosort.run_kilosort INFO     Memory:        5.68 %     |     42.84   /   754.60 GB
2025-06-09 01:48:49,697 kilosort.run_kilosort INFO     ------------------------------------------------------
2025-06-09 01:48:49,697 kilosort.run_kilosort INFO     GPU usage:    `conda install pynvml` for GPU usage
2025-06-09 01:48:49,698 kilosort.run_kilosort INFO     GPU memory:   17.43 %     |      6.89   /    39.50 GB
2025-06-09 01:48:49,698 kilosort.run_kilosort INFO     Allocated:     0.02 %     |      0.01   /    39.50 GB
2025-06-09 01:48:49,699 kilosort.run_kilosort INFO     Max alloc:     0.75 %     |      0.30   /    39.50 GB
2025-06-09 01:48:49,699 kilosort.run_kilosort INFO     ********************************************************
2025-06-09 01:48:49,700 kilosort.run_kilosort DEBUG    

|===========================================================================|
|                  PyTorch CUDA memory summary, device ID 0                 |
|---------------------------------------------------------------------------|
|            CUDA OOMs: 0            |        cudaMalloc retries: 0         |
|===========================================================================|
|        Metric         | Cur Usage  | Peak Usage | Tot Alloc  | Tot Freed  |
|---------------------------------------------------------------------------|
| Allocated memory      |   9146 KiB | 310277 KiB |  30380 GiB |  30380 GiB |
|---------------------------------------------------------------------------|
| Active memory         |   9146 KiB | 310277 KiB |  30380 GiB |  30380 GiB |
|---------------------------------------------------------------------------|
| Requested memory      |   9141 KiB | 310188 KiB |  30046 GiB |  30046 GiB |
|---------------------------------------------------------------------------|
| GPU reserved memory   | 481280 KiB | 481280 KiB | 481280 KiB |      0 B   |
|---------------------------------------------------------------------------|
| Non-releasable memory |  13381 KiB | 184425 KiB |  16550 GiB |  16550 GiB |
|---------------------------------------------------------------------------|
| Allocations           |      34    |      67    |    6516 K  |    6516 K  |
|---------------------------------------------------------------------------|
| Active allocs         |      34    |      67    |    6516 K  |    6516 K  |
|---------------------------------------------------------------------------|
| GPU reserved segments |      15    |      15    |      15    |       0    |
|---------------------------------------------------------------------------|
| Non-releasable allocs |      15    |      27    |    2643 K  |    2643 K  |
|---------------------------------------------------------------------------|
| Oversize allocations  |       0    |       0    |       0    |       0    |
|---------------------------------------------------------------------------|
| Oversize GPU segments |       0    |       0    |       0    |       0    |
|===========================================================================|


2025-06-09 01:48:49,700 kilosort.run_kilosort INFO      
2025-06-09 01:48:49,700 kilosort.run_kilosort INFO     Saving to phy and computing refractory periods
2025-06-09 01:48:49,700 kilosort.run_kilosort INFO     ----------------------------------------
2025-06-09 01:48:49,819 kilosort.run_kilosort INFO     1 units found with good refractory periods
2025-06-09 01:48:49,820 kilosort.run_kilosort INFO     Total runtime: 2.82s = 00:00:3 h:m:s
2025-06-09 01:48:49,826 kilosort.run_kilosort INFO     Sorting output saved in: /home/lss72/palmer_scratch/spike_sort/kilosort4.
2025-06-09 01:48:49,826 kilosort.run_kilosort INFO      
2025-06-09 01:48:49,826 kilosort.run_kilosort INFO     Resource usage after saving
2025-06-09 01:48:49,827 kilosort.run_kilosort INFO     ********************************************************
2025-06-09 01:48:49,828 kilosort.run_kilosort INFO     CPU usage:    40.00 %
2025-06-09 01:48:49,828 kilosort.run_kilosort INFO     Memory:        5.66 %     |     42.75   /   754.60 GB
2025-06-09 01:48:49,828 kilosort.run_kilosort INFO     ------------------------------------------------------
2025-06-09 01:48:49,829 kilosort.run_kilosort INFO     GPU usage:    `conda install pynvml` for GPU usage
2025-06-09 01:48:49,829 kilosort.run_kilosort INFO     GPU memory:   17.43 %     |      6.89   /    39.50 GB
2025-06-09 01:48:49,830 kilosort.run_kilosort INFO     Allocated:     0.02 %     |      0.01   /    39.50 GB
2025-06-09 01:48:49,830 kilosort.run_kilosort INFO     Max alloc:     0.75 %     |      0.30   /    39.50 GB
2025-06-09 01:48:49,830 kilosort.run_kilosort INFO     ********************************************************
2025-06-09 01:48:49,831 kilosort.run_kilosort DEBUG    

|===========================================================================|
|                  PyTorch CUDA memory summary, device ID 0                 |
|---------------------------------------------------------------------------|
|            CUDA OOMs: 0            |        cudaMalloc retries: 0         |
|===========================================================================|
|        Metric         | Cur Usage  | Peak Usage | Tot Alloc  | Tot Freed  |
|---------------------------------------------------------------------------|
| Allocated memory      |   9146 KiB | 310277 KiB |  30380 GiB |  30380 GiB |
|---------------------------------------------------------------------------|
| Active memory         |   9146 KiB | 310277 KiB |  30380 GiB |  30380 GiB |
|---------------------------------------------------------------------------|
| Requested memory      |   9141 KiB | 310188 KiB |  30046 GiB |  30046 GiB |
|---------------------------------------------------------------------------|
| GPU reserved memory   | 481280 KiB | 481280 KiB | 481280 KiB |      0 B   |
|---------------------------------------------------------------------------|
| Non-releasable memory |  13381 KiB | 184425 KiB |  16550 GiB |  16550 GiB |
|---------------------------------------------------------------------------|
| Allocations           |      34    |      67    |    6516 K  |    6516 K  |
|---------------------------------------------------------------------------|
| Active allocs         |      34    |      67    |    6516 K  |    6516 K  |
|---------------------------------------------------------------------------|
| GPU reserved segments |      15    |      15    |      15    |       0    |
|---------------------------------------------------------------------------|
| Non-releasable allocs |      15    |      27    |    2643 K  |    2643 K  |
|---------------------------------------------------------------------------|
| Oversize allocations  |       0    |       0    |       0    |       0    |
|---------------------------------------------------------------------------|
| Oversize GPU segments |       0    |       0    |       0    |       0    |
|===========================================================================|


